Warning: Reference PLL contains internal pins with clock attribute. (TIM-103)
Information: Updating design information... (UID-85)
Warning: Design 'top_mcu_pll_sram_multiclk_soc' contains 1 high-fanout nets. A fanout number of 1000 will be used for delay calculations involving these nets. (TIM-134)
 
****************************************
Report : qor
Design : top_mcu_pll_sram_multiclk_soc
Version: W-2024.09-SP5-5
Date   : Sat Apr 11 20:28:59 2026
****************************************


  Timing Path Group 'INS'
  -----------------------------------
  Levels of Logic:               4.00
  Critical Path Length:          0.17
  Critical Path Slack:           0.00
  Critical Path Clk Period:      1.42
  Total Negative Slack:          0.00
  No. of Violating Paths:        0.00
  Worst Hold Violation:          0.00
  Total Hold Violation:          0.00
  No. of Hold Violations:        0.00
  -----------------------------------

  Timing Path Group 'OUTS'
  -----------------------------------
  Levels of Logic:               0.00
  Critical Path Length:          0.19
  Critical Path Slack:           0.04
  Critical Path Clk Period:      5.70
  Total Negative Slack:          0.00
  No. of Violating Paths:        0.00
  Worst Hold Violation:          0.00
  Total Hold Violation:          0.00
  No. of Hold Violations:        0.00
  -----------------------------------

  Timing Path Group 'clk_div2'
  -----------------------------------
  Levels of Logic:               1.00
  Critical Path Length:          0.26
  Critical Path Slack:           0.90
  Critical Path Clk Period:      2.85
  Total Negative Slack:          0.00
  No. of Violating Paths:        0.00
  Worst Hold Violation:         -0.02
  Total Hold Violation:         -0.21
  No. of Hold Violations:       12.00
  -----------------------------------

  Timing Path Group 'clk_div4'
  -----------------------------------
  Levels of Logic:               1.00
  Critical Path Length:          0.20
  Critical Path Slack:           0.96
  Critical Path Clk Period:      5.70
  Total Negative Slack:          0.00
  No. of Violating Paths:        0.00
  Worst Hold Violation:          0.00
  Total Hold Violation:          0.00
  No. of Hold Violations:        0.00
  -----------------------------------

  Timing Path Group 'clk_fast'
  -----------------------------------
  Levels of Logic:              13.00
  Critical Path Length:          1.18
  Critical Path Slack:          -0.01
  Critical Path Clk Period:      1.42
  Total Negative Slack:         -0.62
  No. of Violating Paths:       95.00
  Worst Hold Violation:          0.00
  Total Hold Violation:          0.00
  No. of Hold Violations:        0.00
  -----------------------------------


  Cell Count
  -----------------------------------
  Hierarchical Cell Count:          4
  Hierarchical Port Count:        722
  Leaf Cell Count:              15789
  Buf/Inv Cell Count:            1886
  Buf Cell Count:                 254
  Inv Cell Count:                1632
  CT Buf/Inv Cell Count:            1
  Combinational Cell Count:     14254
  Sequential Cell Count:         1535
  Macro Count:                      0
  -----------------------------------


  Area
  -----------------------------------
  Combinational Area:    33633.925710
  Noncombinational Area: 10951.573429
  Buf/Inv Area:           2799.904474
  Total Buffer Area:           591.65
  Total Inverter Area:        2208.26
  Macro/Black Box Area:  31230.701660
  Net Area:              14428.559103
  -----------------------------------
  Cell Area:             75816.200799
  Design Area:           90244.759902


  Design Rules
  -----------------------------------
  Total Number of Nets:         16395
  Nets With Violations:             0
  Max Trans Violations:             0
  Max Cap Violations:               0
  -----------------------------------


  Hostname: SGP3

  Compile CPU Statistics
  -----------------------------------------
  Resource Sharing:                    0.00
  Logic Optimization:                  0.20
  Mapping Optimization:               10.75
  -----------------------------------------
  Overall Compile Time:               19.99
  Overall Compile Wall Clock Time:    20.72

  --------------------------------------------------------------------

  Design  WNS: 0.01  TNS: 0.62  Number of Violating Paths: 95


  Design (Hold)  WNS: 0.02  TNS: 0.21  Number of Violating Paths: 12

  --------------------------------------------------------------------


1
