 
****************************************
Report : timing
        -path full
        -delay max
        -max_paths 1
Design : top_mcu_pll_sram_multiclk_soc
Version: W-2024.09-SP5-5
Date   : Sat Apr 11 20:28:59 2026
****************************************

 # A fanout number of 1000 was used for high fanout net computations.

Operating Conditions: ss0p95v125c   Library: saed32rvt_ss0p95v125c
Wire Load Model Mode: enclosed

  Startpoint: start (input port clocked by ref_clk)
  Endpoint: u_ctrl/crc_done_hold_reg
            (rising edge-triggered flip-flop clocked by clk_fast)
  Path Group: INS
  Path Type: max

  Des/Clust/Port     Wire Load Model       Library
  ------------------------------------------------
  top_mcu_pll_sram_multiclk_soc
                     ForQA                 saed32rvt_ss0p95v125c
  soc_ctrl_multiclk_soc
                     70000                 saed32rvt_ss0p95v125c

  Point                                                   Incr       Path
  --------------------------------------------------------------------------
  clock ref_clk (rise edge)                               0.00       0.00
  clock network delay (ideal)                             0.00       0.00
  input external delay                                    1.00       1.00 f
  start (in)                                              0.00       1.00 f
  u_ctrl/start_ext (soc_ctrl_multiclk_soc)                0.00       1.00 f
  u_ctrl/U6/Y (INVX16_RVT)                                0.02       1.02 r
  u_ctrl/U9/Y (INVX4_RVT)                                 0.01       1.03 f
  u_ctrl/U8/Y (OA21X1_RVT)                                0.06       1.10 f
  u_ctrl/U85/Y (AOI21X1_RVT)                              0.07       1.17 r
  u_ctrl/crc_done_hold_reg/D (DFFARX1_RVT)                0.00       1.17 r
  data arrival time                                                  1.17

  clock clk_fast (rise edge)                              1.42       1.42
  clock network delay (ideal)                             0.00       1.42
  clock uncertainty                                      -0.20       1.22
  u_ctrl/crc_done_hold_reg/CLK (DFFARX1_RVT)              0.00       1.22 r
  library setup time                                     -0.05       1.17
  data required time                                                 1.17
  --------------------------------------------------------------------------
  data required time                                                 1.17
  data arrival time                                                 -1.17
  --------------------------------------------------------------------------
  slack (MET)                                                        0.00


  Startpoint: u_ctrl/pass_reg
              (rising edge-triggered flip-flop clocked by clk_fast)
  Endpoint: pass (output port clocked by ref_clk)
  Path Group: OUTS
  Path Type: max

  Des/Clust/Port     Wire Load Model       Library
  ------------------------------------------------
  top_mcu_pll_sram_multiclk_soc
                     ForQA                 saed32rvt_ss0p95v125c

  Point                                    Incr       Path
  -----------------------------------------------------------
  clock clk_fast (rise edge)               4.27       4.27
  clock network delay (ideal)              0.00       4.27
  u_ctrl/pass_reg/CLK (DFFASRX1_RVT)       0.00       4.27 r
  u_ctrl/pass_reg/Q (DFFASRX1_RVT)         0.19       4.46 f
  u_ctrl/pass (soc_ctrl_multiclk_soc)      0.00       4.46 f
  pass (out)                               0.00       4.46 f
  data arrival time                                   4.46

  clock ref_clk (rise edge)                5.70       5.70
  clock network delay (ideal)              0.00       5.70
  clock uncertainty                       -0.20       5.50
  output external delay                   -1.00       4.50
  data required time                                  4.50
  -----------------------------------------------------------
  data required time                                  4.50
  data arrival time                                  -4.46
  -----------------------------------------------------------
  slack (MET)                                         0.04


  Startpoint: u_ctrl/ct_hold_fast_reg[54]
              (rising edge-triggered flip-flop clocked by clk_fast)
  Endpoint: u_ctrl/ct_hold_div2_reg[54]
            (rising edge-triggered flip-flop clocked by clk_div2)
  Path Group: clk_div2
  Path Type: max

  Des/Clust/Port     Wire Load Model       Library
  ------------------------------------------------
  top_mcu_pll_sram_multiclk_soc
                     ForQA                 saed32rvt_ss0p95v125c
  soc_ctrl_multiclk_soc
                     70000                 saed32rvt_ss0p95v125c

  Point                                                   Incr       Path
  --------------------------------------------------------------------------
  clock clk_fast (rise edge)                              1.42       1.42
  clock network delay (ideal)                             0.00       1.42
  u_ctrl/ct_hold_fast_reg[54]/CLK (DFFASRX1_RVT)          0.00       1.42 r
  u_ctrl/ct_hold_fast_reg[54]/Q (DFFASRX1_RVT)            0.18       1.61 r
  u_ctrl/U1046/Y (AO22X1_RVT)                             0.08       1.69 r
  u_ctrl/ct_hold_div2_reg[54]/D (DFFARX1_RVT)             0.00       1.69 r
  data arrival time                                                  1.69

  clock clk_div2 (rise edge)                              2.85       2.85
  clock network delay (ideal)                             0.00       2.85
  clock uncertainty                                      -0.20       2.65
  u_ctrl/ct_hold_div2_reg[54]/CLK (DFFARX1_RVT)           0.00       2.65 r
  library setup time                                     -0.06       2.59
  data required time                                                 2.59
  --------------------------------------------------------------------------
  data required time                                                 2.59
  data arrival time                                                 -1.69
  --------------------------------------------------------------------------
  slack (MET)                                                        0.90


  Startpoint: u_ctrl/done_reg
              (rising edge-triggered flip-flop clocked by clk_fast)
  Endpoint: u_ctrl/start_uart_cmd_reg
            (rising edge-triggered flip-flop clocked by clk_div4)
  Path Group: clk_div4
  Path Type: max

  Des/Clust/Port     Wire Load Model       Library
  ------------------------------------------------
  top_mcu_pll_sram_multiclk_soc
                     ForQA                 saed32rvt_ss0p95v125c
  soc_ctrl_multiclk_soc
                     70000                 saed32rvt_ss0p95v125c

  Point                                                   Incr       Path
  --------------------------------------------------------------------------
  clock clk_fast (rise edge)                              4.27       4.27
  clock network delay (ideal)                             0.00       4.27
  u_ctrl/done_reg/CLK (DFFARX1_RVT)                       0.00       4.27 r
  u_ctrl/done_reg/QN (DFFARX1_RVT)                        0.12       4.39 r
  u_ctrl/U189/Y (AO22X1_RVT)                              0.08       4.48 r
  u_ctrl/start_uart_cmd_reg/D (DFFARX1_RVT)               0.00       4.48 r
  data arrival time                                                  4.48

  clock clk_div4 (rise edge)                              5.70       5.70
  clock network delay (ideal)                             0.00       5.70
  clock uncertainty                                      -0.20       5.50
  u_ctrl/start_uart_cmd_reg/CLK (DFFARX1_RVT)             0.00       5.50 r
  library setup time                                     -0.06       5.44
  data required time                                                 5.44
  --------------------------------------------------------------------------
  data required time                                                 5.44
  data arrival time                                                 -4.48
  --------------------------------------------------------------------------
  slack (MET)                                                        0.96


  Startpoint: u_ctrl/u_aes/state_reg[107]
              (rising edge-triggered flip-flop clocked by clk_fast)
  Endpoint: u_ctrl/u_aes/state_reg[49]
            (rising edge-triggered flip-flop clocked by clk_fast)
  Path Group: clk_fast
  Path Type: max

  Des/Clust/Port     Wire Load Model       Library
  ------------------------------------------------
  soc_ctrl_multiclk_soc
                     70000                 saed32rvt_ss0p95v125c
  aes128_core        70000                 saed32rvt_ss0p95v125c

  Point                                                   Incr       Path
  --------------------------------------------------------------------------
  clock clk_fast (rise edge)                              0.00       0.00
  clock network delay (ideal)                             0.00       0.00
  u_ctrl/u_aes/state_reg[107]/CLK (DFFARX2_RVT)           0.00       0.00 r
  u_ctrl/u_aes/state_reg[107]/Q (DFFARX2_RVT)             0.18       0.18 r
  u_ctrl/u_aes/U2249/Y (AND2X1_RVT)                       0.07       0.25 r
  u_ctrl/u_aes/U2213/Y (INVX2_RVT)                        0.03       0.28 f
  u_ctrl/u_aes/U9538/Y (NOR3X0_RVT)                       0.10       0.38 r
  u_ctrl/u_aes/U5036/Y (AO21X1_RVT)                       0.05       0.42 r
  u_ctrl/u_aes/U9540/Y (OR3X1_RVT)                        0.07       0.49 r
  u_ctrl/u_aes/U2527/Y (NOR2X1_RVT)                       0.07       0.56 f
  u_ctrl/u_aes/U1434/Y (AOI22X1_RVT)                      0.07       0.63 r
  u_ctrl/u_aes/U1433/Y (AO22X1_RVT)                       0.10       0.73 r
  u_ctrl/u_aes/U9584/Y (XNOR2X2_RVT)                      0.11       0.84 r
  u_ctrl/u_aes/U2491/Y (XOR2X2_RVT)                       0.10       0.94 f
  u_ctrl/u_aes/U2489/Y (XOR3X2_RVT)                       0.15       1.09 f
  u_ctrl/u_aes/U4697/Y (OR2X1_RVT)                        0.05       1.14 f
  u_ctrl/u_aes/U4695/Y (NAND2X0_RVT)                      0.03       1.18 r
  u_ctrl/u_aes/state_reg[49]/D (DFFARX2_RVT)              0.00       1.18 r
  data arrival time                                                  1.18

  clock clk_fast (rise edge)                              1.42       1.42
  clock network delay (ideal)                             0.00       1.42
  clock uncertainty                                      -0.20       1.22
  u_ctrl/u_aes/state_reg[49]/CLK (DFFARX2_RVT)            0.00       1.22 r
  library setup time                                     -0.06       1.16
  data required time                                                 1.16
  --------------------------------------------------------------------------
  data required time                                                 1.16
  data arrival time                                                 -1.18
  --------------------------------------------------------------------------
  slack (VIOLATED)                                                  -0.01


1
