****************************************
Report : analysis_coverage
Design : top_mcu_pll_sram_multiclk_soc
Version: W-2024.09-SP5-3
Date   : Mon Apr 13 19:58:37 2026
****************************************

Type of Check         Total              Met         Violated         Untested
--------------------------------------------------------------------------------
setup                  4201      1285 ( 31%)       134 (  3%)      2782 ( 66%)
hold                   4199      1405 ( 33%)        12 (  0%)      2782 ( 66%)
recovery               1404         0 (  0%)         0 (  0%)      1404 (100%)
removal                1404         0 (  0%)         0 (  0%)      1404 (100%)
min_pulse_width        4213      2809 ( 67%)         0 (  0%)      1404 ( 33%)
clock_gating_setup        1         1 (100%)         0 (  0%)         0 (  0%)
clock_gating_hold         1         1 (100%)         0 (  0%)         0 (  0%)
out_setup                 3         3 (100%)         0 (  0%)         0 (  0%)
out_hold                  3         3 (100%)         0 (  0%)         0 (  0%)
--------------------------------------------------------------------------------
All Checks            15429      5507 ( 36%)       146 (  1%)      9776 ( 63%)

1
