 
****************************************
Report : area
Design : top_mcu_pll_sram_multiclk_soc
Version: W-2024.09-SP5-5
Date   : Mon Apr 13 20:05:46 2026
****************************************

Library(s) Used:

    saed32rvt_ss0p95v125c (File: /DATA/home/edu135/aes128_core/SAED32_EDK/lib/stdcell_rvt/db_nldm/saed32rvt_ss0p95v125c.db)
    saed32sram_ss0p95v125c (File: /DATA/home/edu135/aes128_core/SAED32_EDK/lib/sram/db_nldm/saed32sram_ss0p95v125c.db)
    saed32pll_ss0p95v125c_2p25v (File: /DATA/home/edu135/aes128_core/SAED32_EDK/lib/pll/db_nldm/saed32pll_ss0p95v125c_2p25v.db)

Number of ports:                         1085
Number of nets:                         14451
Number of cells:                        13781
Number of combinational cells:          12352
Number of sequential cells:              1405
Number of macros/black boxes:               2
Number of buf/inv:                       1138
Number of references:                       6

Combinational area:              28153.818763
Buf/Inv area:                     1566.035345
Noncombinational area:           12818.515388
Macro/Black Box area:            31230.701660
Net Interconnect area:           15583.239849

Total cell area:                 72203.035812
Total area:                      87786.275660

Hierarchical area distribution
------------------------------

                                  Global cell area              Local cell area
                                  -------------------  ---------------------------------- 
Hierarchical cell                 Absolute    Percent  Combi-      Noncombi-   Black-
                                  Total       Total    national    national    boxes       Design
--------------------------------  ----------  -------  ----------  ----------  ----------  ----------------------------------
top_mcu_pll_sram_multiclk_soc     72203.0358    100.0     12.7072      0.0000   5446.9321  top_mcu_pll_sram_multiclk_soc
u_ctrl                            40950.4778     56.7   1498.4330   2171.9147      0.0000  soc_ctrl_multiclk_soc
u_ctrl/u_aes                      34395.0873     47.6  25401.4392   8993.6481      0.0000  aes128_core
u_ctrl/u_crc                       1048.8523      1.5    454.1553    594.6970      0.0000  crc32_byte
u_ctrl/u_ct_cdc                      76.4973      0.1     16.5194     59.9780      0.0000  cdc_toggle_sync_1
u_ctrl/u_icg_aes                     10.4199      0.0      5.3370      5.0829      0.0000  icg_latch
u_ctrl/u_rx                         886.9626      1.2    392.9066    494.0559      0.0000  uart_rx_CLK_HZ100000000_BAUD115200
u_ctrl/u_send_cdc                    75.2266      0.1     15.2486     59.9780      0.0000  cdc_toggle_sync_0
u_ctrl/u_tx                         787.0840      1.1    357.0723    430.0117      0.0000  uart_tx_CLK_HZ100000000_BAUD115200
u_div8                                9.1492      0.0      0.0000      9.1492      0.0000  clk_div2_toggle
u_mem                             25783.7695     35.7      0.0000      0.0000  25783.7695  sram_wrap_1rw1024x8
--------------------------------  ----------  -------  ----------  ----------  ----------  ----------------------------------
Total                                                  28153.8188  12818.5154  31230.7017

1
