Warning: Reference PLL contains internal pins with clock attribute. (TIM-103)
Information: Updating design information... (UID-85)
Warning: Design 'top_mcu_pll_sram_multiclk_soc' contains 1 high-fanout nets. A fanout number of 1000 will be used for delay calculations involving these nets. (TIM-134)
 
****************************************
Report : qor
Design : top_mcu_pll_sram_multiclk_soc
Version: W-2024.09-SP5-5
Date   : Mon Apr 13 20:05:46 2026
****************************************


  Timing Path Group 'INS'
  -----------------------------------
  Levels of Logic:               4.00
  Critical Path Length:          0.27
  Critical Path Slack:           0.22
  Critical Path Clk Period:      1.83
  Total Negative Slack:          0.00
  No. of Violating Paths:        0.00
  Worst Hold Violation:          0.00
  Total Hold Violation:          0.00
  No. of Hold Violations:        0.00
  -----------------------------------

  Timing Path Group 'OUTS'
  -----------------------------------
  Levels of Logic:               0.00
  Critical Path Length:          0.16
  Critical Path Slack:           0.46
  Critical Path Clk Period:      7.30
  Total Negative Slack:          0.00
  No. of Violating Paths:        0.00
  Worst Hold Violation:          0.00
  Total Hold Violation:          0.00
  No. of Hold Violations:        0.00
  -----------------------------------

  Timing Path Group 'clk_div2'
  -----------------------------------
  Levels of Logic:               1.00
  Critical Path Length:          0.26
  Critical Path Slack:           1.24
  Critical Path Clk Period:      3.65
  Total Negative Slack:          0.00
  No. of Violating Paths:        0.00
  Worst Hold Violation:         -0.02
  Total Hold Violation:         -0.29
  No. of Hold Violations:       12.00
  -----------------------------------

  Timing Path Group 'clk_div4'
  -----------------------------------
  Levels of Logic:               1.00
  Critical Path Length:          0.19
  Critical Path Slack:           1.30
  Critical Path Clk Period:      7.30
  Total Negative Slack:          0.00
  No. of Violating Paths:        0.00
  Worst Hold Violation:          0.00
  Total Hold Violation:          0.00
  No. of Hold Violations:        0.00
  -----------------------------------

  Timing Path Group 'clk_fast'
  -----------------------------------
  Levels of Logic:               1.00
  Critical Path Length:          0.23
  Critical Path Slack:           0.48
  Critical Path Clk Period:      1.83
  Total Negative Slack:          0.00
  No. of Violating Paths:        0.00
  Worst Hold Violation:          0.00
  Total Hold Violation:          0.00
  No. of Hold Violations:        0.00
  -----------------------------------

  Timing Path Group 'clk_fast_aes'
  -----------------------------------
  Levels of Logic:              19.00
  Critical Path Length:          1.49
  Critical Path Slack:           0.00
  Critical Path Clk Period:      1.83
  Total Negative Slack:          0.00
  No. of Violating Paths:        0.00
  Worst Hold Violation:          0.00
  Total Hold Violation:          0.00
  No. of Hold Violations:        0.00
  -----------------------------------


  Cell Count
  -----------------------------------
  Hierarchical Cell Count:         10
  Hierarchical Port Count:        813
  Leaf Cell Count:              13759
  Buf/Inv Cell Count:            1138
  Buf Cell Count:                 123
  Inv Cell Count:                1015
  CT Buf/Inv Cell Count:            1
  Combinational Cell Count:     12352
  Sequential Cell Count:         1407
  Macro Count:                      0
  -----------------------------------


  Area
  -----------------------------------
  Combinational Area:    28153.818763
  Noncombinational Area: 12818.515388
  Buf/Inv Area:           1566.035345
  Total Buffer Area:           254.14
  Total Inverter Area:        1311.89
  Macro/Black Box Area:  31230.701660
  Net Area:              15583.239849
  -----------------------------------
  Cell Area:             72203.035812
  Design Area:           87786.275660


  Design Rules
  -----------------------------------
  Total Number of Nets:         14167
  Nets With Violations:             0
  Max Trans Violations:             0
  Max Cap Violations:               0
  -----------------------------------


  Hostname: SGP3

  Compile CPU Statistics
  -----------------------------------------
  Resource Sharing:                    0.00
  Logic Optimization:                  0.18
  Mapping Optimization:                1.84
  -----------------------------------------
  Overall Compile Time:                6.07
  Overall Compile Wall Clock Time:     6.73

  --------------------------------------------------------------------

  Design  WNS: 0.00  TNS: 0.00  Number of Violating Paths: 0


  Design (Hold)  WNS: 0.02  TNS: 0.29  Number of Violating Paths: 12

  --------------------------------------------------------------------


1
