****************************************
Report : constraint
	-all_violators
	-path slack_only
Design : top_mcu_pll_sram_multiclk_soc
Version: W-2024.09-SP5-3
Date   : Mon Apr 13 20:10:23 2026
****************************************



   min_delay/hold ('clk_div2' group)

   Endpoint                                                  Slack
   -----------------------------------------------------------------
   u_mem/u_sram/A[0]                                       -0.0171  (VIOLATED)
   u_mem/u_sram/A[1]                                       -0.0171  (VIOLATED)
   u_mem/u_sram/A[2]                                       -0.0171  (VIOLATED)
   u_mem/u_sram/A[3]                                       -0.0171  (VIOLATED)
   u_mem/u_sram/I[0]                                       -0.0171  (VIOLATED)
   u_mem/u_sram/I[1]                                       -0.0171  (VIOLATED)
   u_mem/u_sram/I[2]                                       -0.0171  (VIOLATED)
   u_mem/u_sram/I[3]                                       -0.0171  (VIOLATED)
   u_mem/u_sram/I[4]                                       -0.0171  (VIOLATED)
   u_mem/u_sram/I[5]                                       -0.0171  (VIOLATED)
   u_mem/u_sram/I[6]                                       -0.0171  (VIOLATED)
   u_mem/u_sram/I[7]                                       -0.0171  (VIOLATED)




   max_capacitance

                             Required        Actual
   Pin                      Capacitance    Capacitance       Slack
   -----------------------------------------------------------------
   u_ctrl/u_crc/U6/Y         16.0000        43.3635       -27.3635  (VIOLATED)
   u_ctrl/u_crc/U5/Y         16.0000        41.8687       -25.8687  (VIOLATED)
   u_ctrl/u_tx/U3/Y          16.0000        41.8571       -25.8571  (VIOLATED)
   u_ctrl/u_crc/U4/Y         16.0000        39.1922       -23.1922  (VIOLATED)
   u_ctrl/u_rx/U3/Y          16.0000        28.2951       -12.2951  (VIOLATED)
   u_ctrl/u_tx/U4/Y          16.0000        27.1726       -11.1726  (VIOLATED)
   u_ctrl/u_rx/U33/Y         16.0000        26.2827       -10.2827  (VIOLATED)
   u_ctrl/u_tx/U25/Y         16.0000        25.0329        -9.0329  (VIOLATED)
   u_ctrl/u_tx/U26/Y         16.0000        25.0329        -9.0329  (VIOLATED)
   u_ctrl/u_rx/U5/Y           8.0000        16.2727        -8.2727  (VIOLATED)
   u_ctrl/u_rx/U32/Y          8.0000        16.2090        -8.2090  (VIOLATED)
   u_ctrl/u_tx/U27/Y         16.0000        23.7883        -7.7883  (VIOLATED)
   u_ctrl/u_crc/U7/Y          8.0000        15.1285        -7.1285  (VIOLATED)
   u_ctrl/u_tx/U18/Y          8.0000        15.0092        -7.0092  (VIOLATED)
   u_ctrl/u_crc/U177/Y       16.0000        22.1327        -6.1327  (VIOLATED)
   u_ctrl/u_crc/U174/Y       16.0000        21.3484        -5.3484  (VIOLATED)
   u_ctrl/u_crc/U175/Y       16.0000        21.3484        -5.3484  (VIOLATED)
   u_ctrl/u_crc/U173/Y       16.0000        21.2805        -5.2805  (VIOLATED)
   u_ctrl/u_rx/U23/Y         16.0000        21.2112        -5.2112  (VIOLATED)
   u_ctrl/u_rx/U24/Y         16.0000        21.2112        -5.2112  (VIOLATED)
   u_ctrl/u_crc/U176/Y       16.0000        20.5942        -4.5942  (VIOLATED)
   u_ctrl/u_aes/U281/Y       16.0000        19.7212        -3.7212  (VIOLATED)
   u_ctrl/u_crc/U8/Y         16.0000        19.5793        -3.5793  (VIOLATED)
   u_ctrl/u_rx/U21/Y         16.0000        19.4960        -3.4960  (VIOLATED)
   u_ctrl/u_rx/U22/Y         16.0000        19.4960        -3.4960  (VIOLATED)
   u_ctrl/u_rx/U45/Y          8.0000        11.4354        -3.4354  (VIOLATED)
   u_ctrl/u_aes/U639/Y       16.0000        18.8662        -2.8662  (VIOLATED)
   u_ctrl/u_aes/U294/Y       16.0000        18.6450        -2.6450  (VIOLATED)
   u_ctrl/u_crc/U14/SO        8.0000        10.4032        -2.4032  (VIOLATED)
   u_ctrl/u_aes/U1004/Y      16.0000        18.4020        -2.4020  (VIOLATED)
   u_ctrl/u_aes/U302/Y       16.0000        18.1302        -2.1302  (VIOLATED)
   u_ctrl/u_crc/U12/Y         8.0000        10.1011        -2.1011  (VIOLATED)
   u_ctrl/u_rx/busy_reg/QN    8.0000         9.9814        -1.9814  (VIOLATED)
   u_ctrl/u_crc/U11/Y         8.0000         9.9711        -1.9711  (VIOLATED)
   u_ctrl/u_aes/U288/Y       16.0000        17.8667        -1.8667  (VIOLATED)
   u_ctrl/u_aes/U1175/Y      16.0000        17.8066        -1.8066  (VIOLATED)
   u_ctrl/U29/Y               8.0000         9.6969        -1.6969  (VIOLATED)
   u_ctrl/U40/Y               8.0000         9.6213        -1.6213  (VIOLATED)
   u_ctrl/u_aes/U6711/Y       8.0000         9.5623        -1.5623  (VIOLATED)
   u_ctrl/u_aes/U262/Y       16.0000        17.5514        -1.5514  (VIOLATED)
   u_ctrl/u_aes/U290/Y       16.0000        17.4358        -1.4358  (VIOLATED)
   u_ctrl/u_aes/U279/Y       16.0000        17.4320        -1.4320  (VIOLATED)
   u_ctrl/u_crc/U28/SO        8.0000         9.3771        -1.3771  (VIOLATED)
   u_ctrl/U476/Y              8.0000         9.3514        -1.3514  (VIOLATED)
   u_ctrl/u_aes/U274/Y       16.0000        17.3497        -1.3497  (VIOLATED)
   u_ctrl/u_rx/U19/Y          8.0000         9.3306        -1.3306  (VIOLATED)
   u_ctrl/U482/Y              8.0000         9.2819        -1.2819  (VIOLATED)
   u_ctrl/U485/Y              8.0000         9.2819        -1.2819  (VIOLATED)
   u_ctrl/u_aes/U1007/Y      32.0000        33.2596        -1.2596  (VIOLATED)
   u_ctrl/u_aes/U267/Y        8.0000         9.2591        -1.2591  (VIOLATED)
   u_ctrl/u_aes/U273/Y        8.0000         9.2591        -1.2591  (VIOLATED)
   u_ctrl/u_aes/U536/Y        8.0000         9.2591        -1.2591  (VIOLATED)
   u_ctrl/u_aes/U1498/Y       8.0000         9.2591        -1.2591  (VIOLATED)
   u_ctrl/u_aes/U10482/Y      8.0000         9.2591        -1.2591  (VIOLATED)
   u_ctrl/u_rx/U4/Y           8.0000         9.2571        -1.2571  (VIOLATED)
   u_ctrl/u_aes/U11023/Y      8.0000         9.2388        -1.2388  (VIOLATED)
   u_ctrl/u_aes/U303/Y        8.0000         9.1783        -1.1783  (VIOLATED)
   u_ctrl/u_aes/U298/Y       16.0000        17.1608        -1.1608  (VIOLATED)
   u_ctrl/tx_idx_div2_reg_0_/Q   8.0000      9.1468        -1.1468  (VIOLATED)
   u_ctrl/u_aes/busy_reg/Q    8.0000         9.1111        -1.1111  (VIOLATED)
   u_ctrl/U119/Y              8.0000         9.0856        -1.0856  (VIOLATED)
   u_ctrl/U123/Y              8.0000         9.0485        -1.0485  (VIOLATED)
   u_ctrl/U342/Y              8.0000         9.0283        -1.0283  (VIOLATED)
   u_ctrl/U356/Y              8.0000         9.0283        -1.0283  (VIOLATED)
   u_ctrl/u_aes/state_reg_30_/Q   8.0000     8.9930        -0.9930  (VIOLATED)
   u_ctrl/u_aes/U249/Y        8.0000         8.9801        -0.9801  (VIOLATED)
   u_ctrl/u_aes/U1042/Y       8.0000         8.9771        -0.9771  (VIOLATED)
   u_ctrl/U118/Y              8.0000         8.9685        -0.9685  (VIOLATED)
   u_ctrl/u_aes/U9479/Y       8.0000         8.9670        -0.9670  (VIOLATED)
   u_ctrl/u_aes/U306/Y        8.0000         8.9224        -0.9224  (VIOLATED)
   u_ctrl/u_aes/U192/Y        8.0000         8.8873        -0.8873  (VIOLATED)
   u_ctrl/u_aes/U1006/Y      16.0000        16.8812        -0.8812  (VIOLATED)
   u_ctrl/U478/Y              8.0000         8.8635        -0.8635  (VIOLATED)
   u_ctrl/u_aes/U263/Y        8.0000         8.8557        -0.8557  (VIOLATED)
   u_ctrl/u_aes/U264/Y        8.0000         8.8557        -0.8557  (VIOLATED)
   u_ctrl/u_aes/U266/Y        8.0000         8.8557        -0.8557  (VIOLATED)
   u_ctrl/u_aes/U268/Y        8.0000         8.8557        -0.8557  (VIOLATED)
   u_ctrl/u_aes/U280/Y        8.0000         8.8557        -0.8557  (VIOLATED)
   u_ctrl/u_aes/U282/Y        8.0000         8.8557        -0.8557  (VIOLATED)
   u_ctrl/u_aes/U283/Y        8.0000         8.8557        -0.8557  (VIOLATED)
   u_ctrl/u_aes/U284/Y        8.0000         8.8557        -0.8557  (VIOLATED)
   u_ctrl/u_aes/U285/Y        8.0000         8.8557        -0.8557  (VIOLATED)
   u_ctrl/u_aes/U286/Y        8.0000         8.8557        -0.8557  (VIOLATED)
   u_ctrl/u_aes/U304/Y        8.0000         8.8557        -0.8557  (VIOLATED)
   u_ctrl/u_aes/U404/Y        8.0000         8.8557        -0.8557  (VIOLATED)
   u_ctrl/u_aes/U491/Y        8.0000         8.8557        -0.8557  (VIOLATED)
   u_ctrl/u_aes/U609/Y        8.0000         8.8557        -0.8557  (VIOLATED)
   u_ctrl/U479/Y              8.0000         8.8531        -0.8531  (VIOLATED)
   u_ctrl/u_aes/U297/Y        8.0000         8.8450        -0.8450  (VIOLATED)
   u_ctrl/u_aes/state_reg_110_/Q   8.0000    8.8278        -0.8278  (VIOLATED)
   u_ctrl/u_aes/state_reg_23_/QN   8.0000    8.8034        -0.8034  (VIOLATED)
   u_ctrl/u_crc/U23/SO        8.0000         8.7958        -0.7958  (VIOLATED)
   u_ctrl/u_aes/U3651/Y       8.0000         8.7934        -0.7934  (VIOLATED)
   u_ctrl/u_aes/U305/Y        8.0000         8.6377        -0.6377  (VIOLATED)
   u_ctrl/u_aes/state_reg_127_/QN   8.0000   8.5280        -0.5280  (VIOLATED)
   u_ctrl/U122/Y              8.0000         8.5054        -0.5054  (VIOLATED)
   u_ctrl/U125/Y              8.0000         8.5054        -0.5054  (VIOLATED)
   u_ctrl/U481/Y              8.0000         8.4774        -0.4774  (VIOLATED)
   u_ctrl/U484/Y              8.0000         8.4774        -0.4774  (VIOLATED)
   u_ctrl/u_aes/U2439/Y       8.0000         8.4602        -0.4602  (VIOLATED)
   u_ctrl/U475/Y              8.0000         8.3901        -0.3901  (VIOLATED)
   u_ctrl/u_aes/U1183/Y      16.0000        16.2867        -0.2867  (VIOLATED)
   u_ctrl/u_aes/U1525/Y       8.0000         8.2745        -0.2745  (VIOLATED)
   u_ctrl/u_tx/tx_busy_reg/Q   8.0000        8.2625        -0.2625  (VIOLATED)
   u_ctrl/u_aes/U1657/Y       8.0000         8.1167        -0.1167  (VIOLATED)
   u_ctrl/u_crc/U56/Y         8.0000         8.0013        -0.0013  (VIOLATED)


   max_transition

                             Required        Actual
   Pin                      Transition     Transition        Slack
   -----------------------------------------------------------------
   u_ctrl/u_tx/U4/Y           0.1035         0.1311        -0.0277  (VIOLATED)


1
