 
****************************************
Report : area
Design : top_mcu_pll_sram_multiclk_soc
Version: W-2024.09-SP5-5
Date   : Sat Apr 11 20:42:40 2026
****************************************

Library(s) Used:

    saed32rvt_ss0p95v125c (File: /DATA/home/edu135/aes128_core/SAED32_EDK/lib/stdcell_rvt/db_nldm/saed32rvt_ss0p95v125c.db)
    gtech (File: /tools/synopsys/syn/W-2024.09-SP5-5/libraries/syn/gtech.db)
    saed32sram_ss0p95v125c (File: /DATA/home/edu135/aes128_core/SAED32_EDK/lib/sram/db_nldm/saed32sram_ss0p95v125c.db)
    saed32pll_ss0p95v125c_2p25v (File: /DATA/home/edu135/aes128_core/SAED32_EDK/lib/pll/db_nldm/saed32pll_ss0p95v125c_2p25v.db)

Number of ports:                          994
Number of nets:                         16253
Number of cells:                        15521
Number of combinational cells:          13962
Number of sequential cells:              1533
Number of macros/black boxes:               2
Number of buf/inv:                       1825
Number of references:                       6

Combinational area:              32903.769990
Buf/Inv area:                     2638.014752
Noncombinational area:           10929.717049
Macro/Black Box area:            31230.701660
Net Interconnect area:           13881.447080

Total cell area:                 75064.188699
Total area:                      88945.635779

Information: This design contains unmapped logic. (RPT-7)

Hierarchical area distribution
------------------------------

                                  Global cell area              Local cell area
                                  -------------------  ---------------------------------- 
Hierarchical cell                 Absolute    Percent  Combi-      Noncombi-   Black-
                                  Total       Total    national    national    boxes       Design
--------------------------------  ----------  -------  ----------  ----------  ----------  ---------------------
top_mcu_pll_sram_multiclk_soc     75064.1887    100.0     12.7072      0.0000   5446.9321  top_mcu_pll_sram_multiclk_soc
u_ctrl                            43813.6638     58.4   3021.0097   3912.8011      0.0000  soc_ctrl_multiclk_soc
u_ctrl/u_aes                      36879.8530     49.1  29870.0531   7009.7999      0.0000  aes128_core
u_div8                                7.1160      0.0      0.0000      7.1160      0.0000  clk_div2_toggle
u_mem                             25783.7695     34.3      0.0000      0.0000  25783.7695  sram_wrap_1rw1024x8
--------------------------------  ----------  -------  ----------  ----------  ----------  ---------------------
Total                                                  32903.7700  10929.7170  31230.7017

1
