 
****************************************
Report : clocks
Design : top_mcu_pll_sram_multiclk_soc
Version: W-2024.09-SP5-5
Date   : Sat Apr 11 20:42:40 2026
****************************************

Attributes:
    d - dont_touch_network
    f - fix_hold
    p - propagated_clock
    G - generated_clock
    g - lib_generated_clock

Clock          Period   Waveform            Attrs     Sources
--------------------------------------------------------------------------------
clk_div2         2.95   {0 1.475}           G         {u_pll/CLK_2X}
clk_div4         5.90   {0 2.95}            G         {u_pll/CLK_1X}
clk_div8        11.80   {0 5.9}             G         {u_div8/clk_out}
clk_fast         1.48   {0 0.7375}          G         {u_pll/CLK_4X}
ref_clk          5.90   {0 2.95}                      {ref_clk}
--------------------------------------------------------------------------------

Generated     Master         Generated      Master         Waveform
Clock         Source         Source         Clock          Modification
--------------------------------------------------------------------------------
clk_div2      u_pll/REF_CLK  {u_pll/CLK_2X} ref_clk        multiply_by(2)
clk_div4      u_pll/REF_CLK  {u_pll/CLK_1X} ref_clk        multiply_by(1)
clk_div8      u_div8/clk_in  {u_div8/clk_out}
                                            clk_div4       divide_by(2)
clk_fast      u_pll/REF_CLK  {u_pll/CLK_4X} ref_clk        multiply_by(4)
--------------------------------------------------------------------------------
1
