****************************************
Report : constraint
	-all_violators
	-path slack_only
Design : top_mcu_pll_sram_multiclk_soc
Version: W-2024.09-SP5-3
Date   : Thu Apr 16 10:23:01 2026
****************************************






   max_capacitance

                             Required        Actual
   Pin                      Capacitance    Capacitance       Slack
   -----------------------------------------------------------------
   DFTC_8/Y                  32.0000       179.6968       -147.6968 (VIOLATED)
   u_ctrl/DFTC_14/Y          64.0000       187.2274       -123.2274 (VIOLATED)
   u_ctrl/U848/Y             16.0000       105.7311       -89.7311  (VIOLATED)
   u_ctrl/DFTC_4/Y           64.0000       141.0232       -77.0232  (VIOLATED)
   u_ctrl/DFTC_5/Y           64.0000       136.1929       -72.1929  (VIOLATED)
   u_ctrl/DFTC_6/Y           64.0000       132.2462       -68.2462  (VIOLATED)
   u_ctrl/u_aes/state_reg_16_/QN  16.0000   29.9402       -13.9402  (VIOLATED)
   u_ctrl/u_aes/U8842/Y       8.0000        17.1636        -9.1636  (VIOLATED)
   u_ctrl/u_aes/U4683/Y       8.0000        16.5469        -8.5469  (VIOLATED)
   u_ctrl/u_aes/U8944/Y       8.0000        16.1425        -8.1425  (VIOLATED)
   u_ctrl/u_aes/U3678/Y       8.0000        15.9636        -7.9636  (VIOLATED)
   u_ctrl/u_aes/state_reg_89_/Q   8.0000    15.9574        -7.9574  (VIOLATED)
   u_ctrl/u_aes/U6941/Y       8.0000        15.9405        -7.9405  (VIOLATED)
   u_ctrl/u_aes/U9200/Y       8.0000        15.5976        -7.5976  (VIOLATED)
   u_ctrl/u_aes/U1694/Y      32.0000        38.9409        -6.9409  (VIOLATED)
   u_ctrl/u_aes/ct_out_reg_110_/Q   8.0000  14.7503        -6.7503  (VIOLATED)
   u_ctrl/u_aes/U1401/Y      16.0000        22.7277        -6.7277  (VIOLATED)
   u_ctrl/u_aes/U8900/Y       8.0000        14.4676        -6.4676  (VIOLATED)
   u_ctrl/u_aes/U5380/Y       8.0000        13.5175        -5.5175  (VIOLATED)
   u_ctrl/u_aes/state_reg_117_/QN   8.0000  12.5299        -4.5299  (VIOLATED)
   u_ctrl/u_aes/U6967/Y      16.0000        20.5223        -4.5223  (VIOLATED)
   u_ctrl/u_aes/U76/Y        16.0000        20.3663        -4.3663  (VIOLATED)
   u_ctrl/u_aes/state_reg_110_/Q  16.0000   20.3542        -4.3542  (VIOLATED)
   u_ctrl/u_aes/U4657/Y       8.0000        12.2298        -4.2298  (VIOLATED)
   u_ctrl/u_aes/U25/Y        16.0000        20.2243        -4.2243  (VIOLATED)
   u_ctrl/u_aes/U6978/Y      64.0000        67.5339        -3.5339  (VIOLATED)
   u_ctrl/U16/Y              32.0000        35.5063        -3.5063  (VIOLATED)
   u_ctrl/u_aes/U281/Y       16.0000        19.4691        -3.4691  (VIOLATED)
   u_ctrl/u_aes/U23/Y         8.0000        11.3970        -3.3970  (VIOLATED)
   u_ctrl/u_aes/state_reg_86_/Q   8.0000    11.3630        -3.3630  (VIOLATED)
   u_ctrl/u_aes/state_reg_19_/QN   8.0000   11.3391        -3.3391  (VIOLATED)
   u_ctrl/u_aes/U5796/Y      16.0000        19.3299        -3.3299  (VIOLATED)
   u_ctrl/U28/Y              32.0000        35.2847        -3.2847  (VIOLATED)
   u_ctrl/u_aes/state_reg_12_/Q   8.0000    11.2652        -3.2652  (VIOLATED)
   u_ctrl/u_aes/state_reg_78_/Q  16.0000    19.1533        -3.1533  (VIOLATED)
   u_ctrl/u_aes/state_reg_121_/Q   8.0000   11.1293        -3.1293  (VIOLATED)
   u_ctrl/u_aes/state_reg_67_/Q   8.0000    11.0860        -3.0860  (VIOLATED)
   u_ctrl/u_aes/state_reg_126_/Q   8.0000   11.0716        -3.0716  (VIOLATED)
   u_ctrl/u_aes/state_reg_39_/Q  16.0000    19.0578        -3.0578  (VIOLATED)
   u_ctrl/u_aes/state_reg_94_/Q   8.0000    10.9999        -2.9999  (VIOLATED)
   u_ctrl/u_aes/state_reg_65_/Q   8.0000    10.9596        -2.9596  (VIOLATED)
   u_ctrl/u_aes/U2064/Y      32.0000        34.9515        -2.9515  (VIOLATED)
   u_ctrl/u_aes/U8666/Y       8.0000        10.8370        -2.8370  (VIOLATED)
   u_ctrl/u_aes/state_reg_108_/Q   8.0000   10.7917        -2.7917  (VIOLATED)
   u_ctrl/u_aes/U1048/Y      32.0000        34.7602        -2.7602  (VIOLATED)
   u_ctrl/u_aes/U19/Y        16.0000        18.6955        -2.6955  (VIOLATED)
   u_ctrl/u_aes/state_reg_7_/Q  16.0000     18.6202        -2.6202  (VIOLATED)
   u_ctrl/u_aes/state_reg_46_/Q  16.0000    18.5854        -2.5854  (VIOLATED)
   u_ctrl/U50/Y               8.0000        10.5484        -2.5484  (VIOLATED)
   u_ctrl/u_aes/U272/Y       16.0000        18.4382        -2.4382  (VIOLATED)
   u_ctrl/u_aes/state_reg_87_/Q   8.0000    10.4336        -2.4336  (VIOLATED)
   u_ctrl/u_aes/U290/Y       16.0000        18.4113        -2.4113  (VIOLATED)
   u_ctrl/u_aes/U944/Y       16.0000        18.3828        -2.3828  (VIOLATED)
   u_ctrl/u_aes/U9258/Y       8.0000        10.3762        -2.3762  (VIOLATED)
   u_ctrl/u_aes/state_reg_81_/Q   8.0000    10.3689        -2.3689  (VIOLATED)
   u_ctrl/u_aes/state_reg_83_/Q  16.0000    18.3375        -2.3375  (VIOLATED)
   u_ctrl/u_aes/U3093/Y      16.0000        18.3322        -2.3322  (VIOLATED)
   u_ctrl/u_aes/U4792/Y       8.0000        10.3288        -2.3288  (VIOLATED)
   u_ctrl/u_aes/U11/Y        16.0000        18.3282        -2.3282  (VIOLATED)
   u_ctrl/U48/Y               8.0000        10.2058        -2.2058  (VIOLATED)
   u_ctrl/u_aes/U8227/Y       8.0000        10.1529        -2.1529  (VIOLATED)
   u_ctrl/u_aes/U2946/Y      16.0000        17.9479        -1.9479  (VIOLATED)
   u_ctrl/u_aes/U1391/Y       8.0000         9.9459        -1.9459  (VIOLATED)
   u_ctrl/u_crc/U9/Y         16.0000        17.9133        -1.9133  (VIOLATED)
   u_ctrl/u_aes/U8208/Y      16.0000        17.9108        -1.9108  (VIOLATED)
   u_ctrl/u_aes/U6282/Y      16.0000        17.9103        -1.9103  (VIOLATED)
   u_ctrl/u_aes/state_reg_43_/Q   8.0000     9.8746        -1.8746  (VIOLATED)
   u_ctrl/u_aes/U1823/Y      32.0000        33.8131        -1.8131  (VIOLATED)
   u_ctrl/u_aes/state_reg_8_/Q  16.0000     17.7634        -1.7634  (VIOLATED)
   u_ctrl/u_aes/U2927/Y      16.0000        17.7119        -1.7119  (VIOLATED)
   u_ctrl/u_aes/U9206/Y      16.0000        17.7092        -1.7092  (VIOLATED)
   u_ctrl/u_aes/U6519/Y      16.0000        17.6744        -1.6744  (VIOLATED)
   u_ctrl/u_crc/U11/Y        16.0000        17.6577        -1.6577  (VIOLATED)
   u_ctrl/u_aes/state_reg_100_/Q  16.0000   17.5768        -1.5768  (VIOLATED)
   u_ctrl/u_aes/U1619/Y       8.0000         9.5466        -1.5466  (VIOLATED)
   u_ctrl/u_aes/state_reg_118_/Q  16.0000   17.5344        -1.5344  (VIOLATED)
   u_ctrl/u_aes/U3142/Y      16.0000        17.4836        -1.4836  (VIOLATED)
   u_ctrl/u_aes/U6286/Y      16.0000        17.4396        -1.4396  (VIOLATED)
   u_ctrl/u_aes/U9327/Y      16.0000        17.3927        -1.3927  (VIOLATED)
   u_ctrl/U411/Y              8.0000         9.3692        -1.3692  (VIOLATED)
   u_ctrl/u_aes/state_reg_99_/Q  16.0000    17.3613        -1.3613  (VIOLATED)
   u_ctrl/u_aes/U1397/Y       8.0000         9.2876        -1.2876  (VIOLATED)
   u_ctrl/u_aes/U5565/Y      16.0000        17.2753        -1.2753  (VIOLATED)
   u_ctrl/u_aes/U2282/Y       8.0000         9.2714        -1.2714  (VIOLATED)
   u_ctrl/u_aes/U1205/Y       8.0000         9.2657        -1.2657  (VIOLATED)
   u_ctrl/u_aes/U5930/Y       8.0000         9.2555        -1.2555  (VIOLATED)
   u_ctrl/u_aes/U1898/Y       8.0000         9.2288        -1.2288  (VIOLATED)
   u_ctrl/u_aes/U5615/Y      16.0000        17.2122        -1.2122  (VIOLATED)
   u_ctrl/u_aes/U8638/Y       8.0000         9.2111        -1.2111  (VIOLATED)
   u_ctrl/u_aes/U860/Y        8.0000         9.2036        -1.2036  (VIOLATED)
   u_ctrl/u_aes/U4157/Y      16.0000        17.2021        -1.2021  (VIOLATED)
   u_ctrl/u_aes/U3084/Y       8.0000         9.1945        -1.1945  (VIOLATED)
   u_ctrl/u_aes/U6955/Y      16.0000        17.1805        -1.1805  (VIOLATED)
   u_ctrl/u_aes/U1133/Y       8.0000         9.1623        -1.1623  (VIOLATED)
   u_ctrl/u_aes/U2159/Y       8.0000         9.1197        -1.1197  (VIOLATED)
   u_ctrl/U378/Y              8.0000         9.0946        -1.0946  (VIOLATED)
   u_ctrl/u_aes/U4159/Y       8.0000         9.0920        -1.0920  (VIOLATED)
   u_ctrl/u_aes/state_reg_3_/Q   8.0000      9.0903        -1.0903  (VIOLATED)
   u_ctrl/u_aes/U6957/Y      16.0000        17.0828        -1.0828  (VIOLATED)
   u_ctrl/u_aes/U6986/Y     168.0000       169.0395        -1.0395  (VIOLATED)
   u_ctrl/u_aes/state_reg_123_/Q   8.0000    9.0300        -1.0300  (VIOLATED)
   u_ctrl/u_aes/U2300/Y       8.0000         8.9971        -0.9971  (VIOLATED)
   u_ctrl/u_aes/U9428/Y      16.0000        16.9917        -0.9917  (VIOLATED)
   u_ctrl/u_aes/state_reg_65_/QN   8.0000    8.9815        -0.9815  (VIOLATED)
   u_ctrl/u_aes/U1237/Y       8.0000         8.9606        -0.9606  (VIOLATED)
   u_ctrl/u_aes/DFTC_17/Y    16.0000        16.9375        -0.9375  (VIOLATED)
   u_ctrl/u_rx/U51/Y         16.0000        16.8927        -0.8927  (VIOLATED)
   u_ctrl/u_aes/U8881/Y       8.0000         8.8917        -0.8917  (VIOLATED)
   u_ctrl/u_aes/U2517/Y       8.0000         8.8655        -0.8655  (VIOLATED)
   u_ctrl/u_aes/U3268/Y       8.0000         8.8586        -0.8586  (VIOLATED)
   u_ctrl/u_aes/U4681/Y       8.0000         8.8568        -0.8568  (VIOLATED)
   u_ctrl/u_aes/U1489/Y       8.0000         8.8560        -0.8560  (VIOLATED)
   u_ctrl/u_aes/U1812/Y       8.0000         8.8473        -0.8473  (VIOLATED)
   u_ctrl/u_aes/U591/Y        8.0000         8.8442        -0.8442  (VIOLATED)
   u_ctrl/U156/Y              8.0000         8.8360        -0.8360  (VIOLATED)
   u_ctrl/u_aes/U4545/Y       8.0000         8.8221        -0.8221  (VIOLATED)
   u_ctrl/u_aes/U3102/Y      16.0000        16.8195        -0.8195  (VIOLATED)
   u_ctrl/u_aes/U9331/Y       8.0000         8.8190        -0.8190  (VIOLATED)
   u_ctrl/u_aes/state_reg_40_/Q   8.0000     8.8119        -0.8119  (VIOLATED)
   u_ctrl/u_aes/U6752/Y       8.0000         8.7968        -0.7968  (VIOLATED)
   u_ctrl/U61/Y               8.0000         8.7713        -0.7713  (VIOLATED)
   u_ctrl/u_aes/U3315/Y       8.0000         8.7603        -0.7603  (VIOLATED)
   u_ctrl/u_aes/U1940/Y       8.0000         8.7462        -0.7462  (VIOLATED)
   u_ctrl/U437/Y              8.0000         8.7278        -0.7278  (VIOLATED)
   u_ctrl/u_tx/U43/Y          8.0000         8.7240        -0.7240  (VIOLATED)
   u_ctrl/u_aes/state_reg_6_/Q  16.0000     16.7181        -0.7181  (VIOLATED)
   u_ctrl/u_aes/U5253/Y      16.0000        16.7122        -0.7122  (VIOLATED)
   u_ctrl/u_aes/U5959/Y      16.0000        16.7096        -0.7096  (VIOLATED)
   u_ctrl/u_aes/U374/Y        8.0000         8.7095        -0.7095  (VIOLATED)
   u_ctrl/u_aes/U623/Y        8.0000         8.6976        -0.6976  (VIOLATED)
   u_ctrl/U60/Y               8.0000         8.6952        -0.6952  (VIOLATED)
   u_ctrl/u_aes/state_reg_64_/Q   8.0000     8.6684        -0.6684  (VIOLATED)
   u_ctrl/u_aes/U3557/Y       8.0000         8.6580        -0.6580  (VIOLATED)
   u_ctrl/u_crc/U28/Y         8.0000         8.6389        -0.6389  (VIOLATED)
   u_ctrl/U468/Y              8.0000         8.6299        -0.6299  (VIOLATED)
   u_ctrl/u_aes/U1387/Y       8.0000         8.6022        -0.6022  (VIOLATED)
   u_ctrl/u_aes/U700/Y        8.0000         8.5710        -0.5710  (VIOLATED)
   u_ctrl/u_aes/U43/Y         8.0000         8.5464        -0.5464  (VIOLATED)
   u_ctrl/u_aes/U9312/Y      16.0000        16.5436        -0.5436  (VIOLATED)
   u_ctrl/u_aes/U3332/Y       8.0000         8.5299        -0.5299  (VIOLATED)
   u_ctrl/U438/Y              8.0000         8.5292        -0.5292  (VIOLATED)
   u_ctrl/u_aes/U3012/Y       8.0000         8.5225        -0.5225  (VIOLATED)
   u_ctrl/u_aes/U1386/Y       8.0000         8.5211        -0.5211  (VIOLATED)
   u_ctrl/u_aes/U2799/Y       8.0000         8.5166        -0.5166  (VIOLATED)
   u_ctrl/U111/Y              8.0000         8.5002        -0.5002  (VIOLATED)
   u_ctrl/U96/Y               8.0000         8.4955        -0.4955  (VIOLATED)
   u_ctrl/u_aes/U9586/Y      16.0000        16.4877        -0.4877  (VIOLATED)
   u_ctrl/u_aes/U936/Y        8.0000         8.4876        -0.4876  (VIOLATED)
   u_ctrl/u_aes/U2226/Y       8.0000         8.4859        -0.4859  (VIOLATED)
   u_ctrl/u_aes/U3314/Y      16.0000        16.4853        -0.4853  (VIOLATED)
   u_ctrl/u_aes/U464/Y        8.0000         8.4489        -0.4489  (VIOLATED)
   u_ctrl/u_aes/state_reg_17_/QN   8.0000    8.4447        -0.4447  (VIOLATED)
   u_ctrl/U539/Y              8.0000         8.4433        -0.4433  (VIOLATED)
   u_ctrl/u_aes/U2048/Y       8.0000         8.4411        -0.4411  (VIOLATED)
   u_ctrl/U80/Y               8.0000         8.4239        -0.4239  (VIOLATED)
   u_ctrl/u_aes/U3365/Y       8.0000         8.4146        -0.4146  (VIOLATED)
   u_ctrl/u_aes/U8423/Y       8.0000         8.4056        -0.4056  (VIOLATED)
   u_ctrl/u_aes/U3156/Y       8.0000         8.3982        -0.3982  (VIOLATED)
   u_ctrl/U577/Y              8.0000         8.3896        -0.3896  (VIOLATED)
   u_ctrl/u_aes/U1679/Y       8.0000         8.3741        -0.3741  (VIOLATED)
   u_ctrl/u_aes/U3548/Y       8.0000         8.3607        -0.3607  (VIOLATED)
   u_ctrl/u_aes/U1583/Y       8.0000         8.3572        -0.3572  (VIOLATED)
   u_ctrl/u_aes/state_reg_70_/Q   8.0000     8.3555        -0.3555  (VIOLATED)
   u_ctrl/u_aes/state_reg_47_/Q  16.0000    16.3326        -0.3326  (VIOLATED)
   u_ctrl/u_aes/U1617/Y       8.0000         8.3243        -0.3243  (VIOLATED)
   u_ctrl/u_aes/U4719/Y      16.0000        16.3197        -0.3197  (VIOLATED)
   u_ctrl/u_aes/U3549/Y       8.0000         8.3175        -0.3175  (VIOLATED)
   u_ctrl/U29/Y               8.0000         8.3162        -0.3162  (VIOLATED)
   u_ctrl/u_tx/U42/Y         16.0000        16.3160        -0.3160  (VIOLATED)
   u_ctrl/u_aes/U4274/Y       8.0000         8.3056        -0.3056  (VIOLATED)
   u_ctrl/u_aes/U8546/Y      16.0000        16.2997        -0.2997  (VIOLATED)
   u_ctrl/U42/Y              32.0000        32.2942        -0.2942  (VIOLATED)
   u_ctrl/u_aes/U1541/Y       8.0000         8.2911        -0.2911  (VIOLATED)
   u_ctrl/u_aes/U8470/Y       8.0000         8.2884        -0.2884  (VIOLATED)
   u_ctrl/u_aes/U2556/Y       8.0000         8.2853        -0.2853  (VIOLATED)
   u_ctrl/u_aes/U2498/Y       8.0000         8.2792        -0.2792  (VIOLATED)
   u_ctrl/u_tx/U70/Y         16.0000        16.2762        -0.2762  (VIOLATED)
   u_ctrl/U678/Y             16.0000        16.2721        -0.2721  (VIOLATED)
   u_ctrl/u_aes/U6803/Y       8.0000         8.2427        -0.2427  (VIOLATED)
   u_ctrl/u_aes/state_reg_67_/QN   8.0000    8.2396        -0.2396  (VIOLATED)
   u_ctrl/U635/Y              8.0000         8.2379        -0.2379  (VIOLATED)
   u_ctrl/u_aes/U6189/Y       8.0000         8.2371        -0.2371  (VIOLATED)
   u_ctrl/u_aes/U2646/Y       8.0000         8.2365        -0.2365  (VIOLATED)
   u_ctrl/u_aes/U1224/Y       8.0000         8.2364        -0.2364  (VIOLATED)
   u_ctrl/u_aes/U2108/Y       8.0000         8.2272        -0.2272  (VIOLATED)
   u_ctrl/u_aes/U1441/Y       8.0000         8.2271        -0.2271  (VIOLATED)
   u_ctrl/u_aes/U970/Y        8.0000         8.2139        -0.2139  (VIOLATED)
   u_ctrl/u_aes/U1169/Y       8.0000         8.2107        -0.2107  (VIOLATED)
   u_ctrl/u_aes/U940/Y       32.0000        32.2067        -0.2067  (VIOLATED)
   u_ctrl/u_aes/U5851/Y      16.0000        16.1963        -0.1963  (VIOLATED)
   u_ctrl/u_aes/U8146/Y       8.0000         8.1895        -0.1895  (VIOLATED)
   u_ctrl/u_aes/U618/Y        8.0000         8.1727        -0.1727  (VIOLATED)
   u_ctrl/u_aes/U154/Y        8.0000         8.1700        -0.1700  (VIOLATED)
   u_ctrl/U55/Y               8.0000         8.1661        -0.1661  (VIOLATED)
   u_ctrl/u_aes/U821/Y        8.0000         8.1645        -0.1645  (VIOLATED)
   u_ctrl/u_aes/U8743/Y      16.0000        16.1575        -0.1575  (VIOLATED)
   u_ctrl/u_aes/U1228/Y       8.0000         8.1541        -0.1541  (VIOLATED)
   u_ctrl/u_aes/state_reg_15_/Q   8.0000     8.1485        -0.1485  (VIOLATED)
   u_ctrl/u_aes/U6586/Y       8.0000         8.1461        -0.1461  (VIOLATED)
   u_ctrl/u_aes/U8647/Y      16.0000        16.1264        -0.1264  (VIOLATED)
   u_ctrl/u_crc/U12/Y        16.0000        16.1221        -0.1221  (VIOLATED)
   u_ctrl/u_aes/U2317/Y       8.0000         8.1139        -0.1139  (VIOLATED)
   u_ctrl/u_aes/U388/Y        8.0000         8.1054        -0.1054  (VIOLATED)
   u_ctrl/u_aes/U3799/Y       8.0000         8.0946        -0.0946  (VIOLATED)
   u_ctrl/u_aes/U9303/Y      16.0000        16.0891        -0.0891  (VIOLATED)
   u_ctrl/u_aes/U1732/Y       8.0000         8.0851        -0.0851  (VIOLATED)
   u_ctrl/u_aes/U9038/Y      16.0000        16.0779        -0.0779  (VIOLATED)
   u_ctrl/U428/Y              8.0000         8.0723        -0.0723  (VIOLATED)
   u_ctrl/u_aes/U2066/Y       8.0000         8.0670        -0.0670  (VIOLATED)
   u_ctrl/u_aes/U8568/Y       8.0000         8.0652        -0.0652  (VIOLATED)
   u_ctrl/u_aes/U6123/Y      16.0000        16.0603        -0.0603  (VIOLATED)
   u_ctrl/u_aes/U9402/Y      16.0000        16.0584        -0.0584  (VIOLATED)
   u_ctrl/u_aes/U2417/Y       8.0000         8.0503        -0.0503  (VIOLATED)
   u_ctrl/u_aes/U9640/Y      16.0000        16.0502        -0.0502  (VIOLATED)
   u_ctrl/U58/Y               8.0000         8.0485        -0.0485  (VIOLATED)
   u_ctrl/u_aes/U2760/Y      16.0000        16.0451        -0.0451  (VIOLATED)
   u_ctrl/u_aes/U8886/Y       8.0000         8.0356        -0.0356  (VIOLATED)
   u_ctrl/u_aes/U1439/Y       8.0000         8.0306        -0.0306  (VIOLATED)
   u_ctrl/U54/Y               8.0000         8.0183        -0.0183  (VIOLATED)
   u_ctrl/u_aes/U2060/Y       8.0000         8.0155        -0.0155  (VIOLATED)
   u_ctrl/u_aes/U1233/Y       8.0000         8.0077        -0.0077  (VIOLATED)
   u_ctrl/u_aes/U8736/Y      16.0000        16.0026        -0.0026  (VIOLATED)


Warning: Transition times on not annotated delay arcs havebeen set to zero. Cannot perform max_transition checking. (PTE-057)
1
