Warning: Reference PLL contains internal pins with clock attribute. (TIM-103)
Information: Updating design information... (UID-85)
Warning: Design 'top_mcu_pll_sram_multiclk_soc' contains 1 high-fanout nets. A fanout number of 1000 will be used for delay calculations involving these nets. (TIM-134)
 
****************************************
Report : qor
Design : top_mcu_pll_sram_multiclk_soc
Version: W-2024.09-SP5-5
Date   : Mon Apr 13 14:41:52 2026
****************************************


  Timing Path Group 'INS'
  -----------------------------------
  Levels of Logic:               5.00
  Critical Path Length:          1.91
  Critical Path Slack:          -1.33
  Critical Path Clk Period:      1.83
  Total Negative Slack:         -8.22
  No. of Violating Paths:       18.00
  Worst Hold Violation:          0.00
  Total Hold Violation:          0.00
  No. of Hold Violations:        0.00
  -----------------------------------

  Timing Path Group 'OUTS'
  -----------------------------------
  Levels of Logic:               0.00
  Critical Path Length:          0.32
  Critical Path Slack:           0.30
  Critical Path Clk Period:      7.30
  Total Negative Slack:          0.00
  No. of Violating Paths:        0.00
  Worst Hold Violation:          0.00
  Total Hold Violation:          0.00
  No. of Hold Violations:        0.00
  -----------------------------------

  Timing Path Group 'clk_div2'
  -----------------------------------
  Levels of Logic:               9.00
  Critical Path Length:          8.53
  Critical Path Slack:          -5.13
  Critical Path Clk Period:      3.65
  Total Negative Slack:       -930.55
  No. of Violating Paths:      245.00
  Worst Hold Violation:          0.00
  Total Hold Violation:          0.00
  No. of Hold Violations:        0.00
  -----------------------------------

  Timing Path Group 'clk_div4'
  -----------------------------------
  Levels of Logic:              13.00
  Critical Path Length:          8.50
  Critical Path Slack:          -1.44
  Critical Path Clk Period:      7.30
  Total Negative Slack:        -63.30
  No. of Violating Paths:       94.00
  Worst Hold Violation:          0.00
  Total Hold Violation:          0.00
  No. of Hold Violations:        0.00
  -----------------------------------

  Timing Path Group 'clk_fast'
  -----------------------------------
  Levels of Logic:               8.00
  Critical Path Length:          5.56
  Critical Path Slack:          -3.97
  Critical Path Clk Period:      1.83
  Total Negative Slack:       -468.39
  No. of Violating Paths:      136.00
  Worst Hold Violation:          0.00
  Total Hold Violation:          0.00
  No. of Hold Violations:        0.00
  -----------------------------------

  Timing Path Group 'clk_fast_aes'
  -----------------------------------
  Levels of Logic:               6.00
  Critical Path Length:          9.19
  Critical Path Slack:          -7.60
  Critical Path Clk Period:      1.83
  Total Negative Slack:      -5103.71
  No. of Violating Paths:      982.00
  Worst Hold Violation:          0.00
  Total Hold Violation:          0.00
  No. of Hold Violations:        0.00
  -----------------------------------


  Cell Count
  -----------------------------------
  Hierarchical Cell Count:          4
  Hierarchical Port Count:        696
  Leaf Cell Count:              14213
  Buf/Inv Cell Count:            3040
  Buf Cell Count:                1261
  Inv Cell Count:                1779
  CT Buf/Inv Cell Count:            1
  Combinational Cell Count:     12678
  Sequential Cell Count:         1535
  Macro Count:                      0
  -----------------------------------


  Area
  -----------------------------------
  Combinational Area:    27390.369876
  Noncombinational Area: 13997.235279
  Buf/Inv Area:           5335.753406
  Total Buffer Area:          2913.00
  Total Inverter Area:        2422.75
  Macro/Black Box Area:  31230.701660
  Net Area:              16101.754331
  -----------------------------------
  Cell Area:             72618.306815
  Design Area:           88720.061145


  Design Rules
  -----------------------------------
  Total Number of Nets:         14858
  Nets With Violations:             0
  Max Trans Violations:             0
  Max Cap Violations:               0
  -----------------------------------


  Hostname: SGP3

  Compile CPU Statistics
  -----------------------------------------
  Resource Sharing:                    0.00
  Logic Optimization:                  0.20
  Mapping Optimization:               16.70
  -----------------------------------------
  Overall Compile Time:               27.95
  Overall Compile Wall Clock Time:    28.68

  --------------------------------------------------------------------

  Design  WNS: 7.60  TNS: 6566.49  Number of Violating Paths: 1458


  Design (Hold)  WNS: 0.00  TNS: 0.00  Number of Violating Paths: 0

  --------------------------------------------------------------------


1
