 
****************************************
Report : timing
        -path full
        -delay max
        -max_paths 1
Design : top_mcu_pll_sram_multiclk_soc
Version: W-2024.09-SP5-5
Date   : Mon Apr 13 14:41:52 2026
****************************************

 # A fanout number of 1000 was used for high fanout net computations.

Operating Conditions: ff1p16v125c   Library: saed32rvt_ff1p16v125c
Wire Load Model Mode: enclosed

  Startpoint: start (input port clocked by ref_clk)
  Endpoint: u_ctrl/aes_start_reg
            (rising edge-triggered flip-flop clocked by clk_fast)
  Path Group: INS
  Path Type: max

  Des/Clust/Port     Wire Load Model       Library
  ------------------------------------------------
  top_mcu_pll_sram_multiclk_soc
                     140000                saed32rvt_ff1p16v125c
  soc_ctrl_multiclk_soc
                     70000                 saed32rvt_ff1p16v125c

  Point                                                   Incr       Path
  --------------------------------------------------------------------------
  clock ref_clk (rise edge)                               0.00       0.00
  clock network delay (ideal)                             0.00       0.00
  input external delay                                    1.00       1.00 r
  start (in)                                              0.00       1.00 r
  u_ctrl/start_ext (soc_ctrl_multiclk_soc)                0.00       1.00 r
  u_ctrl/U998/Y (OR2X1_RVT)                               0.15       1.15 r
  u_ctrl/U781/Y (NAND3X2_RVT)                             0.38       1.53 f
  u_ctrl/U1857/Y (IBUFFX2_RVT)                            0.40       1.93 r
  u_ctrl/U1000/Y (NBUFFX2_RVT)                            0.44       2.37 r
  u_ctrl/U783/Y (AOI21X2_RVT)                             0.45       2.82 f
  u_ctrl/aes_start_reg/D (SDFFASX1_RVT)                   0.09       2.91 f
  data arrival time                                                  2.91

  clock clk_fast (rise edge)                              1.83       1.83
  clock network delay (ideal)                             0.00       1.83
  clock uncertainty                                      -0.20       1.62
  u_ctrl/aes_start_reg/CLK (SDFFASX1_RVT)                 0.00       1.62 r
  library setup time                                     -0.05       1.58
  data required time                                                 1.58
  --------------------------------------------------------------------------
  data required time                                                 1.58
  data arrival time                                                 -2.91
  --------------------------------------------------------------------------
  slack (VIOLATED)                                                  -1.33


  Startpoint: u_ctrl/pass_reg
              (rising edge-triggered flip-flop clocked by clk_fast)
  Endpoint: pass (output port clocked by ref_clk)
  Path Group: OUTS
  Path Type: max

  Des/Clust/Port     Wire Load Model       Library
  ------------------------------------------------
  top_mcu_pll_sram_multiclk_soc
                     140000                saed32rvt_ff1p16v125c

  Point                                    Incr       Path
  -----------------------------------------------------------
  clock clk_fast (rise edge)               5.48       5.48
  clock network delay (ideal)              0.00       5.48
  u_ctrl/pass_reg/CLK (SDFFARX1_RVT)       0.00       5.48 r
  u_ctrl/pass_reg/Q (SDFFARX1_RVT)         0.06       5.53 f
  u_ctrl/pass (soc_ctrl_multiclk_soc)      0.00       5.53 f
  pass (out)                               0.26       5.80 f
  data arrival time                                   5.80

  clock ref_clk (rise edge)                7.30       7.30
  clock network delay (ideal)              0.00       7.30
  clock uncertainty                       -0.20       7.10
  output external delay                   -1.00       6.10
  data required time                                  6.10
  -----------------------------------------------------------
  data required time                                  6.10
  data arrival time                                  -5.80
  -----------------------------------------------------------
  slack (MET)                                         0.30


  Startpoint: u_ctrl/u_crc/crc_reg[31]
              (rising edge-triggered flip-flop clocked by clk_div2)
  Endpoint: u_ctrl/u_crc/crc_reg[12]
            (rising edge-triggered flip-flop clocked by clk_div2)
  Path Group: clk_div2
  Path Type: max

  Des/Clust/Port     Wire Load Model       Library
  ------------------------------------------------
  top_mcu_pll_sram_multiclk_soc
                     140000                saed32rvt_ff1p16v125c
  soc_ctrl_multiclk_soc
                     70000                 saed32rvt_ff1p16v125c

  Point                                                   Incr       Path
  --------------------------------------------------------------------------
  clock clk_div2 (rise edge)                              0.00       0.00
  clock network delay (ideal)                             0.00       0.00
  u_ctrl/u_crc/crc_reg[31]/CLK (SDFFASX1_RVT)             0.00       0.00 r
  u_ctrl/u_crc/crc_reg[31]/Q (SDFFASX1_RVT)               0.06       0.06 f
  u_ctrl/U990/SO (HADDX1_RVT)                             0.61       0.67 r
  u_ctrl/U1003/SO (HADDX1_RVT)                            0.68       1.35 f
  u_ctrl/U1850/Y (IBUFFX2_RVT)                            4.16       5.51 r
  u_ctrl/U808/Y (NBUFFX2_RVT)                             0.46       5.96 r
  u_ctrl/U1007/Y (AO22X1_RVT)                             0.47       6.44 r
  u_ctrl/U270/Y (DELLN1X2_RVT)                            0.41       6.85 r
  u_ctrl/U287/Y (DELLN1X2_RVT)                            1.02       7.87 r
  u_ctrl/U1017/Y (MUX41X1_RVT)                            0.45       8.31 r
  u_ctrl/U1018/Y (OR3X1_RVT)                              0.13       8.44 r
  u_ctrl/u_crc/crc_reg[12]/D (SDFFASX1_RVT)               0.08       8.53 r
  data arrival time                                                  8.53

  clock clk_div2 (rise edge)                              3.65       3.65
  clock network delay (ideal)                             0.00       3.65
  clock uncertainty                                      -0.20       3.45
  u_ctrl/u_crc/crc_reg[12]/CLK (SDFFASX1_RVT)             0.00       3.45 r
  library setup time                                     -0.05       3.40
  data required time                                                 3.40
  --------------------------------------------------------------------------
  data required time                                                 3.40
  data arrival time                                                 -8.53
  --------------------------------------------------------------------------
  slack (VIOLATED)                                                  -5.13


  Startpoint: u_ctrl/u_rx/bitpos_reg[2]
              (rising edge-triggered flip-flop clocked by clk_div4)
  Endpoint: u_ctrl/u_rx/divcnt_reg[2]
            (rising edge-triggered flip-flop clocked by clk_div4)
  Path Group: clk_div4
  Path Type: max

  Des/Clust/Port     Wire Load Model       Library
  ------------------------------------------------
  top_mcu_pll_sram_multiclk_soc
                     140000                saed32rvt_ff1p16v125c
  soc_ctrl_multiclk_soc
                     70000                 saed32rvt_ff1p16v125c

  Point                                                   Incr       Path
  --------------------------------------------------------------------------
  clock clk_div4 (rise edge)                              0.00       0.00
  clock network delay (ideal)                             0.00       0.00
  u_ctrl/u_rx/bitpos_reg[2]/CLK (SDFFARX1_RVT)            0.00       0.00 r
  u_ctrl/u_rx/bitpos_reg[2]/QN (SDFFARX1_RVT)             0.04       0.04 f
  u_ctrl/U566/Y (NAND3X0_RVT)                             0.47       0.52 r
  u_ctrl/U935/Y (OR2X1_RVT)                               0.45       0.97 r
  u_ctrl/U175/Y (OR2X2_RVT)                               0.48       1.45 r
  u_ctrl/U174/Y (IBUFFX2_RVT)                             0.44       1.89 f
  u_ctrl/U1198/Y (AO22X1_RVT)                             0.43       2.32 f
  u_ctrl/U664/Y (NBUFFX2_RVT)                             0.40       2.72 f
  u_ctrl/U219/Y (IBUFFX2_RVT)                             0.43       3.15 r
  u_ctrl/U218/Y (DELLN1X2_RVT)                            0.96       4.11 r
  u_ctrl/U212/Y (IBUFFX2_RVT)                             1.08       5.18 f
  u_ctrl/U222/Y (DELLN1X2_RVT)                            0.97       6.15 f
  u_ctrl/U1259/Y (NAND2X0_RVT)                            2.02       8.18 r
  u_ctrl/U1015/Y (NAND3X0_RVT)                            0.11       8.28 f
  u_ctrl/U1261/Y (OA222X1_RVT)                            0.13       8.42 f
  u_ctrl/u_rx/divcnt_reg[2]/D (SDFFARX1_RVT)              0.08       8.50 f
  data arrival time                                                  8.50

  clock clk_div4 (rise edge)                              7.30       7.30
  clock network delay (ideal)                             0.00       7.30
  clock uncertainty                                      -0.20       7.10
  u_ctrl/u_rx/divcnt_reg[2]/CLK (SDFFARX1_RVT)            0.00       7.10 r
  library setup time                                     -0.04       7.06
  data required time                                                 7.06
  --------------------------------------------------------------------------
  data required time                                                 7.06
  data arrival time                                                 -8.50
  --------------------------------------------------------------------------
  slack (VIOLATED)                                                  -1.44


  Startpoint: u_ctrl/u_aes/done_reg
              (rising edge-triggered flip-flop clocked by clk_fast_aes)
  Endpoint: u_ctrl/ct_hold_fast_reg[91]
            (rising edge-triggered flip-flop clocked by clk_fast)
  Path Group: clk_fast
  Path Type: max

  Des/Clust/Port     Wire Load Model       Library
  ------------------------------------------------
  soc_ctrl_multiclk_soc
                     70000                 saed32rvt_ff1p16v125c

  Point                                                   Incr       Path
  --------------------------------------------------------------------------
  clock clk_fast_aes (rise edge)                          0.00       0.00
  clock network delay (ideal)                             0.00       0.00
  u_ctrl/u_aes/done_reg/CLK (SDFFARX1_RVT)                0.00       0.00 r
  u_ctrl/u_aes/done_reg/QN (SDFFARX1_RVT)                 0.04       0.04 r
  u_ctrl/u_aes/done_BAR (aes128_core)                     0.00       0.04 r
  u_ctrl/U1443/Y (IBUFFX2_RVT)                            0.39       0.44 f
  u_ctrl/U1025/Y (NAND2X0_RVT)                            0.10       0.53 r
  u_ctrl/U156/Y (DELLN1X2_RVT)                            0.46       1.00 r
  u_ctrl/U753/Y (NBUFFX2_RVT)                             0.40       1.40 r
  u_ctrl/U504/Y (NBUFFX2_RVT)                             0.47       1.87 r
  u_ctrl/U106/Y (IBUFFX2_RVT)                             0.45       2.32 f
  u_ctrl/U370/Y (NBUFFX2_RVT)                             1.13       3.45 f
  u_ctrl/U1484/Y (AO22X1_RVT)                             2.02       5.47 f
  u_ctrl/ct_hold_fast_reg[91]/D (SDFFARX1_RVT)            0.08       5.56 f
  data arrival time                                                  5.56

  clock clk_fast (rise edge)                              1.83       1.83
  clock network delay (ideal)                             0.00       1.83
  clock uncertainty                                      -0.20       1.62
  u_ctrl/ct_hold_fast_reg[91]/CLK (SDFFARX1_RVT)          0.00       1.62 r
  library setup time                                     -0.04       1.59
  data required time                                                 1.59
  --------------------------------------------------------------------------
  data required time                                                 1.59
  data arrival time                                                 -5.56
  --------------------------------------------------------------------------
  slack (VIOLATED)                                                  -3.97


  Startpoint: u_ctrl/u_aes/round_reg[1]
              (rising edge-triggered flip-flop clocked by clk_fast_aes)
  Endpoint: u_ctrl/u_aes/state_reg[48]
            (rising edge-triggered flip-flop clocked by clk_fast_aes)
  Path Group: clk_fast_aes
  Path Type: max

  Des/Clust/Port     Wire Load Model       Library
  ------------------------------------------------
  soc_ctrl_multiclk_soc
                     70000                 saed32rvt_ff1p16v125c
  aes128_core        35000                 saed32rvt_ff1p16v125c

  Point                                                   Incr       Path
  --------------------------------------------------------------------------
  clock clk_fast_aes (rise edge)                          0.00       0.00
  clock network delay (ideal)                             0.00       0.00
  u_ctrl/u_aes/round_reg[1]/CLK (SDFFARX1_RVT)            0.00       0.00 r
  u_ctrl/u_aes/round_reg[1]/QN (SDFFARX1_RVT)             0.05       0.05 f
  u_ctrl/u_aes/U2801/Y (NAND2X0_RVT)                      0.36       0.41 r
  u_ctrl/u_aes/U3119/Y (AO21X1_RVT)                       0.08       0.49 r
  u_ctrl/u_aes/U310/Y (IBUFFX2_RVT)                       0.57       1.06 f
  u_ctrl/u_aes/U309/Y (IBUFFX4_RVT)                       0.38       1.44 r
  u_ctrl/u_aes/U1166/Y (OA22X1_RVT)                       7.71       9.15 r
  u_ctrl/u_aes/U9626/Y (NAND2X0_RVT)                      0.02       9.18 f
  u_ctrl/u_aes/state_reg[48]/D (SDFFARX1_RVT)             0.01       9.19 f
  data arrival time                                                  9.19

  clock clk_fast_aes (rise edge)                          1.83       1.83
  clock network delay (ideal)                             0.00       1.83
  clock uncertainty                                      -0.20       1.62
  u_ctrl/u_aes/state_reg[48]/CLK (SDFFARX1_RVT)           0.00       1.62 r
  library setup time                                     -0.04       1.59
  data required time                                                 1.59
  --------------------------------------------------------------------------
  data required time                                                 1.59
  data arrival time                                                 -9.19
  --------------------------------------------------------------------------
  slack (VIOLATED)                                                  -7.60


1
