 
****************************************
Report : area
Design : top_mcu_pll_sram_multiclk_soc
Version: W-2024.09-SP5-5
Date   : Sat Apr 11 22:01:48 2026
****************************************

Library(s) Used:

    saed32rvt_ss0p95v125c (File: /DATA/home/edu135/aes128_core/SAED32_EDK/lib/stdcell_rvt/db_nldm/saed32rvt_ss0p95v125c.db)
    gtech (File: /tools/synopsys/syn/W-2024.09-SP5-5/libraries/syn/gtech.db)
    saed32sram_ss0p95v125c (File: /DATA/home/edu135/aes128_core/SAED32_EDK/lib/sram/db_nldm/saed32sram_ss0p95v125c.db)
    saed32pll_ss0p95v125c_2p25v (File: /DATA/home/edu135/aes128_core/SAED32_EDK/lib/pll/db_nldm/saed32pll_ss0p95v125c_2p25v.db)

Number of ports:                         1002
Number of nets:                         16188
Number of cells:                        15430
Number of combinational cells:          13790
Number of sequential cells:              1533
Number of macros/black boxes:               2
Number of buf/inv:                       1722
Number of references:                       7

Combinational area:              32369.813423
Buf/Inv area:                     2347.019860
Noncombinational area:           14003.334728
Macro/Black Box area:            31230.701660
Net Interconnect area:           14435.909788

Total cell area:                 77603.849811
Total area:                      92039.759599

Information: This design contains unmapped logic. (RPT-7)

Hierarchical area distribution
------------------------------

                                  Global cell area              Local cell area
                                  -------------------  ---------------------------------- 
Hierarchical cell                 Absolute    Percent  Combi-      Noncombi-   Black-
                                  Total       Total    national    national    boxes       Design
--------------------------------  ----------  -------  ----------  ----------  ----------  ---------------------
top_mcu_pll_sram_multiclk_soc     77603.8498    100.0     14.7404      0.0000   5446.9321  top_mcu_pll_sram_multiclk_soc
u_ctrl                            46349.2586     59.7   3010.8440   4984.2723      0.0000  soc_ctrl_multiclk_soc
u_ctrl/u_aes                      38354.1424     49.4  29344.2291   9009.9133      0.0000  aes128_core
u_div8                                9.1492      0.0      0.0000      9.1492      0.0000  clk_div2_toggle
u_mem                             25783.7695     33.2      0.0000      0.0000  25783.7695  sram_wrap_1rw1024x8
--------------------------------  ----------  -------  ----------  ----------  ----------  ---------------------
Total                                                  32369.8134  14003.3347  31230.7017

1
