Information: Updating design information... (UID-85)
Warning: Design 'top_mcu_pll_sram_multiclk_soc' contains 2 high-fanout nets. A fanout number of 1000 will be used for delay calculations involving these nets. (TIM-134)
 
****************************************
Report : qor
Design : top_mcu_pll_sram_multiclk_soc
Version: W-2024.09-SP5-5
Date   : Sat Apr 11 22:01:48 2026
****************************************


  Timing Path Group 'INS'
  -----------------------------------
  Levels of Logic:               5.00
  Critical Path Length:          0.27
  Critical Path Slack:           0.03
  Critical Path Clk Period:      1.62
  Total Negative Slack:          0.00
  No. of Violating Paths:        0.00
  Worst Hold Violation:          0.00
  Total Hold Violation:          0.00
  No. of Hold Violations:        0.00
  -----------------------------------

  Timing Path Group 'OUTS'
  -----------------------------------
  Levels of Logic:               0.00
  Critical Path Length:          0.18
  Critical Path Slack:           0.25
  Critical Path Clk Period:      6.50
  Total Negative Slack:          0.00
  No. of Violating Paths:        0.00
  Worst Hold Violation:          0.00
  Total Hold Violation:          0.00
  No. of Hold Violations:        0.00
  -----------------------------------

  Timing Path Group 'clk_div2'
  -----------------------------------
  Levels of Logic:               1.00
  Critical Path Length:          0.26
  Critical Path Slack:           1.04
  Critical Path Clk Period:      3.25
  Total Negative Slack:          0.00
  No. of Violating Paths:        0.00
  Worst Hold Violation:         -0.01
  Total Hold Violation:         -0.12
  No. of Hold Violations:       12.00
  -----------------------------------

  Timing Path Group 'clk_div4'
  -----------------------------------
  Levels of Logic:               1.00
  Critical Path Length:          0.21
  Critical Path Slack:           1.09
  Critical Path Clk Period:      6.50
  Total Negative Slack:          0.00
  No. of Violating Paths:        0.00
  Worst Hold Violation:          0.00
  Total Hold Violation:          0.00
  No. of Hold Violations:        0.00
  -----------------------------------

  Timing Path Group 'clk_fast'
  -----------------------------------
  Levels of Logic:              16.00
  Critical Path Length:          1.29
  Critical Path Slack:          -0.01
  Critical Path Clk Period:      1.62
  Total Negative Slack:         -0.09
  No. of Violating Paths:       36.00
  Worst Hold Violation:          0.00
  Total Hold Violation:          0.00
  No. of Hold Violations:        0.00
  -----------------------------------


  Cell Count
  -----------------------------------
  Hierarchical Cell Count:          4
  Hierarchical Port Count:        730
  Leaf Cell Count:              15325
  Buf/Inv Cell Count:            1722
  Buf Cell Count:                 155
  Inv Cell Count:                1567
  CT Buf/Inv Cell Count:            1
  Combinational Cell Count:     13790
  Sequential Cell Count:         1535
  Macro Count:                      0
  -----------------------------------


  Area
  -----------------------------------
  Combinational Area:    32369.813423
  Noncombinational Area: 14003.334728
  Buf/Inv Area:           2347.019860
  Total Buffer Area:           329.37
  Total Inverter Area:        2017.65
  Macro/Black Box Area:  31230.701660
  Net Area:              14435.909788
  -----------------------------------
  Cell Area:             77603.849811
  Design Area:           92039.759599


  Design Rules
  -----------------------------------
  Total Number of Nets:         15980
  Nets With Violations:             3
  Max Trans Violations:             0
  Max Cap Violations:               3
  -----------------------------------


  Hostname: SGP3

  Compile CPU Statistics
  -----------------------------------------
  Resource Sharing:                    0.00
  Logic Optimization:                  0.20
  Mapping Optimization:                2.16
  -----------------------------------------
  Overall Compile Time:                7.07
  Overall Compile Wall Clock Time:     7.74

  --------------------------------------------------------------------

  Design  WNS: 0.01  TNS: 0.09  Number of Violating Paths: 36


  Design (Hold)  WNS: 0.01  TNS: 0.12  Number of Violating Paths: 12

  --------------------------------------------------------------------


1
