 
****************************************
Report : constraint
        -all_violators
Design : top_mcu_pll_sram_multiclk_soc
Version: W-2024.09-SP5-5
Date   : Sat Apr 11 20:13:34 2026
****************************************


   max_delay/setup ('INS' group)

                             Required        Actual
   Endpoint                 Path Delay     Path Delay        Slack
   -----------------------------------------------------------------
   u_ctrl/crc_done_hold_reg/D
                                0.99           1.13 r        -0.14  (VIOLATED)
   u_ctrl/pass_reg/D            1.00           1.13 r        -0.13  (VIOLATED)
   u_ctrl/done_reg/D            1.00           1.12 r        -0.13  (VIOLATED)
   u_ctrl/start_seen_reg/D      0.99           1.11 r        -0.12  (VIOLATED)
   u_ctrl/aes_start_reg/D       0.99           1.11 f        -0.12  (VIOLATED)


   max_delay/setup ('OUTS' group)

                             Required        Actual
   Endpoint                 Path Delay     Path Delay        Slack
   -----------------------------------------------------------------
   done                         0.05           0.13 f        -0.08  (VIOLATED)
   pass                         0.05           0.13 f        -0.08  (VIOLATED)


   max_delay/setup ('clk_fast' group)

                             Required        Actual
   Endpoint                 Path Delay     Path Delay        Slack
   -----------------------------------------------------------------
   u_ctrl/u_aes/state_reg[43]/D
                                0.99           1.16 r        -0.18  (VIOLATED)
   u_ctrl/u_aes/state_reg[41]/D
                                0.99           1.16 r        -0.18  (VIOLATED)
   u_ctrl/u_aes/state_reg[35]/D
                                0.99           1.16 r        -0.18  (VIOLATED)
   u_ctrl/u_aes/state_reg[33]/D
                                0.99           1.16 r        -0.17  (VIOLATED)
   u_ctrl/u_aes/state_reg[18]/D
                                0.99           1.16 r        -0.17  (VIOLATED)
   u_ctrl/u_aes/state_reg[95]/D
                                0.99           1.16 r        -0.17  (VIOLATED)
   u_ctrl/u_aes/state_reg[9]/D
                                0.99           1.16 r        -0.17  (VIOLATED)
   u_ctrl/u_aes/state_reg[27]/D
                                0.99           1.16 f        -0.17  (VIOLATED)
   u_ctrl/u_aes/state_reg[36]/D
                                0.99           1.16 r        -0.17  (VIOLATED)
   u_ctrl/u_aes/state_reg[84]/D
                                1.00           1.17 r        -0.17  (VIOLATED)
   u_ctrl/u_aes/state_reg[112]/D
                                0.99           1.16 r        -0.17  (VIOLATED)
   u_ctrl/u_aes/state_reg[20]/D
                                0.99           1.16 r        -0.17  (VIOLATED)
   u_ctrl/u_aes/state_reg[72]/D
                                0.99           1.17 r        -0.17  (VIOLATED)
   u_ctrl/u_aes/state_reg[114]/D
                                1.00           1.17 r        -0.17  (VIOLATED)
   u_ctrl/u_aes/state_reg[44]/D
                                0.99           1.16 r        -0.17  (VIOLATED)
   u_ctrl/u_aes/state_reg[119]/D
                                0.99           1.16 r        -0.17  (VIOLATED)
   u_ctrl/u_aes/state_reg[73]/D
                                1.00           1.17 r        -0.17  (VIOLATED)
   u_ctrl/u_aes/state_reg[104]/D
                                0.99           1.16 r        -0.17  (VIOLATED)
   u_ctrl/u_aes/state_reg[1]/D
                                0.99           1.16 r        -0.17  (VIOLATED)
   u_ctrl/u_aes/state_reg[68]/D
                                1.00           1.17 f        -0.17  (VIOLATED)
   u_ctrl/u_aes/state_reg[126]/D
                                0.99           1.16 r        -0.17  (VIOLATED)
   u_ctrl/u_aes/state_reg[90]/D
                                1.00           1.17 r        -0.17  (VIOLATED)
   u_ctrl/u_aes/state_reg[51]/D
                                0.99           1.16 r        -0.17  (VIOLATED)
   u_ctrl/u_aes/state_reg[4]/D
                                0.99           1.16 r        -0.17  (VIOLATED)
   u_ctrl/u_aes/state_reg[59]/D
                                0.99           1.16 r        -0.17  (VIOLATED)
   u_ctrl/u_aes/state_reg[83]/D
                                0.99           1.16 r        -0.17  (VIOLATED)
   u_ctrl/u_aes/state_reg[89]/D
                                0.99           1.16 r        -0.17  (VIOLATED)
   u_ctrl/u_aes/state_reg[55]/D
                                0.99           1.16 r        -0.17  (VIOLATED)
   u_ctrl/u_aes/state_reg[12]/D
                                0.99           1.16 r        -0.17  (VIOLATED)
   u_ctrl/u_aes/state_reg[97]/D
                                0.99           1.16 r        -0.17  (VIOLATED)
   u_ctrl/u_aes/state_reg[8]/D
                                0.98           1.15 r        -0.17  (VIOLATED)
   u_ctrl/u_aes/state_reg[121]/D
                                0.99           1.15 r        -0.17  (VIOLATED)
   u_ctrl/u_aes/state_reg[52]/D
                                1.00           1.16 r        -0.17  (VIOLATED)
   u_ctrl/u_aes/state_reg[28]/D
                                0.99           1.15 r        -0.17  (VIOLATED)
   u_ctrl/u_aes/state_reg[42]/D
                                1.00           1.16 r        -0.17  (VIOLATED)
   u_ctrl/u_aes/state_reg[92]/D
                                0.99           1.15 r        -0.17  (VIOLATED)
   u_ctrl/u_aes/state_reg[65]/D
                                1.00           1.16 r        -0.17  (VIOLATED)
   u_ctrl/u_aes/state_reg[62]/D
                                0.99           1.15 r        -0.17  (VIOLATED)
   u_ctrl/u_aes/state_reg[2]/D
                                0.99           1.15 r        -0.17  (VIOLATED)
   u_ctrl/u_aes/state_reg[10]/D
                                0.99           1.15 r        -0.17  (VIOLATED)
   u_ctrl/u_aes/state_reg[14]/D
                                0.99           1.15 r        -0.17  (VIOLATED)
   u_ctrl/u_aes/state_reg[113]/D
                                0.99           1.16 f        -0.17  (VIOLATED)
   u_ctrl/u_aes/state_reg[17]/D
                                0.99           1.15 r        -0.17  (VIOLATED)
   u_ctrl/u_aes/state_reg[19]/D
                                0.99           1.15 r        -0.17  (VIOLATED)
   u_ctrl/u_aes/state_reg[3]/D
                                0.99           1.15 r        -0.16  (VIOLATED)
   u_ctrl/u_aes/state_reg[86]/D
                                0.99           1.15 r        -0.16  (VIOLATED)
   u_ctrl/u_aes/state_reg[25]/D
                                0.99           1.15 r        -0.16  (VIOLATED)
   u_ctrl/u_aes/state_reg[50]/D
                                0.99           1.15 r        -0.16  (VIOLATED)
   u_ctrl/u_aes/state_reg[66]/D
                                0.99           1.16 r        -0.16  (VIOLATED)
   u_ctrl/u_aes/state_reg[60]/D
                                0.99           1.15 r        -0.16  (VIOLATED)
   u_ctrl/u_aes/state_reg[99]/D
                                0.99           1.15 r        -0.16  (VIOLATED)
   u_ctrl/u_aes/state_reg[123]/D
                                0.99           1.15 r        -0.16  (VIOLATED)
   u_ctrl/u_aes/state_reg[67]/D
                                0.99           1.15 r        -0.16  (VIOLATED)
   u_ctrl/u_aes/state_reg[24]/D
                                0.99           1.15 r        -0.16  (VIOLATED)
   u_ctrl/u_aes/state_reg[45]/D
                                0.99           1.15 r        -0.16  (VIOLATED)
   u_ctrl/u_aes/state_reg[21]/D
                                0.99           1.15 r        -0.16  (VIOLATED)
   u_ctrl/u_aes/state_reg[16]/D
                                0.99           1.15 r        -0.16  (VIOLATED)
   u_ctrl/u_aes/state_reg[76]/D
                                0.99           1.15 r        -0.16  (VIOLATED)
   u_ctrl/u_aes/state_reg[7]/D
                                0.99           1.15 r        -0.16  (VIOLATED)
   u_ctrl/u_aes/state_reg[15]/D
                                0.99           1.15 r        -0.16  (VIOLATED)
   u_ctrl/u_aes/state_reg[37]/D
                                0.99           1.15 r        -0.16  (VIOLATED)
   u_ctrl/u_aes/state_reg[22]/D
                                0.99           1.15 r        -0.16  (VIOLATED)
   u_ctrl/u_aes/state_reg[63]/D
                                0.99           1.15 r        -0.16  (VIOLATED)
   u_ctrl/u_aes/state_reg[101]/D
                                1.00           1.16 r        -0.16  (VIOLATED)
   u_ctrl/u_aes/state_reg[40]/D
                                0.99           1.15 r        -0.16  (VIOLATED)
   u_ctrl/u_aes/state_reg[61]/D
                                0.99           1.15 r        -0.16  (VIOLATED)
   u_ctrl/u_aes/state_reg[117]/D
                                0.99           1.15 r        -0.16  (VIOLATED)
   u_ctrl/u_aes/state_reg[125]/D
                                0.99           1.15 r        -0.16  (VIOLATED)
   u_ctrl/u_aes/state_reg[107]/D
                                0.99           1.15 r        -0.16  (VIOLATED)
   u_ctrl/u_aes/state_reg[6]/D
                                0.99           1.15 r        -0.16  (VIOLATED)
   u_ctrl/u_aes/state_reg[124]/D
                                0.99           1.15 r        -0.16  (VIOLATED)
   u_ctrl/u_aes/state_reg[58]/D
                                0.99           1.15 r        -0.16  (VIOLATED)
   u_ctrl/u_aes/state_reg[56]/D
                                0.99           1.15 r        -0.16  (VIOLATED)
   u_ctrl/u_aes/state_reg[93]/D
                                0.99           1.15 r        -0.16  (VIOLATED)
   u_ctrl/u_aes/state_reg[69]/D
                                0.99           1.15 r        -0.16  (VIOLATED)
   u_ctrl/u_aes/state_reg[122]/D
                                0.99           1.15 r        -0.16  (VIOLATED)
   u_ctrl/u_aes/state_reg[47]/D
                                0.99           1.15 r        -0.16  (VIOLATED)
   u_ctrl/u_aes/state_reg[105]/D
                                0.98           1.14 r        -0.16  (VIOLATED)
   u_ctrl/u_aes/state_reg[48]/D
                                0.99           1.14 r        -0.16  (VIOLATED)
   u_ctrl/u_aes/state_reg[23]/D
                                0.99           1.14 r        -0.16  (VIOLATED)
   u_ctrl/u_aes/state_reg[98]/D
                                0.99           1.14 r        -0.16  (VIOLATED)
   u_ctrl/u_aes/state_reg[46]/D
                                0.99           1.14 r        -0.16  (VIOLATED)
   u_ctrl/u_aes/state_reg[64]/D
                                0.98           1.14 r        -0.16  (VIOLATED)
   u_ctrl/u_aes/state_reg[13]/D
                                0.99           1.14 r        -0.15  (VIOLATED)
   u_ctrl/u_aes/state_reg[0]/D
                                0.99           1.14 r        -0.15  (VIOLATED)
   u_ctrl/u_aes/state_reg[120]/D
                                0.99           1.14 r        -0.15  (VIOLATED)
   u_ctrl/u_aes/state_reg[74]/D
                                0.99           1.14 r        -0.15  (VIOLATED)
   u_ctrl/u_aes/state_reg[116]/D
                                0.99           1.14 r        -0.15  (VIOLATED)
   u_ctrl/u_aes/state_reg[57]/D
                                0.99           1.15 f        -0.15  (VIOLATED)
   u_ctrl/u_aes/state_reg[85]/D
                                0.99           1.14 r        -0.15  (VIOLATED)
   u_ctrl/u_aes/state_reg[82]/D
                                0.99           1.14 r        -0.15  (VIOLATED)
   u_ctrl/u_aes/state_reg[106]/D
                                0.99           1.14 r        -0.15  (VIOLATED)
   u_ctrl/u_aes/state_reg[91]/D
                                0.99           1.14 r        -0.15  (VIOLATED)
   u_ctrl/u_aes/state_reg[115]/D
                                0.99           1.14 r        -0.15  (VIOLATED)
   u_ctrl/u_aes/state_reg[100]/D
                                0.99           1.14 r        -0.15  (VIOLATED)
   u_ctrl/u_aes/state_reg[75]/D
                                0.99           1.14 r        -0.15  (VIOLATED)
   u_ctrl/u_aes/state_reg[26]/D
                                0.99           1.14 r        -0.15  (VIOLATED)
   u_ctrl/u_aes/state_reg[32]/D
                                0.99           1.14 r        -0.15  (VIOLATED)
   u_ctrl/u_aes/state_reg[70]/D
                                0.99           1.14 r        -0.15  (VIOLATED)
   u_ctrl/u_aes/state_reg[109]/D
                                0.99           1.14 r        -0.15  (VIOLATED)
   u_ctrl/u_aes/state_reg[49]/D
                                0.99           1.14 r        -0.15  (VIOLATED)
   u_ctrl/u_aes/state_reg[102]/D
                                0.99           1.14 r        -0.15  (VIOLATED)
   u_ctrl/u_aes/state_reg[31]/D
                                0.99           1.14 r        -0.15  (VIOLATED)
   u_ctrl/u_aes/state_reg[88]/D
                                0.99           1.14 r        -0.15  (VIOLATED)
   u_ctrl/u_aes/state_reg[5]/D
                                0.99           1.14 r        -0.15  (VIOLATED)
   u_ctrl/u_aes/state_reg[11]/D
                                0.99           1.14 r        -0.15  (VIOLATED)
   u_ctrl/u_aes/state_reg[38]/D
                                0.99           1.14 f        -0.15  (VIOLATED)
   u_ctrl/u_aes/state_reg[81]/D
                                0.99           1.13 r        -0.15  (VIOLATED)
   u_ctrl/u_aes/state_reg[79]/D
                                0.99           1.13 r        -0.15  (VIOLATED)
   u_ctrl/u_aes/state_reg[53]/D
                                0.98           1.13 r        -0.14  (VIOLATED)
   u_ctrl/u_aes/state_reg[103]/D
                                0.99           1.13 r        -0.14  (VIOLATED)
   u_ctrl/u_aes/state_reg[108]/D
                                0.98           1.13 r        -0.14  (VIOLATED)
   u_ctrl/u_aes/state_reg[39]/D
                                1.00           1.14 f        -0.14  (VIOLATED)
   u_ctrl/u_aes/state_reg[111]/D
                                0.99           1.13 r        -0.14  (VIOLATED)
   u_ctrl/u_aes/state_reg[110]/D
                                0.99           1.13 r        -0.14  (VIOLATED)
   u_ctrl/u_aes/state_reg[71]/D
                                0.99           1.13 f        -0.14  (VIOLATED)
   u_ctrl/u_aes/state_reg[78]/D
                                0.99           1.13 r        -0.14  (VIOLATED)
   u_ctrl/u_aes/state_reg[30]/D
                                0.99           1.13 r        -0.14  (VIOLATED)
   u_ctrl/u_aes/state_reg[54]/D
                                0.99           1.13 r        -0.14  (VIOLATED)
   u_ctrl/u_aes/state_reg[118]/D
                                0.99           1.12 r        -0.14  (VIOLATED)
   u_ctrl/u_aes/state_reg[80]/D
                                0.99           1.12 r        -0.14  (VIOLATED)
   u_ctrl/u_aes/state_reg[127]/D
                                0.99           1.12 r        -0.14  (VIOLATED)
   u_ctrl/u_aes/state_reg[87]/D
                                0.99           1.12 r        -0.13  (VIOLATED)
   u_ctrl/u_aes/state_reg[34]/D
                                0.99           1.12 r        -0.13  (VIOLATED)
   u_ctrl/u_aes/state_reg[94]/D
                                0.98           1.12 r        -0.13  (VIOLATED)
   u_ctrl/u_aes/state_reg[96]/D
                                0.99           1.12 r        -0.13  (VIOLATED)
   u_ctrl/u_aes/state_reg[77]/D
                                1.00           1.11 r        -0.12  (VIOLATED)
   u_ctrl/u_aes/state_reg[29]/D
                                0.99           1.10 r        -0.11  (VIOLATED)
   u_ctrl/u_aes/ct_out_reg[106]/D
                                0.99           1.05 r        -0.06  (VIOLATED)
   u_ctrl/u_aes/ct_out_reg[75]/D
                                0.99           1.04 r        -0.05  (VIOLATED)
   u_ctrl/u_aes/ct_out_reg[66]/D
                                0.99           1.04 r        -0.05  (VIOLATED)
   u_ctrl/u_aes/ct_out_reg[94]/D
                                0.99           1.04 r        -0.05  (VIOLATED)
   u_ctrl/u_aes/ct_out_reg[84]/D
                                1.00           1.05 f        -0.05  (VIOLATED)
   u_ctrl/u_aes/ct_out_reg[101]/D
                                1.00           1.04 f        -0.04  (VIOLATED)
   u_ctrl/u_aes/ct_out_reg[0]/D
                                1.00           1.04 f        -0.04  (VIOLATED)
   u_ctrl/u_aes/ct_out_reg[41]/D
                                1.00           1.04 f        -0.04  (VIOLATED)
   u_ctrl/u_aes/ct_out_reg[26]/D
                                1.00           1.04 f        -0.04  (VIOLATED)
   u_ctrl/u_aes/ct_out_reg[27]/D
                                0.99           1.03 r        -0.04  (VIOLATED)
   u_ctrl/u_aes/ct_out_reg[39]/D
                                1.00           1.03 f        -0.03  (VIOLATED)
   u_ctrl/u_aes/ct_out_reg[64]/D
                                1.00           1.02 f        -0.02  (VIOLATED)
   u_ctrl/u_aes/ct_out_reg[12]/D
                                1.00           1.02 f        -0.02  (VIOLATED)
   u_ctrl/u_aes/ct_out_reg[48]/D
                                1.00           1.02 f        -0.02  (VIOLATED)
   u_ctrl/u_aes/ct_out_reg[62]/D
                                1.00           1.01 r        -0.02  (VIOLATED)
   u_ctrl/u_aes/ct_out_reg[121]/D
                                1.00           1.02 f        -0.01  (VIOLATED)
   u_ctrl/u_aes/ct_out_reg[35]/D
                                1.00           1.01 f        -0.01  (VIOLATED)
   u_ctrl/u_aes/ct_out_reg[13]/D
                                1.00           1.01 f        -0.01  (VIOLATED)
   u_ctrl/u_aes/ct_out_reg[45]/D
                                1.00           1.01 f        -0.01  (VIOLATED)
   u_ctrl/u_aes/ct_out_reg[6]/D
                                1.00           1.01 f        -0.01  (VIOLATED)
   u_ctrl/u_aes/ct_out_reg[104]/D
                                0.99           1.00 r        -0.01  (VIOLATED)
   u_ctrl/u_aes/ct_out_reg[56]/D
                                1.00           1.01 f        -0.01  (VIOLATED)
   u_ctrl/u_aes/ct_out_reg[96]/D
                                1.00           1.00 r        -0.01  (VIOLATED)
   u_ctrl/u_aes/ct_out_reg[88]/D
                                1.00           1.01 f        -0.01  (VIOLATED)
   u_ctrl/u_aes/ct_out_reg[21]/D
                                1.00           1.00 f         0.00  (VIOLATED: increase significant digits)
   u_ctrl/u_aes/ct_out_reg[124]/D
                                1.00           1.00 f         0.00  (VIOLATED: increase significant digits)
   u_ctrl/u_aes/ct_out_reg[40]/D
                                1.00           1.00 f         0.00  (VIOLATED: increase significant digits)
   u_ctrl/u_aes/ct_out_reg[32]/D
                                1.00           1.00 f         0.00  (VIOLATED: increase significant digits)
   u_ctrl/u_aes/ct_out_reg[57]/D
                                1.00           1.00 f         0.00  (VIOLATED: increase significant digits)
   u_ctrl/u_aes/ct_out_reg[116]/D
                                1.00           1.00 f         0.00  (VIOLATED: increase significant digits)
   u_ctrl/u_aes/ct_out_reg[108]/D
                                0.99           0.99 r         0.00  (VIOLATED: increase significant digits)


   min_delay/hold ('clk_div2' group)

                             Required        Actual
   Endpoint                 Path Delay     Path Delay        Slack
   -----------------------------------------------------------------
   u_mem/u_sram/A[0]            0.18           0.16 f        -0.02  (VIOLATED)
   u_mem/u_sram/A[1]            0.18           0.16 f        -0.02  (VIOLATED)
   u_mem/u_sram/A[2]            0.18           0.16 f        -0.02  (VIOLATED)
   u_mem/u_sram/A[3]            0.18           0.16 f        -0.02  (VIOLATED)
   u_mem/u_sram/I[0]            0.18           0.16 f        -0.02  (VIOLATED)
   u_mem/u_sram/I[1]            0.18           0.16 f        -0.02  (VIOLATED)
   u_mem/u_sram/I[2]            0.18           0.16 f        -0.02  (VIOLATED)
   u_mem/u_sram/I[3]            0.18           0.16 f        -0.02  (VIOLATED)
   u_mem/u_sram/I[4]            0.18           0.16 f        -0.02  (VIOLATED)
   u_mem/u_sram/I[5]            0.18           0.16 f        -0.02  (VIOLATED)
   u_mem/u_sram/I[6]            0.18           0.16 f        -0.02  (VIOLATED)
   u_mem/u_sram/I[7]            0.18           0.16 f        -0.02  (VIOLATED)


   max_leakage_power

                             Required        Actual
   Design                   Leakage Power  Leakage Power     Slack
   -----------------------------------------------------------------
   top_mcu_pll_sram_multiclk_soc
                                0.00       3382564864.00  -3382564864.00
                                                                    (VIOLATED)


1
