 
****************************************
Report : timing
        -path full
        -delay max
        -max_paths 1
Design : top_mcu_pll_sram_multiclk_soc
Version: W-2024.09-SP5-5
Date   : Sat Apr 11 20:13:34 2026
****************************************

 # A fanout number of 1000 was used for high fanout net computations.

Operating Conditions: ss0p95v125c   Library: saed32rvt_ss0p95v125c
Wire Load Model Mode: enclosed

  Startpoint: start (input port clocked by ref_clk)
  Endpoint: u_ctrl/crc_done_hold_reg
            (rising edge-triggered flip-flop clocked by clk_fast)
  Path Group: INS
  Path Type: max

  Des/Clust/Port     Wire Load Model       Library
  ------------------------------------------------
  top_mcu_pll_sram_multiclk_soc
                     ForQA                 saed32rvt_ss0p95v125c
  soc_ctrl_multiclk_soc
                     70000                 saed32rvt_ss0p95v125c

  Point                                                   Incr       Path
  --------------------------------------------------------------------------
  clock ref_clk (rise edge)                               0.00       0.00
  clock network delay (ideal)                             0.00       0.00
  input external delay                                    1.00       1.00 f
  start (in)                                              0.00       1.00 f
  u_ctrl/start_ext (soc_ctrl_multiclk_soc)                0.00       1.00 f
  u_ctrl/U106/Y (INVX32_RVT)                              0.02       1.02 r
  u_ctrl/U67/Y (OR2X1_RVT)                                0.05       1.07 r
  u_ctrl/U111/Y (AND3X1_RVT)                              0.06       1.13 r
  u_ctrl/crc_done_hold_reg/D (DFFARX1_RVT)                0.00       1.13 r
  data arrival time                                                  1.13

  clock clk_fast (rise edge)                              1.25       1.25
  clock network delay (ideal)                             0.00       1.25
  clock uncertainty                                      -0.20       1.05
  u_ctrl/crc_done_hold_reg/CLK (DFFARX1_RVT)              0.00       1.05 r
  library setup time                                     -0.06       0.99
  data required time                                                 0.99
  --------------------------------------------------------------------------
  data required time                                                 0.99
  data arrival time                                                 -1.13
  --------------------------------------------------------------------------
  slack (VIOLATED)                                                  -0.14


  Startpoint: u_ctrl/done_reg
              (rising edge-triggered flip-flop clocked by clk_fast)
  Endpoint: done (output port clocked by ref_clk)
  Path Group: OUTS
  Path Type: max

  Des/Clust/Port     Wire Load Model       Library
  ------------------------------------------------
  top_mcu_pll_sram_multiclk_soc
                     ForQA                 saed32rvt_ss0p95v125c
  soc_ctrl_multiclk_soc
                     70000                 saed32rvt_ss0p95v125c

  Point                                    Incr       Path
  -----------------------------------------------------------
  clock clk_fast (rise edge)               3.75       3.75
  clock network delay (ideal)              0.00       3.75
  u_ctrl/done_reg/CLK (DFFARX1_RVT)        0.00       3.75 r
  u_ctrl/done_reg/QN (DFFARX1_RVT)         0.11       3.86 r
  u_ctrl/U54/Y (INVX0_RVT)                 0.02       3.88 f
  u_ctrl/done (soc_ctrl_multiclk_soc)      0.00       3.88 f
  done (out)                               0.00       3.88 f
  data arrival time                                   3.88

  clock ref_clk (rise edge)                5.00       5.00
  clock network delay (ideal)              0.00       5.00
  clock uncertainty                       -0.20       4.80
  output external delay                   -1.00       3.80
  data required time                                  3.80
  -----------------------------------------------------------
  data required time                                  3.80
  data arrival time                                  -3.88
  -----------------------------------------------------------
  slack (VIOLATED)                                   -0.08


  Startpoint: u_ctrl/ct_hold_fast_reg[12]
              (rising edge-triggered flip-flop clocked by clk_fast)
  Endpoint: u_ctrl/ct_hold_div2_reg[12]
            (rising edge-triggered flip-flop clocked by clk_div2)
  Path Group: clk_div2
  Path Type: max

  Des/Clust/Port     Wire Load Model       Library
  ------------------------------------------------
  top_mcu_pll_sram_multiclk_soc
                     ForQA                 saed32rvt_ss0p95v125c
  soc_ctrl_multiclk_soc
                     70000                 saed32rvt_ss0p95v125c

  Point                                                   Incr       Path
  --------------------------------------------------------------------------
  clock clk_fast (rise edge)                              1.25       1.25
  clock network delay (ideal)                             0.00       1.25
  u_ctrl/ct_hold_fast_reg[12]/CLK (DFFASRX1_RVT)          0.00       1.25 r
  u_ctrl/ct_hold_fast_reg[12]/Q (DFFASRX1_RVT)            0.18       1.43 r
  u_ctrl/U966/Y (AO22X1_RVT)                              0.08       1.51 r
  u_ctrl/ct_hold_div2_reg[12]/D (DFFARX1_RVT)             0.00       1.51 r
  data arrival time                                                  1.51

  clock clk_div2 (rise edge)                              2.50       2.50
  clock network delay (ideal)                             0.00       2.50
  clock uncertainty                                      -0.20       2.30
  u_ctrl/ct_hold_div2_reg[12]/CLK (DFFARX1_RVT)           0.00       2.30 r
  library setup time                                     -0.06       2.24
  data required time                                                 2.24
  --------------------------------------------------------------------------
  data required time                                                 2.24
  data arrival time                                                 -1.51
  --------------------------------------------------------------------------
  slack (MET)                                                        0.73


  Startpoint: u_ctrl/done_reg
              (rising edge-triggered flip-flop clocked by clk_fast)
  Endpoint: u_ctrl/start_uart_cmd_reg
            (rising edge-triggered flip-flop clocked by clk_div4)
  Path Group: clk_div4
  Path Type: max

  Des/Clust/Port     Wire Load Model       Library
  ------------------------------------------------
  top_mcu_pll_sram_multiclk_soc
                     ForQA                 saed32rvt_ss0p95v125c
  soc_ctrl_multiclk_soc
                     70000                 saed32rvt_ss0p95v125c

  Point                                                   Incr       Path
  --------------------------------------------------------------------------
  clock clk_fast (rise edge)                              3.75       3.75
  clock network delay (ideal)                             0.00       3.75
  u_ctrl/done_reg/CLK (DFFARX1_RVT)                       0.00       3.75 r
  u_ctrl/done_reg/Q (DFFARX1_RVT)                         0.17       3.92 f
  u_ctrl/U206/Y (INVX1_RVT)                               0.02       3.94 r
  u_ctrl/U210/Y (AO22X1_RVT)                              0.08       4.02 r
  u_ctrl/start_uart_cmd_reg/D (DFFARX1_RVT)               0.00       4.02 r
  data arrival time                                                  4.02

  clock clk_div4 (rise edge)                              5.00       5.00
  clock network delay (ideal)                             0.00       5.00
  clock uncertainty                                      -0.20       4.80
  u_ctrl/start_uart_cmd_reg/CLK (DFFARX1_RVT)             0.00       4.80 r
  library setup time                                     -0.06       4.74
  data required time                                                 4.74
  --------------------------------------------------------------------------
  data required time                                                 4.74
  data arrival time                                                 -4.02
  --------------------------------------------------------------------------
  slack (MET)                                                        0.72


  Startpoint: u_ctrl/u_aes/state_reg[68]
              (rising edge-triggered flip-flop clocked by clk_fast)
  Endpoint: u_ctrl/u_aes/state_reg[43]
            (rising edge-triggered flip-flop clocked by clk_fast)
  Path Group: clk_fast
  Path Type: max

  Des/Clust/Port     Wire Load Model       Library
  ------------------------------------------------
  soc_ctrl_multiclk_soc
                     70000                 saed32rvt_ss0p95v125c
  aes128_core        70000                 saed32rvt_ss0p95v125c

  Point                                                   Incr       Path
  --------------------------------------------------------------------------
  clock clk_fast (rise edge)                              0.00       0.00
  clock network delay (ideal)                             0.00       0.00
  u_ctrl/u_aes/state_reg[68]/CLK (DFFARX2_RVT)            0.00       0.00 r
  u_ctrl/u_aes/state_reg[68]/Q (DFFARX2_RVT)              0.20       0.20 f
  u_ctrl/u_aes/U1252/Y (OR2X2_RVT)                        0.09       0.30 f
  u_ctrl/u_aes/U1284/Y (NOR2X0_RVT)                       0.09       0.38 r
  u_ctrl/u_aes/U9154/Y (OR2X2_RVT)                        0.06       0.44 r
  u_ctrl/u_aes/U7550/Y (AO21X1_RVT)                       0.07       0.52 r
  u_ctrl/u_aes/U6227/Y (OR3X1_RVT)                        0.06       0.58 r
  u_ctrl/u_aes/U7551/Y (NOR3X0_RVT)                       0.08       0.66 f
  u_ctrl/u_aes/U1345/Y (NOR3X2_RVT)                       0.11       0.77 r
  u_ctrl/u_aes/U7944/Y (XOR2X2_RVT)                       0.13       0.90 f
  u_ctrl/u_aes/U1165/Y (XOR2X2_RVT)                       0.10       1.00 r
  u_ctrl/u_aes/U10227/Y (XOR3X2_RVT)                      0.07       1.07 f
  u_ctrl/u_aes/U10229/Y (OA21X1_RVT)                      0.07       1.14 f
  u_ctrl/u_aes/U734/Y (INVX1_RVT)                         0.02       1.16 r
  u_ctrl/u_aes/state_reg[43]/D (DFFARX2_RVT)              0.00       1.16 r
  data arrival time                                                  1.16

  clock clk_fast (rise edge)                              1.25       1.25
  clock network delay (ideal)                             0.00       1.25
  clock uncertainty                                      -0.20       1.05
  u_ctrl/u_aes/state_reg[43]/CLK (DFFARX2_RVT)            0.00       1.05 r
  library setup time                                     -0.06       0.99
  data required time                                                 0.99
  --------------------------------------------------------------------------
  data required time                                                 0.99
  data arrival time                                                 -1.16
  --------------------------------------------------------------------------
  slack (VIOLATED)                                                  -0.18


1
