****************************************
Report : constraint
	-all_violators
	-path slack_only
Design : top_mcu_pll_sram_multiclk_soc
Version: W-2024.09-SP5-3
Date   : Sun Apr 12 15:04:10 2026
****************************************



   min_delay/hold ('ref_clk' group)

   Endpoint                                                  Slack
   -----------------------------------------------------------------
   u_mem/u_sram/A[0]                                       -0.0110  (VIOLATED)
   u_mem/u_sram/A[2]                                       -0.0110  (VIOLATED)
   u_mem/u_sram/I[1]                                       -0.0110  (VIOLATED)
   u_mem/u_sram/I[5]                                       -0.0110  (VIOLATED)
   u_mem/u_sram/I[7]                                       -0.0110  (VIOLATED)
   u_mem/u_sram/I[4]                                       -0.0110  (VIOLATED)
   u_mem/u_sram/I[6]                                       -0.0110  (VIOLATED)
   u_mem/u_sram/I[3]                                       -0.0110  (VIOLATED)
   u_mem/u_sram/A[1]                                       -0.0108  (VIOLATED)
   u_mem/u_sram/A[3]                                       -0.0108  (VIOLATED)
   u_mem/u_sram/I[0]                                       -0.0107  (VIOLATED)
   u_mem/u_sram/I[2]                                       -0.0104  (VIOLATED)




   max_capacitance

                             Required        Actual
   Pin                      Capacitance    Capacitance       Slack
   -----------------------------------------------------------------
   u_ctrl/u_aes/U177/Y       32.0000        37.0737        -5.0737  (VIOLATED)
   u_ctrl/U28/Y              64.0000        67.8226        -3.8226  (VIOLATED)
   u_ctrl/u_aes/U1396/Y      16.0000        19.5640        -3.5640  (VIOLATED)
   u_ctrl/U91/Y              16.0000        19.4159        -3.4159  (VIOLATED)
   u_ctrl/U27/Y              16.0000        19.2670        -3.2670  (VIOLATED)
   u_ctrl/u_aes/U315/Y       16.0000        19.1759        -3.1759  (VIOLATED)
   u_ctrl/U26/Y              16.0000        19.1473        -3.1473  (VIOLATED)
   u_ctrl/u_aes/U2543/Y      16.0000        18.8751        -2.8751  (VIOLATED)
   u_ctrl/u_aes/U883/Y       32.0000        34.6186        -2.6186  (VIOLATED)
   u_ctrl/u_aes/U198/Y       16.0000        18.3152        -2.3152  (VIOLATED)
   u_ctrl/u_aes/DFTC_19/Y     8.0000        10.2968        -2.2968  (VIOLATED)
   u_ctrl/u_aes/state_reg_110_/Q   8.0000   10.2612        -2.2612  (VIOLATED)
   u_ctrl/u_aes/U221/Y        8.0000        10.2408        -2.2408  (VIOLATED)
   u_ctrl/u_aes/U107/Y        8.0000        10.1664        -2.1664  (VIOLATED)
   u_ctrl/u_aes/U868/Y        8.0000        10.1468        -2.1468  (VIOLATED)
   u_ctrl/u_aes/state_reg_15_/Q   8.0000    10.1409        -2.1409  (VIOLATED)
   u_ctrl/u_aes/U1279/Y      16.0000        18.0906        -2.0906  (VIOLATED)
   u_ctrl/u_aes/U1469/Y      16.0000        18.0906        -2.0906  (VIOLATED)
   u_ctrl/u_aes/U1578/Y      16.0000        18.0906        -2.0906  (VIOLATED)
   u_ctrl/u_aes/U1601/Y      16.0000        18.0906        -2.0906  (VIOLATED)
   u_ctrl/u_aes/U1657/Y      16.0000        18.0906        -2.0906  (VIOLATED)
   u_ctrl/u_aes/U1911/Y      16.0000        18.0906        -2.0906  (VIOLATED)
   u_ctrl/u_aes/U2102/Y      16.0000        18.0906        -2.0906  (VIOLATED)
   u_ctrl/u_aes/U2117/Y      16.0000        18.0906        -2.0906  (VIOLATED)
   u_ctrl/u_aes/U3042/Y      16.0000        18.0906        -2.0906  (VIOLATED)
   u_ctrl/u_aes/U3532/Y      16.0000        18.0906        -2.0906  (VIOLATED)
   u_ctrl/u_aes/U1694/Y       8.0000        10.0596        -2.0596  (VIOLATED)
   u_ctrl/u_aes/U2650/Y      16.0000        18.0437        -2.0437  (VIOLATED)
   u_ctrl/u_aes/state_reg_31_/Q   8.0000     9.9878        -1.9878  (VIOLATED)
   u_ctrl/u_aes/U878/Y        8.0000         9.9688        -1.9688  (VIOLATED)
   u_ctrl/u_aes/U3346/Y       8.0000         9.9456        -1.9456  (VIOLATED)
   u_ctrl/u_aes/U5689/Y       8.0000         9.9327        -1.9327  (VIOLATED)
   u_ctrl/u_aes/state_reg_70_/Q   8.0000     9.9032        -1.9032  (VIOLATED)
   u_ctrl/u_aes/U5764/Y       8.0000         9.8533        -1.8533  (VIOLATED)
   u_ctrl/u_aes/DFTC_47/Y     8.0000         9.7114        -1.7114  (VIOLATED)
   u_ctrl/u_aes/U653/Y        8.0000         9.7114        -1.7114  (VIOLATED)
   u_ctrl/u_aes/U925/Y        8.0000         9.7114        -1.7114  (VIOLATED)
   u_ctrl/DFTC_10/Y           8.0000         9.6980        -1.6980  (VIOLATED)
   u_ctrl/u_aes/U942/Y        8.0000         9.6831        -1.6831  (VIOLATED)
   u_ctrl/u_aes/state_reg_108_/QN   8.0000   9.6734        -1.6734  (VIOLATED)
   u_ctrl/u_aes/U1086/Y       8.0000         9.6727        -1.6727  (VIOLATED)
   u_ctrl/u_ct_cdc_pulse_dst_reg/Q   8.0000   9.6636       -1.6636  (VIOLATED)
   u_ctrl/DFTC_4/Y            8.0000         9.6636        -1.6636  (VIOLATED)
   u_ctrl/DFTC_5/Y            8.0000         9.6039        -1.6039  (VIOLATED)
   u_ctrl/U15/Y               8.0000         9.6039        -1.6039  (VIOLATED)
   u_ctrl/U584/Y              8.0000         9.5943        -1.5943  (VIOLATED)
   u_ctrl/u_aes/U1284/Y       8.0000         9.5442        -1.5442  (VIOLATED)
   u_ctrl/U38/Y               8.0000         9.5368        -1.5368  (VIOLATED)
   u_ctrl/u_aes/U95/Y         8.0000         9.5213        -1.5213  (VIOLATED)
   u_ctrl/u_aes/U350/Y        8.0000         9.5144        -1.5144  (VIOLATED)
   u_ctrl/U263/Y              8.0000         9.5057        -1.5057  (VIOLATED)
   u_ctrl/U21/Y               8.0000         9.5001        -1.5001  (VIOLATED)
   u_ctrl/U236/Y              8.0000         9.4913        -1.4913  (VIOLATED)
   u_ctrl/u_aes/U260/Y       16.0000        17.4909        -1.4909  (VIOLATED)
   u_ctrl/u_aes/U916/Y       16.0000        17.4556        -1.4556  (VIOLATED)
   u_ctrl/u_aes/DFTC_26/Y     8.0000         9.4266        -1.4266  (VIOLATED)
   u_ctrl/u_aes/U847/Y        8.0000         9.4186        -1.4186  (VIOLATED)
   u_ctrl/DFTC_11/Y           8.0000         9.4129        -1.4129  (VIOLATED)
   u_ctrl/u_aes/state_reg_73_/QN   8.0000    9.3992        -1.3992  (VIOLATED)
   u_ctrl/u_aes/DFTC_3/Y      8.0000         9.3955        -1.3955  (VIOLATED)
   u_ctrl/u_aes/U170/Y        8.0000         9.3684        -1.3684  (VIOLATED)
   u_ctrl/u_aes/state_reg_59_/QN   8.0000    9.3683        -1.3683  (VIOLATED)
   u_ctrl/u_aes/state_reg_72_/QN   8.0000    9.3682        -1.3682  (VIOLATED)
   u_ctrl/u_aes/U164/Y        8.0000         9.3640        -1.3640  (VIOLATED)
   u_ctrl/u_aes/state_reg_107_/QN   8.0000   9.3613        -1.3613  (VIOLATED)
   u_ctrl/u_aes/U1200/Y      16.0000        17.3497        -1.3497  (VIOLATED)
   u_ctrl/u_aes/U652/Y        8.0000         9.3397        -1.3397  (VIOLATED)
   u_ctrl/u_aes/U819/Y        8.0000         9.3381        -1.3381  (VIOLATED)
   u_ctrl/u_aes/U2010/Y       8.0000         9.2849        -1.2849  (VIOLATED)
   u_ctrl/u_aes/state_reg_6_/Q   8.0000      9.2710        -1.2710  (VIOLATED)
   u_ctrl/u_aes/U1154/Y       8.0000         9.2692        -1.2692  (VIOLATED)
   u_ctrl/u_aes/U993/Y        8.0000         9.2591        -1.2591  (VIOLATED)
   u_ctrl/u_aes/U4391/Y       8.0000         9.2591        -1.2591  (VIOLATED)
   u_ctrl/u_aes/U4396/Y       8.0000         9.2591        -1.2591  (VIOLATED)
   u_ctrl/u_aes/U339/Y        8.0000         9.2526        -1.2526  (VIOLATED)
   u_ctrl/u_aes/U866/Y        8.0000         9.2388        -1.2388  (VIOLATED)
   u_ctrl/u_aes/U886/Y        8.0000         9.2388        -1.2388  (VIOLATED)
   u_ctrl/u_aes/U1365/Y      16.0000        17.2376        -1.2376  (VIOLATED)
   u_ctrl/u_aes/DFTC_44/Y     8.0000         9.2322        -1.2322  (VIOLATED)
   u_ctrl/u_aes/state_reg_48_/Q   8.0000     9.1937        -1.1937  (VIOLATED)
   u_ctrl/u_aes/DFTC_40/Y     8.0000         9.1931        -1.1931  (VIOLATED)
   u_ctrl/u_aes/state_reg_116_/Q   8.0000    9.1660        -1.1660  (VIOLATED)
   u_ctrl/u_aes/U1193/Y       8.0000         9.1619        -1.1619  (VIOLATED)
   u_ctrl/u_aes/U5554/Y       8.0000         9.1398        -1.1398  (VIOLATED)
   u_ctrl/u_rx_busy_reg/QN    8.0000         9.1332        -1.1332  (VIOLATED)
   u_ctrl/u_aes/U686/Y        8.0000         9.0698        -1.0698  (VIOLATED)
   u_ctrl/u_aes/U921/Y        8.0000         9.0698        -1.0698  (VIOLATED)
   u_ctrl/DFTC_9/Y            8.0000         9.0306        -1.0306  (VIOLATED)
   u_ctrl/DFTC_6/Y            8.0000         9.0283        -1.0283  (VIOLATED)
   u_ctrl/U18/Y               8.0000         9.0283        -1.0283  (VIOLATED)
   u_ctrl/U20/Y               8.0000         9.0283        -1.0283  (VIOLATED)
   u_ctrl/U23/Y               8.0000         9.0283        -1.0283  (VIOLATED)
   u_ctrl/u_aes/U926/Y        8.0000         8.9835        -0.9835  (VIOLATED)
   u_ctrl/u_aes/DFTC_22/Y     8.0000         8.9428        -0.9428  (VIOLATED)
   u_ctrl/u_aes/U927/Y        8.0000         8.9424        -0.9424  (VIOLATED)
   u_ctrl/U84/Y               8.0000         8.9401        -0.9401  (VIOLATED)
   u_ctrl/u_aes/U828/Y        8.0000         8.9297        -0.9297  (VIOLATED)
   u_ctrl/u_aes/U601/Y        8.0000         8.9002        -0.9002  (VIOLATED)
   u_ctrl/u_aes/U864/Y       32.0000        32.8911        -0.8911  (VIOLATED)
   u_ctrl/u_aes/state_reg_113_/Q   8.0000    8.8899        -0.8899  (VIOLATED)
   u_ctrl/u_aes/state_reg_57_/QN   8.0000    8.8777        -0.8777  (VIOLATED)
   u_ctrl/u_aes/state_reg_81_/Q   8.0000     8.8751        -0.8751  (VIOLATED)
   u_ctrl/u_aes/U902/Y       32.0000        32.8610        -0.8610  (VIOLATED)
   u_ctrl/u_aes/U914/Y        8.0000         8.8409        -0.8409  (VIOLATED)
   u_ctrl/u_aes/state_reg_125_/QN   8.0000   8.8199        -0.8199  (VIOLATED)
   u_ctrl/u_aes/state_reg_86_/QN   8.0000    8.7810        -0.7810  (VIOLATED)
   u_ctrl/u_aes/U1285/Y       8.0000         8.7461        -0.7461  (VIOLATED)
   u_ctrl/U65/Y               8.0000         8.7346        -0.7346  (VIOLATED)
   u_ctrl/u_aes/U2326/Y       8.0000         8.7111        -0.7111  (VIOLATED)
   u_ctrl/u_aes/U695/Y        8.0000         8.7046        -0.7046  (VIOLATED)
   u_ctrl/u_aes/U2007/Y       8.0000         8.7038        -0.7038  (VIOLATED)
   u_ctrl/u_aes/U2275/Y      16.0000        16.6940        -0.6940  (VIOLATED)
   u_ctrl/u_aes/state_reg_53_/Q   8.0000     8.6790        -0.6790  (VIOLATED)
   u_ctrl/U145/SO             8.0000         8.6708        -0.6708  (VIOLATED)
   u_ctrl/u_aes/U1488/Y       8.0000         8.6101        -0.6101  (VIOLATED)
   u_ctrl/u_aes/U1135/Y      16.0000        16.6089        -0.6089  (VIOLATED)
   u_ctrl/u_aes/U1136/Y      16.0000        16.6089        -0.6089  (VIOLATED)
   u_ctrl/u_aes/U2550/Y      16.0000        16.6089        -0.6089  (VIOLATED)
   u_ctrl/u_aes/U2693/Y      16.0000        16.6089        -0.6089  (VIOLATED)
   u_ctrl/u_aes/U911/Y        8.0000         8.6043        -0.6043  (VIOLATED)
   u_ctrl/U85/Y               8.0000         8.6040        -0.6040  (VIOLATED)
   u_ctrl/U86/Y               8.0000         8.6040        -0.6040  (VIOLATED)
   u_ctrl/U7/Y               16.0000        16.5734        -0.5734  (VIOLATED)
   u_ctrl/crc_start_reg/QN    8.0000         8.5319        -0.5319  (VIOLATED)
   u_ctrl/u_aes/state_reg_121_/QN   8.0000   8.5241        -0.5241  (VIOLATED)
   u_ctrl/u_aes/state_reg_9_/QN   8.0000     8.5053        -0.5053  (VIOLATED)
   u_ctrl/crc_dv_reg/Q        8.0000         8.4862        -0.4862  (VIOLATED)
   u_ctrl/u_aes/U1681/Y       8.0000         8.4709        -0.4709  (VIOLATED)
   u_ctrl/u_aes/state_reg_113_/QN   8.0000   8.4657        -0.4657  (VIOLATED)
   u_ctrl/U14/Y               8.0000         8.4545        -0.4545  (VIOLATED)
   u_ctrl/u_aes/U274/Y        8.0000         8.4461        -0.4461  (VIOLATED)
   u_ctrl/u_aes/state_reg_29_/Q   8.0000     8.4438        -0.4438  (VIOLATED)
   u_ctrl/u_aes/U2370/Y      16.0000        16.4377        -0.4377  (VIOLATED)
   u_ctrl/u_aes/state_reg_25_/QN  16.0000   16.4189        -0.4189  (VIOLATED)
   u_ctrl/u_aes/U4397/Y       8.0000         8.4164        -0.4164  (VIOLATED)
   u_ctrl/u_aes/state_reg_78_/QN   8.0000    8.3903        -0.3903  (VIOLATED)
   u_ctrl/u_aes/U1554/Y      16.0000        16.3828        -0.3828  (VIOLATED)
   u_ctrl/U55/Y               8.0000         8.3821        -0.3821  (VIOLATED)
   u_ctrl/u_aes/U1550/Y       8.0000         8.3768        -0.3768  (VIOLATED)
   u_ctrl/u_aes/U144/Y        8.0000         8.3407        -0.3407  (VIOLATED)
   u_ctrl/u_aes/state_reg_61_/QN   8.0000    8.3244        -0.3244  (VIOLATED)
   u_ctrl/u_aes/U343/Y       16.0000        16.3041        -0.3041  (VIOLATED)
   u_ctrl/u_aes/state_reg_59_/Q   8.0000     8.3023        -0.3023  (VIOLATED)
   u_ctrl/u_aes/U132/Y        8.0000         8.2840        -0.2840  (VIOLATED)
   u_ctrl/u_aes/U1299/Y       8.0000         8.2713        -0.2713  (VIOLATED)
   u_ctrl/u_aes/state_reg_86_/Q   8.0000     8.2075        -0.2075  (VIOLATED)
   u_ctrl/u_aes/U1278/Y       8.0000         8.1912        -0.1912  (VIOLATED)
   u_ctrl/u_aes/U1532/Y       8.0000         8.1727        -0.1727  (VIOLATED)
   u_ctrl/u_aes/state_reg_13_/Q   8.0000     8.1700        -0.1700  (VIOLATED)
   u_ctrl/u_aes/state_reg_9_/Q   8.0000      8.1566        -0.1566  (VIOLATED)
   u_ctrl/u_aes/U1197/Y       8.0000         8.1418        -0.1418  (VIOLATED)
   u_ctrl/u_aes/U405/Y        8.0000         8.1347        -0.1347  (VIOLATED)
   u_ctrl/u_aes/busy_reg/QN   8.0000         8.0854        -0.0854  (VIOLATED)
   u_ctrl/u_aes/busy_reg/Q    8.0000         8.0803        -0.0803  (VIOLATED)
   u_ctrl/u_aes/state_reg_100_/QN   8.0000   8.0588        -0.0588  (VIOLATED)
   u_ctrl/crc_dv_reg/QN       8.0000         8.0419        -0.0419  (VIOLATED)
   u_ctrl/u_aes/state_reg_54_/QN   8.0000    8.0167        -0.0167  (VIOLATED)
   u_ctrl/u_aes/U893/Y        8.0000         8.0145        -0.0145  (VIOLATED)
   u_ctrl/u_aes/U1898/Y       8.0000         8.0027        -0.0027  (VIOLATED)
   u_ctrl/u_aes/U953/Y        8.0000         8.0018        -0.0018  (VIOLATED)


1
