**************************************************
Report         : unmatched_points

Reference      : r:/WORK/top_mcu_pll_sram_multiclk_soc
Implementation : i:/WORK/top_mcu_pll_sram_multiclk_soc
Version        : W-2024.09-SP5
Date           : Thu Apr 16 10:21:07 2026
**************************************************

6 Unmatched points (0 reference, 6 implementation):

  Impl Port       i:/WORK/top_mcu_pll_sram_multiclk_soc/test_si2

  Impl Port       i:/WORK/top_mcu_pll_sram_multiclk_soc/test_si3

  Impl Port       i:/WORK/top_mcu_pll_sram_multiclk_soc/test_si4

  Impl Port       i:/WORK/top_mcu_pll_sram_multiclk_soc/test_so2

  Impl Port       i:/WORK/top_mcu_pll_sram_multiclk_soc/test_so3

  Impl Port       i:/WORK/top_mcu_pll_sram_multiclk_soc/test_so4

 [BBNet: multiply-driven net
  BBox:  black-box
  BBPin: black-box pin
  Block: hierarchical block
  BlPin: hierarchical block pin
  Cut:   cut-point
  DFF:   non-constant DFF register
  DFF0:  constant 0 DFF register
  DFF1:  constant 1 DFF register
  DFFX:  constant X DFF register
  DFF0X: constrained 0X DFF register
  DFF1X: constrained 1X DFF register
  LAT:   non-constant latch register
  LAT0:  constant 0 latch register
  LAT1:  constant 1 latch register
  LATX:  constant X latch register
  LAT0X: constrained 0X latch register
  LAT1X: constrained 1X latch register
  LATCG: clock-gating latch register
  TLA:   transparent latch register
  TLA0X: transparent constrained 0X latch register
  TLA1X: transparent constrained 1X latch register
  Loop:  cycle break point
  Net:   matchable net
  Port:  primary (top-level) port
  Und:   undriven signal cut-point
  Unk:   unknown signal cut-point]

1
