 
****************************************
Report : area
Design : top_mcu_pll_sram_multiclk_soc
Version: W-2024.09-SP5-5
Date   : Sat Apr 11 22:20:26 2026
****************************************

Library(s) Used:

    saed32rvt_ss0p95v125c (File: /DATA/home/edu135/aes128_core/SAED32_EDK/lib/stdcell_rvt/db_nldm/saed32rvt_ss0p95v125c.db)
    gtech (File: /tools/synopsys/syn/W-2024.09-SP5-5/libraries/syn/gtech.db)
    saed32sram_ss0p95v125c (File: /DATA/home/edu135/aes128_core/SAED32_EDK/lib/sram/db_nldm/saed32sram_ss0p95v125c.db)
    saed32pll_ss0p95v125c_2p25v (File: /DATA/home/edu135/aes128_core/SAED32_EDK/lib/pll/db_nldm/saed32pll_ss0p95v125c_2p25v.db)

Number of ports:                         1002
Number of nets:                         15797
Number of cells:                        15144
Number of combinational cells:          13504
Number of sequential cells:              1533
Number of macros/black boxes:               2
Number of buf/inv:                       1590
Number of references:                       7

Combinational area:              31632.287523
Buf/Inv area:                     2130.235023
Noncombinational area:           14011.467327
Macro/Black Box area:            31230.701660
Net Interconnect area:           15028.596027

Total cell area:                 76874.456509
Total area:                      91903.052537

Information: This design contains unmapped logic. (RPT-7)

Hierarchical area distribution
------------------------------

                                  Global cell area              Local cell area
                                  -------------------  ---------------------------------- 
Hierarchical cell                 Absolute    Percent  Combi-      Noncombi-   Black-
                                  Total       Total    national    national    boxes       Design
--------------------------------  ----------  -------  ----------  ----------  ----------  ---------------------
top_mcu_pll_sram_multiclk_soc     76874.4565    100.0     14.7404      0.0000   5446.9321  top_mcu_pll_sram_multiclk_soc
u_ctrl                            45619.8653     59.3   2998.8992   4984.2723      0.0000  soc_ctrl_multiclk_soc
u_ctrl/u_aes                      37636.6939     49.0  28618.6480   9018.0459      0.0000  aes128_core
u_div8                                9.1492      0.0      0.0000      9.1492      0.0000  clk_div2_toggle
u_mem                             25783.7695     33.5      0.0000      0.0000  25783.7695  sram_wrap_1rw1024x8
--------------------------------  ----------  -------  ----------  ----------  ----------  ---------------------
Total                                                  31632.2875  14011.4673  31230.7017

1
