 
****************************************
check_design summary:
Version:     W-2024.09-SP5-5
Date:        Mon Apr 13 16:09:03 2026
****************************************

                   Name                                            Total
--------------------------------------------------------------------------------
Inputs/Outputs                                                    260
    Unconnected ports (LINT-28)                                   260

Cells                                                              13
    Cells do not drive (LINT-1)                                    11
    Nets connected to multiple pins on same cell (LINT-33)          2

Nets                                                                1
    Unloaded nets (LINT-2)                                          1
--------------------------------------------------------------------------------

Warning: In design 'soc_ctrl_multiclk_soc', cell 'C2615' does not drive any nets. (LINT-1)
Warning: In design 'soc_ctrl_multiclk_soc', cell 'C2636' does not drive any nets. (LINT-1)
Warning: In design 'soc_ctrl_multiclk_soc', cell 'C2693' does not drive any nets. (LINT-1)
Warning: In design 'soc_ctrl_multiclk_soc', cell 'C2718' does not drive any nets. (LINT-1)
Warning: In design 'uart_rx_CLK_HZ100000000_BAUD115200', cell 'C585' does not drive any nets. (LINT-1)
Warning: In design 'uart_rx_CLK_HZ100000000_BAUD115200', cell 'C589' does not drive any nets. (LINT-1)
Warning: In design 'uart_rx_CLK_HZ100000000_BAUD115200', cell 'C590' does not drive any nets. (LINT-1)
Warning: In design 'uart_rx_CLK_HZ100000000_BAUD115200', cell 'C591' does not drive any nets. (LINT-1)
Warning: In design 'uart_tx_CLK_HZ100000000_BAUD115200', cell 'C398' does not drive any nets. (LINT-1)
Warning: In design 'uart_tx_CLK_HZ100000000_BAUD115200', cell 'C399' does not drive any nets. (LINT-1)
Warning: In design 'aes128_core', cell 'C294993' does not drive any nets. (LINT-1)
Warning: In design 'top_mcu_pll_sram_multiclk_soc', net 'u_ctrl/ct_busy_fast' driven by pin 'u_ctrl/u_ct_cdc/busy_src' has no loads. (LINT-2)
Warning: In design 'soc_ctrl_multiclk_soc', port 'clk_div8' is not connected to any nets. (LINT-28)
Warning: In design 'soc_ctrl_multiclk_soc', port 'aes_key_ext[127]' is not connected to any nets. (LINT-28)
Warning: In design 'soc_ctrl_multiclk_soc', port 'aes_key_ext[126]' is not connected to any nets. (LINT-28)
Warning: In design 'soc_ctrl_multiclk_soc', port 'aes_key_ext[125]' is not connected to any nets. (LINT-28)
Warning: In design 'soc_ctrl_multiclk_soc', port 'aes_key_ext[124]' is not connected to any nets. (LINT-28)
Warning: In design 'soc_ctrl_multiclk_soc', port 'aes_key_ext[123]' is not connected to any nets. (LINT-28)
Warning: In design 'soc_ctrl_multiclk_soc', port 'aes_key_ext[122]' is not connected to any nets. (LINT-28)
Warning: In design 'soc_ctrl_multiclk_soc', port 'aes_key_ext[121]' is not connected to any nets. (LINT-28)
Warning: In design 'soc_ctrl_multiclk_soc', port 'aes_key_ext[120]' is not connected to any nets. (LINT-28)
Warning: In design 'soc_ctrl_multiclk_soc', port 'aes_key_ext[119]' is not connected to any nets. (LINT-28)
Warning: In design 'soc_ctrl_multiclk_soc', port 'aes_key_ext[118]' is not connected to any nets. (LINT-28)
Warning: In design 'soc_ctrl_multiclk_soc', port 'aes_key_ext[117]' is not connected to any nets. (LINT-28)
Warning: In design 'soc_ctrl_multiclk_soc', port 'aes_key_ext[116]' is not connected to any nets. (LINT-28)
Warning: In design 'soc_ctrl_multiclk_soc', port 'aes_key_ext[115]' is not connected to any nets. (LINT-28)
Warning: In design 'soc_ctrl_multiclk_soc', port 'aes_key_ext[114]' is not connected to any nets. (LINT-28)
Warning: In design 'soc_ctrl_multiclk_soc', port 'aes_key_ext[113]' is not connected to any nets. (LINT-28)
Warning: In design 'soc_ctrl_multiclk_soc', port 'aes_key_ext[112]' is not connected to any nets. (LINT-28)
Warning: In design 'soc_ctrl_multiclk_soc', port 'aes_key_ext[111]' is not connected to any nets. (LINT-28)
Warning: In design 'soc_ctrl_multiclk_soc', port 'aes_key_ext[110]' is not connected to any nets. (LINT-28)
Warning: In design 'soc_ctrl_multiclk_soc', port 'aes_key_ext[109]' is not connected to any nets. (LINT-28)
Warning: In design 'soc_ctrl_multiclk_soc', port 'aes_key_ext[108]' is not connected to any nets. (LINT-28)
Warning: In design 'soc_ctrl_multiclk_soc', port 'aes_key_ext[107]' is not connected to any nets. (LINT-28)
Warning: In design 'soc_ctrl_multiclk_soc', port 'aes_key_ext[106]' is not connected to any nets. (LINT-28)
Warning: In design 'soc_ctrl_multiclk_soc', port 'aes_key_ext[105]' is not connected to any nets. (LINT-28)
Warning: In design 'soc_ctrl_multiclk_soc', port 'aes_key_ext[104]' is not connected to any nets. (LINT-28)
Warning: In design 'soc_ctrl_multiclk_soc', port 'aes_key_ext[103]' is not connected to any nets. (LINT-28)
Warning: In design 'soc_ctrl_multiclk_soc', port 'aes_key_ext[102]' is not connected to any nets. (LINT-28)
Warning: In design 'soc_ctrl_multiclk_soc', port 'aes_key_ext[101]' is not connected to any nets. (LINT-28)
Warning: In design 'soc_ctrl_multiclk_soc', port 'aes_key_ext[100]' is not connected to any nets. (LINT-28)
Warning: In design 'soc_ctrl_multiclk_soc', port 'aes_key_ext[99]' is not connected to any nets. (LINT-28)
Warning: In design 'soc_ctrl_multiclk_soc', port 'aes_key_ext[98]' is not connected to any nets. (LINT-28)
Warning: In design 'soc_ctrl_multiclk_soc', port 'aes_key_ext[97]' is not connected to any nets. (LINT-28)
Warning: In design 'soc_ctrl_multiclk_soc', port 'aes_key_ext[96]' is not connected to any nets. (LINT-28)
Warning: In design 'soc_ctrl_multiclk_soc', port 'aes_key_ext[95]' is not connected to any nets. (LINT-28)
Warning: In design 'soc_ctrl_multiclk_soc', port 'aes_key_ext[94]' is not connected to any nets. (LINT-28)
Warning: In design 'soc_ctrl_multiclk_soc', port 'aes_key_ext[93]' is not connected to any nets. (LINT-28)
Warning: In design 'soc_ctrl_multiclk_soc', port 'aes_key_ext[92]' is not connected to any nets. (LINT-28)
Warning: In design 'soc_ctrl_multiclk_soc', port 'aes_key_ext[91]' is not connected to any nets. (LINT-28)
Warning: In design 'soc_ctrl_multiclk_soc', port 'aes_key_ext[90]' is not connected to any nets. (LINT-28)
Warning: In design 'soc_ctrl_multiclk_soc', port 'aes_key_ext[89]' is not connected to any nets. (LINT-28)
Warning: In design 'soc_ctrl_multiclk_soc', port 'aes_key_ext[88]' is not connected to any nets. (LINT-28)
Warning: In design 'soc_ctrl_multiclk_soc', port 'aes_key_ext[87]' is not connected to any nets. (LINT-28)
Warning: In design 'soc_ctrl_multiclk_soc', port 'aes_key_ext[86]' is not connected to any nets. (LINT-28)
Warning: In design 'soc_ctrl_multiclk_soc', port 'aes_key_ext[85]' is not connected to any nets. (LINT-28)
Warning: In design 'soc_ctrl_multiclk_soc', port 'aes_key_ext[84]' is not connected to any nets. (LINT-28)
Warning: In design 'soc_ctrl_multiclk_soc', port 'aes_key_ext[83]' is not connected to any nets. (LINT-28)
Warning: In design 'soc_ctrl_multiclk_soc', port 'aes_key_ext[82]' is not connected to any nets. (LINT-28)
Warning: In design 'soc_ctrl_multiclk_soc', port 'aes_key_ext[81]' is not connected to any nets. (LINT-28)
Warning: In design 'soc_ctrl_multiclk_soc', port 'aes_key_ext[80]' is not connected to any nets. (LINT-28)
Warning: In design 'soc_ctrl_multiclk_soc', port 'aes_key_ext[79]' is not connected to any nets. (LINT-28)
Warning: In design 'soc_ctrl_multiclk_soc', port 'aes_key_ext[78]' is not connected to any nets. (LINT-28)
Warning: In design 'soc_ctrl_multiclk_soc', port 'aes_key_ext[77]' is not connected to any nets. (LINT-28)
Warning: In design 'soc_ctrl_multiclk_soc', port 'aes_key_ext[76]' is not connected to any nets. (LINT-28)
Warning: In design 'soc_ctrl_multiclk_soc', port 'aes_key_ext[75]' is not connected to any nets. (LINT-28)
Warning: In design 'soc_ctrl_multiclk_soc', port 'aes_key_ext[74]' is not connected to any nets. (LINT-28)
Warning: In design 'soc_ctrl_multiclk_soc', port 'aes_key_ext[73]' is not connected to any nets. (LINT-28)
Warning: In design 'soc_ctrl_multiclk_soc', port 'aes_key_ext[72]' is not connected to any nets. (LINT-28)
Warning: In design 'soc_ctrl_multiclk_soc', port 'aes_key_ext[71]' is not connected to any nets. (LINT-28)
Warning: In design 'soc_ctrl_multiclk_soc', port 'aes_key_ext[70]' is not connected to any nets. (LINT-28)
Warning: In design 'soc_ctrl_multiclk_soc', port 'aes_key_ext[69]' is not connected to any nets. (LINT-28)
Warning: In design 'soc_ctrl_multiclk_soc', port 'aes_key_ext[68]' is not connected to any nets. (LINT-28)
Warning: In design 'soc_ctrl_multiclk_soc', port 'aes_key_ext[67]' is not connected to any nets. (LINT-28)
Warning: In design 'soc_ctrl_multiclk_soc', port 'aes_key_ext[66]' is not connected to any nets. (LINT-28)
Warning: In design 'soc_ctrl_multiclk_soc', port 'aes_key_ext[65]' is not connected to any nets. (LINT-28)
Warning: In design 'soc_ctrl_multiclk_soc', port 'aes_key_ext[64]' is not connected to any nets. (LINT-28)
Warning: In design 'soc_ctrl_multiclk_soc', port 'aes_key_ext[63]' is not connected to any nets. (LINT-28)
Warning: In design 'soc_ctrl_multiclk_soc', port 'aes_key_ext[62]' is not connected to any nets. (LINT-28)
Warning: In design 'soc_ctrl_multiclk_soc', port 'aes_key_ext[61]' is not connected to any nets. (LINT-28)
Warning: In design 'soc_ctrl_multiclk_soc', port 'aes_key_ext[60]' is not connected to any nets. (LINT-28)
Warning: In design 'soc_ctrl_multiclk_soc', port 'aes_key_ext[59]' is not connected to any nets. (LINT-28)
Warning: In design 'soc_ctrl_multiclk_soc', port 'aes_key_ext[58]' is not connected to any nets. (LINT-28)
Warning: In design 'soc_ctrl_multiclk_soc', port 'aes_key_ext[57]' is not connected to any nets. (LINT-28)
Warning: In design 'soc_ctrl_multiclk_soc', port 'aes_key_ext[56]' is not connected to any nets. (LINT-28)
Warning: In design 'soc_ctrl_multiclk_soc', port 'aes_key_ext[55]' is not connected to any nets. (LINT-28)
Warning: In design 'soc_ctrl_multiclk_soc', port 'aes_key_ext[54]' is not connected to any nets. (LINT-28)
Warning: In design 'soc_ctrl_multiclk_soc', port 'aes_key_ext[53]' is not connected to any nets. (LINT-28)
Warning: In design 'soc_ctrl_multiclk_soc', port 'aes_key_ext[52]' is not connected to any nets. (LINT-28)
Warning: In design 'soc_ctrl_multiclk_soc', port 'aes_key_ext[51]' is not connected to any nets. (LINT-28)
Warning: In design 'soc_ctrl_multiclk_soc', port 'aes_key_ext[50]' is not connected to any nets. (LINT-28)
Warning: In design 'soc_ctrl_multiclk_soc', port 'aes_key_ext[49]' is not connected to any nets. (LINT-28)
Warning: In design 'soc_ctrl_multiclk_soc', port 'aes_key_ext[48]' is not connected to any nets. (LINT-28)
Warning: In design 'soc_ctrl_multiclk_soc', port 'aes_key_ext[47]' is not connected to any nets. (LINT-28)
Warning: In design 'soc_ctrl_multiclk_soc', port 'aes_key_ext[46]' is not connected to any nets. (LINT-28)
Warning: In design 'soc_ctrl_multiclk_soc', port 'aes_key_ext[45]' is not connected to any nets. (LINT-28)
Warning: In design 'soc_ctrl_multiclk_soc', port 'aes_key_ext[44]' is not connected to any nets. (LINT-28)
Warning: In design 'soc_ctrl_multiclk_soc', port 'aes_key_ext[43]' is not connected to any nets. (LINT-28)
Warning: In design 'soc_ctrl_multiclk_soc', port 'aes_key_ext[42]' is not connected to any nets. (LINT-28)
Warning: In design 'soc_ctrl_multiclk_soc', port 'aes_key_ext[41]' is not connected to any nets. (LINT-28)
Warning: In design 'soc_ctrl_multiclk_soc', port 'aes_key_ext[40]' is not connected to any nets. (LINT-28)
Warning: In design 'soc_ctrl_multiclk_soc', port 'aes_key_ext[39]' is not connected to any nets. (LINT-28)
Warning: In design 'soc_ctrl_multiclk_soc', port 'aes_key_ext[38]' is not connected to any nets. (LINT-28)
Warning: In design 'soc_ctrl_multiclk_soc', port 'aes_key_ext[37]' is not connected to any nets. (LINT-28)
Warning: In design 'soc_ctrl_multiclk_soc', port 'aes_key_ext[36]' is not connected to any nets. (LINT-28)
Warning: In design 'soc_ctrl_multiclk_soc', port 'aes_key_ext[35]' is not connected to any nets. (LINT-28)
Warning: In design 'soc_ctrl_multiclk_soc', port 'aes_key_ext[34]' is not connected to any nets. (LINT-28)
Warning: In design 'soc_ctrl_multiclk_soc', port 'aes_key_ext[33]' is not connected to any nets. (LINT-28)
Warning: In design 'soc_ctrl_multiclk_soc', port 'aes_key_ext[32]' is not connected to any nets. (LINT-28)
Warning: In design 'soc_ctrl_multiclk_soc', port 'aes_key_ext[31]' is not connected to any nets. (LINT-28)
Warning: In design 'soc_ctrl_multiclk_soc', port 'aes_key_ext[30]' is not connected to any nets. (LINT-28)
Warning: In design 'soc_ctrl_multiclk_soc', port 'aes_key_ext[29]' is not connected to any nets. (LINT-28)
Warning: In design 'soc_ctrl_multiclk_soc', port 'aes_key_ext[28]' is not connected to any nets. (LINT-28)
Warning: In design 'soc_ctrl_multiclk_soc', port 'aes_key_ext[27]' is not connected to any nets. (LINT-28)
Warning: In design 'soc_ctrl_multiclk_soc', port 'aes_key_ext[26]' is not connected to any nets. (LINT-28)
Warning: In design 'soc_ctrl_multiclk_soc', port 'aes_key_ext[25]' is not connected to any nets. (LINT-28)
Warning: In design 'soc_ctrl_multiclk_soc', port 'aes_key_ext[24]' is not connected to any nets. (LINT-28)
Warning: In design 'soc_ctrl_multiclk_soc', port 'aes_key_ext[23]' is not connected to any nets. (LINT-28)
Warning: In design 'soc_ctrl_multiclk_soc', port 'aes_key_ext[22]' is not connected to any nets. (LINT-28)
Warning: In design 'soc_ctrl_multiclk_soc', port 'aes_key_ext[21]' is not connected to any nets. (LINT-28)
Warning: In design 'soc_ctrl_multiclk_soc', port 'aes_key_ext[20]' is not connected to any nets. (LINT-28)
Warning: In design 'soc_ctrl_multiclk_soc', port 'aes_key_ext[19]' is not connected to any nets. (LINT-28)
Warning: In design 'soc_ctrl_multiclk_soc', port 'aes_key_ext[18]' is not connected to any nets. (LINT-28)
Warning: In design 'soc_ctrl_multiclk_soc', port 'aes_key_ext[17]' is not connected to any nets. (LINT-28)
Warning: In design 'soc_ctrl_multiclk_soc', port 'aes_key_ext[16]' is not connected to any nets. (LINT-28)
Warning: In design 'soc_ctrl_multiclk_soc', port 'aes_key_ext[15]' is not connected to any nets. (LINT-28)
Warning: In design 'soc_ctrl_multiclk_soc', port 'aes_key_ext[14]' is not connected to any nets. (LINT-28)
Warning: In design 'soc_ctrl_multiclk_soc', port 'aes_key_ext[13]' is not connected to any nets. (LINT-28)
Warning: In design 'soc_ctrl_multiclk_soc', port 'aes_key_ext[12]' is not connected to any nets. (LINT-28)
Warning: In design 'soc_ctrl_multiclk_soc', port 'aes_key_ext[11]' is not connected to any nets. (LINT-28)
Warning: In design 'soc_ctrl_multiclk_soc', port 'aes_key_ext[10]' is not connected to any nets. (LINT-28)
Warning: In design 'soc_ctrl_multiclk_soc', port 'aes_key_ext[9]' is not connected to any nets. (LINT-28)
Warning: In design 'soc_ctrl_multiclk_soc', port 'aes_key_ext[8]' is not connected to any nets. (LINT-28)
Warning: In design 'soc_ctrl_multiclk_soc', port 'aes_key_ext[7]' is not connected to any nets. (LINT-28)
Warning: In design 'soc_ctrl_multiclk_soc', port 'aes_key_ext[6]' is not connected to any nets. (LINT-28)
Warning: In design 'soc_ctrl_multiclk_soc', port 'aes_key_ext[5]' is not connected to any nets. (LINT-28)
Warning: In design 'soc_ctrl_multiclk_soc', port 'aes_key_ext[4]' is not connected to any nets. (LINT-28)
Warning: In design 'soc_ctrl_multiclk_soc', port 'aes_key_ext[3]' is not connected to any nets. (LINT-28)
Warning: In design 'soc_ctrl_multiclk_soc', port 'aes_key_ext[2]' is not connected to any nets. (LINT-28)
Warning: In design 'soc_ctrl_multiclk_soc', port 'aes_key_ext[1]' is not connected to any nets. (LINT-28)
Warning: In design 'soc_ctrl_multiclk_soc', port 'aes_key_ext[0]' is not connected to any nets. (LINT-28)
Warning: In design 'soc_ctrl_multiclk_soc', port 'aes_pt_ext[127]' is not connected to any nets. (LINT-28)
Warning: In design 'soc_ctrl_multiclk_soc', port 'aes_pt_ext[126]' is not connected to any nets. (LINT-28)
Warning: In design 'soc_ctrl_multiclk_soc', port 'aes_pt_ext[125]' is not connected to any nets. (LINT-28)
Warning: In design 'soc_ctrl_multiclk_soc', port 'aes_pt_ext[124]' is not connected to any nets. (LINT-28)
Warning: In design 'soc_ctrl_multiclk_soc', port 'aes_pt_ext[123]' is not connected to any nets. (LINT-28)
Warning: In design 'soc_ctrl_multiclk_soc', port 'aes_pt_ext[122]' is not connected to any nets. (LINT-28)
Warning: In design 'soc_ctrl_multiclk_soc', port 'aes_pt_ext[121]' is not connected to any nets. (LINT-28)
Warning: In design 'soc_ctrl_multiclk_soc', port 'aes_pt_ext[120]' is not connected to any nets. (LINT-28)
Warning: In design 'soc_ctrl_multiclk_soc', port 'aes_pt_ext[119]' is not connected to any nets. (LINT-28)
Warning: In design 'soc_ctrl_multiclk_soc', port 'aes_pt_ext[118]' is not connected to any nets. (LINT-28)
Warning: In design 'soc_ctrl_multiclk_soc', port 'aes_pt_ext[117]' is not connected to any nets. (LINT-28)
Warning: In design 'soc_ctrl_multiclk_soc', port 'aes_pt_ext[116]' is not connected to any nets. (LINT-28)
Warning: In design 'soc_ctrl_multiclk_soc', port 'aes_pt_ext[115]' is not connected to any nets. (LINT-28)
Warning: In design 'soc_ctrl_multiclk_soc', port 'aes_pt_ext[114]' is not connected to any nets. (LINT-28)
Warning: In design 'soc_ctrl_multiclk_soc', port 'aes_pt_ext[113]' is not connected to any nets. (LINT-28)
Warning: In design 'soc_ctrl_multiclk_soc', port 'aes_pt_ext[112]' is not connected to any nets. (LINT-28)
Warning: In design 'soc_ctrl_multiclk_soc', port 'aes_pt_ext[111]' is not connected to any nets. (LINT-28)
Warning: In design 'soc_ctrl_multiclk_soc', port 'aes_pt_ext[110]' is not connected to any nets. (LINT-28)
Warning: In design 'soc_ctrl_multiclk_soc', port 'aes_pt_ext[109]' is not connected to any nets. (LINT-28)
Warning: In design 'soc_ctrl_multiclk_soc', port 'aes_pt_ext[108]' is not connected to any nets. (LINT-28)
Warning: In design 'soc_ctrl_multiclk_soc', port 'aes_pt_ext[107]' is not connected to any nets. (LINT-28)
Warning: In design 'soc_ctrl_multiclk_soc', port 'aes_pt_ext[106]' is not connected to any nets. (LINT-28)
Warning: In design 'soc_ctrl_multiclk_soc', port 'aes_pt_ext[105]' is not connected to any nets. (LINT-28)
Warning: In design 'soc_ctrl_multiclk_soc', port 'aes_pt_ext[104]' is not connected to any nets. (LINT-28)
Warning: In design 'soc_ctrl_multiclk_soc', port 'aes_pt_ext[103]' is not connected to any nets. (LINT-28)
Warning: In design 'soc_ctrl_multiclk_soc', port 'aes_pt_ext[102]' is not connected to any nets. (LINT-28)
Warning: In design 'soc_ctrl_multiclk_soc', port 'aes_pt_ext[101]' is not connected to any nets. (LINT-28)
Warning: In design 'soc_ctrl_multiclk_soc', port 'aes_pt_ext[100]' is not connected to any nets. (LINT-28)
Warning: In design 'soc_ctrl_multiclk_soc', port 'aes_pt_ext[99]' is not connected to any nets. (LINT-28)
Warning: In design 'soc_ctrl_multiclk_soc', port 'aes_pt_ext[98]' is not connected to any nets. (LINT-28)
Warning: In design 'soc_ctrl_multiclk_soc', port 'aes_pt_ext[97]' is not connected to any nets. (LINT-28)
Warning: In design 'soc_ctrl_multiclk_soc', port 'aes_pt_ext[96]' is not connected to any nets. (LINT-28)
Warning: In design 'soc_ctrl_multiclk_soc', port 'aes_pt_ext[95]' is not connected to any nets. (LINT-28)
Warning: In design 'soc_ctrl_multiclk_soc', port 'aes_pt_ext[94]' is not connected to any nets. (LINT-28)
Warning: In design 'soc_ctrl_multiclk_soc', port 'aes_pt_ext[93]' is not connected to any nets. (LINT-28)
Warning: In design 'soc_ctrl_multiclk_soc', port 'aes_pt_ext[92]' is not connected to any nets. (LINT-28)
Warning: In design 'soc_ctrl_multiclk_soc', port 'aes_pt_ext[91]' is not connected to any nets. (LINT-28)
Warning: In design 'soc_ctrl_multiclk_soc', port 'aes_pt_ext[90]' is not connected to any nets. (LINT-28)
Warning: In design 'soc_ctrl_multiclk_soc', port 'aes_pt_ext[89]' is not connected to any nets. (LINT-28)
Warning: In design 'soc_ctrl_multiclk_soc', port 'aes_pt_ext[88]' is not connected to any nets. (LINT-28)
Warning: In design 'soc_ctrl_multiclk_soc', port 'aes_pt_ext[87]' is not connected to any nets. (LINT-28)
Warning: In design 'soc_ctrl_multiclk_soc', port 'aes_pt_ext[86]' is not connected to any nets. (LINT-28)
Warning: In design 'soc_ctrl_multiclk_soc', port 'aes_pt_ext[85]' is not connected to any nets. (LINT-28)
Warning: In design 'soc_ctrl_multiclk_soc', port 'aes_pt_ext[84]' is not connected to any nets. (LINT-28)
Warning: In design 'soc_ctrl_multiclk_soc', port 'aes_pt_ext[83]' is not connected to any nets. (LINT-28)
Warning: In design 'soc_ctrl_multiclk_soc', port 'aes_pt_ext[82]' is not connected to any nets. (LINT-28)
Warning: In design 'soc_ctrl_multiclk_soc', port 'aes_pt_ext[81]' is not connected to any nets. (LINT-28)
Warning: In design 'soc_ctrl_multiclk_soc', port 'aes_pt_ext[80]' is not connected to any nets. (LINT-28)
Warning: In design 'soc_ctrl_multiclk_soc', port 'aes_pt_ext[79]' is not connected to any nets. (LINT-28)
Warning: In design 'soc_ctrl_multiclk_soc', port 'aes_pt_ext[78]' is not connected to any nets. (LINT-28)
Warning: In design 'soc_ctrl_multiclk_soc', port 'aes_pt_ext[77]' is not connected to any nets. (LINT-28)
Warning: In design 'soc_ctrl_multiclk_soc', port 'aes_pt_ext[76]' is not connected to any nets. (LINT-28)
Warning: In design 'soc_ctrl_multiclk_soc', port 'aes_pt_ext[75]' is not connected to any nets. (LINT-28)
Warning: In design 'soc_ctrl_multiclk_soc', port 'aes_pt_ext[74]' is not connected to any nets. (LINT-28)
Warning: In design 'soc_ctrl_multiclk_soc', port 'aes_pt_ext[73]' is not connected to any nets. (LINT-28)
Warning: In design 'soc_ctrl_multiclk_soc', port 'aes_pt_ext[72]' is not connected to any nets. (LINT-28)
Warning: In design 'soc_ctrl_multiclk_soc', port 'aes_pt_ext[71]' is not connected to any nets. (LINT-28)
Warning: In design 'soc_ctrl_multiclk_soc', port 'aes_pt_ext[70]' is not connected to any nets. (LINT-28)
Warning: In design 'soc_ctrl_multiclk_soc', port 'aes_pt_ext[69]' is not connected to any nets. (LINT-28)
Warning: In design 'soc_ctrl_multiclk_soc', port 'aes_pt_ext[68]' is not connected to any nets. (LINT-28)
Warning: In design 'soc_ctrl_multiclk_soc', port 'aes_pt_ext[67]' is not connected to any nets. (LINT-28)
Warning: In design 'soc_ctrl_multiclk_soc', port 'aes_pt_ext[66]' is not connected to any nets. (LINT-28)
Warning: In design 'soc_ctrl_multiclk_soc', port 'aes_pt_ext[65]' is not connected to any nets. (LINT-28)
Warning: In design 'soc_ctrl_multiclk_soc', port 'aes_pt_ext[64]' is not connected to any nets. (LINT-28)
Warning: In design 'soc_ctrl_multiclk_soc', port 'aes_pt_ext[63]' is not connected to any nets. (LINT-28)
Warning: In design 'soc_ctrl_multiclk_soc', port 'aes_pt_ext[62]' is not connected to any nets. (LINT-28)
Warning: In design 'soc_ctrl_multiclk_soc', port 'aes_pt_ext[61]' is not connected to any nets. (LINT-28)
Warning: In design 'soc_ctrl_multiclk_soc', port 'aes_pt_ext[60]' is not connected to any nets. (LINT-28)
Warning: In design 'soc_ctrl_multiclk_soc', port 'aes_pt_ext[59]' is not connected to any nets. (LINT-28)
Warning: In design 'soc_ctrl_multiclk_soc', port 'aes_pt_ext[58]' is not connected to any nets. (LINT-28)
Warning: In design 'soc_ctrl_multiclk_soc', port 'aes_pt_ext[57]' is not connected to any nets. (LINT-28)
Warning: In design 'soc_ctrl_multiclk_soc', port 'aes_pt_ext[56]' is not connected to any nets. (LINT-28)
Warning: In design 'soc_ctrl_multiclk_soc', port 'aes_pt_ext[55]' is not connected to any nets. (LINT-28)
Warning: In design 'soc_ctrl_multiclk_soc', port 'aes_pt_ext[54]' is not connected to any nets. (LINT-28)
Warning: In design 'soc_ctrl_multiclk_soc', port 'aes_pt_ext[53]' is not connected to any nets. (LINT-28)
Warning: In design 'soc_ctrl_multiclk_soc', port 'aes_pt_ext[52]' is not connected to any nets. (LINT-28)
Warning: In design 'soc_ctrl_multiclk_soc', port 'aes_pt_ext[51]' is not connected to any nets. (LINT-28)
Warning: In design 'soc_ctrl_multiclk_soc', port 'aes_pt_ext[50]' is not connected to any nets. (LINT-28)
Warning: In design 'soc_ctrl_multiclk_soc', port 'aes_pt_ext[49]' is not connected to any nets. (LINT-28)
Warning: In design 'soc_ctrl_multiclk_soc', port 'aes_pt_ext[48]' is not connected to any nets. (LINT-28)
Warning: In design 'soc_ctrl_multiclk_soc', port 'aes_pt_ext[47]' is not connected to any nets. (LINT-28)
Warning: In design 'soc_ctrl_multiclk_soc', port 'aes_pt_ext[46]' is not connected to any nets. (LINT-28)
Warning: In design 'soc_ctrl_multiclk_soc', port 'aes_pt_ext[45]' is not connected to any nets. (LINT-28)
Warning: In design 'soc_ctrl_multiclk_soc', port 'aes_pt_ext[44]' is not connected to any nets. (LINT-28)
Warning: In design 'soc_ctrl_multiclk_soc', port 'aes_pt_ext[43]' is not connected to any nets. (LINT-28)
Warning: In design 'soc_ctrl_multiclk_soc', port 'aes_pt_ext[42]' is not connected to any nets. (LINT-28)
Warning: In design 'soc_ctrl_multiclk_soc', port 'aes_pt_ext[41]' is not connected to any nets. (LINT-28)
Warning: In design 'soc_ctrl_multiclk_soc', port 'aes_pt_ext[40]' is not connected to any nets. (LINT-28)
Warning: In design 'soc_ctrl_multiclk_soc', port 'aes_pt_ext[39]' is not connected to any nets. (LINT-28)
Warning: In design 'soc_ctrl_multiclk_soc', port 'aes_pt_ext[38]' is not connected to any nets. (LINT-28)
Warning: In design 'soc_ctrl_multiclk_soc', port 'aes_pt_ext[37]' is not connected to any nets. (LINT-28)
Warning: In design 'soc_ctrl_multiclk_soc', port 'aes_pt_ext[36]' is not connected to any nets. (LINT-28)
Warning: In design 'soc_ctrl_multiclk_soc', port 'aes_pt_ext[35]' is not connected to any nets. (LINT-28)
Warning: In design 'soc_ctrl_multiclk_soc', port 'aes_pt_ext[34]' is not connected to any nets. (LINT-28)
Warning: In design 'soc_ctrl_multiclk_soc', port 'aes_pt_ext[33]' is not connected to any nets. (LINT-28)
Warning: In design 'soc_ctrl_multiclk_soc', port 'aes_pt_ext[32]' is not connected to any nets. (LINT-28)
Warning: In design 'soc_ctrl_multiclk_soc', port 'aes_pt_ext[31]' is not connected to any nets. (LINT-28)
Warning: In design 'soc_ctrl_multiclk_soc', port 'aes_pt_ext[30]' is not connected to any nets. (LINT-28)
Warning: In design 'soc_ctrl_multiclk_soc', port 'aes_pt_ext[29]' is not connected to any nets. (LINT-28)
Warning: In design 'soc_ctrl_multiclk_soc', port 'aes_pt_ext[28]' is not connected to any nets. (LINT-28)
Warning: In design 'soc_ctrl_multiclk_soc', port 'aes_pt_ext[27]' is not connected to any nets. (LINT-28)
Warning: In design 'soc_ctrl_multiclk_soc', port 'aes_pt_ext[26]' is not connected to any nets. (LINT-28)
Warning: In design 'soc_ctrl_multiclk_soc', port 'aes_pt_ext[25]' is not connected to any nets. (LINT-28)
Warning: In design 'soc_ctrl_multiclk_soc', port 'aes_pt_ext[24]' is not connected to any nets. (LINT-28)
Warning: In design 'soc_ctrl_multiclk_soc', port 'aes_pt_ext[23]' is not connected to any nets. (LINT-28)
Warning: In design 'soc_ctrl_multiclk_soc', port 'aes_pt_ext[22]' is not connected to any nets. (LINT-28)
Warning: In design 'soc_ctrl_multiclk_soc', port 'aes_pt_ext[21]' is not connected to any nets. (LINT-28)
Warning: In design 'soc_ctrl_multiclk_soc', port 'aes_pt_ext[20]' is not connected to any nets. (LINT-28)
Warning: In design 'soc_ctrl_multiclk_soc', port 'aes_pt_ext[19]' is not connected to any nets. (LINT-28)
Warning: In design 'soc_ctrl_multiclk_soc', port 'aes_pt_ext[18]' is not connected to any nets. (LINT-28)
Warning: In design 'soc_ctrl_multiclk_soc', port 'aes_pt_ext[17]' is not connected to any nets. (LINT-28)
Warning: In design 'soc_ctrl_multiclk_soc', port 'aes_pt_ext[16]' is not connected to any nets. (LINT-28)
Warning: In design 'soc_ctrl_multiclk_soc', port 'aes_pt_ext[15]' is not connected to any nets. (LINT-28)
Warning: In design 'soc_ctrl_multiclk_soc', port 'aes_pt_ext[14]' is not connected to any nets. (LINT-28)
Warning: In design 'soc_ctrl_multiclk_soc', port 'aes_pt_ext[13]' is not connected to any nets. (LINT-28)
Warning: In design 'soc_ctrl_multiclk_soc', port 'aes_pt_ext[12]' is not connected to any nets. (LINT-28)
Warning: In design 'soc_ctrl_multiclk_soc', port 'aes_pt_ext[11]' is not connected to any nets. (LINT-28)
Warning: In design 'soc_ctrl_multiclk_soc', port 'aes_pt_ext[10]' is not connected to any nets. (LINT-28)
Warning: In design 'soc_ctrl_multiclk_soc', port 'aes_pt_ext[9]' is not connected to any nets. (LINT-28)
Warning: In design 'soc_ctrl_multiclk_soc', port 'aes_pt_ext[8]' is not connected to any nets. (LINT-28)
Warning: In design 'soc_ctrl_multiclk_soc', port 'aes_pt_ext[7]' is not connected to any nets. (LINT-28)
Warning: In design 'soc_ctrl_multiclk_soc', port 'aes_pt_ext[6]' is not connected to any nets. (LINT-28)
Warning: In design 'soc_ctrl_multiclk_soc', port 'aes_pt_ext[5]' is not connected to any nets. (LINT-28)
Warning: In design 'soc_ctrl_multiclk_soc', port 'aes_pt_ext[4]' is not connected to any nets. (LINT-28)
Warning: In design 'soc_ctrl_multiclk_soc', port 'aes_pt_ext[3]' is not connected to any nets. (LINT-28)
Warning: In design 'soc_ctrl_multiclk_soc', port 'aes_pt_ext[2]' is not connected to any nets. (LINT-28)
Warning: In design 'soc_ctrl_multiclk_soc', port 'aes_pt_ext[1]' is not connected to any nets. (LINT-28)
Warning: In design 'soc_ctrl_multiclk_soc', port 'aes_pt_ext[0]' is not connected to any nets. (LINT-28)
Warning: In design 'soc_ctrl_multiclk_soc', port 'aes_vec_valid' is not connected to any nets. (LINT-28)
Warning: In design 'soc_ctrl_multiclk_soc', port 'scan_in' is not connected to any nets. (LINT-28)
Warning: In design 'soc_ctrl_multiclk_soc', port 'scan_out' is not connected to any nets. (LINT-28)
Warning: In design 'soc_ctrl_multiclk_soc', the same net is connected to more than one pin on submodule 'u_ct_cdc'. (LINT-33)
   Net 'rst_n' is connected to pins 'rst_n_src', 'rst_n_dst''.
Warning: In design 'soc_ctrl_multiclk_soc', the same net is connected to more than one pin on submodule 'u_send_cdc'. (LINT-33)
   Net 'rst_n' is connected to pins 'rst_n_src', 'rst_n_dst''.
1
