Warning: Reference PLL contains internal pins with clock attribute. (TIM-103)
Information: Updating design information... (UID-85)
Warning: Design 'top_mcu_pll_sram_multiclk_soc' contains 1 high-fanout nets. A fanout number of 1000 will be used for delay calculations involving these nets. (TIM-134)
 
****************************************
Report : qor
Design : top_mcu_pll_sram_multiclk_soc
Version: W-2024.09-SP5-5
Date   : Mon Apr 13 16:12:25 2026
****************************************


  Timing Path Group 'INS'
  -----------------------------------
  Levels of Logic:               4.00
  Critical Path Length:          1.47
  Critical Path Slack:          -0.90
  Critical Path Clk Period:      1.83
  Total Negative Slack:         -4.26
  No. of Violating Paths:        5.00
  Worst Hold Violation:          0.00
  Total Hold Violation:          0.00
  No. of Hold Violations:        0.00
  -----------------------------------

  Timing Path Group 'OUTS'
  -----------------------------------
  Levels of Logic:               0.00
  Critical Path Length:          0.30
  Critical Path Slack:           0.33
  Critical Path Clk Period:      7.30
  Total Negative Slack:          0.00
  No. of Violating Paths:        0.00
  Worst Hold Violation:          0.00
  Total Hold Violation:          0.00
  No. of Hold Violations:        0.00
  -----------------------------------

  Timing Path Group 'clk_div2'
  -----------------------------------
  Levels of Logic:              14.00
  Critical Path Length:          9.19
  Critical Path Slack:          -5.78
  Critical Path Clk Period:      3.65
  Total Negative Slack:       -842.64
  No. of Violating Paths:      213.00
  Worst Hold Violation:          0.00
  Total Hold Violation:          0.00
  No. of Hold Violations:        0.00
  -----------------------------------

  Timing Path Group 'clk_div4'
  -----------------------------------
  Levels of Logic:               4.00
  Critical Path Length:          7.05
  Critical Path Slack:           0.01
  Critical Path Clk Period:      7.30
  Total Negative Slack:          0.00
  No. of Violating Paths:        0.00
  Worst Hold Violation:          0.00
  Total Hold Violation:          0.00
  No. of Hold Violations:        0.00
  -----------------------------------

  Timing Path Group 'clk_fast'
  -----------------------------------
  Levels of Logic:               3.00
  Critical Path Length:          2.03
  Critical Path Slack:          -0.46
  Critical Path Clk Period:      1.83
  Total Negative Slack:         -2.08
  No. of Violating Paths:        6.00
  Worst Hold Violation:          0.00
  Total Hold Violation:          0.00
  No. of Hold Violations:        0.00
  -----------------------------------

  Timing Path Group 'clk_fast_aes'
  -----------------------------------
  Levels of Logic:              18.00
  Critical Path Length:          4.67
  Critical Path Slack:          -3.09
  Critical Path Clk Period:      1.83
  Total Negative Slack:      -1786.01
  No. of Violating Paths:      965.00
  Worst Hold Violation:          0.00
  Total Hold Violation:          0.00
  No. of Hold Violations:        0.00
  -----------------------------------


  Cell Count
  -----------------------------------
  Hierarchical Cell Count:         10
  Hierarchical Port Count:        813
  Leaf Cell Count:              12100
  Buf/Inv Cell Count:            2436
  Buf Cell Count:                 818
  Inv Cell Count:                1618
  CT Buf/Inv Cell Count:            1
  Combinational Cell Count:     10693
  Sequential Cell Count:         1407
  Macro Count:                      0
  -----------------------------------


  Area
  -----------------------------------
  Combinational Area:    23100.927409
  Noncombinational Area: 12836.305449
  Buf/Inv Area:           4066.304087
  Total Buffer Area:          1871.01
  Total Inverter Area:        2195.30
  Macro/Black Box Area:  31230.701660
  Net Area:              13117.132818
  -----------------------------------
  Cell Area:             67167.934518
  Design Area:           80285.067335


  Design Rules
  -----------------------------------
  Total Number of Nets:         12629
  Nets With Violations:             0
  Max Trans Violations:             0
  Max Cap Violations:               0
  -----------------------------------


  Hostname: SGP3

  Compile CPU Statistics
  -----------------------------------------
  Resource Sharing:                    0.00
  Logic Optimization:                  0.18
  Mapping Optimization:               23.06
  -----------------------------------------
  Overall Compile Time:               32.18
  Overall Compile Wall Clock Time:    32.96

  --------------------------------------------------------------------

  Design  WNS: 5.78  TNS: 2633.48  Number of Violating Paths: 1185


  Design (Hold)  WNS: 0.00  TNS: 0.00  Number of Violating Paths: 0

  --------------------------------------------------------------------


1
