 
****************************************
Report : timing
        -path full
        -delay max
        -max_paths 1
Design : top_mcu_pll_sram_multiclk_soc
Version: W-2024.09-SP5-5
Date   : Mon Apr 13 16:12:25 2026
****************************************

 # A fanout number of 1000 was used for high fanout net computations.

Operating Conditions: ff1p16v125c   Library: saed32rvt_ff1p16v125c
Wire Load Model Mode: enclosed

  Startpoint: start (input port clocked by ref_clk)
  Endpoint: u_ctrl/aes_start_reg
            (rising edge-triggered flip-flop clocked by clk_fast)
  Path Group: INS
  Path Type: max

  Des/Clust/Port     Wire Load Model       Library
  ------------------------------------------------
  top_mcu_pll_sram_multiclk_soc
                     70000                 saed32rvt_ff1p16v125c
  soc_ctrl_multiclk_soc
                     70000                 saed32rvt_ff1p16v125c

  Point                                                   Incr       Path
  --------------------------------------------------------------------------
  clock ref_clk (rise edge)                               0.00       0.00
  clock network delay (ideal)                             0.00       0.00
  input external delay                                    1.00       1.00 r
  start (in)                                              0.00       1.00 r
  u_ctrl/start_ext (soc_ctrl_multiclk_soc)                0.00       1.00 r
  u_ctrl/U10/Y (OR2X1_RVT)                                0.44       1.44 r
  u_ctrl/U845/Y (NAND3X1_RVT)                             0.11       1.55 f
  u_ctrl/U137/Y (DELLN1X2_RVT)                            0.42       1.97 f
  u_ctrl/U957/Y (OAI21X1_RVT)                             0.42       2.39 r
  u_ctrl/aes_start_reg/D (SDFFARX1_RVT)                   0.08       2.47 r
  data arrival time                                                  2.47

  clock clk_fast (rise edge)                              1.83       1.83
  clock network delay (ideal)                             0.00       1.83
  clock uncertainty                                      -0.20       1.62
  u_ctrl/aes_start_reg/CLK (SDFFARX1_RVT)                 0.00       1.62 r
  library setup time                                     -0.05       1.57
  data required time                                                 1.57
  --------------------------------------------------------------------------
  data required time                                                 1.57
  data arrival time                                                 -2.47
  --------------------------------------------------------------------------
  slack (VIOLATED)                                                  -0.90


  Startpoint: u_ctrl/done_reg
              (rising edge-triggered flip-flop clocked by clk_fast)
  Endpoint: done (output port clocked by ref_clk)
  Path Group: OUTS
  Path Type: max

  Des/Clust/Port     Wire Load Model       Library
  ------------------------------------------------
  top_mcu_pll_sram_multiclk_soc
                     70000                 saed32rvt_ff1p16v125c

  Point                                    Incr       Path
  -----------------------------------------------------------
  clock clk_fast (rise edge)               5.48       5.48
  clock network delay (ideal)              0.00       5.48
  u_ctrl/done_reg/CLK (SDFFARX1_RVT)       0.00       5.48 r
  u_ctrl/done_reg/Q (SDFFARX1_RVT)         0.06       5.53 f
  u_ctrl/done (soc_ctrl_multiclk_soc)      0.00       5.53 f
  done (out)                               0.24       5.77 f
  data arrival time                                   5.77

  clock ref_clk (rise edge)                7.30       7.30
  clock network delay (ideal)              0.00       7.30
  clock uncertainty                       -0.20       7.10
  output external delay                   -1.00       6.10
  data required time                                  6.10
  -----------------------------------------------------------
  data required time                                  6.10
  data arrival time                                  -5.77
  -----------------------------------------------------------
  slack (MET)                                         0.33


  Startpoint: u_ctrl/byte_idx_reg[1]
              (rising edge-triggered flip-flop clocked by clk_div2)
  Endpoint: u_ctrl/fail_reg
            (rising edge-triggered flip-flop clocked by clk_div2)
  Path Group: clk_div2
  Path Type: max

  Des/Clust/Port     Wire Load Model       Library
  ------------------------------------------------
  top_mcu_pll_sram_multiclk_soc
                     70000                 saed32rvt_ff1p16v125c
  soc_ctrl_multiclk_soc
                     70000                 saed32rvt_ff1p16v125c

  Point                                                   Incr       Path
  --------------------------------------------------------------------------
  clock clk_div2 (rise edge)                              0.00       0.00
  clock network delay (ideal)                             0.00       0.00
  u_ctrl/byte_idx_reg[1]/CLK (SDFFARX2_RVT)               0.00       0.00 r
  u_ctrl/byte_idx_reg[1]/QN (SDFFARX2_RVT)                0.05       0.05 r
  u_ctrl/U58/Y (DELLN1X2_RVT)                             0.97       1.01 r
  u_ctrl/U841/Y (NBUFFX2_RVT)                             0.45       1.47 r
  u_ctrl/U817/Y (NBUFFX2_RVT)                             0.41       1.88 r
  u_ctrl/U32/Y (AND4X2_RVT)                               3.16       5.04 r
  u_ctrl/U18/Y (NBUFFX2_RVT)                              0.41       5.45 r
  u_ctrl/U95/Y (AOI22X2_RVT)                              2.09       7.54 f
  u_ctrl/U57/Y (NAND4X1_RVT)                              0.12       7.66 r
  u_ctrl/U477/Y (AOI21X1_RVT)                             0.12       7.78 f
  u_ctrl/U483/Y (NAND2X0_RVT)                             0.11       7.89 r
  u_ctrl/U629/Y (IBUFFX2_RVT)                             0.43       8.32 f
  u_ctrl/U497/Y (AOI22X1_RVT)                             0.44       8.76 r
  u_ctrl/U498/Y (OA221X1_RVT)                             0.12       8.88 r
  u_ctrl/U525/Y (NAND4X0_RVT)                             0.12       8.99 f
  u_ctrl/U935/Y (AO21X1_RVT)                              0.11       9.11 f
  u_ctrl/fail_reg/D (SDFFARX1_RVT)                        0.08       9.19 f
  data arrival time                                                  9.19

  clock clk_div2 (rise edge)                              3.65       3.65
  clock network delay (ideal)                             0.00       3.65
  clock uncertainty                                      -0.20       3.45
  u_ctrl/fail_reg/CLK (SDFFARX1_RVT)                      0.00       3.45 r
  library setup time                                     -0.04       3.41
  data required time                                                 3.41
  --------------------------------------------------------------------------
  data required time                                                 3.41
  data arrival time                                                 -9.19
  --------------------------------------------------------------------------
  slack (VIOLATED)                                                  -5.78


  Startpoint: u_ctrl/tx_cnt_div4_reg[0]
              (rising edge-triggered flip-flop clocked by clk_div4)
  Endpoint: u_ctrl/tx_cnt_div4_reg[4]
            (rising edge-triggered flip-flop clocked by clk_div4)
  Path Group: clk_div4
  Path Type: max

  Des/Clust/Port     Wire Load Model       Library
  ------------------------------------------------
  top_mcu_pll_sram_multiclk_soc
                     70000                 saed32rvt_ff1p16v125c
  soc_ctrl_multiclk_soc
                     70000                 saed32rvt_ff1p16v125c

  Point                                                   Incr       Path
  --------------------------------------------------------------------------
  clock clk_div4 (rise edge)                              0.00       0.00
  clock network delay (ideal)                             0.00       0.00
  u_ctrl/tx_cnt_div4_reg[0]/CLK (SDFFARX1_RVT)            0.00       0.00 r
  u_ctrl/tx_cnt_div4_reg[0]/Q (SDFFARX1_RVT)              0.07       0.07 f
  u_ctrl/U381/Y (NAND4X0_RVT)                             5.56       5.63 r
  u_ctrl/U66/Y (INVX0_RVT)                                1.10       6.74 f
  u_ctrl/U384/Y (OA222X1_RVT)                             0.12       6.86 f
  u_ctrl/U385/Y (AO22X1_RVT)                              0.11       6.97 f
  u_ctrl/tx_cnt_div4_reg[4]/D (SDFFARX1_RVT)              0.08       7.05 f
  data arrival time                                                  7.05

  clock clk_div4 (rise edge)                              7.30       7.30
  clock network delay (ideal)                             0.00       7.30
  clock uncertainty                                      -0.20       7.10
  u_ctrl/tx_cnt_div4_reg[4]/CLK (SDFFARX1_RVT)            0.00       7.10 r
  library setup time                                     -0.04       7.06
  data required time                                                 7.06
  --------------------------------------------------------------------------
  data required time                                                 7.06
  data arrival time                                                 -7.05
  --------------------------------------------------------------------------
  slack (MET)                                                        0.01


  Startpoint: u_ctrl/crc_done_hold_reg
              (rising edge-triggered flip-flop clocked by clk_fast)
  Endpoint: u_ctrl/pass_reg
            (rising edge-triggered flip-flop clocked by clk_fast)
  Path Group: clk_fast
  Path Type: max

  Des/Clust/Port     Wire Load Model       Library
  ------------------------------------------------
  top_mcu_pll_sram_multiclk_soc
                     70000                 saed32rvt_ff1p16v125c
  soc_ctrl_multiclk_soc
                     70000                 saed32rvt_ff1p16v125c

  Point                                                   Incr       Path
  --------------------------------------------------------------------------
  clock clk_fast (rise edge)                              0.00       0.00
  clock network delay (ideal)                             0.00       0.00
  u_ctrl/crc_done_hold_reg/CLK (SDFFARX1_RVT)             0.00       0.00 r
  u_ctrl/crc_done_hold_reg/Q (SDFFARX1_RVT)               0.06       0.06 r
  u_ctrl/U854/Y (NAND4X1_RVT)                             0.39       0.45 f
  u_ctrl/U855/Y (IBUFFX2_RVT)                             0.45       0.90 r
  u_ctrl/U853/Y (OA222X1_RVT)                             1.05       1.95 r
  u_ctrl/pass_reg/D (SDFFARX1_RVT)                        0.08       2.03 r
  data arrival time                                                  2.03

  clock clk_fast (rise edge)                              1.83       1.83
  clock network delay (ideal)                             0.00       1.83
  clock uncertainty                                      -0.20       1.62
  u_ctrl/pass_reg/CLK (SDFFARX1_RVT)                      0.00       1.62 r
  library setup time                                     -0.05       1.57
  data required time                                                 1.57
  --------------------------------------------------------------------------
  data required time                                                 1.57
  data arrival time                                                 -2.03
  --------------------------------------------------------------------------
  slack (VIOLATED)                                                  -0.46


  Startpoint: u_ctrl/u_aes/state_reg[104]
              (rising edge-triggered flip-flop clocked by clk_fast_aes)
  Endpoint: u_ctrl/u_aes/state_reg[40]
            (rising edge-triggered flip-flop clocked by clk_fast_aes)
  Path Group: clk_fast_aes
  Path Type: max

  Des/Clust/Port     Wire Load Model       Library
  ------------------------------------------------
  soc_ctrl_multiclk_soc
                     70000                 saed32rvt_ff1p16v125c
  aes128_core        35000                 saed32rvt_ff1p16v125c

  Point                                                   Incr       Path
  --------------------------------------------------------------------------
  clock clk_fast_aes (rise edge)                          0.00       0.00
  clock network delay (ideal)                             0.00       0.00
  u_ctrl/u_aes/state_reg[104]/CLK (SDFFARX1_RVT)          0.00       0.00 r
  u_ctrl/u_aes/state_reg[104]/Q (SDFFARX1_RVT)            0.07       0.07 r
  u_ctrl/u_aes/U3379/Y (NAND2X0_RVT)                      0.56       0.62 f
  u_ctrl/u_aes/U2506/Y (INVX0_RVT)                        0.14       0.77 r
  u_ctrl/u_aes/U3400/Y (NAND2X0_RVT)                      0.39       1.16 f
  u_ctrl/u_aes/U2140/Y (INVX0_RVT)                        0.14       1.30 r
  u_ctrl/u_aes/U3418/Y (NAND2X0_RVT)                      0.59       1.89 f
  u_ctrl/u_aes/U3444/Y (AND2X1_RVT)                       0.56       2.45 f
  u_ctrl/u_aes/U3447/Y (AND4X1_RVT)                       0.08       2.53 f
  u_ctrl/u_aes/U3448/Y (OA221X1_RVT)                      0.07       2.60 f
  u_ctrl/u_aes/U3449/Y (NAND2X0_RVT)                      0.12       2.73 r
  u_ctrl/u_aes/U3483/Y (OA22X1_RVT)                       0.07       2.80 r
  u_ctrl/u_aes/U5087/Y (AO222X1_RVT)                      0.06       2.86 r
  u_ctrl/u_aes/U159/Y (XOR2X1_RVT)                        0.87       3.73 f
  u_ctrl/u_aes/U9098/Y (INVX0_RVT)                        0.72       4.45 r
  u_ctrl/u_aes/U9108/Y (INVX0_RVT)                        0.06       4.51 f
  u_ctrl/u_aes/U9099/Y (AO22X1_RVT)                       0.03       4.54 f
  u_ctrl/u_aes/U8139/Y (XNOR3X1_RVT)                      0.05       4.59 r
  u_ctrl/u_aes/U9118/Y (AOI22X1_RVT)                      0.04       4.63 f
  u_ctrl/u_aes/U8600/Y (NAND2X0_RVT)                      0.02       4.66 r
  u_ctrl/u_aes/state_reg[40]/D (SDFFARX1_RVT)             0.01       4.67 r
  data arrival time                                                  4.67

  clock clk_fast_aes (rise edge)                          1.83       1.83
  clock network delay (ideal)                             0.00       1.83
  clock uncertainty                                      -0.20       1.62
  u_ctrl/u_aes/state_reg[40]/CLK (SDFFARX1_RVT)           0.00       1.62 r
  library setup time                                     -0.05       1.57
  data required time                                                 1.57
  --------------------------------------------------------------------------
  data required time                                                 1.57
  data arrival time                                                 -4.67
  --------------------------------------------------------------------------
  slack (VIOLATED)                                                  -3.09


1
