Warning: Reference PLL contains internal pins with clock attribute. (TIM-103)
Information: Updating design information... (UID-85)
Warning: Design 'top_mcu_pll_sram_multiclk_soc' contains 1 high-fanout nets. A fanout number of 1000 will be used for delay calculations involving these nets. (TIM-134)
 
****************************************
Report : qor
Design : top_mcu_pll_sram_multiclk_soc
Version: W-2024.09-SP5-5
Date   : Sat Apr 11 20:49:44 2026
****************************************


  Timing Path Group 'INS'
  -----------------------------------
  Levels of Logic:               4.00
  Critical Path Length:          0.24
  Critical Path Slack:           0.00
  Critical Path Clk Period:      1.50
  Total Negative Slack:          0.00
  No. of Violating Paths:        0.00
  Worst Hold Violation:          0.00
  Total Hold Violation:          0.00
  No. of Hold Violations:        0.00
  -----------------------------------

  Timing Path Group 'OUTS'
  -----------------------------------
  Levels of Logic:               0.00
  Critical Path Length:          0.17
  Critical Path Slack:           0.13
  Critical Path Clk Period:      6.00
  Total Negative Slack:          0.00
  No. of Violating Paths:        0.00
  Worst Hold Violation:          0.00
  Total Hold Violation:          0.00
  No. of Hold Violations:        0.00
  -----------------------------------

  Timing Path Group 'clk_div2'
  -----------------------------------
  Levels of Logic:               1.00
  Critical Path Length:          0.25
  Critical Path Slack:           0.99
  Critical Path Clk Period:      3.00
  Total Negative Slack:          0.00
  No. of Violating Paths:        0.00
  Worst Hold Violation:         -0.02
  Total Hold Violation:         -0.21
  No. of Hold Violations:       12.00
  -----------------------------------

  Timing Path Group 'clk_div4'
  -----------------------------------
  Levels of Logic:               1.00
  Critical Path Length:          0.20
  Critical Path Slack:           1.04
  Critical Path Clk Period:      6.00
  Total Negative Slack:          0.00
  No. of Violating Paths:        0.00
  Worst Hold Violation:          0.00
  Total Hold Violation:          0.00
  No. of Hold Violations:        0.00
  -----------------------------------

  Timing Path Group 'clk_fast'
  -----------------------------------
  Levels of Logic:              14.00
  Critical Path Length:          1.24
  Critical Path Slack:           0.00
  Critical Path Clk Period:      1.50
  Total Negative Slack:          0.00
  No. of Violating Paths:        0.00
  Worst Hold Violation:          0.00
  Total Hold Violation:          0.00
  No. of Hold Violations:        0.00
  -----------------------------------


  Cell Count
  -----------------------------------
  Hierarchical Cell Count:          4
  Hierarchical Port Count:        722
  Leaf Cell Count:              15424
  Buf/Inv Cell Count:            1806
  Buf Cell Count:                 213
  Inv Cell Count:                1593
  CT Buf/Inv Cell Count:            1
  Combinational Cell Count:     13889
  Sequential Cell Count:         1535
  Macro Count:                      0
  -----------------------------------


  Area
  -----------------------------------
  Combinational Area:    32624.974008
  Noncombinational Area: 10939.882807
  Buf/Inv Area:           2530.003546
  Total Buffer Area:           455.68
  Total Inverter Area:        2074.32
  Macro/Black Box Area:  31230.701660
  Net Area:              13775.383196
  -----------------------------------
  Cell Area:             74795.558475
  Design Area:           88570.941671


  Design Rules
  -----------------------------------
  Total Number of Nets:         16005
  Nets With Violations:             0
  Max Trans Violations:             0
  Max Cap Violations:               0
  -----------------------------------


  Hostname: SGP3

  Compile CPU Statistics
  -----------------------------------------
  Resource Sharing:                    0.00
  Logic Optimization:                  0.19
  Mapping Optimization:                2.42
  -----------------------------------------
  Overall Compile Time:                7.16
  Overall Compile Wall Clock Time:     7.82

  --------------------------------------------------------------------

  Design  WNS: 0.00  TNS: 0.00  Number of Violating Paths: 0


  Design (Hold)  WNS: 0.02  TNS: 0.21  Number of Violating Paths: 12

  --------------------------------------------------------------------


1
