 
****************************************
Report : timing
        -path full
        -delay max
        -max_paths 1
Design : top_mcu_pll_sram_multiclk_soc
Version: W-2024.09-SP5-5
Date   : Sat Apr 11 20:49:44 2026
****************************************

 # A fanout number of 1000 was used for high fanout net computations.

Operating Conditions: ss0p95v125c   Library: saed32rvt_ss0p95v125c
Wire Load Model Mode: enclosed

  Startpoint: start (input port clocked by ref_clk)
  Endpoint: u_ctrl/pass_reg
            (rising edge-triggered flip-flop clocked by clk_fast)
  Path Group: INS
  Path Type: max

  Des/Clust/Port     Wire Load Model       Library
  ------------------------------------------------
  top_mcu_pll_sram_multiclk_soc
                     ForQA                 saed32rvt_ss0p95v125c
  soc_ctrl_multiclk_soc
                     70000                 saed32rvt_ss0p95v125c

  Point                                                   Incr       Path
  --------------------------------------------------------------------------
  clock ref_clk (rise edge)                               0.00       0.00
  clock network delay (ideal)                             0.00       0.00
  input external delay                                    1.00       1.00 f
  start (in)                                              0.00       1.00 f
  u_ctrl/start_ext (soc_ctrl_multiclk_soc)                0.00       1.00 f
  u_ctrl/U120/Y (OR2X1_RVT)                               0.06       1.06 f
  u_ctrl/U40/Y (AND3X1_RVT)                               0.09       1.15 f
  u_ctrl/U184/Y (INVX0_RVT)                               0.03       1.18 r
  u_ctrl/U186/Y (AO22X1_RVT)                              0.06       1.24 r
  u_ctrl/pass_reg/D (DFFARX1_RVT)                         0.00       1.24 r
  data arrival time                                                  1.24

  clock clk_fast (rise edge)                              1.50       1.50
  clock network delay (ideal)                             0.00       1.50
  clock uncertainty                                      -0.20       1.30
  u_ctrl/pass_reg/CLK (DFFARX1_RVT)                       0.00       1.30 r
  library setup time                                     -0.06       1.24
  data required time                                                 1.24
  --------------------------------------------------------------------------
  data required time                                                 1.24
  data arrival time                                                 -1.24
  --------------------------------------------------------------------------
  slack (MET)                                                        0.00


  Startpoint: u_ctrl/done_reg
              (rising edge-triggered flip-flop clocked by clk_fast)
  Endpoint: done (output port clocked by ref_clk)
  Path Group: OUTS
  Path Type: max

  Des/Clust/Port     Wire Load Model       Library
  ------------------------------------------------
  top_mcu_pll_sram_multiclk_soc
                     ForQA                 saed32rvt_ss0p95v125c

  Point                                    Incr       Path
  -----------------------------------------------------------
  clock clk_fast (rise edge)               4.50       4.50
  clock network delay (ideal)              0.00       4.50
  u_ctrl/done_reg/CLK (DFFARX1_RVT)        0.00       4.50 r
  u_ctrl/done_reg/Q (DFFARX1_RVT)          0.17       4.67 r
  u_ctrl/done (soc_ctrl_multiclk_soc)      0.00       4.67 r
  done (out)                               0.00       4.67 r
  data arrival time                                   4.67

  clock ref_clk (rise edge)                6.00       6.00
  clock network delay (ideal)              0.00       6.00
  clock uncertainty                       -0.20       5.80
  output external delay                   -1.00       4.80
  data required time                                  4.80
  -----------------------------------------------------------
  data required time                                  4.80
  data arrival time                                  -4.67
  -----------------------------------------------------------
  slack (MET)                                         0.13


  Startpoint: u_ctrl/ct_hold_fast_reg[29]
              (rising edge-triggered flip-flop clocked by clk_fast)
  Endpoint: u_ctrl/ct_hold_div2_reg[29]
            (rising edge-triggered flip-flop clocked by clk_div2)
  Path Group: clk_div2
  Path Type: max

  Des/Clust/Port     Wire Load Model       Library
  ------------------------------------------------
  top_mcu_pll_sram_multiclk_soc
                     ForQA                 saed32rvt_ss0p95v125c
  soc_ctrl_multiclk_soc
                     70000                 saed32rvt_ss0p95v125c

  Point                                                   Incr       Path
  --------------------------------------------------------------------------
  clock clk_fast (rise edge)                              1.50       1.50
  clock network delay (ideal)                             0.00       1.50
  u_ctrl/ct_hold_fast_reg[29]/CLK (DFFARX1_RVT)           0.00       1.50 r
  u_ctrl/ct_hold_fast_reg[29]/Q (DFFARX1_RVT)             0.17       1.67 r
  u_ctrl/U1063/Y (AO22X1_RVT)                             0.08       1.75 r
  u_ctrl/ct_hold_div2_reg[29]/D (DFFARX1_RVT)             0.00       1.75 r
  data arrival time                                                  1.75

  clock clk_div2 (rise edge)                              3.00       3.00
  clock network delay (ideal)                             0.00       3.00
  clock uncertainty                                      -0.20       2.80
  u_ctrl/ct_hold_div2_reg[29]/CLK (DFFARX1_RVT)           0.00       2.80 r
  library setup time                                     -0.06       2.74
  data required time                                                 2.74
  --------------------------------------------------------------------------
  data required time                                                 2.74
  data arrival time                                                 -1.75
  --------------------------------------------------------------------------
  slack (MET)                                                        0.99


  Startpoint: u_ctrl/done_reg
              (rising edge-triggered flip-flop clocked by clk_fast)
  Endpoint: u_ctrl/start_uart_cmd_reg
            (rising edge-triggered flip-flop clocked by clk_div4)
  Path Group: clk_div4
  Path Type: max

  Des/Clust/Port     Wire Load Model       Library
  ------------------------------------------------
  top_mcu_pll_sram_multiclk_soc
                     ForQA                 saed32rvt_ss0p95v125c
  soc_ctrl_multiclk_soc
                     70000                 saed32rvt_ss0p95v125c

  Point                                                   Incr       Path
  --------------------------------------------------------------------------
  clock clk_fast (rise edge)                              4.50       4.50
  clock network delay (ideal)                             0.00       4.50
  u_ctrl/done_reg/CLK (DFFARX1_RVT)                       0.00       4.50 r
  u_ctrl/done_reg/QN (DFFARX1_RVT)                        0.12       4.62 r
  u_ctrl/U183/Y (AO22X1_RVT)                              0.08       4.70 r
  u_ctrl/start_uart_cmd_reg/D (DFFARX1_RVT)               0.00       4.70 r
  data arrival time                                                  4.70

  clock clk_div4 (rise edge)                              6.00       6.00
  clock network delay (ideal)                             0.00       6.00
  clock uncertainty                                      -0.20       5.80
  u_ctrl/start_uart_cmd_reg/CLK (DFFARX1_RVT)             0.00       5.80 r
  library setup time                                     -0.06       5.74
  data required time                                                 5.74
  --------------------------------------------------------------------------
  data required time                                                 5.74
  data arrival time                                                 -4.70
  --------------------------------------------------------------------------
  slack (MET)                                                        1.04


  Startpoint: u_ctrl/u_aes/state_reg[121]
              (rising edge-triggered flip-flop clocked by clk_fast)
  Endpoint: u_ctrl/u_aes/state_reg[112]
            (rising edge-triggered flip-flop clocked by clk_fast)
  Path Group: clk_fast
  Path Type: max

  Des/Clust/Port     Wire Load Model       Library
  ------------------------------------------------
  soc_ctrl_multiclk_soc
                     70000                 saed32rvt_ss0p95v125c
  aes128_core        70000                 saed32rvt_ss0p95v125c

  Point                                                   Incr       Path
  --------------------------------------------------------------------------
  clock clk_fast (rise edge)                              0.00       0.00
  clock network delay (ideal)                             0.00       0.00
  u_ctrl/u_aes/state_reg[121]/CLK (DFFARX1_RVT)           0.00       0.00 r
  u_ctrl/u_aes/state_reg[121]/Q (DFFARX1_RVT)             0.18       0.18 r
  u_ctrl/u_aes/U2096/Y (INVX2_RVT)                        0.02       0.20 f
  u_ctrl/u_aes/U2487/Y (INVX2_RVT)                        0.05       0.25 r
  u_ctrl/u_aes/U2871/Y (OR2X1_RVT)                        0.07       0.32 r
  u_ctrl/u_aes/U885/Y (OR2X1_RVT)                         0.07       0.39 r
  u_ctrl/u_aes/U3925/Y (INVX0_RVT)                        0.03       0.42 f
  u_ctrl/u_aes/U3928/Y (OR2X1_RVT)                        0.06       0.49 f
  u_ctrl/u_aes/U3929/Y (NOR3X0_RVT)                       0.09       0.58 r
  u_ctrl/u_aes/U3930/Y (NOR2X0_RVT)                       0.07       0.65 f
  u_ctrl/u_aes/U1662/Y (OAI22X1_RVT)                      0.08       0.73 r
  u_ctrl/u_aes/U1661/Y (AO21X1_RVT)                       0.11       0.84 r
  u_ctrl/u_aes/U4043/Y (XNOR2X2_RVT)                      0.11       0.95 r
  u_ctrl/u_aes/U4177/Y (XOR3X2_RVT)                       0.17       1.12 f
  u_ctrl/u_aes/U4178/Y (NOR2X0_RVT)                       0.08       1.19 r
  u_ctrl/u_aes/U4179/Y (OR2X1_RVT)                        0.05       1.24 r
  u_ctrl/u_aes/state_reg[112]/D (DFFARX2_RVT)             0.00       1.24 r
  data arrival time                                                  1.24

  clock clk_fast (rise edge)                              1.50       1.50
  clock network delay (ideal)                             0.00       1.50
  clock uncertainty                                      -0.20       1.30
  u_ctrl/u_aes/state_reg[112]/CLK (DFFARX2_RVT)           0.00       1.30 r
  library setup time                                     -0.06       1.24
  data required time                                                 1.24
  --------------------------------------------------------------------------
  data required time                                                 1.24
  data arrival time                                                 -1.24
  --------------------------------------------------------------------------
  slack (MET)                                                        0.00


1
