****************************************
Report : constraint
	-all_violators
	-path slack_only
Design : top_mcu_pll_sram_multiclk_soc
Version: W-2024.09-SP5-3
Date   : Tue Apr 14 21:18:13 2026
****************************************






   max_capacitance

                             Required        Actual
   Pin                      Capacitance    Capacitance       Slack
   -----------------------------------------------------------------
   u_ctrl/U257/Y             82.0000        89.6154        -7.6154  (VIOLATED)
   u_ctrl/u_crc/U35/Y        32.0000        35.1667        -3.1667  (VIOLATED)
   u_ctrl/u_crc/U33/Y        16.0000        17.6812        -1.6812  (VIOLATED)
   u_ctrl/u_crc/U34/Y        16.0000        17.6812        -1.6812  (VIOLATED)
   u_ctrl/u_aes/U8293/Y      16.0000        17.5564        -1.5564  (VIOLATED)
   u_ctrl/u_aes/U8308/Y      16.0000        17.5564        -1.5564  (VIOLATED)
   u_ctrl/u_aes/U8317/Y      16.0000        17.5564        -1.5564  (VIOLATED)
   u_ctrl/u_aes/U8337/Y      16.0000        17.5564        -1.5564  (VIOLATED)
   u_ctrl/u_aes/U8353/Y      16.0000        17.5564        -1.5564  (VIOLATED)
   u_ctrl/u_aes/U8391/Y      16.0000        17.5564        -1.5564  (VIOLATED)
   u_ctrl/u_aes/U8396/Y      16.0000        17.5564        -1.5564  (VIOLATED)
   u_ctrl/u_aes/U8465/Y      16.0000        17.5564        -1.5564  (VIOLATED)
   u_ctrl/u_aes/U8559/Y      16.0000        17.5564        -1.5564  (VIOLATED)
   u_ctrl/u_aes/U8613/Y      16.0000        17.5564        -1.5564  (VIOLATED)
   u_ctrl/u_aes/U8675/Y      16.0000        17.5564        -1.5564  (VIOLATED)
   u_ctrl/u_aes/U8683/Y      16.0000        17.5564        -1.5564  (VIOLATED)
   u_ctrl/u_aes/U8692/Y      16.0000        17.5564        -1.5564  (VIOLATED)
   u_ctrl/u_aes/U8706/Y      16.0000        17.5564        -1.5564  (VIOLATED)
   u_ctrl/u_aes/U8738/Y      16.0000        17.5564        -1.5564  (VIOLATED)
   u_ctrl/u_aes/U8788/Y      16.0000        17.5564        -1.5564  (VIOLATED)
   u_ctrl/u_aes/U8794/Y      16.0000        17.5564        -1.5564  (VIOLATED)
   u_ctrl/u_aes/U8827/Y      16.0000        17.5564        -1.5564  (VIOLATED)
   u_ctrl/u_aes/U8839/Y      16.0000        17.5564        -1.5564  (VIOLATED)
   u_ctrl/u_aes/U8859/Y      16.0000        17.5564        -1.5564  (VIOLATED)
   u_ctrl/u_aes/U8890/Y      16.0000        17.5564        -1.5564  (VIOLATED)
   u_ctrl/u_aes/U8897/Y      16.0000        17.5564        -1.5564  (VIOLATED)
   u_ctrl/u_aes/U8940/Y      16.0000        17.5564        -1.5564  (VIOLATED)
   u_ctrl/u_aes/U8956/Y      16.0000        17.5564        -1.5564  (VIOLATED)
   u_ctrl/u_aes/U8995/Y      16.0000        17.5564        -1.5564  (VIOLATED)
   u_ctrl/u_aes/U9054/Y      16.0000        17.5564        -1.5564  (VIOLATED)
   u_ctrl/u_aes/U9118/Y      16.0000        17.5564        -1.5564  (VIOLATED)
   u_ctrl/u_aes/U9147/Y      16.0000        17.5564        -1.5564  (VIOLATED)
   u_ctrl/u_aes/U9184/Y      16.0000        17.5564        -1.5564  (VIOLATED)
   u_ctrl/u_aes/U9185/Y      16.0000        17.5564        -1.5564  (VIOLATED)
   u_ctrl/u_aes/U9201/Y      16.0000        17.5564        -1.5564  (VIOLATED)
   u_ctrl/u_aes/U9202/Y      16.0000        17.5564        -1.5564  (VIOLATED)
   u_ctrl/u_aes/U9203/Y      16.0000        17.5564        -1.5564  (VIOLATED)
   u_ctrl/u_aes/U9204/Y      16.0000        17.5564        -1.5564  (VIOLATED)
   u_ctrl/u_aes/U9205/Y      16.0000        17.5564        -1.5564  (VIOLATED)
   u_ctrl/u_aes/U9220/Y      16.0000        17.5564        -1.5564  (VIOLATED)
   u_ctrl/u_crc/U36/Y        16.0000        17.5564        -1.5564  (VIOLATED)
   u_ctrl/u_rx/U24/Y         16.0000        17.5564        -1.5564  (VIOLATED)
   u_ctrl/u_rx/U25/Y         16.0000        17.5564        -1.5564  (VIOLATED)
   u_ctrl/u_rx/U26/Y         16.0000        17.5564        -1.5564  (VIOLATED)
   u_ctrl/u_rx/U27/Y         16.0000        17.5564        -1.5564  (VIOLATED)
   u_ctrl/u_tx/U29/Y         16.0000        17.5564        -1.5564  (VIOLATED)
   u_ctrl/u_tx/U30/Y         16.0000        17.5564        -1.5564  (VIOLATED)
   u_ctrl/u_aes/U8673/Y      16.0000        17.5464        -1.5464  (VIOLATED)
   u_ctrl/u_aes/U8339/Y      16.0000        17.5464        -1.5464  (VIOLATED)
   u_ctrl/u_aes/U8447/Y      16.0000        17.5464        -1.5464  (VIOLATED)
   u_ctrl/u_aes/U9152/Y      16.0000        17.5464        -1.5464  (VIOLATED)
   u_ctrl/u_aes/U9207/Y      16.0000        17.5364        -1.5364  (VIOLATED)
   u_ctrl/u_aes/U9206/Y      16.0000        17.5165        -1.5165  (VIOLATED)
   u_ctrl/u_aes/U9208/Y      16.0000        17.0954        -1.0954  (VIOLATED)
   u_ctrl/u_aes/U9210/Y      16.0000        17.0954        -1.0954  (VIOLATED)
   u_ctrl/u_rx/U3/Y           8.0000         9.0721        -1.0721  (VIOLATED)
   u_ctrl/u_tx/U36/Y          8.0000         9.0623        -1.0623  (VIOLATED)
   u_ctrl/U132/Y              8.0000         8.9934        -0.9934  (VIOLATED)
   u_ctrl/u_rx/U153/Y         8.0000         8.9934        -0.9934  (VIOLATED)
   u_ctrl/tx_start_reg/Q      8.0000         8.9435        -0.9435  (VIOLATED)
   u_ctrl/u_send_cdc/pulse_dst_reg/Q   8.0000   8.8423     -0.8423  (VIOLATED)
   u_ctrl/U231/Y              8.0000         8.8223        -0.8223  (VIOLATED)
   u_ctrl/u_rx/U51/Y          8.0000         8.7861        -0.7861  (VIOLATED)
   u_ctrl/u_rx/U53/Y          8.0000         8.7434        -0.7434  (VIOLATED)
   u_ctrl/u_aes/U9232/Y      16.0000        16.6792        -0.6792  (VIOLATED)
   u_ctrl/u_crc/U60/SO        8.0000         8.3021        -0.3021  (VIOLATED)
   u_ctrl/u_aes/U9242/Y       8.0000         8.2375        -0.2375  (VIOLATED)
   u_ctrl/u_aes/U9318/Y       8.0000         8.2375        -0.2375  (VIOLATED)
   u_ctrl/u_crc/U54/SO        8.0000         8.1949        -0.1949  (VIOLATED)
   u_ctrl/U715/Y              8.0000         8.1598        -0.1598  (VIOLATED)
   u_ctrl/u_aes/U9252/Y       8.0000         8.1563        -0.1563  (VIOLATED)
   u_ctrl/u_crc/U37/Y        16.0000        16.1542        -0.1542  (VIOLATED)
   u_ctrl/u_aes/U460/Y        8.0000         8.1521        -0.1521  (VIOLATED)
   u_ctrl/U112/Y              8.0000         8.0846        -0.0846  (VIOLATED)
   u_ctrl/u_tx/U67/Y          8.0000         8.0622        -0.0622  (VIOLATED)
   u_ctrl/U121/Y              8.0000         8.0527        -0.0527  (VIOLATED)
   u_ctrl/u_crc/U22/Y         8.0000         8.0292        -0.0292  (VIOLATED)
   u_ctrl/u_crc/U23/Y         8.0000         8.0292        -0.0292  (VIOLATED)


1
