****************************************
Report : constraint
	-all_violators
	-path slack_only
Design : top_mcu_pll_sram_multiclk_soc
Version: W-2024.09-SP5-3
Date   : Tue Apr 14 23:20:27 2026
****************************************






   max_capacitance

                             Required        Actual
   Pin                      Capacitance    Capacitance       Slack
   -----------------------------------------------------------------
   u_ctrl/U365/Y             16.0000        17.8178        -1.8178  (VIOLATED)
   u_ctrl/U366/Y             16.0000        17.8178        -1.8178  (VIOLATED)
   u_ctrl/U367/Y             16.0000        17.8178        -1.8178  (VIOLATED)
   u_ctrl/U368/Y             16.0000        17.8178        -1.8178  (VIOLATED)
   u_ctrl/U369/Y             16.0000        17.8178        -1.8178  (VIOLATED)
   u_ctrl/U370/Y             16.0000        17.8178        -1.8178  (VIOLATED)
   u_ctrl/U371/Y             16.0000        17.8178        -1.8178  (VIOLATED)
   u_ctrl/U372/Y             16.0000        17.8178        -1.8178  (VIOLATED)
   u_ctrl/U373/Y             16.0000        17.8178        -1.8178  (VIOLATED)
   u_ctrl/U374/Y             16.0000        17.8178        -1.8178  (VIOLATED)
   u_ctrl/U375/Y             16.0000        17.8178        -1.8178  (VIOLATED)
   u_ctrl/U376/Y             16.0000        17.8178        -1.8178  (VIOLATED)
   u_ctrl/U377/Y             16.0000        17.8178        -1.8178  (VIOLATED)
   u_ctrl/U378/Y             16.0000        17.8178        -1.8178  (VIOLATED)
   u_ctrl/U379/Y             16.0000        17.8178        -1.8178  (VIOLATED)
   u_ctrl/U380/Y             16.0000        17.8178        -1.8178  (VIOLATED)
   u_ctrl/U381/Y             16.0000        17.8178        -1.8178  (VIOLATED)
   u_ctrl/U382/Y             16.0000        17.8178        -1.8178  (VIOLATED)
   u_ctrl/U383/Y             16.0000        17.8178        -1.8178  (VIOLATED)
   u_ctrl/u_aes/U8939/Y      16.0000        17.8178        -1.8178  (VIOLATED)
   u_ctrl/u_aes/U8940/Y      16.0000        17.8178        -1.8178  (VIOLATED)
   u_ctrl/u_aes/U8941/Y      16.0000        17.8178        -1.8178  (VIOLATED)
   u_ctrl/u_aes/U8942/Y      16.0000        17.8178        -1.8178  (VIOLATED)
   u_ctrl/u_aes/U8943/Y      16.0000        17.8178        -1.8178  (VIOLATED)
   u_ctrl/u_aes/U8944/Y      16.0000        17.8178        -1.8178  (VIOLATED)
   u_ctrl/u_aes/U8945/Y      16.0000        17.8178        -1.8178  (VIOLATED)
   u_ctrl/u_aes/U8946/Y      16.0000        17.8178        -1.8178  (VIOLATED)
   u_ctrl/u_aes/U8947/Y      16.0000        17.8178        -1.8178  (VIOLATED)
   u_ctrl/u_aes/U8948/Y      16.0000        17.8178        -1.8178  (VIOLATED)
   u_ctrl/u_aes/U8949/Y      16.0000        17.8178        -1.8178  (VIOLATED)
   u_ctrl/u_aes/U8950/Y      16.0000        17.8178        -1.8178  (VIOLATED)
   u_ctrl/u_aes/U8951/Y      16.0000        17.8178        -1.8178  (VIOLATED)
   u_ctrl/u_aes/U8952/Y      16.0000        17.8178        -1.8178  (VIOLATED)
   u_ctrl/u_aes/U8953/Y      16.0000        17.8178        -1.8178  (VIOLATED)
   u_ctrl/u_aes/U8954/Y      16.0000        17.8178        -1.8178  (VIOLATED)
   u_ctrl/u_aes/U8955/Y      16.0000        17.8178        -1.8178  (VIOLATED)
   u_ctrl/u_aes/U8956/Y      16.0000        17.8178        -1.8178  (VIOLATED)
   u_ctrl/u_aes/U8957/Y      16.0000        17.8178        -1.8178  (VIOLATED)
   u_ctrl/u_aes/U8959/Y      16.0000        17.8178        -1.8178  (VIOLATED)
   u_ctrl/u_aes/U8960/Y      16.0000        17.8178        -1.8178  (VIOLATED)
   u_ctrl/u_aes/U8961/Y      16.0000        17.8178        -1.8178  (VIOLATED)
   u_ctrl/u_aes/U8963/Y      16.0000        17.8178        -1.8178  (VIOLATED)
   u_ctrl/u_aes/U8964/Y      16.0000        17.8178        -1.8178  (VIOLATED)
   u_ctrl/u_aes/U8965/Y      16.0000        17.8178        -1.8178  (VIOLATED)
   u_ctrl/u_aes/U8966/Y      16.0000        17.8178        -1.8178  (VIOLATED)
   u_ctrl/u_aes/U8968/Y      16.0000        17.8178        -1.8178  (VIOLATED)
   u_ctrl/u_aes/U8958/Y      16.0000        17.8037        -1.8037  (VIOLATED)
   u_ctrl/u_aes/U8967/Y      16.0000        17.8037        -1.8037  (VIOLATED)
   u_ctrl/u_aes/U8969/Y      16.0000        17.7897        -1.7897  (VIOLATED)
   u_ctrl/u_aes/U8970/Y      16.0000        17.7756        -1.7756  (VIOLATED)
   u_ctrl/U364/Y             16.0000        17.6846        -1.6846  (VIOLATED)
   u_ctrl/U211/Y             16.0000        17.5932        -1.5932  (VIOLATED)
   u_ctrl/U212/Y             16.0000        17.5932        -1.5932  (VIOLATED)
   u_ctrl/U356/Y             16.0000        17.4382        -1.4382  (VIOLATED)
   u_ctrl/u_aes/U7953/Y      16.0000        17.4382        -1.4382  (VIOLATED)
   u_ctrl/U169/Y              8.0000         9.3771        -1.3771  (VIOLATED)
   u_ctrl/U588/Y              8.0000         9.3587        -1.3587  (VIOLATED)
   u_ctrl/U334/Y              8.0000         9.3306        -1.3306  (VIOLATED)
   u_ctrl/U1625/Y             8.0000         9.3098        -1.3098  (VIOLATED)
   u_ctrl/U357/Y             16.0000        17.3009        -1.3009  (VIOLATED)
   u_ctrl/U358/Y             16.0000        17.3009        -1.3009  (VIOLATED)
   u_ctrl/U360/Y             16.0000        17.3009        -1.3009  (VIOLATED)
   u_ctrl/U361/Y             16.0000        17.3009        -1.3009  (VIOLATED)
   u_ctrl/u_aes/U7949/Y      16.0000        17.3009        -1.3009  (VIOLATED)
   u_ctrl/u_aes/U7951/Y      16.0000        17.3009        -1.3009  (VIOLATED)
   u_ctrl/u_aes/U7952/Y      16.0000        17.3009        -1.3009  (VIOLATED)
   u_ctrl/u_aes/U7955/Y      16.0000        17.3009        -1.3009  (VIOLATED)
   u_ctrl/u_aes/U7956/Y      16.0000        17.3009        -1.3009  (VIOLATED)
   u_ctrl/u_aes/U7961/Y      16.0000        17.3009        -1.3009  (VIOLATED)
   u_ctrl/u_aes/U7962/Y      16.0000        17.3009        -1.3009  (VIOLATED)
   u_ctrl/u_aes/U7964/Y      16.0000        17.3009        -1.3009  (VIOLATED)
   u_ctrl/u_aes/U7965/Y      16.0000        17.3009        -1.3009  (VIOLATED)
   u_ctrl/u_aes/U7966/Y      16.0000        17.3009        -1.3009  (VIOLATED)
   u_ctrl/u_aes/U7967/Y      16.0000        17.3009        -1.3009  (VIOLATED)
   u_ctrl/u_aes/U7968/Y      16.0000        17.3009        -1.3009  (VIOLATED)
   u_ctrl/u_aes/U7969/Y      16.0000        17.3009        -1.3009  (VIOLATED)
   u_ctrl/u_aes/U7971/Y      16.0000        17.3009        -1.3009  (VIOLATED)
   u_ctrl/u_aes/U7973/Y      16.0000        17.3009        -1.3009  (VIOLATED)
   u_ctrl/u_aes/U7974/Y      16.0000        17.3009        -1.3009  (VIOLATED)
   u_ctrl/u_aes/U7954/Y      16.0000        17.2869        -1.2869  (VIOLATED)
   u_ctrl/u_aes/U7958/Y      16.0000        17.2869        -1.2869  (VIOLATED)
   u_ctrl/u_aes/U7960/Y      16.0000        17.2869        -1.2869  (VIOLATED)
   u_ctrl/u_aes/U7963/Y      16.0000        17.2869        -1.2869  (VIOLATED)
   u_ctrl/u_aes/U7970/Y      16.0000        17.2869        -1.2869  (VIOLATED)
   u_ctrl/u_aes/U7972/Y      16.0000        17.2869        -1.2869  (VIOLATED)
   u_ctrl/U185/Y              8.0000         9.2571        -1.2571  (VIOLATED)
   u_ctrl/U336/Y              8.0000         9.2571        -1.2571  (VIOLATED)
   u_ctrl/U4/Y                8.0000         9.1895        -1.1895  (VIOLATED)
   u_ctrl/U392/Y              8.0000         9.1115        -1.1115  (VIOLATED)
   u_ctrl/tx_start_reg/Q      8.0000         9.0597        -1.0597  (VIOLATED)
   u_ctrl/U631/Y              8.0000         9.0323        -1.0323  (VIOLATED)
   u_ctrl/U269/Y              8.0000         9.0267        -1.0267  (VIOLATED)
   u_ctrl/U622/Y              8.0000         8.9938        -0.9938  (VIOLATED)
   u_ctrl/U1227/Y             8.0000         8.9696        -0.9696  (VIOLATED)
   u_ctrl/U587/Y              8.0000         8.8571        -0.8571  (VIOLATED)
   u_ctrl/U359/Y             16.0000        16.7841        -0.7841  (VIOLATED)
   u_ctrl/u_aes/U7950/Y      16.0000        16.5595        -0.5595  (VIOLATED)
   u_ctrl/u_aes/U2625/Y       8.0000         8.4519        -0.4519  (VIOLATED)
   u_ctrl/U483/SO             8.0000         8.4261        -0.4261  (VIOLATED)
   u_ctrl/U515/SO             8.0000         8.4011        -0.4011  (VIOLATED)
   u_ctrl/U118/Y              8.0000         8.3979        -0.3979  (VIOLATED)
   u_ctrl/u_aes/U7957/Y       8.0000         8.3438        -0.3438  (VIOLATED)
   u_ctrl/U517/SO             8.0000         8.3401        -0.3401  (VIOLATED)
   u_ctrl/u_aes/U2701/Y       8.0000         8.3246        -0.3246  (VIOLATED)
   u_ctrl/U119/Y              8.0000         8.3165        -0.3165  (VIOLATED)
   u_ctrl/U1470/Y             8.0000         8.2997        -0.2997  (VIOLATED)
   u_ctrl/u_aes/U8971/Y      16.0000        16.2979        -0.2979  (VIOLATED)
   u_ctrl/U172/Y              8.0000         8.2859        -0.2859  (VIOLATED)
   u_ctrl/U173/Y              8.0000         8.2859        -0.2859  (VIOLATED)
   u_ctrl/U164/Y              8.0000         8.2849        -0.2849  (VIOLATED)
   u_ctrl/U171/Y              8.0000         8.2826        -0.2826  (VIOLATED)
   u_ctrl/U155/Y              8.0000         8.2780        -0.2780  (VIOLATED)
   u_ctrl/U157/Y              8.0000         8.2524        -0.2524  (VIOLATED)
   u_ctrl/U153/Y              8.0000         8.2491        -0.2491  (VIOLATED)
   u_ctrl/U403/Y              8.0000         8.2349        -0.2349  (VIOLATED)
   u_ctrl/U177/Y              8.0000         8.1894        -0.1894  (VIOLATED)
   u_ctrl/u_aes/U8962/Y      16.0000        16.1747        -0.1747  (VIOLATED)
   u_ctrl/U161/Y              8.0000         8.1671        -0.1671  (VIOLATED)
   u_ctrl/U142/Y              8.0000         8.1639        -0.1639  (VIOLATED)
   u_ctrl/U71/Y               8.0000         8.1363        -0.1363  (VIOLATED)
   u_ctrl/U152/Y              8.0000         8.0968        -0.0968  (VIOLATED)
   u_ctrl/U409/Y              8.0000         8.0837        -0.0837  (VIOLATED)
   u_ctrl/U139/Y              8.0000         8.0783        -0.0783  (VIOLATED)
   u_ctrl/U168/Y              8.0000         8.0641        -0.0641  (VIOLATED)
   u_ctrl/U205/Y              8.0000         8.0481        -0.0481  (VIOLATED)
   u_ctrl/U149/Y              8.0000         8.0405        -0.0405  (VIOLATED)
   u_ctrl/U116/Y              8.0000         8.0208        -0.0208  (VIOLATED)
   u_ctrl/u_send_cdc_pulse_dst_reg/Q   8.0000   8.0112     -0.0112  (VIOLATED)


1
