****************************************
Report : analysis_coverage
Design : top_mcu_pll_sram_multiclk_soc
Version: W-2024.09-SP5-3
Date   : Thu Apr 16 10:24:40 2026
****************************************

Type of Check         Total              Met         Violated         Untested
--------------------------------------------------------------------------------
setup                  4585      1546 ( 34%)         0 (  0%)      3039 ( 66%)
hold                   4583      1544 ( 34%)         0 (  0%)      3039 ( 66%)
recovery               1532         0 (  0%)         0 (  0%)      1532 (100%)
removal                1532         0 (  0%)         0 (  0%)      1532 (100%)
min_pulse_width        4597      3065 ( 67%)         0 (  0%)      1532 ( 33%)
clock_gating_setup        1         1 (100%)         0 (  0%)         0 (  0%)
clock_gating_hold         1         1 (100%)         0 (  0%)         0 (  0%)
out_setup                 3         3 (100%)         0 (  0%)         0 (  0%)
out_hold                  3         3 (100%)         0 (  0%)         0 (  0%)
--------------------------------------------------------------------------------
All Checks            16837      6163 ( 37%)         0 (  0%)     10674 ( 63%)

1
