****************************************
Report : timing
	-path_type full_clock_expanded
	-delay_type max
	-nosplit
	-input_pins
	-slack_lesser_than 0.0000
	-max_paths 25
	-sort_by slack
Design : top_mcu_pll_sram_multiclk_soc
Version: W-2024.09-SP5-3
Date   : Wed Apr 15 22:15:08 2026
****************************************


  Startpoint: u_ctrl/u_ct_cdc/pulse_dst_reg (rising edge-triggered flip-flop clocked by ref_clk)
  Endpoint: u_ctrl/ct_hold_div2_reg_36_ (rising edge-triggered flip-flop clocked by ref_clk)
  Path Group: ref_clk
  Path Type: max

  Point                                                            Incr       Path
  ---------------------------------------------------------------------------------------
  clock ref_clk (rise edge)                                      0.0000     0.0000
  clock network delay (ideal)                                    0.0000     0.0000
  u_ctrl/u_ct_cdc/pulse_dst_reg/CLK (SDFFARX1_RVT)               0.0000     0.0000 r
  u_ctrl/u_ct_cdc/pulse_dst_reg/Q (SDFFARX1_RVT)                 0.0751     0.0751 f
  u_ctrl/U494/A (NBUFFX8_RVT)                                    0.5064     0.5816 f
  u_ctrl/U494/Y (NBUFFX8_RVT)                                    0.0460     0.6276 f
  u_ctrl/DFTC_12/A (NBUFFX2_RVT)                               176.9357   177.5633 f
  u_ctrl/DFTC_12/Y (NBUFFX2_RVT)                                 0.0534   177.6167 f
  u_ctrl/U651/A (INVX2_RVT)                                     13.9607   191.5774 f
  u_ctrl/U651/Y (INVX2_RVT)                                      0.0353   191.6127 r
  u_ctrl/U761/A3 (AO22X1_RVT)                                    8.3958   200.0085 r
  u_ctrl/U761/Y (AO22X1_RVT)                                     0.0300   200.0384 r
  u_ctrl/ct_hold_div2_reg_36_/D (SDFFARX1_RVT)                   0.0109   200.0493 r
  data arrival time                                                       200.0493

  clock ref_clk (rise edge)                                      8.0000     8.0000
  clock network delay (ideal)                                    0.0000     8.0000
  u_ctrl/ct_hold_div2_reg_36_/CLK (SDFFARX1_RVT)                            8.0000 r
  clock reconvergence pessimism                                  0.0000     8.0000
  clock uncertainty                                             -0.1600     7.8400
  library setup time                                            -0.0524     7.7876
  data required time                                                        7.7876
  ---------------------------------------------------------------------------------------
  data required time                                                        7.7876
  data arrival time                                                       -200.0493
  ---------------------------------------------------------------------------------------
  slack (VIOLATED)                                                        -192.2616


  Startpoint: u_ctrl/u_ct_cdc/pulse_dst_reg (rising edge-triggered flip-flop clocked by ref_clk)
  Endpoint: u_ctrl/ct_hold_div2_reg_61_ (rising edge-triggered flip-flop clocked by ref_clk)
  Path Group: ref_clk
  Path Type: max

  Point                                                            Incr       Path
  ---------------------------------------------------------------------------------------
  clock ref_clk (rise edge)                                      0.0000     0.0000
  clock network delay (ideal)                                    0.0000     0.0000
  u_ctrl/u_ct_cdc/pulse_dst_reg/CLK (SDFFARX1_RVT)               0.0000     0.0000 r
  u_ctrl/u_ct_cdc/pulse_dst_reg/Q (SDFFARX1_RVT)                 0.0751     0.0751 f
  u_ctrl/U494/A (NBUFFX8_RVT)                                    0.5064     0.5816 f
  u_ctrl/U494/Y (NBUFFX8_RVT)                                    0.0460     0.6276 f
  u_ctrl/DFTC_12/A (NBUFFX2_RVT)                               176.9357   177.5633 f
  u_ctrl/DFTC_12/Y (NBUFFX2_RVT)                                 0.0534   177.6167 f
  u_ctrl/U651/A (INVX2_RVT)                                     13.9607   191.5774 f
  u_ctrl/U651/Y (INVX2_RVT)                                      0.0353   191.6127 r
  u_ctrl/U732/A3 (AO22X1_RVT)                                    8.3958   200.0085 r
  u_ctrl/U732/Y (AO22X1_RVT)                                     0.0300   200.0384 r
  u_ctrl/ct_hold_div2_reg_61_/D (SDFFARX1_RVT)                   0.0109   200.0493 r
  data arrival time                                                       200.0493

  clock ref_clk (rise edge)                                      8.0000     8.0000
  clock network delay (ideal)                                    0.0000     8.0000
  u_ctrl/ct_hold_div2_reg_61_/CLK (SDFFARX1_RVT)                            8.0000 r
  clock reconvergence pessimism                                  0.0000     8.0000
  clock uncertainty                                             -0.1600     7.8400
  library setup time                                            -0.0524     7.7876
  data required time                                                        7.7876
  ---------------------------------------------------------------------------------------
  data required time                                                        7.7876
  data arrival time                                                       -200.0493
  ---------------------------------------------------------------------------------------
  slack (VIOLATED)                                                        -192.2616


  Startpoint: u_ctrl/u_ct_cdc/pulse_dst_reg (rising edge-triggered flip-flop clocked by ref_clk)
  Endpoint: u_ctrl/ct_hold_div2_reg_62_ (rising edge-triggered flip-flop clocked by ref_clk)
  Path Group: ref_clk
  Path Type: max

  Point                                                            Incr       Path
  ---------------------------------------------------------------------------------------
  clock ref_clk (rise edge)                                      0.0000     0.0000
  clock network delay (ideal)                                    0.0000     0.0000
  u_ctrl/u_ct_cdc/pulse_dst_reg/CLK (SDFFARX1_RVT)               0.0000     0.0000 r
  u_ctrl/u_ct_cdc/pulse_dst_reg/Q (SDFFARX1_RVT)                 0.0751     0.0751 f
  u_ctrl/U494/A (NBUFFX8_RVT)                                    0.5064     0.5816 f
  u_ctrl/U494/Y (NBUFFX8_RVT)                                    0.0460     0.6276 f
  u_ctrl/DFTC_12/A (NBUFFX2_RVT)                               176.9357   177.5633 f
  u_ctrl/DFTC_12/Y (NBUFFX2_RVT)                                 0.0534   177.6167 f
  u_ctrl/U651/A (INVX2_RVT)                                     13.9607   191.5774 f
  u_ctrl/U651/Y (INVX2_RVT)                                      0.0353   191.6127 r
  u_ctrl/U731/A3 (AO22X1_RVT)                                    8.3958   200.0085 r
  u_ctrl/U731/Y (AO22X1_RVT)                                     0.0300   200.0384 r
  u_ctrl/ct_hold_div2_reg_62_/D (SDFFARX1_RVT)                   0.0109   200.0493 r
  data arrival time                                                       200.0493

  clock ref_clk (rise edge)                                      8.0000     8.0000
  clock network delay (ideal)                                    0.0000     8.0000
  u_ctrl/ct_hold_div2_reg_62_/CLK (SDFFARX1_RVT)                            8.0000 r
  clock reconvergence pessimism                                  0.0000     8.0000
  clock uncertainty                                             -0.1600     7.8400
  library setup time                                            -0.0524     7.7876
  data required time                                                        7.7876
  ---------------------------------------------------------------------------------------
  data required time                                                        7.7876
  data arrival time                                                       -200.0493
  ---------------------------------------------------------------------------------------
  slack (VIOLATED)                                                        -192.2616


  Startpoint: u_ctrl/u_ct_cdc/pulse_dst_reg (rising edge-triggered flip-flop clocked by ref_clk)
  Endpoint: u_ctrl/ct_hold_div2_reg_25_ (rising edge-triggered flip-flop clocked by ref_clk)
  Path Group: ref_clk
  Path Type: max

  Point                                                            Incr       Path
  ---------------------------------------------------------------------------------------
  clock ref_clk (rise edge)                                      0.0000     0.0000
  clock network delay (ideal)                                    0.0000     0.0000
  u_ctrl/u_ct_cdc/pulse_dst_reg/CLK (SDFFARX1_RVT)               0.0000     0.0000 r
  u_ctrl/u_ct_cdc/pulse_dst_reg/Q (SDFFARX1_RVT)                 0.0751     0.0751 f
  u_ctrl/U494/A (NBUFFX8_RVT)                                    0.5064     0.5816 f
  u_ctrl/U494/Y (NBUFFX8_RVT)                                    0.0460     0.6276 f
  u_ctrl/DFTC_12/A (NBUFFX2_RVT)                               176.9357   177.5633 f
  u_ctrl/DFTC_12/Y (NBUFFX2_RVT)                                 0.0534   177.6167 f
  u_ctrl/U651/A (INVX2_RVT)                                     13.9607   191.5774 f
  u_ctrl/U651/Y (INVX2_RVT)                                      0.0353   191.6127 r
  u_ctrl/U630/A3 (AO22X1_RVT)                                    8.3958   200.0085 r
  u_ctrl/U630/Y (AO22X1_RVT)                                     0.0300   200.0384 r
  u_ctrl/ct_hold_div2_reg_25_/D (SDFFARX1_RVT)                   0.0109   200.0493 r
  data arrival time                                                       200.0493

  clock ref_clk (rise edge)                                      8.0000     8.0000
  clock network delay (ideal)                                    0.0000     8.0000
  u_ctrl/ct_hold_div2_reg_25_/CLK (SDFFARX1_RVT)                            8.0000 r
  clock reconvergence pessimism                                  0.0000     8.0000
  clock uncertainty                                             -0.1600     7.8400
  library setup time                                            -0.0524     7.7876
  data required time                                                        7.7876
  ---------------------------------------------------------------------------------------
  data required time                                                        7.7876
  data arrival time                                                       -200.0493
  ---------------------------------------------------------------------------------------
  slack (VIOLATED)                                                        -192.2616


  Startpoint: u_ctrl/u_ct_cdc/pulse_dst_reg (rising edge-triggered flip-flop clocked by ref_clk)
  Endpoint: u_ctrl/ct_hold_div2_reg_65_ (rising edge-triggered flip-flop clocked by ref_clk)
  Path Group: ref_clk
  Path Type: max

  Point                                                            Incr       Path
  ---------------------------------------------------------------------------------------
  clock ref_clk (rise edge)                                      0.0000     0.0000
  clock network delay (ideal)                                    0.0000     0.0000
  u_ctrl/u_ct_cdc/pulse_dst_reg/CLK (SDFFARX1_RVT)               0.0000     0.0000 r
  u_ctrl/u_ct_cdc/pulse_dst_reg/Q (SDFFARX1_RVT)                 0.0751     0.0751 f
  u_ctrl/U494/A (NBUFFX8_RVT)                                    0.5064     0.5816 f
  u_ctrl/U494/Y (NBUFFX8_RVT)                                    0.0460     0.6276 f
  u_ctrl/DFTC_12/A (NBUFFX2_RVT)                               176.9357   177.5633 f
  u_ctrl/DFTC_12/Y (NBUFFX2_RVT)                                 0.0534   177.6167 f
  u_ctrl/U651/A (INVX2_RVT)                                     13.9607   191.5774 f
  u_ctrl/U651/Y (INVX2_RVT)                                      0.0353   191.6127 r
  u_ctrl/U728/A3 (AO22X1_RVT)                                    8.3958   200.0085 r
  u_ctrl/U728/Y (AO22X1_RVT)                                     0.0300   200.0384 r
  u_ctrl/ct_hold_div2_reg_65_/D (SDFFARX1_RVT)                   0.0109   200.0493 r
  data arrival time                                                       200.0493

  clock ref_clk (rise edge)                                      8.0000     8.0000
  clock network delay (ideal)                                    0.0000     8.0000
  u_ctrl/ct_hold_div2_reg_65_/CLK (SDFFARX1_RVT)                            8.0000 r
  clock reconvergence pessimism                                  0.0000     8.0000
  clock uncertainty                                             -0.1600     7.8400
  library setup time                                            -0.0524     7.7876
  data required time                                                        7.7876
  ---------------------------------------------------------------------------------------
  data required time                                                        7.7876
  data arrival time                                                       -200.0493
  ---------------------------------------------------------------------------------------
  slack (VIOLATED)                                                        -192.2616


  Startpoint: u_ctrl/u_ct_cdc/pulse_dst_reg (rising edge-triggered flip-flop clocked by ref_clk)
  Endpoint: u_ctrl/ct_hold_div2_reg_29_ (rising edge-triggered flip-flop clocked by ref_clk)
  Path Group: ref_clk
  Path Type: max

  Point                                                            Incr       Path
  ---------------------------------------------------------------------------------------
  clock ref_clk (rise edge)                                      0.0000     0.0000
  clock network delay (ideal)                                    0.0000     0.0000
  u_ctrl/u_ct_cdc/pulse_dst_reg/CLK (SDFFARX1_RVT)               0.0000     0.0000 r
  u_ctrl/u_ct_cdc/pulse_dst_reg/Q (SDFFARX1_RVT)                 0.0751     0.0751 f
  u_ctrl/U494/A (NBUFFX8_RVT)                                    0.5064     0.5816 f
  u_ctrl/U494/Y (NBUFFX8_RVT)                                    0.0460     0.6276 f
  u_ctrl/DFTC_12/A (NBUFFX2_RVT)                               176.9357   177.5633 f
  u_ctrl/DFTC_12/Y (NBUFFX2_RVT)                                 0.0534   177.6167 f
  u_ctrl/U651/A (INVX2_RVT)                                     13.9607   191.5774 f
  u_ctrl/U651/Y (INVX2_RVT)                                      0.0353   191.6127 r
  u_ctrl/U768/A3 (AO22X1_RVT)                                    8.3958   200.0085 r
  u_ctrl/U768/Y (AO22X1_RVT)                                     0.0300   200.0384 r
  u_ctrl/ct_hold_div2_reg_29_/D (SDFFARX1_RVT)                   0.0109   200.0493 r
  data arrival time                                                       200.0493

  clock ref_clk (rise edge)                                      8.0000     8.0000
  clock network delay (ideal)                                    0.0000     8.0000
  u_ctrl/ct_hold_div2_reg_29_/CLK (SDFFARX1_RVT)                            8.0000 r
  clock reconvergence pessimism                                  0.0000     8.0000
  clock uncertainty                                             -0.1600     7.8400
  library setup time                                            -0.0524     7.7876
  data required time                                                        7.7876
  ---------------------------------------------------------------------------------------
  data required time                                                        7.7876
  data arrival time                                                       -200.0493
  ---------------------------------------------------------------------------------------
  slack (VIOLATED)                                                        -192.2616


  Startpoint: u_ctrl/u_ct_cdc/pulse_dst_reg (rising edge-triggered flip-flop clocked by ref_clk)
  Endpoint: u_ctrl/ct_hold_div2_reg_1_ (rising edge-triggered flip-flop clocked by ref_clk)
  Path Group: ref_clk
  Path Type: max

  Point                                                            Incr       Path
  ---------------------------------------------------------------------------------------
  clock ref_clk (rise edge)                                      0.0000     0.0000
  clock network delay (ideal)                                    0.0000     0.0000
  u_ctrl/u_ct_cdc/pulse_dst_reg/CLK (SDFFARX1_RVT)               0.0000     0.0000 r
  u_ctrl/u_ct_cdc/pulse_dst_reg/Q (SDFFARX1_RVT)                 0.0751     0.0751 f
  u_ctrl/U494/A (NBUFFX8_RVT)                                    0.5064     0.5816 f
  u_ctrl/U494/Y (NBUFFX8_RVT)                                    0.0460     0.6276 f
  u_ctrl/DFTC_12/A (NBUFFX2_RVT)                               176.9357   177.5633 f
  u_ctrl/DFTC_12/Y (NBUFFX2_RVT)                                 0.0534   177.6167 f
  u_ctrl/U651/A (INVX2_RVT)                                     13.9607   191.5774 f
  u_ctrl/U651/Y (INVX2_RVT)                                      0.0353   191.6127 r
  u_ctrl/U626/A3 (AO22X1_RVT)                                    8.3958   200.0085 r
  u_ctrl/U626/Y (AO22X1_RVT)                                     0.0300   200.0384 r
  u_ctrl/ct_hold_div2_reg_1_/D (SDFFARX1_RVT)                    0.0109   200.0493 r
  data arrival time                                                       200.0493

  clock ref_clk (rise edge)                                      8.0000     8.0000
  clock network delay (ideal)                                    0.0000     8.0000
  u_ctrl/ct_hold_div2_reg_1_/CLK (SDFFARX1_RVT)                             8.0000 r
  clock reconvergence pessimism                                  0.0000     8.0000
  clock uncertainty                                             -0.1600     7.8400
  library setup time                                            -0.0524     7.7876
  data required time                                                        7.7876
  ---------------------------------------------------------------------------------------
  data required time                                                        7.7876
  data arrival time                                                       -200.0493
  ---------------------------------------------------------------------------------------
  slack (VIOLATED)                                                        -192.2616


  Startpoint: u_ctrl/u_ct_cdc/pulse_dst_reg (rising edge-triggered flip-flop clocked by ref_clk)
  Endpoint: u_ctrl/ct_hold_div2_reg_97_ (rising edge-triggered flip-flop clocked by ref_clk)
  Path Group: ref_clk
  Path Type: max

  Point                                                            Incr       Path
  ---------------------------------------------------------------------------------------
  clock ref_clk (rise edge)                                      0.0000     0.0000
  clock network delay (ideal)                                    0.0000     0.0000
  u_ctrl/u_ct_cdc/pulse_dst_reg/CLK (SDFFARX1_RVT)               0.0000     0.0000 r
  u_ctrl/u_ct_cdc/pulse_dst_reg/Q (SDFFARX1_RVT)                 0.0751     0.0751 f
  u_ctrl/U494/A (NBUFFX8_RVT)                                    0.5064     0.5816 f
  u_ctrl/U494/Y (NBUFFX8_RVT)                                    0.0460     0.6276 f
  u_ctrl/DFTC_12/A (NBUFFX2_RVT)                               176.9357   177.5633 f
  u_ctrl/DFTC_12/Y (NBUFFX2_RVT)                                 0.0534   177.6167 f
  u_ctrl/U651/A (INVX2_RVT)                                     13.9607   191.5774 f
  u_ctrl/U651/Y (INVX2_RVT)                                      0.0353   191.6127 r
  u_ctrl/U692/A3 (AO22X1_RVT)                                    8.3958   200.0085 r
  u_ctrl/U692/Y (AO22X1_RVT)                                     0.0300   200.0384 r
  u_ctrl/ct_hold_div2_reg_97_/D (SDFFARX1_RVT)                   0.0109   200.0493 r
  data arrival time                                                       200.0493

  clock ref_clk (rise edge)                                      8.0000     8.0000
  clock network delay (ideal)                                    0.0000     8.0000
  u_ctrl/ct_hold_div2_reg_97_/CLK (SDFFARX1_RVT)                            8.0000 r
  clock reconvergence pessimism                                  0.0000     8.0000
  clock uncertainty                                             -0.1600     7.8400
  library setup time                                            -0.0524     7.7876
  data required time                                                        7.7876
  ---------------------------------------------------------------------------------------
  data required time                                                        7.7876
  data arrival time                                                       -200.0493
  ---------------------------------------------------------------------------------------
  slack (VIOLATED)                                                        -192.2616


  Startpoint: u_ctrl/u_ct_cdc/pulse_dst_reg (rising edge-triggered flip-flop clocked by ref_clk)
  Endpoint: u_ctrl/ct_hold_div2_reg_98_ (rising edge-triggered flip-flop clocked by ref_clk)
  Path Group: ref_clk
  Path Type: max

  Point                                                            Incr       Path
  ---------------------------------------------------------------------------------------
  clock ref_clk (rise edge)                                      0.0000     0.0000
  clock network delay (ideal)                                    0.0000     0.0000
  u_ctrl/u_ct_cdc/pulse_dst_reg/CLK (SDFFARX1_RVT)               0.0000     0.0000 r
  u_ctrl/u_ct_cdc/pulse_dst_reg/Q (SDFFARX1_RVT)                 0.0751     0.0751 f
  u_ctrl/U494/A (NBUFFX8_RVT)                                    0.5064     0.5816 f
  u_ctrl/U494/Y (NBUFFX8_RVT)                                    0.0460     0.6276 f
  u_ctrl/DFTC_12/A (NBUFFX2_RVT)                               176.9357   177.5633 f
  u_ctrl/DFTC_12/Y (NBUFFX2_RVT)                                 0.0534   177.6167 f
  u_ctrl/U651/A (INVX2_RVT)                                     13.9607   191.5774 f
  u_ctrl/U651/Y (INVX2_RVT)                                      0.0353   191.6127 r
  u_ctrl/U691/A3 (AO22X1_RVT)                                    8.3958   200.0085 r
  u_ctrl/U691/Y (AO22X1_RVT)                                     0.0300   200.0384 r
  u_ctrl/ct_hold_div2_reg_98_/D (SDFFARX1_RVT)                   0.0109   200.0493 r
  data arrival time                                                       200.0493

  clock ref_clk (rise edge)                                      8.0000     8.0000
  clock network delay (ideal)                                    0.0000     8.0000
  u_ctrl/ct_hold_div2_reg_98_/CLK (SDFFARX1_RVT)                            8.0000 r
  clock reconvergence pessimism                                  0.0000     8.0000
  clock uncertainty                                             -0.1600     7.8400
  library setup time                                            -0.0524     7.7876
  data required time                                                        7.7876
  ---------------------------------------------------------------------------------------
  data required time                                                        7.7876
  data arrival time                                                       -200.0493
  ---------------------------------------------------------------------------------------
  slack (VIOLATED)                                                        -192.2616


  Startpoint: u_ctrl/u_ct_cdc/pulse_dst_reg (rising edge-triggered flip-flop clocked by ref_clk)
  Endpoint: u_ctrl/ct_hold_div2_reg_59_ (rising edge-triggered flip-flop clocked by ref_clk)
  Path Group: ref_clk
  Path Type: max

  Point                                                            Incr       Path
  ---------------------------------------------------------------------------------------
  clock ref_clk (rise edge)                                      0.0000     0.0000
  clock network delay (ideal)                                    0.0000     0.0000
  u_ctrl/u_ct_cdc/pulse_dst_reg/CLK (SDFFARX1_RVT)               0.0000     0.0000 r
  u_ctrl/u_ct_cdc/pulse_dst_reg/Q (SDFFARX1_RVT)                 0.0751     0.0751 f
  u_ctrl/U494/A (NBUFFX8_RVT)                                    0.5064     0.5816 f
  u_ctrl/U494/Y (NBUFFX8_RVT)                                    0.0460     0.6276 f
  u_ctrl/DFTC_12/A (NBUFFX2_RVT)                               176.9357   177.5633 f
  u_ctrl/DFTC_12/Y (NBUFFX2_RVT)                                 0.0534   177.6167 f
  u_ctrl/U651/A (INVX2_RVT)                                     13.9607   191.5774 f
  u_ctrl/U651/Y (INVX2_RVT)                                      0.0353   191.6127 r
  u_ctrl/U736/A3 (AO22X1_RVT)                                    8.3958   200.0085 r
  u_ctrl/U736/Y (AO22X1_RVT)                                     0.0300   200.0384 r
  u_ctrl/ct_hold_div2_reg_59_/D (SDFFARX1_RVT)                   0.0109   200.0493 r
  data arrival time                                                       200.0493

  clock ref_clk (rise edge)                                      8.0000     8.0000
  clock network delay (ideal)                                    0.0000     8.0000
  u_ctrl/ct_hold_div2_reg_59_/CLK (SDFFARX1_RVT)                            8.0000 r
  clock reconvergence pessimism                                  0.0000     8.0000
  clock uncertainty                                             -0.1600     7.8400
  library setup time                                            -0.0524     7.7876
  data required time                                                        7.7876
  ---------------------------------------------------------------------------------------
  data required time                                                        7.7876
  data arrival time                                                       -200.0493
  ---------------------------------------------------------------------------------------
  slack (VIOLATED)                                                        -192.2616


  Startpoint: u_ctrl/u_ct_cdc/pulse_dst_reg (rising edge-triggered flip-flop clocked by ref_clk)
  Endpoint: u_ctrl/ct_hold_div2_reg_99_ (rising edge-triggered flip-flop clocked by ref_clk)
  Path Group: ref_clk
  Path Type: max

  Point                                                            Incr       Path
  ---------------------------------------------------------------------------------------
  clock ref_clk (rise edge)                                      0.0000     0.0000
  clock network delay (ideal)                                    0.0000     0.0000
  u_ctrl/u_ct_cdc/pulse_dst_reg/CLK (SDFFARX1_RVT)               0.0000     0.0000 r
  u_ctrl/u_ct_cdc/pulse_dst_reg/Q (SDFFARX1_RVT)                 0.0751     0.0751 f
  u_ctrl/U494/A (NBUFFX8_RVT)                                    0.5064     0.5816 f
  u_ctrl/U494/Y (NBUFFX8_RVT)                                    0.0460     0.6276 f
  u_ctrl/DFTC_12/A (NBUFFX2_RVT)                               176.9357   177.5633 f
  u_ctrl/DFTC_12/Y (NBUFFX2_RVT)                                 0.0534   177.6167 f
  u_ctrl/U651/A (INVX2_RVT)                                     13.9607   191.5774 f
  u_ctrl/U651/Y (INVX2_RVT)                                      0.0353   191.6127 r
  u_ctrl/U690/A3 (AO22X1_RVT)                                    8.3958   200.0085 r
  u_ctrl/U690/Y (AO22X1_RVT)                                     0.0300   200.0384 r
  u_ctrl/ct_hold_div2_reg_99_/D (SDFFARX1_RVT)                   0.0109   200.0493 r
  data arrival time                                                       200.0493

  clock ref_clk (rise edge)                                      8.0000     8.0000
  clock network delay (ideal)                                    0.0000     8.0000
  u_ctrl/ct_hold_div2_reg_99_/CLK (SDFFARX1_RVT)                            8.0000 r
  clock reconvergence pessimism                                  0.0000     8.0000
  clock uncertainty                                             -0.1600     7.8400
  library setup time                                            -0.0524     7.7876
  data required time                                                        7.7876
  ---------------------------------------------------------------------------------------
  data required time                                                        7.7876
  data arrival time                                                       -200.0493
  ---------------------------------------------------------------------------------------
  slack (VIOLATED)                                                        -192.2616


  Startpoint: u_ctrl/u_ct_cdc/pulse_dst_reg (rising edge-triggered flip-flop clocked by ref_clk)
  Endpoint: u_ctrl/ct_hold_div2_reg_100_ (rising edge-triggered flip-flop clocked by ref_clk)
  Path Group: ref_clk
  Path Type: max

  Point                                                            Incr       Path
  ---------------------------------------------------------------------------------------
  clock ref_clk (rise edge)                                      0.0000     0.0000
  clock network delay (ideal)                                    0.0000     0.0000
  u_ctrl/u_ct_cdc/pulse_dst_reg/CLK (SDFFARX1_RVT)               0.0000     0.0000 r
  u_ctrl/u_ct_cdc/pulse_dst_reg/Q (SDFFARX1_RVT)                 0.0751     0.0751 f
  u_ctrl/U494/A (NBUFFX8_RVT)                                    0.5064     0.5816 f
  u_ctrl/U494/Y (NBUFFX8_RVT)                                    0.0460     0.6276 f
  u_ctrl/DFTC_12/A (NBUFFX2_RVT)                               176.9357   177.5633 f
  u_ctrl/DFTC_12/Y (NBUFFX2_RVT)                                 0.0534   177.6167 f
  u_ctrl/U651/A (INVX2_RVT)                                     13.9607   191.5774 f
  u_ctrl/U651/Y (INVX2_RVT)                                      0.0353   191.6127 r
  u_ctrl/U689/A3 (AO22X1_RVT)                                    8.3958   200.0085 r
  u_ctrl/U689/Y (AO22X1_RVT)                                     0.0300   200.0384 r
  u_ctrl/ct_hold_div2_reg_100_/D (SDFFARX1_RVT)                  0.0109   200.0493 r
  data arrival time                                                       200.0493

  clock ref_clk (rise edge)                                      8.0000     8.0000
  clock network delay (ideal)                                    0.0000     8.0000
  u_ctrl/ct_hold_div2_reg_100_/CLK (SDFFARX1_RVT)                           8.0000 r
  clock reconvergence pessimism                                  0.0000     8.0000
  clock uncertainty                                             -0.1600     7.8400
  library setup time                                            -0.0524     7.7876
  data required time                                                        7.7876
  ---------------------------------------------------------------------------------------
  data required time                                                        7.7876
  data arrival time                                                       -200.0493
  ---------------------------------------------------------------------------------------
  slack (VIOLATED)                                                        -192.2616


  Startpoint: u_ctrl/u_ct_cdc/pulse_dst_reg (rising edge-triggered flip-flop clocked by ref_clk)
  Endpoint: u_ctrl/ct_hold_div2_reg_101_ (rising edge-triggered flip-flop clocked by ref_clk)
  Path Group: ref_clk
  Path Type: max

  Point                                                            Incr       Path
  ---------------------------------------------------------------------------------------
  clock ref_clk (rise edge)                                      0.0000     0.0000
  clock network delay (ideal)                                    0.0000     0.0000
  u_ctrl/u_ct_cdc/pulse_dst_reg/CLK (SDFFARX1_RVT)               0.0000     0.0000 r
  u_ctrl/u_ct_cdc/pulse_dst_reg/Q (SDFFARX1_RVT)                 0.0751     0.0751 f
  u_ctrl/U494/A (NBUFFX8_RVT)                                    0.5064     0.5816 f
  u_ctrl/U494/Y (NBUFFX8_RVT)                                    0.0460     0.6276 f
  u_ctrl/DFTC_12/A (NBUFFX2_RVT)                               176.9357   177.5633 f
  u_ctrl/DFTC_12/Y (NBUFFX2_RVT)                                 0.0534   177.6167 f
  u_ctrl/U651/A (INVX2_RVT)                                     13.9607   191.5774 f
  u_ctrl/U651/Y (INVX2_RVT)                                      0.0353   191.6127 r
  u_ctrl/U688/A3 (AO22X1_RVT)                                    8.3958   200.0085 r
  u_ctrl/U688/Y (AO22X1_RVT)                                     0.0300   200.0384 r
  u_ctrl/ct_hold_div2_reg_101_/D (SDFFARX1_RVT)                  0.0109   200.0493 r
  data arrival time                                                       200.0493

  clock ref_clk (rise edge)                                      8.0000     8.0000
  clock network delay (ideal)                                    0.0000     8.0000
  u_ctrl/ct_hold_div2_reg_101_/CLK (SDFFARX1_RVT)                           8.0000 r
  clock reconvergence pessimism                                  0.0000     8.0000
  clock uncertainty                                             -0.1600     7.8400
  library setup time                                            -0.0524     7.7876
  data required time                                                        7.7876
  ---------------------------------------------------------------------------------------
  data required time                                                        7.7876
  data arrival time                                                       -200.0493
  ---------------------------------------------------------------------------------------
  slack (VIOLATED)                                                        -192.2616


  Startpoint: u_ctrl/u_ct_cdc/pulse_dst_reg (rising edge-triggered flip-flop clocked by ref_clk)
  Endpoint: u_ctrl/ct_hold_div2_reg_102_ (rising edge-triggered flip-flop clocked by ref_clk)
  Path Group: ref_clk
  Path Type: max

  Point                                                            Incr       Path
  ---------------------------------------------------------------------------------------
  clock ref_clk (rise edge)                                      0.0000     0.0000
  clock network delay (ideal)                                    0.0000     0.0000
  u_ctrl/u_ct_cdc/pulse_dst_reg/CLK (SDFFARX1_RVT)               0.0000     0.0000 r
  u_ctrl/u_ct_cdc/pulse_dst_reg/Q (SDFFARX1_RVT)                 0.0751     0.0751 f
  u_ctrl/U494/A (NBUFFX8_RVT)                                    0.5064     0.5816 f
  u_ctrl/U494/Y (NBUFFX8_RVT)                                    0.0460     0.6276 f
  u_ctrl/DFTC_12/A (NBUFFX2_RVT)                               176.9357   177.5633 f
  u_ctrl/DFTC_12/Y (NBUFFX2_RVT)                                 0.0534   177.6167 f
  u_ctrl/U651/A (INVX2_RVT)                                     13.9607   191.5774 f
  u_ctrl/U651/Y (INVX2_RVT)                                      0.0353   191.6127 r
  u_ctrl/U687/A3 (AO22X1_RVT)                                    8.3958   200.0085 r
  u_ctrl/U687/Y (AO22X1_RVT)                                     0.0300   200.0384 r
  u_ctrl/ct_hold_div2_reg_102_/D (SDFFARX1_RVT)                  0.0109   200.0493 r
  data arrival time                                                       200.0493

  clock ref_clk (rise edge)                                      8.0000     8.0000
  clock network delay (ideal)                                    0.0000     8.0000
  u_ctrl/ct_hold_div2_reg_102_/CLK (SDFFARX1_RVT)                           8.0000 r
  clock reconvergence pessimism                                  0.0000     8.0000
  clock uncertainty                                             -0.1600     7.8400
  library setup time                                            -0.0524     7.7876
  data required time                                                        7.7876
  ---------------------------------------------------------------------------------------
  data required time                                                        7.7876
  data arrival time                                                       -200.0493
  ---------------------------------------------------------------------------------------
  slack (VIOLATED)                                                        -192.2616


  Startpoint: u_ctrl/u_ct_cdc/pulse_dst_reg (rising edge-triggered flip-flop clocked by ref_clk)
  Endpoint: u_ctrl/ct_hold_div2_reg_103_ (rising edge-triggered flip-flop clocked by ref_clk)
  Path Group: ref_clk
  Path Type: max

  Point                                                            Incr       Path
  ---------------------------------------------------------------------------------------
  clock ref_clk (rise edge)                                      0.0000     0.0000
  clock network delay (ideal)                                    0.0000     0.0000
  u_ctrl/u_ct_cdc/pulse_dst_reg/CLK (SDFFARX1_RVT)               0.0000     0.0000 r
  u_ctrl/u_ct_cdc/pulse_dst_reg/Q (SDFFARX1_RVT)                 0.0751     0.0751 f
  u_ctrl/U494/A (NBUFFX8_RVT)                                    0.5064     0.5816 f
  u_ctrl/U494/Y (NBUFFX8_RVT)                                    0.0460     0.6276 f
  u_ctrl/DFTC_12/A (NBUFFX2_RVT)                               176.9357   177.5633 f
  u_ctrl/DFTC_12/Y (NBUFFX2_RVT)                                 0.0534   177.6167 f
  u_ctrl/U651/A (INVX2_RVT)                                     13.9607   191.5774 f
  u_ctrl/U651/Y (INVX2_RVT)                                      0.0353   191.6127 r
  u_ctrl/U686/A3 (AO22X1_RVT)                                    8.3958   200.0085 r
  u_ctrl/U686/Y (AO22X1_RVT)                                     0.0300   200.0384 r
  u_ctrl/ct_hold_div2_reg_103_/D (SDFFARX1_RVT)                  0.0109   200.0493 r
  data arrival time                                                       200.0493

  clock ref_clk (rise edge)                                      8.0000     8.0000
  clock network delay (ideal)                                    0.0000     8.0000
  u_ctrl/ct_hold_div2_reg_103_/CLK (SDFFARX1_RVT)                           8.0000 r
  clock reconvergence pessimism                                  0.0000     8.0000
  clock uncertainty                                             -0.1600     7.8400
  library setup time                                            -0.0524     7.7876
  data required time                                                        7.7876
  ---------------------------------------------------------------------------------------
  data required time                                                        7.7876
  data arrival time                                                       -200.0493
  ---------------------------------------------------------------------------------------
  slack (VIOLATED)                                                        -192.2616


  Startpoint: u_ctrl/u_ct_cdc/pulse_dst_reg (rising edge-triggered flip-flop clocked by ref_clk)
  Endpoint: u_ctrl/ct_hold_div2_reg_31_ (rising edge-triggered flip-flop clocked by ref_clk)
  Path Group: ref_clk
  Path Type: max

  Point                                                            Incr       Path
  ---------------------------------------------------------------------------------------
  clock ref_clk (rise edge)                                      0.0000     0.0000
  clock network delay (ideal)                                    0.0000     0.0000
  u_ctrl/u_ct_cdc/pulse_dst_reg/CLK (SDFFARX1_RVT)               0.0000     0.0000 r
  u_ctrl/u_ct_cdc/pulse_dst_reg/Q (SDFFARX1_RVT)                 0.0751     0.0751 f
  u_ctrl/U494/A (NBUFFX8_RVT)                                    0.5064     0.5816 f
  u_ctrl/U494/Y (NBUFFX8_RVT)                                    0.0460     0.6276 f
  u_ctrl/DFTC_12/A (NBUFFX2_RVT)                               176.9357   177.5633 f
  u_ctrl/DFTC_12/Y (NBUFFX2_RVT)                                 0.0534   177.6167 f
  u_ctrl/U651/A (INVX2_RVT)                                     13.9607   191.5774 f
  u_ctrl/U651/Y (INVX2_RVT)                                      0.0353   191.6127 r
  u_ctrl/U766/A3 (AO22X1_RVT)                                    8.3958   200.0085 r
  u_ctrl/U766/Y (AO22X1_RVT)                                     0.0300   200.0384 r
  u_ctrl/ct_hold_div2_reg_31_/D (SDFFARX1_RVT)                   0.0109   200.0493 r
  data arrival time                                                       200.0493

  clock ref_clk (rise edge)                                      8.0000     8.0000
  clock network delay (ideal)                                    0.0000     8.0000
  u_ctrl/ct_hold_div2_reg_31_/CLK (SDFFARX1_RVT)                            8.0000 r
  clock reconvergence pessimism                                  0.0000     8.0000
  clock uncertainty                                             -0.1600     7.8400
  library setup time                                            -0.0524     7.7876
  data required time                                                        7.7876
  ---------------------------------------------------------------------------------------
  data required time                                                        7.7876
  data arrival time                                                       -200.0493
  ---------------------------------------------------------------------------------------
  slack (VIOLATED)                                                        -192.2616


  Startpoint: u_ctrl/u_ct_cdc/pulse_dst_reg (rising edge-triggered flip-flop clocked by ref_clk)
  Endpoint: u_ctrl/ct_hold_div2_reg_107_ (rising edge-triggered flip-flop clocked by ref_clk)
  Path Group: ref_clk
  Path Type: max

  Point                                                            Incr       Path
  ---------------------------------------------------------------------------------------
  clock ref_clk (rise edge)                                      0.0000     0.0000
  clock network delay (ideal)                                    0.0000     0.0000
  u_ctrl/u_ct_cdc/pulse_dst_reg/CLK (SDFFARX1_RVT)               0.0000     0.0000 r
  u_ctrl/u_ct_cdc/pulse_dst_reg/Q (SDFFARX1_RVT)                 0.0751     0.0751 f
  u_ctrl/U494/A (NBUFFX8_RVT)                                    0.5064     0.5816 f
  u_ctrl/U494/Y (NBUFFX8_RVT)                                    0.0460     0.6276 f
  u_ctrl/DFTC_12/A (NBUFFX2_RVT)                               176.9357   177.5633 f
  u_ctrl/DFTC_12/Y (NBUFFX2_RVT)                                 0.0534   177.6167 f
  u_ctrl/U651/A (INVX2_RVT)                                     13.9607   191.5774 f
  u_ctrl/U651/Y (INVX2_RVT)                                      0.0353   191.6127 r
  u_ctrl/U682/A3 (AO22X1_RVT)                                    8.3958   200.0085 r
  u_ctrl/U682/Y (AO22X1_RVT)                                     0.0300   200.0384 r
  u_ctrl/ct_hold_div2_reg_107_/D (SDFFARX1_RVT)                  0.0109   200.0493 r
  data arrival time                                                       200.0493

  clock ref_clk (rise edge)                                      8.0000     8.0000
  clock network delay (ideal)                                    0.0000     8.0000
  u_ctrl/ct_hold_div2_reg_107_/CLK (SDFFARX1_RVT)                           8.0000 r
  clock reconvergence pessimism                                  0.0000     8.0000
  clock uncertainty                                             -0.1600     7.8400
  library setup time                                            -0.0521     7.7879
  data required time                                                        7.7879
  ---------------------------------------------------------------------------------------
  data required time                                                        7.7879
  data arrival time                                                       -200.0493
  ---------------------------------------------------------------------------------------
  slack (VIOLATED)                                                        -192.2614


  Startpoint: u_ctrl/u_ct_cdc/pulse_dst_reg (rising edge-triggered flip-flop clocked by ref_clk)
  Endpoint: u_ctrl/ct_hold_div2_reg_20_ (rising edge-triggered flip-flop clocked by ref_clk)
  Path Group: ref_clk
  Path Type: max

  Point                                                            Incr       Path
  ---------------------------------------------------------------------------------------
  clock ref_clk (rise edge)                                      0.0000     0.0000
  clock network delay (ideal)                                    0.0000     0.0000
  u_ctrl/u_ct_cdc/pulse_dst_reg/CLK (SDFFARX1_RVT)               0.0000     0.0000 r
  u_ctrl/u_ct_cdc/pulse_dst_reg/Q (SDFFARX1_RVT)                 0.0751     0.0751 f
  u_ctrl/U494/A (NBUFFX8_RVT)                                    0.5064     0.5816 f
  u_ctrl/U494/Y (NBUFFX8_RVT)                                    0.0460     0.6276 f
  u_ctrl/DFTC_12/A (NBUFFX2_RVT)                               176.9357   177.5633 f
  u_ctrl/DFTC_12/Y (NBUFFX2_RVT)                                 0.0534   177.6167 f
  u_ctrl/U635/A1 (AO22X1_RVT)                                   13.9607   191.5774 f
  u_ctrl/U635/Y (AO22X1_RVT)                                     0.0288   191.6062 f
  u_ctrl/ct_hold_div2_reg_20_/D (SDFFARX1_RVT)                   0.0109   191.6170 f
  data arrival time                                                       191.6170

  clock ref_clk (rise edge)                                      8.0000     8.0000
  clock network delay (ideal)                                    0.0000     8.0000
  u_ctrl/ct_hold_div2_reg_20_/CLK (SDFFARX1_RVT)                            8.0000 r
  clock reconvergence pessimism                                  0.0000     8.0000
  clock uncertainty                                             -0.1600     7.8400
  library setup time                                            -0.0391     7.8009
  data required time                                                        7.8009
  ---------------------------------------------------------------------------------------
  data required time                                                        7.8009
  data arrival time                                                       -191.6170
  ---------------------------------------------------------------------------------------
  slack (VIOLATED)                                                        -183.8161


  Startpoint: u_ctrl/u_ct_cdc/pulse_dst_reg (rising edge-triggered flip-flop clocked by ref_clk)
  Endpoint: u_ctrl/ct_hold_div2_reg_63_ (rising edge-triggered flip-flop clocked by ref_clk)
  Path Group: ref_clk
  Path Type: max

  Point                                                            Incr       Path
  ---------------------------------------------------------------------------------------
  clock ref_clk (rise edge)                                      0.0000     0.0000
  clock network delay (ideal)                                    0.0000     0.0000
  u_ctrl/u_ct_cdc/pulse_dst_reg/CLK (SDFFARX1_RVT)               0.0000     0.0000 r
  u_ctrl/u_ct_cdc/pulse_dst_reg/Q (SDFFARX1_RVT)                 0.0751     0.0751 f
  u_ctrl/U494/A (NBUFFX8_RVT)                                    0.5064     0.5816 f
  u_ctrl/U494/Y (NBUFFX8_RVT)                                    0.0460     0.6276 f
  u_ctrl/DFTC_12/A (NBUFFX2_RVT)                               176.9357   177.5633 f
  u_ctrl/DFTC_12/Y (NBUFFX2_RVT)                                 0.0534   177.6167 f
  u_ctrl/U730/A1 (AO22X1_RVT)                                   13.9607   191.5774 f
  u_ctrl/U730/Y (AO22X1_RVT)                                     0.0288   191.6062 f
  u_ctrl/ct_hold_div2_reg_63_/D (SDFFARX1_RVT)                   0.0109   191.6170 f
  data arrival time                                                       191.6170

  clock ref_clk (rise edge)                                      8.0000     8.0000
  clock network delay (ideal)                                    0.0000     8.0000
  u_ctrl/ct_hold_div2_reg_63_/CLK (SDFFARX1_RVT)                            8.0000 r
  clock reconvergence pessimism                                  0.0000     8.0000
  clock uncertainty                                             -0.1600     7.8400
  library setup time                                            -0.0391     7.8009
  data required time                                                        7.8009
  ---------------------------------------------------------------------------------------
  data required time                                                        7.8009
  data arrival time                                                       -191.6170
  ---------------------------------------------------------------------------------------
  slack (VIOLATED)                                                        -183.8161


  Startpoint: u_ctrl/u_ct_cdc/pulse_dst_reg (rising edge-triggered flip-flop clocked by ref_clk)
  Endpoint: u_ctrl/ct_hold_div2_reg_24_ (rising edge-triggered flip-flop clocked by ref_clk)
  Path Group: ref_clk
  Path Type: max

  Point                                                            Incr       Path
  ---------------------------------------------------------------------------------------
  clock ref_clk (rise edge)                                      0.0000     0.0000
  clock network delay (ideal)                                    0.0000     0.0000
  u_ctrl/u_ct_cdc/pulse_dst_reg/CLK (SDFFARX1_RVT)               0.0000     0.0000 r
  u_ctrl/u_ct_cdc/pulse_dst_reg/Q (SDFFARX1_RVT)                 0.0751     0.0751 f
  u_ctrl/U494/A (NBUFFX8_RVT)                                    0.5064     0.5816 f
  u_ctrl/U494/Y (NBUFFX8_RVT)                                    0.0460     0.6276 f
  u_ctrl/DFTC_12/A (NBUFFX2_RVT)                               176.9357   177.5633 f
  u_ctrl/DFTC_12/Y (NBUFFX2_RVT)                                 0.0534   177.6167 f
  u_ctrl/U631/A1 (AO22X1_RVT)                                   13.9607   191.5774 f
  u_ctrl/U631/Y (AO22X1_RVT)                                     0.0288   191.6062 f
  u_ctrl/ct_hold_div2_reg_24_/D (SDFFARX1_RVT)                   0.0109   191.6170 f
  data arrival time                                                       191.6170

  clock ref_clk (rise edge)                                      8.0000     8.0000
  clock network delay (ideal)                                    0.0000     8.0000
  u_ctrl/ct_hold_div2_reg_24_/CLK (SDFFARX1_RVT)                            8.0000 r
  clock reconvergence pessimism                                  0.0000     8.0000
  clock uncertainty                                             -0.1600     7.8400
  library setup time                                            -0.0391     7.8009
  data required time                                                        7.8009
  ---------------------------------------------------------------------------------------
  data required time                                                        7.8009
  data arrival time                                                       -191.6170
  ---------------------------------------------------------------------------------------
  slack (VIOLATED)                                                        -183.8161


  Startpoint: u_ctrl/u_ct_cdc/pulse_dst_reg (rising edge-triggered flip-flop clocked by ref_clk)
  Endpoint: u_ctrl/ct_hold_div2_reg_73_ (rising edge-triggered flip-flop clocked by ref_clk)
  Path Group: ref_clk
  Path Type: max

  Point                                                            Incr       Path
  ---------------------------------------------------------------------------------------
  clock ref_clk (rise edge)                                      0.0000     0.0000
  clock network delay (ideal)                                    0.0000     0.0000
  u_ctrl/u_ct_cdc/pulse_dst_reg/CLK (SDFFARX1_RVT)               0.0000     0.0000 r
  u_ctrl/u_ct_cdc/pulse_dst_reg/Q (SDFFARX1_RVT)                 0.0751     0.0751 f
  u_ctrl/U494/A (NBUFFX8_RVT)                                    0.5064     0.5816 f
  u_ctrl/U494/Y (NBUFFX8_RVT)                                    0.0460     0.6276 f
  u_ctrl/U374/A (INVX2_RVT)                                    176.9357   177.5633 f
  u_ctrl/U374/Y (INVX2_RVT)                                      0.0385   177.6018 r
  u_ctrl/U719/A3 (AO22X1_RVT)                                   13.5173   191.1191 r
  u_ctrl/U719/Y (AO22X1_RVT)                                     0.0299   191.1489 r
  u_ctrl/ct_hold_div2_reg_73_/D (SDFFARX1_RVT)                   0.0109   191.1598 r
  data arrival time                                                       191.1598

  clock ref_clk (rise edge)                                      8.0000     8.0000
  clock network delay (ideal)                                    0.0000     8.0000
  u_ctrl/ct_hold_div2_reg_73_/CLK (SDFFARX1_RVT)                            8.0000 r
  clock reconvergence pessimism                                  0.0000     8.0000
  clock uncertainty                                             -0.1600     7.8400
  library setup time                                            -0.0521     7.7879
  data required time                                                        7.7879
  ---------------------------------------------------------------------------------------
  data required time                                                        7.7879
  data arrival time                                                       -191.1598
  ---------------------------------------------------------------------------------------
  slack (VIOLATED)                                                        -183.3719


  Startpoint: u_ctrl/u_ct_cdc/pulse_dst_reg (rising edge-triggered flip-flop clocked by ref_clk)
  Endpoint: u_ctrl/ct_hold_div2_reg_74_ (rising edge-triggered flip-flop clocked by ref_clk)
  Path Group: ref_clk
  Path Type: max

  Point                                                            Incr       Path
  ---------------------------------------------------------------------------------------
  clock ref_clk (rise edge)                                      0.0000     0.0000
  clock network delay (ideal)                                    0.0000     0.0000
  u_ctrl/u_ct_cdc/pulse_dst_reg/CLK (SDFFARX1_RVT)               0.0000     0.0000 r
  u_ctrl/u_ct_cdc/pulse_dst_reg/Q (SDFFARX1_RVT)                 0.0751     0.0751 f
  u_ctrl/U494/A (NBUFFX8_RVT)                                    0.5064     0.5816 f
  u_ctrl/U494/Y (NBUFFX8_RVT)                                    0.0460     0.6276 f
  u_ctrl/U374/A (INVX2_RVT)                                    176.9357   177.5633 f
  u_ctrl/U374/Y (INVX2_RVT)                                      0.0385   177.6018 r
  u_ctrl/U718/A3 (AO22X1_RVT)                                   13.5173   191.1191 r
  u_ctrl/U718/Y (AO22X1_RVT)                                     0.0299   191.1489 r
  u_ctrl/ct_hold_div2_reg_74_/D (SDFFARX1_RVT)                   0.0109   191.1598 r
  data arrival time                                                       191.1598

  clock ref_clk (rise edge)                                      8.0000     8.0000
  clock network delay (ideal)                                    0.0000     8.0000
  u_ctrl/ct_hold_div2_reg_74_/CLK (SDFFARX1_RVT)                            8.0000 r
  clock reconvergence pessimism                                  0.0000     8.0000
  clock uncertainty                                             -0.1600     7.8400
  library setup time                                            -0.0521     7.7879
  data required time                                                        7.7879
  ---------------------------------------------------------------------------------------
  data required time                                                        7.7879
  data arrival time                                                       -191.1598
  ---------------------------------------------------------------------------------------
  slack (VIOLATED)                                                        -183.3719


  Startpoint: u_ctrl/u_ct_cdc/pulse_dst_reg (rising edge-triggered flip-flop clocked by ref_clk)
  Endpoint: u_ctrl/ct_hold_div2_reg_75_ (rising edge-triggered flip-flop clocked by ref_clk)
  Path Group: ref_clk
  Path Type: max

  Point                                                            Incr       Path
  ---------------------------------------------------------------------------------------
  clock ref_clk (rise edge)                                      0.0000     0.0000
  clock network delay (ideal)                                    0.0000     0.0000
  u_ctrl/u_ct_cdc/pulse_dst_reg/CLK (SDFFARX1_RVT)               0.0000     0.0000 r
  u_ctrl/u_ct_cdc/pulse_dst_reg/Q (SDFFARX1_RVT)                 0.0751     0.0751 f
  u_ctrl/U494/A (NBUFFX8_RVT)                                    0.5064     0.5816 f
  u_ctrl/U494/Y (NBUFFX8_RVT)                                    0.0460     0.6276 f
  u_ctrl/U374/A (INVX2_RVT)                                    176.9357   177.5633 f
  u_ctrl/U374/Y (INVX2_RVT)                                      0.0385   177.6018 r
  u_ctrl/U717/A3 (AO22X1_RVT)                                   13.5173   191.1191 r
  u_ctrl/U717/Y (AO22X1_RVT)                                     0.0299   191.1489 r
  u_ctrl/ct_hold_div2_reg_75_/D (SDFFARX1_RVT)                   0.0109   191.1598 r
  data arrival time                                                       191.1598

  clock ref_clk (rise edge)                                      8.0000     8.0000
  clock network delay (ideal)                                    0.0000     8.0000
  u_ctrl/ct_hold_div2_reg_75_/CLK (SDFFARX1_RVT)                            8.0000 r
  clock reconvergence pessimism                                  0.0000     8.0000
  clock uncertainty                                             -0.1600     7.8400
  library setup time                                            -0.0521     7.7879
  data required time                                                        7.7879
  ---------------------------------------------------------------------------------------
  data required time                                                        7.7879
  data arrival time                                                       -191.1598
  ---------------------------------------------------------------------------------------
  slack (VIOLATED)                                                        -183.3719


  Startpoint: u_ctrl/u_ct_cdc/pulse_dst_reg (rising edge-triggered flip-flop clocked by ref_clk)
  Endpoint: u_ctrl/ct_hold_div2_reg_76_ (rising edge-triggered flip-flop clocked by ref_clk)
  Path Group: ref_clk
  Path Type: max

  Point                                                            Incr       Path
  ---------------------------------------------------------------------------------------
  clock ref_clk (rise edge)                                      0.0000     0.0000
  clock network delay (ideal)                                    0.0000     0.0000
  u_ctrl/u_ct_cdc/pulse_dst_reg/CLK (SDFFARX1_RVT)               0.0000     0.0000 r
  u_ctrl/u_ct_cdc/pulse_dst_reg/Q (SDFFARX1_RVT)                 0.0751     0.0751 f
  u_ctrl/U494/A (NBUFFX8_RVT)                                    0.5064     0.5816 f
  u_ctrl/U494/Y (NBUFFX8_RVT)                                    0.0460     0.6276 f
  u_ctrl/U374/A (INVX2_RVT)                                    176.9357   177.5633 f
  u_ctrl/U374/Y (INVX2_RVT)                                      0.0385   177.6018 r
  u_ctrl/U716/A3 (AO22X1_RVT)                                   13.5173   191.1191 r
  u_ctrl/U716/Y (AO22X1_RVT)                                     0.0299   191.1489 r
  u_ctrl/ct_hold_div2_reg_76_/D (SDFFARX1_RVT)                   0.0109   191.1598 r
  data arrival time                                                       191.1598

  clock ref_clk (rise edge)                                      8.0000     8.0000
  clock network delay (ideal)                                    0.0000     8.0000
  u_ctrl/ct_hold_div2_reg_76_/CLK (SDFFARX1_RVT)                            8.0000 r
  clock reconvergence pessimism                                  0.0000     8.0000
  clock uncertainty                                             -0.1600     7.8400
  library setup time                                            -0.0521     7.7879
  data required time                                                        7.7879
  ---------------------------------------------------------------------------------------
  data required time                                                        7.7879
  data arrival time                                                       -191.1598
  ---------------------------------------------------------------------------------------
  slack (VIOLATED)                                                        -183.3719


  Startpoint: u_ctrl/u_ct_cdc/pulse_dst_reg (rising edge-triggered flip-flop clocked by ref_clk)
  Endpoint: u_ctrl/ct_hold_div2_reg_77_ (rising edge-triggered flip-flop clocked by ref_clk)
  Path Group: ref_clk
  Path Type: max

  Point                                                            Incr       Path
  ---------------------------------------------------------------------------------------
  clock ref_clk (rise edge)                                      0.0000     0.0000
  clock network delay (ideal)                                    0.0000     0.0000
  u_ctrl/u_ct_cdc/pulse_dst_reg/CLK (SDFFARX1_RVT)               0.0000     0.0000 r
  u_ctrl/u_ct_cdc/pulse_dst_reg/Q (SDFFARX1_RVT)                 0.0751     0.0751 f
  u_ctrl/U494/A (NBUFFX8_RVT)                                    0.5064     0.5816 f
  u_ctrl/U494/Y (NBUFFX8_RVT)                                    0.0460     0.6276 f
  u_ctrl/U374/A (INVX2_RVT)                                    176.9357   177.5633 f
  u_ctrl/U374/Y (INVX2_RVT)                                      0.0385   177.6018 r
  u_ctrl/U715/A3 (AO22X1_RVT)                                   13.5173   191.1191 r
  u_ctrl/U715/Y (AO22X1_RVT)                                     0.0299   191.1489 r
  u_ctrl/ct_hold_div2_reg_77_/D (SDFFARX1_RVT)                   0.0109   191.1598 r
  data arrival time                                                       191.1598

  clock ref_clk (rise edge)                                      8.0000     8.0000
  clock network delay (ideal)                                    0.0000     8.0000
  u_ctrl/ct_hold_div2_reg_77_/CLK (SDFFARX1_RVT)                            8.0000 r
  clock reconvergence pessimism                                  0.0000     8.0000
  clock uncertainty                                             -0.1600     7.8400
  library setup time                                            -0.0521     7.7879
  data required time                                                        7.7879
  ---------------------------------------------------------------------------------------
  data required time                                                        7.7879
  data arrival time                                                       -191.1598
  ---------------------------------------------------------------------------------------
  slack (VIOLATED)                                                        -183.3719

Warning: report_timing has satisfied the max_paths criteria. There are 1377 further endpoints which have paths of interest with slack less than   0.0000 that were not considered when generating this report. (UITE-502)

1
