Warning: Reference PLL contains internal pins with clock attribute. (TIM-103)
Information: Updating design information... (UID-85)
Warning: Design 'top_mcu_pll_sram_multiclk_soc' contains 1 high-fanout nets. A fanout number of 1000 will be used for delay calculations involving these nets. (TIM-134)
 
****************************************
Report : qor
Design : top_mcu_pll_sram_multiclk_soc
Version: W-2024.09-SP5-5
Date   : Tue Apr 14 23:12:07 2026
****************************************


  Timing Path Group 'INS'
  -----------------------------------
  Levels of Logic:               4.00
  Critical Path Length:          5.98
  Critical Path Slack:           0.32
  Critical Path Clk Period:      7.50
  Total Negative Slack:          0.00
  No. of Violating Paths:        0.00
  Worst Hold Violation:          0.00
  Total Hold Violation:          0.00
  No. of Hold Violations:        0.00
  -----------------------------------

  Timing Path Group 'OUTS'
  -----------------------------------
  Levels of Logic:               0.00
  Critical Path Length:          0.10
  Critical Path Slack:           0.62
  Critical Path Clk Period:      7.50
  Total Negative Slack:          0.00
  No. of Violating Paths:        0.00
  Worst Hold Violation:          0.00
  Total Hold Violation:          0.00
  No. of Hold Violations:        0.00
  -----------------------------------

  Timing Path Group 'clk_div2'
  -----------------------------------
  Levels of Logic:               8.00
  Critical Path Length:          3.60
  Critical Path Slack:           0.02
  Critical Path Clk Period:      3.75
  Total Negative Slack:          0.00
  No. of Violating Paths:        0.00
  Worst Hold Violation:          0.00
  Total Hold Violation:          0.00
  No. of Hold Violations:        0.00
  -----------------------------------

  Timing Path Group 'clk_div4'
  -----------------------------------
  Levels of Logic:              10.00
  Critical Path Length:          6.14
  Critical Path Slack:           1.15
  Critical Path Clk Period:      7.50
  Total Negative Slack:          0.00
  No. of Violating Paths:        0.00
  Worst Hold Violation:          0.00
  Total Hold Violation:          0.00
  No. of Hold Violations:        0.00
  -----------------------------------

  Timing Path Group 'clk_fast'
  -----------------------------------
  Levels of Logic:              12.00
  Critical Path Length:          1.78
  Critical Path Slack:           0.00
  Critical Path Clk Period:      1.88
  Total Negative Slack:          0.00
  No. of Violating Paths:        0.00
  Worst Hold Violation:          0.00
  Total Hold Violation:          0.00
  No. of Hold Violations:        0.00
  -----------------------------------


  Cell Count
  -----------------------------------
  Hierarchical Cell Count:          3
  Hierarchical Port Count:        692
  Leaf Cell Count:              17360
  Buf/Inv Cell Count:            5392
  Buf Cell Count:                2587
  Inv Cell Count:                2805
  CT Buf/Inv Cell Count:            1
  Combinational Cell Count:     16249
  Sequential Cell Count:         1111
  Macro Count:                      0
  -----------------------------------


  Area
  -----------------------------------
  Combinational Area:    33502.278988
  Noncombinational Area: 10111.373427
  Buf/Inv Area:           8828.708698
  Total Buffer Area:          5259.76
  Total Inverter Area:        3568.94
  Macro/Black Box Area:  31230.701660
  Net Area:               5080.103666
  -----------------------------------
  Cell Area:             74844.354076
  Design Area:           79924.457742


  Design Rules
  -----------------------------------
  Total Number of Nets:         18110
  Nets With Violations:             0
  Max Trans Violations:             0
  Max Cap Violations:               0
  -----------------------------------


  Hostname: SGP3

  Compile CPU Statistics
  -----------------------------------------
  Resource Sharing:                    0.01
  Logic Optimization:                  0.27
  Mapping Optimization:               12.64
  -----------------------------------------
  Overall Compile Time:               19.75
  Overall Compile Wall Clock Time:    20.49

  --------------------------------------------------------------------

  Design  WNS: 0.00  TNS: 0.00  Number of Violating Paths: 0


  Design (Hold)  WNS: 0.00  TNS: 0.00  Number of Violating Paths: 0

  --------------------------------------------------------------------


1
