****************************************
Report : constraint
	-all_violators
	-path slack_only
Design : top_mcu_pll_sram_multiclk_soc
Version: W-2024.09-SP5-3
Date   : Wed Apr 15 22:11:20 2026
****************************************



   min_delay/hold ('ref_clk' group)

   Endpoint                                                  Slack
   -----------------------------------------------------------------
   u_mem/u_sram/I[7]                                       -0.0143  (VIOLATED)
   u_mem/u_sram/I[0]                                       -0.0139  (VIOLATED)
   u_mem/u_sram/I[1]                                       -0.0139  (VIOLATED)
   u_mem/u_sram/I[2]                                       -0.0139  (VIOLATED)
   u_mem/u_sram/I[3]                                       -0.0139  (VIOLATED)
   u_mem/u_sram/I[4]                                       -0.0139  (VIOLATED)
   u_mem/u_sram/I[5]                                       -0.0139  (VIOLATED)
   u_mem/u_sram/I[6]                                       -0.0139  (VIOLATED)




   max_capacitance

                             Required        Actual
   Pin                      Capacitance    Capacitance       Slack
   -----------------------------------------------------------------
   u_ctrl/u_aes/U3117/Y      32.0000        43.5553       -11.5553  (VIOLATED)
   u_ctrl/U22/Y              32.0000        43.1142       -11.1142  (VIOLATED)
   u_ctrl/u_aes/U3062/Y      32.0000        41.2557        -9.2557  (VIOLATED)
   u_ctrl/U31/Y              32.0000        41.1400        -9.1400  (VIOLATED)
   u_ctrl/u_aes/state_reg_105_/Q   8.0000   16.1419        -8.1419  (VIOLATED)
   u_ctrl/U494/Y             64.0000        71.6999        -7.6999  (VIOLATED)
   u_ctrl/u_aes/U3492/Y      32.0000        39.6026        -7.6026  (VIOLATED)
   u_ctrl/U48/Y              32.0000        39.2648        -7.2648  (VIOLATED)
   u_ctrl/u_aes/U2932/Y      32.0000        38.7907        -6.7907  (VIOLATED)
   u_ctrl/u_aes/U2970/Y      32.0000        38.1747        -6.1747  (VIOLATED)
   u_ctrl/u_aes/U3476/Y      32.0000        38.1747        -6.1747  (VIOLATED)
   u_ctrl/u_aes/U4196/Y      16.0000        22.0364        -6.0364  (VIOLATED)
   u_ctrl/u_rx/U42/Y         16.0000        21.8355        -5.8355  (VIOLATED)
   u_ctrl/u_aes/state_reg_58_/Q   8.0000    13.8046        -5.8046  (VIOLATED)
   u_ctrl/U18/Y              32.0000        37.4011        -5.4011  (VIOLATED)
   u_ctrl/DFTC_12/Y          16.0000        21.3387        -5.3387  (VIOLATED)
   u_ctrl/u_aes/state_reg_41_/QN   8.0000   13.2192        -5.2192  (VIOLATED)
   u_ctrl/U36/Y              32.0000        37.0710        -5.0710  (VIOLATED)
   u_ctrl/U374/Y             16.0000        21.0290        -5.0290  (VIOLATED)
   u_ctrl/U410/Y             16.0000        21.0290        -5.0290  (VIOLATED)
   u_ctrl/u_aes/U4174/Y      16.0000        20.7609        -4.7609  (VIOLATED)
   u_ctrl/U733/Y             16.0000        20.5607        -4.5607  (VIOLATED)
   u_ctrl/u_aes/state_reg_80_/Q   8.0000    12.1765        -4.1765  (VIOLATED)
   u_ctrl/U421/Y             16.0000        19.9978        -3.9978  (VIOLATED)
   u_ctrl/u_aes/U3494/Y      32.0000        35.9835        -3.9835  (VIOLATED)
   u_ctrl/U411/Y             16.0000        19.9361        -3.9361  (VIOLATED)
   u_ctrl/u_aes/U713/Y        8.0000        11.9296        -3.9296  (VIOLATED)
   u_ctrl/u_aes/U2794/Y       8.0000        11.6867        -3.6867  (VIOLATED)
   u_ctrl/u_aes/state_reg_41_/Q   8.0000    11.5978        -3.5978  (VIOLATED)
   u_ctrl/u_aes/U3474/Y      32.0000        35.5728        -3.5728  (VIOLATED)
   u_ctrl/u_aes/state_reg_126_/Q   8.0000   11.5520        -3.5520  (VIOLATED)
   u_ctrl/u_aes/state_reg_108_/Q   8.0000   11.5210        -3.5210  (VIOLATED)
   u_ctrl/u_aes/DFTC_9/Y     32.0000        35.4968        -3.4968  (VIOLATED)
   u_ctrl/u_aes/DFTC_26/Y    32.0000        35.4968        -3.4968  (VIOLATED)
   u_ctrl/u_crc/U4/Y         32.0000        35.4815        -3.4815  (VIOLATED)
   u_ctrl/u_aes/state_reg_62_/Q   8.0000    11.3850        -3.3850  (VIOLATED)
   u_ctrl/u_aes/U3115/Y      32.0000        35.2990        -3.2990  (VIOLATED)
   u_ctrl/U747/Y             16.0000        19.2317        -3.2317  (VIOLATED)
   u_ctrl/U816/Y             16.0000        19.2317        -3.2317  (VIOLATED)
   u_ctrl/u_crc/U15/Y        16.0000        19.2317        -3.2317  (VIOLATED)
   u_ctrl/U337/Y              8.0000        11.1609        -3.1609  (VIOLATED)
   u_ctrl/u_aes/state_reg_79_/Q   8.0000    11.1409        -3.1409  (VIOLATED)
   u_ctrl/u_aes/state_reg_97_/Q   8.0000    11.0142        -3.0142  (VIOLATED)
   u_ctrl/u_aes/state_reg_64_/QN   8.0000   10.8840        -2.8840  (VIOLATED)
   u_ctrl/u_aes/U658/Y        8.0000        10.8122        -2.8122  (VIOLATED)
   u_ctrl/u_crc/U28/Y         8.0000        10.7736        -2.7736  (VIOLATED)
   u_ctrl/u_aes/state_reg_125_/Q   8.0000   10.7018        -2.7018  (VIOLATED)
   u_ctrl/u_aes/state_reg_104_/Q   8.0000   10.6229        -2.6229  (VIOLATED)
   u_ctrl/u_aes/U2742/Y      32.0000        34.6202        -2.6202  (VIOLATED)
   u_ctrl/u_aes/state_reg_84_/Q   8.0000    10.5890        -2.5890  (VIOLATED)
   u_ctrl/u_aes/state_reg_75_/Q   8.0000    10.4025        -2.4025  (VIOLATED)
   u_ctrl/u_aes/state_reg_100_/Q   8.0000   10.3966        -2.3966  (VIOLATED)
   u_ctrl/U423/Y             16.0000        18.3285        -2.3285  (VIOLATED)
   u_ctrl/U539/Y              8.0000        10.3164        -2.3164  (VIOLATED)
   u_ctrl/u_aes/U4210/Y       8.0000        10.2876        -2.2876  (VIOLATED)
   u_ctrl/u_aes/state_reg_1_/Q   8.0000     10.2769        -2.2769  (VIOLATED)
   u_ctrl/u_aes/state_reg_95_/Q   8.0000    10.2137        -2.2137  (VIOLATED)
   u_ctrl/u_aes/state_reg_92_/Q   8.0000    10.1998        -2.1998  (VIOLATED)
   u_ctrl/u_aes/state_reg_14_/Q   8.0000    10.1519        -2.1519  (VIOLATED)
   u_ctrl/u_aes/U1459/Y       8.0000        10.1303        -2.1303  (VIOLATED)
   u_ctrl/U249/Y              8.0000        10.1270        -2.1270  (VIOLATED)
   u_ctrl/u_aes/U4126/Y      16.0000        18.1075        -2.1075  (VIOLATED)
   u_ctrl/U562/Y              8.0000        10.0870        -2.0870  (VIOLATED)
   u_ctrl/u_aes/state_reg_56_/QN   8.0000   10.0577        -2.0577  (VIOLATED)
   u_ctrl/u_aes/U2964/Y      32.0000        33.9980        -1.9980  (VIOLATED)
   u_ctrl/u_aes/DFTC_18/Y    64.0000        65.9663        -1.9663  (VIOLATED)
   u_ctrl/DFTC_10/Y          64.0000        65.9357        -1.9357  (VIOLATED)
   u_ctrl/U223/Y             64.0000        65.8665        -1.8665  (VIOLATED)
   u_ctrl/u_aes/U2966/Y      32.0000        33.8611        -1.8611  (VIOLATED)
   u_ctrl/u_aes/U3479/Y      32.0000        33.8611        -1.8611  (VIOLATED)
   u_ctrl/u_aes/state_reg_78_/Q  16.0000    17.8130        -1.8130  (VIOLATED)
   u_ctrl/u_aes/state_reg_76_/Q  16.0000    17.7876        -1.7876  (VIOLATED)
   u_ctrl/U734/Y             16.0000        17.7792        -1.7792  (VIOLATED)
   u_ctrl/U760/Y             16.0000        17.7591        -1.7591  (VIOLATED)
   u_ctrl/u_crc/U3/Y         32.0000        33.7346        -1.7346  (VIOLATED)
   u_ctrl/u_aes/U630/Y        8.0000         9.7006        -1.7006  (VIOLATED)
   u_ctrl/tx_idx_div2_reg_3_/Q   8.0000      9.6307        -1.6307  (VIOLATED)
   u_ctrl/u_aes/state_reg_33_/Q   8.0000     9.6014        -1.6014  (VIOLATED)
   u_ctrl/u_aes/state_reg_92_/QN   8.0000    9.5869        -1.5869  (VIOLATED)
   u_ctrl/u_aes/state_reg_54_/Q   8.0000     9.5180        -1.5180  (VIOLATED)
   u_ctrl/u_aes/U2998/Y       8.0000         9.3921        -1.3921  (VIOLATED)
   u_ctrl/u_aes/U1656/Y       8.0000         9.3798        -1.3798  (VIOLATED)
   u_ctrl/u_aes/state_reg_15_/Q   8.0000     9.3624        -1.3624  (VIOLATED)
   u_ctrl/u_aes/U678/Y        8.0000         9.2605        -1.2605  (VIOLATED)
   u_ctrl/u_aes/state_reg_58_/QN   8.0000    9.2189        -1.2189  (VIOLATED)
   u_ctrl/u_aes/state_reg_55_/Q   8.0000     9.0920        -1.0920  (VIOLATED)
   u_ctrl/u_aes/state_reg_7_/Q  16.0000     17.0709        -1.0709  (VIOLATED)
   u_ctrl/u_aes/U252/Y        8.0000         9.0706        -1.0706  (VIOLATED)
   u_ctrl/u_aes/U2789/Y       8.0000         9.0566        -1.0566  (VIOLATED)
   u_ctrl/U413/Y             16.0000        17.0404        -1.0404  (VIOLATED)
   u_ctrl/U651/Y             16.0000        17.0404        -1.0404  (VIOLATED)
   u_ctrl/u_aes/U4238/Y       8.0000         8.9950        -0.9950  (VIOLATED)
   u_ctrl/u_aes/U1846/Y       8.0000         8.9257        -0.9257  (VIOLATED)
   u_ctrl/u_aes/U4886/Y       8.0000         8.9032        -0.9032  (VIOLATED)
   u_ctrl/u_tx/U41/Y         16.0000        16.8942        -0.8942  (VIOLATED)
   u_ctrl/u_aes/U675/Y        8.0000         8.8557        -0.8557  (VIOLATED)
   u_ctrl/u_aes/state_reg_38_/QN   8.0000    8.8309        -0.8309  (VIOLATED)
   u_ctrl/u_aes/U232/Y        8.0000         8.8237        -0.8237  (VIOLATED)
   u_ctrl/U819/Y              8.0000         8.8174        -0.8174  (VIOLATED)
   u_ctrl/u_aes/U239/Y        8.0000         8.8075        -0.8075  (VIOLATED)
   u_ctrl/u_aes/state_reg_1_/QN   8.0000     8.7818        -0.7818  (VIOLATED)
   u_ctrl/u_aes/U4831/Y       8.0000         8.7671        -0.7671  (VIOLATED)
   u_ctrl/u_aes/state_reg_20_/QN   8.0000    8.7233        -0.7233  (VIOLATED)
   u_ctrl/U814/Y             16.0000        16.6947        -0.6947  (VIOLATED)
   u_ctrl/u_crc/U13/Y        16.0000        16.6947        -0.6947  (VIOLATED)
   u_ctrl/u_aes/U715/Y        8.0000         8.6633        -0.6633  (VIOLATED)
   u_ctrl/U812/Y             16.0000        16.6574        -0.6574  (VIOLATED)
   u_ctrl/u_aes/U1410/Y       8.0000         8.6445        -0.6445  (VIOLATED)
   u_ctrl/u_aes/U8609/Y       8.0000         8.6365        -0.6365  (VIOLATED)
   u_ctrl/u_aes/U677/Y        8.0000         8.6012        -0.6012  (VIOLATED)
   u_ctrl/u_aes/state_reg_86_/Q  16.0000    16.5657        -0.5657  (VIOLATED)
   u_ctrl/u_aes/U3047/Y       8.0000         8.5467        -0.5467  (VIOLATED)
   u_ctrl/u_aes/U2495/Y      16.0000        16.5305        -0.5305  (VIOLATED)
   u_ctrl/U817/Y             16.0000        16.5216        -0.5216  (VIOLATED)
   u_ctrl/u_crc/U22/Y        16.0000        16.5216        -0.5216  (VIOLATED)
   u_ctrl/u_aes/state_reg_124_/Q   8.0000    8.4967        -0.4967  (VIOLATED)
   u_ctrl/u_aes/state_reg_32_/QN   8.0000    8.4891        -0.4891  (VIOLATED)
   u_ctrl/u_aes/state_reg_121_/Q   8.0000    8.4891        -0.4891  (VIOLATED)
   u_ctrl/u_aes/U2842/Y       8.0000         8.4730        -0.4730  (VIOLATED)
   u_ctrl/u_aes/U1636/Y       8.0000         8.4437        -0.4437  (VIOLATED)
   u_ctrl/u_aes/state_reg_27_/Q   8.0000     8.4280        -0.4280  (VIOLATED)
   u_ctrl/u_aes/U825/Y        8.0000         8.4268        -0.4268  (VIOLATED)
   u_ctrl/u_aes/U2983/Y      32.0000        32.4232        -0.4232  (VIOLATED)
   u_ctrl/u_aes/U3485/Y      32.0000        32.4232        -0.4232  (VIOLATED)
   u_ctrl/u_aes/U1392/Y       8.0000         8.3804        -0.3804  (VIOLATED)
   u_pll/CLK_1X               0.5000         0.8032        -0.3032  (VIOLATED)
   u_pll/CLK_2X               0.5000         0.8032        -0.3032  (VIOLATED)
   u_pll/CLK_4X               0.5000         0.8032        -0.3032  (VIOLATED)
   u_ctrl/u_aes/U4989/Y       8.0000         8.2857        -0.2857  (VIOLATED)
   u_ctrl/u_aes/U1384/Y       8.0000         8.2772        -0.2772  (VIOLATED)
   u_ctrl/u_aes/U4373/Y       8.0000         8.2735        -0.2735  (VIOLATED)
   u_ctrl/u_aes/state_reg_94_/Q  16.0000    16.2706        -0.2706  (VIOLATED)
   u_ctrl/u_aes/U244/Y        8.0000         8.2642        -0.2642  (VIOLATED)
   u_ctrl/u_aes/U267/Y        8.0000         8.2537        -0.2537  (VIOLATED)
   u_ctrl/u_aes/state_reg_20_/Q   8.0000     8.2384        -0.2384  (VIOLATED)
   u_ctrl/u_aes/U4393/Y       8.0000         8.2304        -0.2304  (VIOLATED)
   u_ctrl/u_aes/U1848/Y       8.0000         8.2246        -0.2246  (VIOLATED)
   u_ctrl/u_aes/U1893/Y       8.0000         8.2200        -0.2200  (VIOLATED)
   u_ctrl/u_aes/U2984/Y       8.0000         8.2179        -0.2179  (VIOLATED)
   u_ctrl/tx_active_div4_reg/Q   8.0000      8.2157        -0.2157  (VIOLATED)
   u_ctrl/u_aes/U3473/Y      16.0000        16.1666        -0.1666  (VIOLATED)
   u_ctrl/U217/Y             32.0000        32.1604        -0.1604  (VIOLATED)
   u_ctrl/u_aes/state_reg_19_/Q   8.0000     8.1360        -0.1360  (VIOLATED)
   u_ctrl/u_aes/U25/Y         8.0000         8.1259        -0.1259  (VIOLATED)
   u_ctrl/u_aes/U4870/Y       8.0000         8.1203        -0.1203  (VIOLATED)
   u_ctrl/u_aes/U2610/Y       8.0000         8.1135        -0.1135  (VIOLATED)
   u_ctrl/u_crc/U74/Y         8.0000         8.1017        -0.1017  (VIOLATED)
   u_ctrl/u_aes/U294/Y        8.0000         8.0947        -0.0947  (VIOLATED)
   u_ctrl/u_aes/U2777/Y       8.0000         8.0933        -0.0933  (VIOLATED)
   u_ctrl/u_aes/U5145/Y       8.0000         8.0876        -0.0876  (VIOLATED)
   u_ctrl/u_aes/U695/Y        8.0000         8.0867        -0.0867  (VIOLATED)
   u_ctrl/u_aes/state_reg_72_/Q   8.0000     8.0796        -0.0796  (VIOLATED)
   u_ctrl/u_aes/U9021/Y       8.0000         8.0784        -0.0784  (VIOLATED)
   u_ctrl/u_aes/U4912/Y       8.0000         8.0633        -0.0633  (VIOLATED)
   u_ctrl/u_aes/U4275/Y       8.0000         8.0546        -0.0546  (VIOLATED)
   u_ctrl/u_aes/DFTC_6/Y     64.0000        64.0520        -0.0520  (VIOLATED)
   u_ctrl/u_crc/U21/SO        8.0000         8.0483        -0.0483  (VIOLATED)
   u_ctrl/u_aes/U1467/Y       8.0000         8.0397        -0.0397  (VIOLATED)
   u_ctrl/u_aes/U2847/Y       8.0000         8.0363        -0.0363  (VIOLATED)
   u_ctrl/u_aes/U263/Y        8.0000         8.0336        -0.0336  (VIOLATED)
   u_ctrl/u_aes/U1405/Y       8.0000         8.0210        -0.0210  (VIOLATED)
   u_ctrl/u_aes/state_reg_26_/QN  16.0000   16.0149        -0.0149  (VIOLATED)
   u_ctrl/u_aes/U5002/Y       8.0000         8.0122        -0.0122  (VIOLATED)
   u_ctrl/U389/Y              8.0000         8.0071        -0.0071  (VIOLATED)


   max_transition

                             Required        Actual
   Pin                      Transition     Transition        Slack
   -----------------------------------------------------------------
   u_ctrl/u_aes/state_reg_41_/QN   0.0943    0.1000        -0.0057  (VIOLATED)


1
