****************************************
Report : constraint
	-all_violators
	-path slack_only
Design : top_mcu_pll_sram_multiclk_soc
Version: W-2024.09-SP5-3
Date   : Wed Apr 15 20:23:39 2026
****************************************



   min_delay/hold ('ref_clk' group)

   Endpoint                                                  Slack
   -----------------------------------------------------------------
   u_mem/u_sram/I[7]                                       -0.0012  (VIOLATED)
   u_mem/u_sram/I[0]                                       -0.0004  (VIOLATED)
   u_mem/u_sram/I[1]                                       -0.0004  (VIOLATED)
   u_mem/u_sram/I[2]                                       -0.0004  (VIOLATED)
   u_mem/u_sram/I[3]                                       -0.0004  (VIOLATED)
   u_mem/u_sram/I[4]                                       -0.0004  (VIOLATED)
   u_mem/u_sram/I[5]                                       -0.0004  (VIOLATED)
   u_mem/u_sram/I[6]                                       -0.0004  (VIOLATED)




   max_capacitance

                             Required        Actual
   Pin                      Capacitance    Capacitance       Slack
   -----------------------------------------------------------------
   u_ctrl/u_aes/U3117/Y      32.0000        45.3690       -13.3690  (VIOLATED)
   u_ctrl/U22/Y              32.0000        44.1879       -12.1879  (VIOLATED)
   u_ctrl/U494/Y             64.0000        75.0120       -11.0120  (VIOLATED)
   u_ctrl/u_aes/U3062/Y      32.0000        42.9763       -10.9763  (VIOLATED)
   u_ctrl/U31/Y              32.0000        42.1194       -10.1194  (VIOLATED)
   u_ctrl/u_aes/U3492/Y      32.0000        41.1634        -9.1634  (VIOLATED)
   u_ctrl/u_aes/state_reg_105_/Q   8.0000   16.6805        -8.6805  (VIOLATED)
   u_ctrl/u_aes/U2932/Y      32.0000        40.4004        -8.4004  (VIOLATED)
   u_ctrl/U48/Y              32.0000        40.1859        -8.1859  (VIOLATED)
   u_ctrl/u_aes/U2970/Y      32.0000        39.7375        -7.7375  (VIOLATED)
   u_ctrl/u_aes/U3476/Y      32.0000        39.7375        -7.7375  (VIOLATED)
   u_ctrl/u_aes/U4196/Y      16.0000        22.9080        -6.9080  (VIOLATED)
   u_ctrl/u_rx/U42/Y         16.0000        22.6712        -6.6712  (VIOLATED)
   u_ctrl/U18/Y              32.0000        38.2772        -6.2772  (VIOLATED)
   u_ctrl/u_aes/state_reg_58_/Q   8.0000    14.1227        -6.1227  (VIOLATED)
   u_ctrl/DFTC_12/Y          16.0000        22.1114        -6.1114  (VIOLATED)
   u_ctrl/U374/Y             16.0000        21.8556        -5.8556  (VIOLATED)
   u_ctrl/U410/Y             16.0000        21.8556        -5.8556  (VIOLATED)
   u_ctrl/U36/Y              32.0000        37.6796        -5.6796  (VIOLATED)
   u_ctrl/u_aes/state_reg_41_/QN   8.0000   13.6405        -5.6405  (VIOLATED)
   u_ctrl/u_aes/U4174/Y      16.0000        21.5561        -5.5561  (VIOLATED)
   u_ctrl/u_aes/U3494/Y      32.0000        37.4562        -5.4562  (VIOLATED)
   u_ctrl/U733/Y             16.0000        21.2979        -5.2979  (VIOLATED)
   u_ctrl/u_aes/U3474/Y      32.0000        37.0143        -5.0143  (VIOLATED)
   u_ctrl/u_aes/U3115/Y      32.0000        36.7197        -4.7197  (VIOLATED)
   u_ctrl/U421/Y             16.0000        20.6989        -4.6989  (VIOLATED)
   u_ctrl/U411/Y             16.0000        20.6374        -4.6374  (VIOLATED)
   u_ctrl/u_aes/state_reg_80_/Q   8.0000    12.5519        -4.5519  (VIOLATED)
   u_ctrl/u_aes/DFTC_9/Y     32.0000        36.3069        -4.3069  (VIOLATED)
   u_ctrl/u_aes/DFTC_26/Y    32.0000        36.3069        -4.3069  (VIOLATED)
   u_ctrl/u_aes/U713/Y        8.0000        12.2946        -4.2946  (VIOLATED)
   u_ctrl/u_aes/U2742/Y      32.0000        36.1533        -4.1533  (VIOLATED)
   u_ctrl/u_aes/U2794/Y       8.0000        12.0579        -4.0579  (VIOLATED)
   u_ctrl/u_crc/U4/Y         32.0000        35.9839        -3.9839  (VIOLATED)
   u_ctrl/u_aes/state_reg_41_/Q   8.0000    11.9111        -3.9111  (VIOLATED)
   u_ctrl/U747/Y             16.0000        19.8997        -3.8997  (VIOLATED)
   u_ctrl/U816/Y             16.0000        19.8997        -3.8997  (VIOLATED)
   u_ctrl/u_crc/U15/Y        16.0000        19.8997        -3.8997  (VIOLATED)
   u_ctrl/u_aes/state_reg_126_/Q   8.0000   11.8861        -3.8861  (VIOLATED)
   u_ctrl/u_aes/state_reg_108_/Q   8.0000   11.8485        -3.8485  (VIOLATED)
   u_ctrl/u_aes/DFTC_18/Y    64.0000        67.8310        -3.8310  (VIOLATED)
   u_ctrl/DFTC_10/Y          64.0000        67.7910        -3.7910  (VIOLATED)
   u_ctrl/u_aes/state_reg_62_/Q   8.0000    11.7006        -3.7006  (VIOLATED)
   u_ctrl/U223/Y             64.0000        67.6905        -3.6905  (VIOLATED)
   u_ctrl/U337/Y              8.0000        11.5113        -3.5113  (VIOLATED)
   u_ctrl/u_aes/state_reg_79_/Q   8.0000    11.4627        -3.4627  (VIOLATED)
   u_ctrl/u_aes/U2964/Y      32.0000        35.3581        -3.3581  (VIOLATED)
   u_ctrl/u_aes/state_reg_97_/Q   8.0000    11.3580        -3.3580  (VIOLATED)
   u_ctrl/u_aes/U2966/Y      32.0000        35.2108        -3.2108  (VIOLATED)
   u_ctrl/u_aes/U3479/Y      32.0000        35.2108        -3.2108  (VIOLATED)
   u_ctrl/u_aes/state_reg_64_/QN   8.0000   11.2030        -3.2030  (VIOLATED)
   u_ctrl/u_aes/U658/Y        8.0000        11.1421        -3.1421  (VIOLATED)
   u_ctrl/u_crc/U28/Y         8.0000        11.0830        -3.0830  (VIOLATED)
   u_ctrl/U423/Y             16.0000        19.0128        -3.0128  (VIOLATED)
   u_ctrl/u_aes/state_reg_125_/Q   8.0000   10.9728        -2.9728  (VIOLATED)
   u_ctrl/u_aes/state_reg_84_/Q   8.0000    10.8671        -2.8671  (VIOLATED)
   u_ctrl/u_aes/state_reg_104_/Q   8.0000   10.8667        -2.8667  (VIOLATED)
   u_ctrl/u_aes/U4126/Y      16.0000        18.7624        -2.7624  (VIOLATED)
   u_ctrl/u_aes/state_reg_100_/Q   8.0000   10.6841        -2.6841  (VIOLATED)
   u_ctrl/u_aes/state_reg_75_/Q   8.0000    10.6832        -2.6832  (VIOLATED)
   u_ctrl/U539/Y              8.0000        10.6074        -2.6074  (VIOLATED)
   u_ctrl/u_aes/U4210/Y       8.0000        10.5842        -2.5842  (VIOLATED)
   u_ctrl/u_aes/state_reg_1_/Q   8.0000     10.5658        -2.5658  (VIOLATED)
   u_ctrl/u_aes/state_reg_95_/Q   8.0000    10.4906        -2.4906  (VIOLATED)
   u_ctrl/u_aes/state_reg_92_/Q   8.0000    10.4708        -2.4708  (VIOLATED)
   u_ctrl/U249/Y              8.0000        10.4544        -2.4544  (VIOLATED)
   u_ctrl/u_aes/state_reg_14_/Q   8.0000    10.4343        -2.4343  (VIOLATED)
   u_ctrl/U734/Y             16.0000        18.4332        -2.4332  (VIOLATED)
   u_ctrl/u_aes/U1459/Y       8.0000        10.4252        -2.4252  (VIOLATED)
   u_ctrl/U760/Y             16.0000        18.4153        -2.4153  (VIOLATED)
   u_ctrl/U562/Y              8.0000        10.3938        -2.3938  (VIOLATED)
   u_ctrl/u_aes/state_reg_76_/Q  16.0000    18.3612        -2.3612  (VIOLATED)
   u_ctrl/u_aes/state_reg_56_/QN   8.0000   10.3417        -2.3417  (VIOLATED)
   u_ctrl/u_aes/state_reg_78_/Q  16.0000    18.3314        -2.3314  (VIOLATED)
   u_ctrl/u_crc/U3/Y         32.0000        34.1509        -2.1509  (VIOLATED)
   u_ctrl/u_aes/U630/Y        8.0000         9.9860        -1.9860  (VIOLATED)
   u_ctrl/tx_idx_div2_reg_3_/Q   8.0000      9.9062        -1.9062  (VIOLATED)
   u_ctrl/u_aes/state_reg_92_/QN   8.0000    9.8728        -1.8728  (VIOLATED)
   u_ctrl/u_aes/DFTC_6/Y     64.0000        65.8467        -1.8467  (VIOLATED)
   u_ctrl/u_aes/state_reg_33_/Q   8.0000     9.8391        -1.8391  (VIOLATED)
   u_ctrl/u_aes/state_reg_54_/Q   8.0000     9.7470        -1.7470  (VIOLATED)
   u_ctrl/u_aes/U2983/Y      32.0000        33.7019        -1.7019  (VIOLATED)
   u_ctrl/u_aes/U3485/Y      32.0000        33.7019        -1.7019  (VIOLATED)
   u_ctrl/u_aes/U2998/Y       8.0000         9.6787        -1.6787  (VIOLATED)
   u_ctrl/u_aes/state_reg_7_/Q  16.0000     17.6730        -1.6730  (VIOLATED)
   u_ctrl/u_aes/U1656/Y       8.0000         9.6648        -1.6648  (VIOLATED)
   u_ctrl/DFTC_4/Y           64.0000        65.6641        -1.6641  (VIOLATED)
   u_ctrl/U413/Y             16.0000        17.6596        -1.6596  (VIOLATED)
   u_ctrl/U651/Y             16.0000        17.6596        -1.6596  (VIOLATED)
   u_ctrl/u_aes/state_reg_15_/Q   8.0000     9.6046        -1.6046  (VIOLATED)
   u_ctrl/u_aes/U678/Y        8.0000         9.5005        -1.5005  (VIOLATED)
   u_ctrl/u_tx/U41/Y         16.0000        17.4822        -1.4822  (VIOLATED)
   u_ctrl/u_aes/state_reg_58_/QN   8.0000    9.4740        -1.4740  (VIOLATED)
   u_ctrl/u_aes/state_reg_55_/Q   8.0000     9.3334        -1.3334  (VIOLATED)
   u_ctrl/u_aes/U2789/Y       8.0000         9.3163        -1.3163  (VIOLATED)
   u_ctrl/u_aes/U252/Y        8.0000         9.3110        -1.3110  (VIOLATED)
   u_ctrl/u_aes/U4238/Y       8.0000         9.2538        -1.2538  (VIOLATED)
   u_ctrl/U814/Y             16.0000        17.2367        -1.2367  (VIOLATED)
   u_ctrl/u_crc/U13/Y        16.0000        17.2367        -1.2367  (VIOLATED)
   u_ctrl/U812/Y             16.0000        17.1950        -1.1950  (VIOLATED)
   u_ctrl/u_aes/U1846/Y       8.0000         9.1777        -1.1777  (VIOLATED)
   u_ctrl/u_aes/U4886/Y       8.0000         9.1536        -1.1536  (VIOLATED)
   u_ctrl/u_aes/U2495/Y      16.0000        17.1199        -1.1199  (VIOLATED)
   u_ctrl/U817/Y             16.0000        17.1122        -1.1122  (VIOLATED)
   u_ctrl/u_crc/U22/Y        16.0000        17.1122        -1.1122  (VIOLATED)
   u_ctrl/u_aes/U675/Y        8.0000         9.1101        -1.1101  (VIOLATED)
   u_ctrl/u_aes/state_reg_38_/QN   8.0000    9.0714        -1.0714  (VIOLATED)
   u_ctrl/U819/Y              8.0000         9.0679        -1.0679  (VIOLATED)
   u_ctrl/u_aes/U232/Y        8.0000         9.0610        -1.0610  (VIOLATED)
   u_ctrl/u_aes/U239/Y        8.0000         9.0532        -1.0532  (VIOLATED)
   u_ctrl/u_aes/state_reg_86_/Q  16.0000    17.0403        -1.0403  (VIOLATED)
   u_ctrl/u_aes/state_reg_1_/QN   8.0000     9.0292        -1.0292  (VIOLATED)
   u_ctrl/u_aes/U4831/Y       8.0000         9.0180        -1.0180  (VIOLATED)
   u_ctrl/u_aes/state_reg_20_/QN   8.0000    8.9702        -0.9702  (VIOLATED)
   u_ctrl/u_aes/U715/Y        8.0000         8.9121        -0.9121  (VIOLATED)
   u_ctrl/u_aes/U1410/Y       8.0000         8.8967        -0.8967  (VIOLATED)
   u_ctrl/u_aes/U677/Y        8.0000         8.8385        -0.8385  (VIOLATED)
   u_ctrl/u_aes/state_reg_94_/Q  16.0000    16.7995        -0.7995  (VIOLATED)
   u_ctrl/u_aes/U3047/Y       8.0000         8.7919        -0.7919  (VIOLATED)
   u_ctrl/U217/Y             32.0000        32.7782        -0.7782  (VIOLATED)
   u_ctrl/u_aes/U2842/Y       8.0000         8.7207        -0.7207  (VIOLATED)
   u_ctrl/u_aes/state_reg_124_/Q   8.0000    8.7122        -0.7122  (VIOLATED)
   u_ctrl/u_aes/U8609/Y       8.0000         8.7025        -0.7025  (VIOLATED)
   u_ctrl/u_aes/state_reg_121_/Q   8.0000    8.7002        -0.7002  (VIOLATED)
   u_ctrl/u_aes/U1636/Y       8.0000         8.6915        -0.6915  (VIOLATED)
   u_ctrl/u_aes/state_reg_32_/QN   8.0000    8.6777        -0.6777  (VIOLATED)
   u_ctrl/u_aes/U3473/Y      16.0000        16.6338        -0.6338  (VIOLATED)
   u_ctrl/u_aes/U825/Y        8.0000         8.6315        -0.6315  (VIOLATED)
   u_ctrl/u_aes/state_reg_27_/Q   8.0000     8.6259        -0.6259  (VIOLATED)
   u_ctrl/u_aes/U1392/Y       8.0000         8.5736        -0.5736  (VIOLATED)
   u_ctrl/u_aes/U2963/Y      32.0000        32.5612        -0.5612  (VIOLATED)
   u_ctrl/u_aes/state_reg_26_/QN  16.0000   16.5506        -0.5506  (VIOLATED)
   u_ctrl/u_aes/U4989/Y       8.0000         8.4963        -0.4963  (VIOLATED)
   u_ctrl/u_aes/U1384/Y       8.0000         8.4823        -0.4823  (VIOLATED)
   u_ctrl/u_aes/U4373/Y       8.0000         8.4741        -0.4741  (VIOLATED)
   u_ctrl/u_aes/U267/Y        8.0000         8.4717        -0.4717  (VIOLATED)
   u_ctrl/u_aes/state_reg_22_/Q  16.0000    16.4716        -0.4716  (VIOLATED)
   u_ctrl/u_aes/U244/Y        8.0000         8.4703        -0.4703  (VIOLATED)
   u_ctrl/u_aes/U1848/Y       8.0000         8.4397        -0.4397  (VIOLATED)
   u_ctrl/u_aes/U4393/Y       8.0000         8.4364        -0.4364  (VIOLATED)
   u_ctrl/u_aes/U2984/Y       8.0000         8.4315        -0.4315  (VIOLATED)
   u_ctrl/tx_active_div4_reg/Q   8.0000      8.4261        -0.4261  (VIOLATED)
   u_ctrl/u_aes/U1893/Y       8.0000         8.4247        -0.4247  (VIOLATED)
   u_ctrl/u_aes/state_reg_20_/Q   8.0000     8.4227        -0.4227  (VIOLATED)
   u_ctrl/u_aes/U25/Y         8.0000         8.3403        -0.3403  (VIOLATED)
   u_ctrl/u_aes/state_reg_19_/Q   8.0000     8.3338        -0.3338  (VIOLATED)
   u_ctrl/u_aes/U4870/Y       8.0000         8.3274        -0.3274  (VIOLATED)
   u_pll/CLK_1X               0.5000         0.8179        -0.3179  (VIOLATED)
   u_pll/CLK_2X               0.5000         0.8179        -0.3179  (VIOLATED)
   u_pll/CLK_4X               0.5000         0.8179        -0.3179  (VIOLATED)
   u_ctrl/u_aes/U2610/Y       8.0000         8.3177        -0.3177  (VIOLATED)
   u_ctrl/u_aes/U4198/Y      16.0000        16.3068        -0.3068  (VIOLATED)
   u_ctrl/u_aes/U2777/Y       8.0000         8.3002        -0.3002  (VIOLATED)
   u_ctrl/u_aes/U5145/Y       8.0000         8.2975        -0.2975  (VIOLATED)
   u_ctrl/u_crc/U74/Y         8.0000         8.2966        -0.2966  (VIOLATED)
   u_ctrl/u_aes/U294/Y        8.0000         8.2938        -0.2938  (VIOLATED)
   u_ctrl/u_aes/U695/Y        8.0000         8.2870        -0.2870  (VIOLATED)
   u_ctrl/u_aes/U4912/Y       8.0000         8.2677        -0.2677  (VIOLATED)
   u_ctrl/u_aes/U3125/Y      32.0000        32.2666        -0.2666  (VIOLATED)
   u_ctrl/u_aes/U4275/Y       8.0000         8.2565        -0.2565  (VIOLATED)
   u_ctrl/u_aes/U2847/Y       8.0000         8.2555        -0.2555  (VIOLATED)
   u_ctrl/u_aes/U1467/Y       8.0000         8.2528        -0.2528  (VIOLATED)
   u_ctrl/u_aes/state_reg_72_/Q   8.0000     8.2472        -0.2472  (VIOLATED)
   u_ctrl/u_aes/U263/Y        8.0000         8.2404        -0.2404  (VIOLATED)
   u_ctrl/u_aes/U1405/Y       8.0000         8.2319        -0.2319  (VIOLATED)
   u_ctrl/u_aes/U5002/Y       8.0000         8.2215        -0.2215  (VIOLATED)
   u_ctrl/U389/Y              8.0000         8.2200        -0.2200  (VIOLATED)
   u_ctrl/u_aes/U2011/Y       8.0000         8.2145        -0.2145  (VIOLATED)
   u_ctrl/u_aes/U736/Y        8.0000         8.1975        -0.1975  (VIOLATED)
   u_ctrl/u_aes/U4992/Y       8.0000         8.1889        -0.1889  (VIOLATED)
   u_ctrl/u_aes/U3179/Y       8.0000         8.1854        -0.1854  (VIOLATED)
   u_ctrl/u_aes/U259/Y        8.0000         8.1829        -0.1829  (VIOLATED)
   u_ctrl/u_aes/U1465/Y       8.0000         8.1806        -0.1806  (VIOLATED)
   u_ctrl/u_crc/U21/SO        8.0000         8.1772        -0.1772  (VIOLATED)
   u_ctrl/u_aes/U448/Y        8.0000         8.1749        -0.1749  (VIOLATED)
   u_ctrl/u_aes/U4416/Y       8.0000         8.1747        -0.1747  (VIOLATED)
   u_ctrl/u_aes/U9021/Y       8.0000         8.1708        -0.1708  (VIOLATED)
   u_ctrl/u_aes/U1644/Y       8.0000         8.1576        -0.1576  (VIOLATED)
   u_ctrl/u_aes/U2972/Y       8.0000         8.1547        -0.1547  (VIOLATED)
   u_ctrl/u_aes/U3007/Y       8.0000         8.1547        -0.1547  (VIOLATED)
   u_ctrl/u_aes/U2989/Y       8.0000         8.1524        -0.1524  (VIOLATED)
   u_ctrl/u_rx/U5/Y           8.0000         8.1452        -0.1452  (VIOLATED)
   u_ctrl/u_aes/U1557/Y       8.0000         8.1401        -0.1401  (VIOLATED)
   u_ctrl/u_aes/state_reg_43_/QN   8.0000    8.1245        -0.1245  (VIOLATED)
   u_ctrl/u_aes/U4818/Y       8.0000         8.1194        -0.1194  (VIOLATED)
   u_ctrl/u_aes/U4996/Y       8.0000         8.1150        -0.1150  (VIOLATED)
   u_ctrl/u_aes/U503/Y        8.0000         8.1143        -0.1143  (VIOLATED)
   u_ctrl/u_aes/U685/Y        8.0000         8.1033        -0.1033  (VIOLATED)
   u_ctrl/u_aes/U1830/Y       8.0000         8.0820        -0.0820  (VIOLATED)
   u_ctrl/u_aes/U477/Y        8.0000         8.0715        -0.0715  (VIOLATED)
   u_ctrl/u_aes/U5034/Y       8.0000         8.0671        -0.0671  (VIOLATED)
   u_ctrl/u_aes/U2028/Y       8.0000         8.0644        -0.0644  (VIOLATED)
   u_ctrl/u_aes/U4853/Y       8.0000         8.0644        -0.0644  (VIOLATED)
   u_ctrl/u_aes/U4388/Y       8.0000         8.0562        -0.0562  (VIOLATED)
   u_ctrl/u_aes/round_reg_0_/Q   8.0000      8.0448        -0.0448  (VIOLATED)
   u_ctrl/u_aes/U3173/Y       8.0000         8.0350        -0.0350  (VIOLATED)
   u_ctrl/u_aes/U5037/Y       8.0000         8.0263        -0.0263  (VIOLATED)
   u_ctrl/u_aes/U5030/Y       8.0000         8.0174        -0.0174  (VIOLATED)


   max_transition

                             Required        Actual
   Pin                      Transition     Transition        Slack
   -----------------------------------------------------------------
   u_ctrl/u_aes/state_reg_41_/QN   0.1202    0.1432        -0.0230  (VIOLATED)
   u_ctrl/u_aes/state_reg_64_/QN   0.1202    0.1240        -0.0038  (VIOLATED)


1
