****************************************
Report : qor
Design : top_mcu_pll_sram_multiclk_soc
Version: W-2024.09-SP5-3
Date   : Sun Apr 12 15:04:10 2026
****************************************

  Timing Path Group '**clock_gating_default**' (max_delay/setup)
  ---------------------------------------------
  Levels of Logic:                            1
  Critical Path Length:                  0.0914
  Critical Path Slack:                   3.3586
  Total Negative Slack:                  0.0000
  No. of Violating Paths:                     0
  ---------------------------------------------

  Timing Path Group 'INS' (max_delay/setup)
  ---------------------------------------------
  Levels of Logic:                           27
  Critical Path Length:                  3.6103
  Critical Path Slack:                   3.3586
  Total Negative Slack:                  0.0000
  No. of Violating Paths:                     0
  ---------------------------------------------

  Timing Path Group 'OUTS' (max_delay/setup)
  ---------------------------------------------
  Levels of Logic:                            1
  Critical Path Length:                  0.1753
  Critical Path Slack:                   5.9247
  Total Negative Slack:                  0.0000
  No. of Violating Paths:                     0
  ---------------------------------------------

  Timing Path Group 'clk_fast_aes' (max_delay/setup)
  ---------------------------------------------
  Levels of Logic:                           16
  Critical Path Length:                  1.5031
  Critical Path Slack:                   5.4753
  Total Negative Slack:                  0.0000
  No. of Violating Paths:                     0
  ---------------------------------------------

  Timing Path Group 'ref_clk' (max_delay/setup)
  ---------------------------------------------
  Levels of Logic:                           33
  Critical Path Length:                  2.1209
  Critical Path Slack:                   4.8560
  Total Negative Slack:                  0.0000
  No. of Violating Paths:                     0
  ---------------------------------------------

  Timing Path Group '**clock_gating_default**' (min_delay/hold)
  ---------------------------------------------
  Levels of Logic:                            1
  Critical Path Length:                  0.0794
  Critical Path Slack:                   0.0294
  Total Negative Slack:                  0.0000
  No. of Violating Paths:                     0
  ---------------------------------------------

  Timing Path Group 'INS' (min_delay/hold)
  ---------------------------------------------
  Levels of Logic:                            0
  Critical Path Length:                  0.2000
  Critical Path Slack:                   0.0080
  Total Negative Slack:                  0.0000
  No. of Violating Paths:                     0
  ---------------------------------------------

  Timing Path Group 'OUTS' (min_delay/hold)
  ---------------------------------------------
  Levels of Logic:                            1
  Critical Path Length:                  0.1591
  Critical Path Slack:                   0.3091
  Total Negative Slack:                  0.0000
  No. of Violating Paths:                     0
  ---------------------------------------------

  Timing Path Group 'clk_fast_aes' (min_delay/hold)
  ---------------------------------------------
  Levels of Logic:                            2
  Critical Path Length:                  0.1397
  Critical Path Slack:                   0.1554
  Total Negative Slack:                  0.0000
  No. of Violating Paths:                     0
  ---------------------------------------------

  Timing Path Group 'ref_clk' (min_delay/hold)
  ---------------------------------------------
  Levels of Logic:                            1
  Critical Path Length:                  0.1643
  Critical Path Slack:                  -0.0110
  Total Negative Slack:                 -0.1307
  No. of Violating Paths:                    12
  ---------------------------------------------

  Area
  ---------------------------------------------
  Net Interconnect area:             15005.1270
  Total cell area:                   69946.4844
  Design Area:                       84951.6094
  ---------------------------------------------


  Cell & Pin Count
  ---------------------------------------------
  Pin Count:                              53920
  Hierarchical Cell Count:                    5
  Hierarchical Port Count:                  734
  Leaf Cell Count:                        12945
  ---------------------------------------------


  Design Rule Violations
  ---------------------------------------------
  Total No. of Pins in Design:            53920
  max_capacitance Count:                    160
  max_capacitance Cost:                196.6517
  Total DRC Cost:                      196.6517
  ---------------------------------------------

1
