****************************************
Report : analysis_coverage
Design : top_mcu_pll_sram_multiclk_soc
Version: W-2024.09-SP5-3
Date   : Mon Apr 13 10:13:27 2026
****************************************

Type of Check         Total              Met         Violated         Untested
--------------------------------------------------------------------------------
setup                  4583      1546 ( 34%)         0 (  0%)      3037 ( 66%)
hold                   4581      1532 ( 33%)        12 (  0%)      3037 ( 66%)
recovery               1532      1532 (100%)         0 (  0%)         0 (  0%)
removal                1532      1532 (100%)         0 (  0%)         0 (  0%)
min_pulse_width        4597      3065 ( 67%)         0 (  0%)      1532 ( 33%)
clock_gating_setup        1         1 (100%)         0 (  0%)         0 (  0%)
clock_gating_hold         1         1 (100%)         0 (  0%)         0 (  0%)
out_setup                 4         3 ( 75%)         0 (  0%)         1 ( 25%)
out_hold                  4         3 ( 75%)         0 (  0%)         1 ( 25%)
--------------------------------------------------------------------------------
All Checks            16835      9215 ( 55%)        12 (  0%)      7608 ( 45%)

1
