****************************************
Report : constraint
	-all_violators
	-path slack_only
Design : top_mcu_pll_sram_multiclk_soc
Version: W-2024.09-SP5-3
Date   : Mon Apr 13 15:15:04 2026
****************************************


   max_delay/setup ('INS' group)

   Endpoint                                                  Slack
   -----------------------------------------------------------------
   u_ctrl/start_seen_reg/D                                 -0.1873  (VIOLATED)

   max_delay/setup ('clk_fast' group)

   Endpoint                                                  Slack
   -----------------------------------------------------------------
   u_ctrl/ct_hold_fast_reg_89_/D                           -0.2015  (VIOLATED)
   u_ctrl/ct_hold_fast_reg_43_/D                           -0.2015  (VIOLATED)
   u_ctrl/ct_hold_fast_reg_107_/D                          -0.2015  (VIOLATED)
   u_ctrl/ct_hold_fast_reg_10_/D                           -0.2013  (VIOLATED)
   u_ctrl/ct_hold_fast_reg_54_/D                           -0.2013  (VIOLATED)
   u_ctrl/ct_hold_fast_reg_119_/D                          -0.2013  (VIOLATED)
   u_ctrl/ct_hold_fast_reg_59_/D                           -0.0732  (VIOLATED)
   u_ctrl/ct_hold_fast_reg_32_/D                           -0.0732  (VIOLATED)
   u_ctrl/ct_hold_fast_reg_124_/D                          -0.0301  (VIOLATED)
   u_ctrl/ct_hold_fast_reg_64_/D                           -0.0092  (VIOLATED)
   u_ctrl/ct_hold_fast_reg_81_/D                           -0.0092  (VIOLATED)

   max_delay/setup ('clk_fast_aes' group)

   Endpoint                                                  Slack
   -----------------------------------------------------------------
   u_ctrl/u_aes/state_reg_40_/D                            -0.5306  (VIOLATED)
   u_ctrl/u_aes/state_reg_32_/D                            -0.5018  (VIOLATED)
   u_ctrl/u_aes/state_reg_35_/D                            -0.4924  (VIOLATED)
   u_ctrl/u_aes/state_reg_52_/D                            -0.4732  (VIOLATED)
   u_ctrl/u_aes/state_reg_33_/D                            -0.4727  (VIOLATED)
   u_ctrl/u_aes/state_reg_43_/D                            -0.4630  (VIOLATED)
   u_ctrl/u_aes/state_reg_41_/D                            -0.4605  (VIOLATED)
   u_ctrl/u_aes/state_reg_47_/D                            -0.4604  (VIOLATED)
   u_ctrl/u_aes/state_reg_36_/D                            -0.4305  (VIOLATED)
   u_ctrl/u_aes/state_reg_42_/D                            -0.4266  (VIOLATED)
   u_ctrl/u_aes/state_reg_44_/D                            -0.4161  (VIOLATED)
   u_ctrl/u_aes/state_reg_9_/D                             -0.3749  (VIOLATED)
   u_ctrl/u_aes/state_reg_37_/D                            -0.3481  (VIOLATED)
   u_ctrl/u_aes/state_reg_39_/D                            -0.3361  (VIOLATED)
   u_ctrl/u_aes/state_reg_46_/D                            -0.3357  (VIOLATED)
   u_ctrl/u_aes/state_reg_25_/D                            -0.3354  (VIOLATED)
   u_ctrl/u_aes/state_reg_1_/D                             -0.3333  (VIOLATED)
   u_ctrl/u_aes/state_reg_55_/D                            -0.3164  (VIOLATED)
   u_ctrl/u_aes/state_reg_63_/D                            -0.3164  (VIOLATED)
   u_ctrl/u_aes/state_reg_26_/D                            -0.3136  (VIOLATED)
   u_ctrl/u_aes/state_reg_50_/D                            -0.3030  (VIOLATED)
   u_ctrl/u_aes/state_reg_2_/D                             -0.2857  (VIOLATED)
   u_ctrl/u_aes/state_reg_13_/D                            -0.2825  (VIOLATED)
   u_ctrl/u_aes/state_reg_60_/D                            -0.2819  (VIOLATED)
   u_ctrl/u_aes/state_reg_17_/D                            -0.2700  (VIOLATED)
   u_ctrl/u_aes/state_reg_49_/D                            -0.2556  (VIOLATED)
   u_ctrl/u_aes/state_reg_58_/D                            -0.2493  (VIOLATED)
   u_ctrl/u_aes/state_reg_45_/D                            -0.2492  (VIOLATED)
   u_ctrl/u_aes/state_reg_34_/D                            -0.2487  (VIOLATED)
   u_ctrl/u_aes/state_reg_12_/D                            -0.2385  (VIOLATED)
   u_ctrl/u_aes/state_reg_116_/D                           -0.2352  (VIOLATED)
   u_ctrl/u_aes/state_reg_61_/D                            -0.2274  (VIOLATED)
   u_ctrl/u_aes/state_reg_124_/D                           -0.2271  (VIOLATED)
   u_ctrl/u_aes/state_reg_109_/D                           -0.2248  (VIOLATED)
   u_ctrl/u_aes/state_reg_59_/D                            -0.2247  (VIOLATED)
   u_ctrl/u_aes/state_reg_94_/D                            -0.2243  (VIOLATED)
   u_ctrl/u_aes/state_reg_73_/D                            -0.2237  (VIOLATED)
   u_ctrl/u_aes/state_reg_57_/D                            -0.2233  (VIOLATED)
   u_ctrl/u_aes/state_reg_56_/D                            -0.2224  (VIOLATED)
   u_ctrl/u_aes/state_reg_65_/D                            -0.2141  (VIOLATED)
   u_ctrl/u_aes/state_reg_119_/D                           -0.2092  (VIOLATED)
   u_ctrl/u_aes/state_reg_28_/D                            -0.2051  (VIOLATED)
   u_ctrl/u_aes/state_reg_108_/D                           -0.2030  (VIOLATED)
   u_ctrl/u_aes/state_reg_112_/D                           -0.1968  (VIOLATED)
   u_ctrl/u_aes/state_reg_92_/D                            -0.1944  (VIOLATED)
   u_ctrl/u_aes/state_reg_30_/D                            -0.1936  (VIOLATED)
   u_ctrl/u_aes/state_reg_66_/D                            -0.1876  (VIOLATED)
   u_ctrl/u_aes/state_reg_125_/D                           -0.1874  (VIOLATED)
   u_ctrl/u_aes/ct_out_reg_39_/D                           -0.1871  (VIOLATED)
   u_ctrl/u_aes/state_reg_38_/D                            -0.1859  (VIOLATED)
   u_ctrl/u_aes/state_reg_53_/D                            -0.1859  (VIOLATED)
   u_ctrl/u_aes/state_reg_89_/D                            -0.1847  (VIOLATED)
   u_ctrl/u_aes/state_reg_51_/D                            -0.1839  (VIOLATED)
   u_ctrl/u_aes/state_reg_97_/D                            -0.1832  (VIOLATED)
   u_ctrl/u_aes/state_reg_83_/D                            -0.1747  (VIOLATED)
   u_ctrl/u_aes/state_reg_90_/D                            -0.1663  (VIOLATED)
   u_ctrl/u_aes/state_reg_87_/D                            -0.1644  (VIOLATED)
   u_ctrl/u_aes/state_reg_16_/D                            -0.1639  (VIOLATED)
   u_ctrl/u_aes/state_reg_64_/D                            -0.1637  (VIOLATED)
   u_ctrl/u_aes/state_reg_107_/D                           -0.1625  (VIOLATED)
   u_ctrl/u_aes/state_reg_20_/D                            -0.1553  (VIOLATED)
   u_ctrl/u_aes/state_reg_74_/D                            -0.1485  (VIOLATED)
   u_ctrl/u_aes/state_reg_114_/D                           -0.1474  (VIOLATED)
   u_ctrl/u_aes/state_reg_24_/D                            -0.1464  (VIOLATED)
   u_ctrl/u_aes/state_reg_67_/D                            -0.1459  (VIOLATED)
   u_ctrl/u_aes/state_reg_115_/D                           -0.1459  (VIOLATED)
   u_ctrl/u_aes/state_reg_4_/D                             -0.1452  (VIOLATED)
   u_ctrl/u_aes/state_reg_117_/D                           -0.1420  (VIOLATED)
   u_ctrl/u_aes/state_reg_91_/D                            -0.1402  (VIOLATED)
   u_ctrl/u_aes/state_reg_121_/D                           -0.1390  (VIOLATED)
   u_ctrl/u_aes/state_reg_105_/D                           -0.1386  (VIOLATED)
   u_ctrl/u_aes/state_reg_101_/D                           -0.1374  (VIOLATED)
   u_ctrl/u_aes/state_reg_79_/D                            -0.1371  (VIOLATED)
   u_ctrl/u_aes/state_reg_21_/D                            -0.1367  (VIOLATED)
   u_ctrl/u_aes/state_reg_5_/D                             -0.1354  (VIOLATED)
   u_ctrl/u_aes/state_reg_0_/D                             -0.1341  (VIOLATED)
   u_ctrl/u_aes/state_reg_8_/D                             -0.1324  (VIOLATED)
   u_ctrl/u_aes/state_reg_77_/D                            -0.1275  (VIOLATED)
   u_ctrl/u_aes/state_reg_10_/D                            -0.1262  (VIOLATED)
   u_ctrl/u_aes/state_reg_75_/D                            -0.1243  (VIOLATED)
   u_ctrl/u_aes/state_reg_104_/D                           -0.1218  (VIOLATED)
   u_ctrl/u_aes/state_reg_126_/D                           -0.1136  (VIOLATED)
   u_ctrl/u_aes/state_reg_113_/D                           -0.1079  (VIOLATED)
   u_ctrl/u_aes/state_reg_14_/D                            -0.1072  (VIOLATED)
   u_ctrl/u_aes/state_reg_118_/D                           -0.1066  (VIOLATED)
   u_ctrl/u_aes/state_reg_54_/D                            -0.1041  (VIOLATED)
   u_ctrl/u_aes/state_reg_122_/D                           -0.1038  (VIOLATED)
   u_ctrl/u_aes/state_reg_81_/D                            -0.1024  (VIOLATED)
   u_ctrl/u_aes/state_reg_100_/D                           -0.1015  (VIOLATED)
   u_ctrl/u_aes/state_reg_19_/D                            -0.1009  (VIOLATED)
   u_ctrl/u_aes/state_reg_103_/D                           -0.0987  (VIOLATED)
   u_ctrl/u_aes/state_reg_98_/D                            -0.0974  (VIOLATED)
   u_ctrl/u_aes/state_reg_68_/D                            -0.0959  (VIOLATED)
   u_ctrl/u_aes/state_reg_70_/D                            -0.0949  (VIOLATED)
   u_ctrl/u_aes/state_reg_62_/D                            -0.0943  (VIOLATED)
   u_ctrl/u_aes/state_reg_11_/D                            -0.0920  (VIOLATED)
   u_ctrl/u_aes/state_reg_6_/D                             -0.0874  (VIOLATED)
   u_ctrl/u_aes/state_reg_88_/D                            -0.0858  (VIOLATED)
   u_ctrl/u_aes/state_reg_123_/D                           -0.0841  (VIOLATED)
   u_ctrl/u_aes/state_reg_96_/D                            -0.0828  (VIOLATED)
   u_ctrl/u_aes/state_reg_22_/D                            -0.0784  (VIOLATED)
   u_ctrl/u_aes/state_reg_99_/D                            -0.0763  (VIOLATED)
   u_ctrl/u_aes/state_reg_15_/D                            -0.0680  (VIOLATED)
   u_ctrl/u_aes/state_reg_76_/D                            -0.0680  (VIOLATED)
   u_ctrl/u_aes/state_reg_93_/D                            -0.0645  (VIOLATED)
   u_ctrl/u_aes/ct_out_reg_34_/D                           -0.0644  (VIOLATED)
   u_ctrl/u_aes/state_reg_27_/D                            -0.0605  (VIOLATED)
   u_ctrl/u_aes/state_reg_72_/D                            -0.0584  (VIOLATED)
   u_ctrl/u_aes/state_reg_120_/D                           -0.0570  (VIOLATED)
   u_ctrl/u_aes/state_reg_80_/D                            -0.0555  (VIOLATED)
   u_ctrl/u_aes/state_reg_111_/D                           -0.0546  (VIOLATED)
   u_ctrl/u_aes/state_reg_82_/D                            -0.0538  (VIOLATED)
   u_ctrl/u_aes/state_reg_3_/D                             -0.0534  (VIOLATED)
   u_ctrl/u_aes/state_reg_102_/D                           -0.0527  (VIOLATED)
   u_ctrl/u_aes/state_reg_95_/D                            -0.0489  (VIOLATED)
   u_ctrl/u_aes/state_reg_71_/D                            -0.0446  (VIOLATED)
   u_ctrl/u_aes/state_reg_31_/D                            -0.0416  (VIOLATED)
   u_ctrl/u_aes/state_reg_7_/D                             -0.0391  (VIOLATED)
   u_ctrl/u_aes/state_reg_23_/D                            -0.0375  (VIOLATED)
   u_ctrl/u_aes/state_reg_78_/D                            -0.0353  (VIOLATED)
   u_ctrl/u_aes/state_reg_127_/D                           -0.0317  (VIOLATED)
   u_ctrl/u_aes/state_reg_110_/D                           -0.0297  (VIOLATED)
   u_ctrl/u_aes/state_reg_48_/D                            -0.0282  (VIOLATED)
   u_ctrl/u_aes/state_reg_84_/D                            -0.0242  (VIOLATED)
   u_ctrl/u_aes/state_reg_69_/D                            -0.0135  (VIOLATED)
   u_ctrl/u_aes/state_reg_86_/D                            -0.0092  (VIOLATED)
   u_ctrl/u_aes/state_reg_85_/D                            -0.0088  (VIOLATED)
   u_ctrl/u_aes/ct_out_reg_24_/D                           -0.0034  (VIOLATED)
   u_ctrl/u_aes/ct_out_reg_63_/D                           -0.0025  (VIOLATED)
   u_ctrl/u_aes/state_reg_18_/D                            -0.0017  (VIOLATED)
   u_ctrl/u_aes/ct_out_reg_25_/D                           -0.0010  (VIOLATED)


   min_delay/hold ('clk_div2' group)

   Endpoint                                                  Slack
   -----------------------------------------------------------------
   u_mem_u_sram/A[0]                                       -0.0180  (VIOLATED)
   u_mem_u_sram/A[1]                                       -0.0180  (VIOLATED)
   u_mem_u_sram/A[2]                                       -0.0180  (VIOLATED)
   u_mem_u_sram/A[3]                                       -0.0180  (VIOLATED)
   u_mem_u_sram/I[0]                                       -0.0180  (VIOLATED)
   u_mem_u_sram/I[1]                                       -0.0180  (VIOLATED)
   u_mem_u_sram/I[2]                                       -0.0180  (VIOLATED)
   u_mem_u_sram/I[3]                                       -0.0180  (VIOLATED)
   u_mem_u_sram/I[4]                                       -0.0180  (VIOLATED)
   u_mem_u_sram/I[5]                                       -0.0180  (VIOLATED)
   u_mem_u_sram/I[6]                                       -0.0180  (VIOLATED)
   u_mem_u_sram/I[7]                                       -0.0180  (VIOLATED)




   max_capacitance

                             Required        Actual
   Pin                      Capacitance    Capacitance       Slack
   -----------------------------------------------------------------
   u_ctrl/u_aes/U5669/Y       8.0000         8.7984        -0.7984  (VIOLATED)
   u_ctrl/u_aes/U5161/Y       8.0000         8.7347        -0.7347  (VIOLATED)
   u_ctrl/u_aes/state_reg_26_/Q   8.0000     8.5791        -0.5791  (VIOLATED)
   u_ctrl/u_aes/U2302/Y       8.0000         8.5059        -0.5059  (VIOLATED)
   u_ctrl/u_aes/U3100/Y      16.0000        16.4990        -0.4990  (VIOLATED)
   u_ctrl/u_aes/U3104/Y      16.0000        16.4990        -0.4990  (VIOLATED)
   u_ctrl/u_aes/U3109/Y      16.0000        16.4990        -0.4990  (VIOLATED)
   u_ctrl/u_aes/U3102/Y      16.0000        16.4990        -0.4990  (VIOLATED)
   u_ctrl/u_aes/state_reg_76_/QN   8.0000    8.4925        -0.4925  (VIOLATED)
   u_ctrl/u_aes/U10174/Y      8.0000         8.4810        -0.4810  (VIOLATED)
   u_ctrl/u_aes/state_reg_116_/QN   8.0000   8.4480        -0.4480  (VIOLATED)
   u_ctrl/u_aes/U2155/Y       8.0000         8.4348        -0.4348  (VIOLATED)
   u_ctrl/u_aes/U9111/Y      16.0000        16.4223        -0.4223  (VIOLATED)
   u_ctrl/u_aes/U9112/Y      16.0000        16.4223        -0.4223  (VIOLATED)
   u_ctrl/u_aes/U9113/Y      16.0000        16.4223        -0.4223  (VIOLATED)
   u_ctrl/u_aes/U9115/Y      16.0000        16.4223        -0.4223  (VIOLATED)
   u_ctrl/u_aes/U9116/Y      16.0000        16.4223        -0.4223  (VIOLATED)
   u_ctrl/u_aes/U9121/Y      16.0000        16.4223        -0.4223  (VIOLATED)
   u_ctrl/u_aes/U9122/Y      16.0000        16.4223        -0.4223  (VIOLATED)
   u_ctrl/u_aes/U9132/Y      16.0000        16.4223        -0.4223  (VIOLATED)
   u_ctrl/u_aes/U9133/Y      16.0000        16.4223        -0.4223  (VIOLATED)
   u_ctrl/u_aes/U9140/Y      16.0000        16.4223        -0.4223  (VIOLATED)
   u_ctrl/u_aes/U9141/Y      16.0000        16.4223        -0.4223  (VIOLATED)
   u_ctrl/u_aes/U9142/Y      16.0000        16.4223        -0.4223  (VIOLATED)
   u_ctrl/u_aes/U9143/Y      16.0000        16.4223        -0.4223  (VIOLATED)
   u_ctrl/u_aes/U9144/Y      16.0000        16.4223        -0.4223  (VIOLATED)
   u_ctrl/u_aes/U9145/Y      16.0000        16.4223        -0.4223  (VIOLATED)
   u_ctrl/u_aes/U9146/Y      16.0000        16.4223        -0.4223  (VIOLATED)
   u_ctrl/u_aes/U9150/Y      16.0000        16.4223        -0.4223  (VIOLATED)
   u_ctrl/u_aes/U9152/Y      16.0000        16.4083        -0.4083  (VIOLATED)
   u_ctrl/u_aes/state_reg_13_/Q   8.0000     8.3378        -0.3378  (VIOLATED)
   u_ctrl/u_aes/state_reg_101_/QN   8.0000   8.2812        -0.2812  (VIOLATED)
   u_ctrl/u_aes/state_reg_102_/Q   8.0000    8.1811        -0.1811  (VIOLATED)
   u_ctrl/U886/Y             16.0000        16.1609        -0.1609  (VIOLATED)
   u_ctrl/u_aes/state_reg_118_/Q   8.0000    8.1233        -0.1233  (VIOLATED)
   u_ctrl/U887/Y             16.0000        16.0237        -0.0237  (VIOLATED)
   u_ctrl/u_aes/U2722/Y       8.0000         8.0070        -0.0070  (VIOLATED)


1
