****************************************
Report : qor
Design : top_mcu_pll_sram_multiclk_soc
Version: W-2024.09-SP5-3
Date   : Sun Apr 12 11:53:58 2026
****************************************

  Timing Path Group '**clock_gating_default**' (max_delay/setup)
  ---------------------------------------------
  Levels of Logic:                            1
  Critical Path Length:                  0.0914
  Critical Path Slack:                   0.5836
  Total Negative Slack:                  0.0000
  No. of Violating Paths:                     0
  ---------------------------------------------

  Timing Path Group 'INS' (max_delay/setup)
  ---------------------------------------------
  Levels of Logic:                            3
  Critical Path Length:                  1.2613
  Critical Path Slack:                   0.1615
  Total Negative Slack:                  0.0000
  No. of Violating Paths:                     0
  ---------------------------------------------

  Timing Path Group 'OUTS' (max_delay/setup)
  ---------------------------------------------
  Levels of Logic:                            1
  Critical Path Length:                  0.1753
  Critical Path Slack:                   0.3747
  Total Negative Slack:                  0.0000
  No. of Violating Paths:                     0
  ---------------------------------------------

  Timing Path Group 'clk_div2' (max_delay/setup)
  ---------------------------------------------
  Levels of Logic:                            2
  Critical Path Length:                  0.2552
  Critical Path Slack:                   1.1645
  Total Negative Slack:                  0.0000
  No. of Violating Paths:                     0
  ---------------------------------------------

  Timing Path Group 'clk_div4' (max_delay/setup)
  ---------------------------------------------
  Levels of Logic:                            2
  Critical Path Length:                  0.2015
  Critical Path Slack:                   1.2207
  Total Negative Slack:                  0.0000
  No. of Violating Paths:                     0
  ---------------------------------------------

  Timing Path Group 'clk_fast' (max_delay/setup)
  ---------------------------------------------
  Levels of Logic:                            7
  Critical Path Length:                  0.7072
  Critical Path Slack:                   0.7149
  Total Negative Slack:                  0.0000
  No. of Violating Paths:                     0
  ---------------------------------------------

  Timing Path Group 'clk_fast_aes' (max_delay/setup)
  ---------------------------------------------
  Levels of Logic:                           17
  Critical Path Length:                  1.4134
  Critical Path Slack:                  -0.0054
  Total Negative Slack:                 -0.0518
  No. of Violating Paths:                    20
  ---------------------------------------------

  Timing Path Group '**clock_gating_default**' (min_delay/hold)
  ---------------------------------------------
  Levels of Logic:                            1
  Critical Path Length:                  0.0794
  Critical Path Slack:                   0.0294
  Total Negative Slack:                  0.0000
  No. of Violating Paths:                     0
  ---------------------------------------------

  Timing Path Group 'INS' (min_delay/hold)
  ---------------------------------------------
  Levels of Logic:                            1
  Critical Path Length:                  0.3022
  Critical Path Slack:                   0.3153
  Total Negative Slack:                  0.0000
  No. of Violating Paths:                     0
  ---------------------------------------------

  Timing Path Group 'OUTS' (min_delay/hold)
  ---------------------------------------------
  Levels of Logic:                            1
  Critical Path Length:                  0.1591
  Critical Path Slack:                   0.3091
  Total Negative Slack:                  0.0000
  No. of Violating Paths:                     0
  ---------------------------------------------

  Timing Path Group 'clk_div2' (min_delay/hold)
  ---------------------------------------------
  Levels of Logic:                            1
  Critical Path Length:                  0.1644
  Critical Path Slack:                  -0.0112
  Total Negative Slack:                 -0.1319
  No. of Violating Paths:                    12
  ---------------------------------------------

  Timing Path Group 'clk_div4' (min_delay/hold)
  ---------------------------------------------
  Levels of Logic:                            1
  Critical Path Length:                  0.0993
  Critical Path Slack:                   0.1172
  Total Negative Slack:                  0.0000
  No. of Violating Paths:                     0
  ---------------------------------------------

  Timing Path Group 'clk_fast' (min_delay/hold)
  ---------------------------------------------
  Levels of Logic:                            1
  Critical Path Length:                  0.1538
  Critical Path Slack:                   0.1193
  Total Negative Slack:                  0.0000
  No. of Violating Paths:                     0
  ---------------------------------------------

  Timing Path Group 'clk_fast_aes' (min_delay/hold)
  ---------------------------------------------
  Levels of Logic:                            2
  Critical Path Length:                  0.1397
  Critical Path Slack:                   0.1547
  Total Negative Slack:                  0.0000
  No. of Violating Paths:                     0
  ---------------------------------------------

  Area
  ---------------------------------------------
  Net Interconnect area:             14462.8975
  Total cell area:                   74045.9609
  Design Area:                       88508.8594
  ---------------------------------------------


  Cell & Pin Count
  ---------------------------------------------
  Pin Count:                              55775
  Hierarchical Cell Count:                    5
  Hierarchical Port Count:                  734
  Leaf Cell Count:                        14334
  ---------------------------------------------


  Design Rule Violations
  ---------------------------------------------
  Total No. of Pins in Design:            55775
  max_capacitance Count:                    135
  max_capacitance Cost:                158.4890
  Total DRC Cost:                      158.4890
  ---------------------------------------------

1
