****************************************
Report : constraint
	-all_violators
	-path slack_only
Design : top_mcu_pll_sram_multiclk_soc
Version: W-2024.09-SP5-3
Date   : Sun Apr 12 11:53:57 2026
****************************************


   max_delay/setup ('clk_fast_aes' group)

   Endpoint                                                  Slack
   -----------------------------------------------------------------
   u_ctrl/u_aes/state_reg_12_/D                            -0.0054  (VIOLATED)
   u_ctrl/u_aes/state_reg_97_/D                            -0.0050  (VIOLATED)
   u_ctrl/u_aes/state_reg_19_/D                            -0.0045  (VIOLATED)
   u_ctrl/u_aes/state_reg_114_/D                           -0.0043  (VIOLATED)
   u_ctrl/u_aes/state_reg_37_/D                            -0.0038  (VIOLATED)
   u_ctrl/u_aes/state_reg_40_/D                            -0.0033  (VIOLATED)
   u_ctrl/u_aes/state_reg_33_/D                            -0.0033  (VIOLATED)
   u_ctrl/u_aes/state_reg_32_/D                            -0.0031  (VIOLATED)
   u_ctrl/u_aes/state_reg_47_/D                            -0.0029  (VIOLATED)
   u_ctrl/u_aes/state_reg_100_/D                           -0.0028  (VIOLATED)
   u_ctrl/u_aes/state_reg_83_/D                            -0.0023  (VIOLATED)
   u_ctrl/u_aes/state_reg_108_/D                           -0.0022  (VIOLATED)
   u_ctrl/u_aes/state_reg_51_/D                            -0.0020  (VIOLATED)
   u_ctrl/u_aes/state_reg_93_/D                            -0.0017  (VIOLATED)
   u_ctrl/u_aes/state_reg_125_/D                           -0.0016  (VIOLATED)
   u_ctrl/u_aes/state_reg_124_/D                           -0.0011  (VIOLATED)
   u_ctrl/u_aes/state_reg_80_/D                            -0.0011  (VIOLATED)
   u_ctrl/u_aes/state_reg_77_/D                            -0.0007  (VIOLATED)
   u_ctrl/u_aes/state_reg_49_/D                            -0.0005  (VIOLATED)
   u_ctrl/u_aes/state_reg_115_/D                           -0.0001  (VIOLATED)


   min_delay/hold ('clk_div2' group)

   Endpoint                                                  Slack
   -----------------------------------------------------------------
   u_mem/u_sram/I[2]                                       -0.0112  (VIOLATED)
   u_mem/u_sram/A[0]                                       -0.0111  (VIOLATED)
   u_mem/u_sram/I[5]                                       -0.0111  (VIOLATED)
   u_mem/u_sram/I[6]                                       -0.0111  (VIOLATED)
   u_mem/u_sram/A[1]                                       -0.0110  (VIOLATED)
   u_mem/u_sram/A[3]                                       -0.0110  (VIOLATED)
   u_mem/u_sram/A[2]                                       -0.0110  (VIOLATED)
   u_mem/u_sram/I[0]                                       -0.0110  (VIOLATED)
   u_mem/u_sram/I[1]                                       -0.0110  (VIOLATED)
   u_mem/u_sram/I[3]                                       -0.0110  (VIOLATED)
   u_mem/u_sram/I[7]                                       -0.0110  (VIOLATED)
   u_mem/u_sram/I[4]                                       -0.0104  (VIOLATED)




   max_capacitance

                             Required        Actual
   Pin                      Capacitance    Capacitance       Slack
   -----------------------------------------------------------------
   u_ctrl/u_aes/U348/Y       32.0000        37.0041        -5.0041  (VIOLATED)
   u_ctrl/u_aes/U306/Y       32.0000        36.6130        -4.6130  (VIOLATED)
   u_ctrl/u_aes/U356/Y       16.0000        19.6679        -3.6679  (VIOLATED)
   u_ctrl/U20/Y              16.0000        19.4798        -3.4798  (VIOLATED)
   u_ctrl/U15/Y              16.0000        19.2670        -3.2670  (VIOLATED)
   u_ctrl/U14/Y              16.0000        19.1473        -3.1473  (VIOLATED)
   u_ctrl/u_aes/U1181/Y      16.0000        18.6479        -2.6479  (VIOLATED)
   u_ctrl/U27/Y              16.0000        18.5434        -2.5434  (VIOLATED)
   u_ctrl/U25/Y              16.0000        18.4879        -2.4879  (VIOLATED)
   u_ctrl/u_ct_cdc_pulse_dst_reg/Q   8.0000  10.2455       -2.2455  (VIOLATED)
   u_ctrl/u_aes/U1033/Y      16.0000        18.1562        -2.1562  (VIOLATED)
   u_ctrl/u_aes/state_reg_80_/Q   8.0000    10.1429        -2.1429  (VIOLATED)
   u_ctrl/u_aes/U962/Y       16.0000        18.1083        -2.1083  (VIOLATED)
   u_ctrl/u_aes/U691/Y       16.0000        18.0985        -2.0985  (VIOLATED)
   u_ctrl/u_aes/U1057/Y       8.0000        10.0576        -2.0576  (VIOLATED)
   u_ctrl/u_aes/state_reg_46_/Q   8.0000     9.9992        -1.9992  (VIOLATED)
   u_ctrl/u_aes/state_reg_15_/Q   8.0000     9.9516        -1.9516  (VIOLATED)
   u_ctrl/u_aes/U283/Y        8.0000         9.8854        -1.8854  (VIOLATED)
   u_ctrl/u_aes/U1546/Y       8.0000         9.7218        -1.7218  (VIOLATED)
   u_ctrl/u_aes/U1542/Y       8.0000         9.7131        -1.7131  (VIOLATED)
   u_ctrl/u_aes/U318/Y        8.0000         9.6588        -1.6588  (VIOLATED)
   u_ctrl/u_aes/U4116/Y       8.0000         9.6281        -1.6281  (VIOLATED)
   u_ctrl/U16/Y               8.0000         9.6039        -1.6039  (VIOLATED)
   u_ctrl/U17/Y               8.0000         9.6039        -1.6039  (VIOLATED)
   u_ctrl/u_ct_cdc_pulse_dst_reg/QN   8.0000   9.6039      -1.6039  (VIOLATED)
   u_ctrl/u_aes/state_reg_32_/Q   8.0000     9.5993        -1.5993  (VIOLATED)
   u_ctrl/U560/Y              8.0000         9.5943        -1.5943  (VIOLATED)
   u_ctrl/u_aes/U937/Y       16.0000        17.5690        -1.5690  (VIOLATED)
   u_ctrl/u_aes/state_reg_4_/Q   8.0000      9.5149        -1.5149  (VIOLATED)
   u_ctrl/U223/Y              8.0000         9.5057        -1.5057  (VIOLATED)
   u_ctrl/u_aes/U1088/Y       8.0000         9.5003        -1.5003  (VIOLATED)
   u_ctrl/U18/Y               8.0000         9.4913        -1.4913  (VIOLATED)
   u_ctrl/u_aes/state_reg_40_/QN  16.0000   17.4125        -1.4125  (VIOLATED)
   u_ctrl/u_aes/state_reg_60_/Q   8.0000     9.4112        -1.4112  (VIOLATED)
   u_ctrl/u_aes/U668/Y        8.0000         9.3397        -1.3397  (VIOLATED)
   u_ctrl/u_aes/U346/Y        8.0000         9.3369        -1.3369  (VIOLATED)
   u_ctrl/u_aes/U1900/Y       8.0000         9.3250        -1.3250  (VIOLATED)
   u_ctrl/u_aes/state_reg_84_/QN   8.0000    9.2858        -1.2858  (VIOLATED)
   u_ctrl/u_aes/U574/Y        8.0000         9.2591        -1.2591  (VIOLATED)
   u_ctrl/u_aes/U575/Y        8.0000         9.2591        -1.2591  (VIOLATED)
   u_ctrl/u_aes/U578/Y        8.0000         9.2591        -1.2591  (VIOLATED)
   u_ctrl/u_aes/U579/Y        8.0000         9.2591        -1.2591  (VIOLATED)
   u_ctrl/u_aes/U581/Y        8.0000         9.2591        -1.2591  (VIOLATED)
   u_ctrl/u_aes/U583/Y        8.0000         9.2591        -1.2591  (VIOLATED)
   u_ctrl/u_aes/U584/Y        8.0000         9.2591        -1.2591  (VIOLATED)
   u_ctrl/u_aes/U586/Y        8.0000         9.2591        -1.2591  (VIOLATED)
   u_ctrl/u_aes/U587/Y        8.0000         9.2591        -1.2591  (VIOLATED)
   u_ctrl/u_aes/U588/Y        8.0000         9.2591        -1.2591  (VIOLATED)
   u_ctrl/u_aes/U589/Y        8.0000         9.2591        -1.2591  (VIOLATED)
   u_ctrl/u_aes/U590/Y        8.0000         9.2591        -1.2591  (VIOLATED)
   u_ctrl/u_aes/U591/Y        8.0000         9.2591        -1.2591  (VIOLATED)
   u_ctrl/u_aes/U592/Y        8.0000         9.2591        -1.2591  (VIOLATED)
   u_ctrl/u_aes/U593/Y        8.0000         9.2591        -1.2591  (VIOLATED)
   u_ctrl/u_aes/U598/Y        8.0000         9.2591        -1.2591  (VIOLATED)
   u_ctrl/u_aes/U751/Y        8.0000         9.2591        -1.2591  (VIOLATED)
   u_ctrl/u_aes/U752/Y        8.0000         9.2591        -1.2591  (VIOLATED)
   u_ctrl/u_aes/U753/Y        8.0000         9.2591        -1.2591  (VIOLATED)
   u_ctrl/u_aes/U754/Y        8.0000         9.2591        -1.2591  (VIOLATED)
   u_ctrl/u_aes/U777/Y        8.0000         9.2591        -1.2591  (VIOLATED)
   u_ctrl/u_aes/U1085/Y       8.0000         9.2591        -1.2591  (VIOLATED)
   u_ctrl/u_aes/U1086/Y       8.0000         9.2591        -1.2591  (VIOLATED)
   u_ctrl/u_aes/U1087/Y       8.0000         9.2591        -1.2591  (VIOLATED)
   u_ctrl/u_aes/U1529/Y       8.0000         9.2591        -1.2591  (VIOLATED)
   u_ctrl/u_aes/U10774/Y      8.0000         9.2591        -1.2591  (VIOLATED)
   u_ctrl/u_aes/state_reg_20_/Q   8.0000     9.2540        -1.2540  (VIOLATED)
   u_ctrl/u_aes/U321/Y        8.0000         9.2388        -1.2388  (VIOLATED)
   u_ctrl/u_aes/U355/Y        8.0000         9.2363        -1.2363  (VIOLATED)
   u_ctrl/u_aes/U10319/Y      8.0000         9.2241        -1.2241  (VIOLATED)
   u_ctrl/u_aes/U653/Y        8.0000         9.2015        -1.2015  (VIOLATED)
   u_ctrl/u_aes/U149/Y        8.0000         9.1699        -1.1699  (VIOLATED)
   u_ctrl/u_aes/state_reg_9_/QN   8.0000     9.1574        -1.1574  (VIOLATED)
   u_ctrl/u_aes/state_reg_121_/QN   8.0000   9.1525        -1.1525  (VIOLATED)
   u_ctrl/u_rx_busy_reg/QN    8.0000         9.1332        -1.1332  (VIOLATED)
   u_ctrl/u_aes/state_reg_9_/Q   8.0000      9.0737        -1.0737  (VIOLATED)
   u_ctrl/u_aes/state_reg_6_/QN   8.0000     9.0706        -1.0706  (VIOLATED)
   u_ctrl/u_aes/state_reg_32_/QN   8.0000    9.0443        -1.0443  (VIOLATED)
   u_ctrl/u_aes/U1131/Y       8.0000         9.0431        -1.0431  (VIOLATED)
   u_ctrl/u_aes/U5143/Y       8.0000         9.0329        -1.0329  (VIOLATED)
   u_ctrl/u_aes/state_reg_103_/Q   8.0000    9.0143        -1.0143  (VIOLATED)
   u_ctrl/u_aes/U1522/Y       8.0000         9.0131        -1.0131  (VIOLATED)
   u_ctrl/u_aes/U95/Y         8.0000         8.9804        -0.9804  (VIOLATED)
   u_ctrl/u_aes/state_reg_34_/Q   8.0000     8.9528        -0.9528  (VIOLATED)
   u_ctrl/U98/Y               8.0000         8.9401        -0.9401  (VIOLATED)
   u_ctrl/u_aes/state_reg_73_/QN   8.0000    8.8612        -0.8612  (VIOLATED)
   u_ctrl/u_aes/U958/Y        8.0000         8.8299        -0.8299  (VIOLATED)
   u_ctrl/u_aes/state_reg_125_/QN   8.0000   8.7974        -0.7974  (VIOLATED)
   u_ctrl/u_aes/state_reg_92_/Q   8.0000     8.7864        -0.7864  (VIOLATED)
   u_ctrl/u_aes/U946/Y        8.0000         8.7623        -0.7623  (VIOLATED)
   u_ctrl/u_aes/state_reg_51_/Q   8.0000     8.7464        -0.7464  (VIOLATED)
   u_ctrl/u_aes/U1835/Y       8.0000         8.7439        -0.7439  (VIOLATED)
   u_ctrl/U603/Y              8.0000         8.7346        -0.7346  (VIOLATED)
   u_ctrl/u_aes/U1020/Y       8.0000         8.7300        -0.7300  (VIOLATED)
   u_ctrl/u_aes/state_reg_91_/Q   8.0000     8.6751        -0.6751  (VIOLATED)
   u_ctrl/u_aes/state_reg_60_/QN   8.0000    8.6731        -0.6731  (VIOLATED)
   u_ctrl/u_aes/U347/Y       16.0000        16.6714        -0.6714  (VIOLATED)
   u_ctrl/u_aes/state_reg_93_/Q   8.0000     8.6710        -0.6710  (VIOLATED)
   u_ctrl/U102/SO             8.0000         8.6708        -0.6708  (VIOLATED)
   u_ctrl/u_aes/U169/Y        8.0000         8.6554        -0.6554  (VIOLATED)
   u_ctrl/u_aes/U1528/Y       8.0000         8.6468        -0.6468  (VIOLATED)
   u_ctrl/u_aes/U233/Y        8.0000         8.6224        -0.6224  (VIOLATED)
   u_ctrl/u_aes/state_reg_8_/QN   8.0000     8.6184        -0.6184  (VIOLATED)
   u_ctrl/U99/Y               8.0000         8.6040        -0.6040  (VIOLATED)
   u_ctrl/U100/Y              8.0000         8.6040        -0.6040  (VIOLATED)
   u_ctrl/u_aes/state_reg_41_/QN   8.0000    8.5972        -0.5972  (VIOLATED)
   u_ctrl/u_aes/U315/Y        8.0000         8.5807        -0.5807  (VIOLATED)
   u_ctrl/U6/Y               16.0000        16.5734        -0.5734  (VIOLATED)
   u_ctrl/u_aes/state_reg_1_/Q   8.0000      8.5601        -0.5601  (VIOLATED)
   u_ctrl/u_aes/U211/Y        8.0000         8.5439        -0.5439  (VIOLATED)
   u_ctrl/u_aes/U120/Y        8.0000         8.5386        -0.5386  (VIOLATED)
   u_ctrl/crc_start_reg/QN    8.0000         8.5319        -0.5319  (VIOLATED)
   u_ctrl/u_aes/state_reg_17_/Q   8.0000     8.5312        -0.5312  (VIOLATED)
   u_ctrl/u_aes/state_reg_20_/QN   8.0000    8.4988        -0.4988  (VIOLATED)
   u_ctrl/crc_dv_reg/Q        8.0000         8.4862        -0.4862  (VIOLATED)
   u_ctrl/U26/Y              16.0000        16.4779        -0.4779  (VIOLATED)
   u_ctrl/u_aes/state_reg_11_/QN   8.0000    8.4295        -0.4295  (VIOLATED)
   u_ctrl/u_aes/U734/Y       16.0000        16.3872        -0.3872  (VIOLATED)
   u_ctrl/u_aes/U372/Y        8.0000         8.3834        -0.3834  (VIOLATED)
   u_ctrl/U63/Y               8.0000         8.3821        -0.3821  (VIOLATED)
   u_ctrl/u_aes/state_reg_13_/Q   8.0000     8.3665        -0.3665  (VIOLATED)
   u_ctrl/u_aes/U907/Y       16.0000        16.3407        -0.3407  (VIOLATED)
   u_ctrl/u_aes/U912/Y        8.0000         8.3318        -0.3318  (VIOLATED)
   u_ctrl/u_aes/U1080/Y      32.0000        32.2835        -0.2835  (VIOLATED)
   u_ctrl/u_aes/state_reg_29_/QN   8.0000    8.2600        -0.2600  (VIOLATED)
   u_ctrl/u_aes/state_reg_92_/QN   8.0000    8.2292        -0.2292  (VIOLATED)
   u_ctrl/u_aes/U972/Y        8.0000         8.1860        -0.1860  (VIOLATED)
   u_ctrl/u_aes/state_reg_123_/Q   8.0000    8.1851        -0.1851  (VIOLATED)
   u_ctrl/u_aes/state_reg_24_/QN   8.0000    8.1807        -0.1807  (VIOLATED)
   u_ctrl/u_aes/state_reg_18_/Q   8.0000     8.1711        -0.1711  (VIOLATED)
   u_ctrl/u_aes/U1043/Y       8.0000         8.1644        -0.1644  (VIOLATED)
   u_ctrl/u_aes/U1061/Y       8.0000         8.1445        -0.1445  (VIOLATED)
   u_ctrl/u_aes/state_reg_117_/Q   8.0000    8.1423        -0.1423  (VIOLATED)
   u_ctrl/u_aes/U168/Y        8.0000         8.1367        -0.1367  (VIOLATED)
   u_ctrl/u_aes/U810/Y        8.0000         8.0875        -0.0875  (VIOLATED)
   u_ctrl/crc_dv_reg/QN       8.0000         8.0419        -0.0419  (VIOLATED)
   u_ctrl/u_aes/U676/Y       16.0000        16.0388        -0.0388  (VIOLATED)


1
