****************************************
Report : analysis_coverage
Design : top_mcu_pll_sram_multiclk_soc
Version: W-2024.09-SP5-3
Date   : Wed Apr 15 22:11:57 2026
****************************************

Type of Check         Total              Met         Violated         Untested
--------------------------------------------------------------------------------
setup                  4585       144 (  3%)      1402 ( 31%)      3039 ( 66%)
hold                   4583      1544 ( 34%)         0 (  0%)      3039 ( 66%)
recovery               1532         0 (  0%)         0 (  0%)      1532 (100%)
removal                1532         0 (  0%)         0 (  0%)      1532 (100%)
min_pulse_width        4597      3065 ( 67%)         0 (  0%)      1532 ( 33%)
clock_gating_setup        1         1 (100%)         0 (  0%)         0 (  0%)
clock_gating_hold         1         0 (  0%)         1 (100%)         0 (  0%)
out_setup                 4         3 ( 75%)         0 (  0%)         1 ( 25%)
out_hold                  4         3 ( 75%)         0 (  0%)         1 ( 25%)
--------------------------------------------------------------------------------
All Checks            16839      4760 ( 28%)      1403 (  8%)     10676 ( 63%)

1
