 
****************************************
Report : area
Design : top_mcu_pll_sram_multiclk_soc
Version: W-2024.09-SP5-5
Date   : Sat Apr 11 22:13:01 2026
****************************************

Library(s) Used:

    saed32rvt_ss0p95v125c (File: /DATA/home/edu135/aes128_core/SAED32_EDK/lib/stdcell_rvt/db_nldm/saed32rvt_ss0p95v125c.db)
    gtech (File: /tools/synopsys/syn/W-2024.09-SP5-5/libraries/syn/gtech.db)
    saed32sram_ss0p95v125c (File: /DATA/home/edu135/aes128_core/SAED32_EDK/lib/sram/db_nldm/saed32sram_ss0p95v125c.db)
    saed32pll_ss0p95v125c_2p25v (File: /DATA/home/edu135/aes128_core/SAED32_EDK/lib/pll/db_nldm/saed32pll_ss0p95v125c_2p25v.db)

Number of ports:                         1002
Number of nets:                         16063
Number of cells:                        15376
Number of combinational cells:          13736
Number of sequential cells:              1533
Number of macros/black boxes:               2
Number of buf/inv:                       1656
Number of references:                       7

Combinational area:              32181.746864
Buf/Inv area:                     2234.179922
Noncombinational area:           14008.925889
Macro/Black Box area:            31230.701660
Net Interconnect area:           14704.707680

Total cell area:                 77421.374414
Total area:                      92126.082094

Information: This design contains unmapped logic. (RPT-7)

Hierarchical area distribution
------------------------------

                                  Global cell area              Local cell area
                                  -------------------  ---------------------------------- 
Hierarchical cell                 Absolute    Percent  Combi-      Noncombi-   Black-
                                  Total       Total    national    national    boxes       Design
--------------------------------  ----------  -------  ----------  ----------  ----------  ---------------------
top_mcu_pll_sram_multiclk_soc     77421.3744    100.0     14.7404      0.0000   5446.9321  top_mcu_pll_sram_multiclk_soc
u_ctrl                            46166.7832     59.6   3010.8440   4984.2723      0.0000  soc_ctrl_multiclk_soc
u_ctrl/u_aes                      38171.6670     49.3  29156.1625   9015.5045      0.0000  aes128_core
u_div8                                9.1492      0.0      0.0000      9.1492      0.0000  clk_div2_toggle
u_mem                             25783.7695     33.3      0.0000      0.0000  25783.7695  sram_wrap_1rw1024x8
--------------------------------  ----------  -------  ----------  ----------  ----------  ---------------------
Total                                                  32181.7469  14008.9259  31230.7017

1
