In mode: all_dft...
  Pre-DFT DRC enabled

Information: Starting test design rule checking. (TEST-222)
  Loading test protocol
  ...basic checks...
  ...basic sequential cell checks...
  	...checking for scan equivalents...
  ...checking vector rules...
  ...checking pre-dft rules...

-----------------------------------------------------------------
Begin Modeling violations...

Warning: Cell u_pll (PLL) is unknown (black box) because functionality for output pin CLK_1X is bad or incomplete. (TEST-451)
Information: Cells with this violation : u_mem/u_sram, u_pll. (TEST-283)
Warning: Cell u_ctrl/u_icg_aes_en_lat_reg (LATCHX1_RVT) is not scannable. (TEST-126)

Modeling violations completed...
-----------------------------------------------------------------

-----------------------------------------------------------------
Begin Other violations...

Warning: Cell u_ctrl/u_icg_aes_en_lat_reg has constant 1 value. (TEST-505)

Other violations completed...
-----------------------------------------------------------------

-----------------------------------------------------------------
  DRC Report

  Total violations: 4

-----------------------------------------------------------------

3 MODELING VIOLATIONS
     2 Cell has unknown model violations (TEST-451)
     1 Cell is not scannable violation (TEST-126)

1 OTHER VIOLATION
     1 Cell is constant 1 violation (TEST-505)


Warning: Violations occurred during test design rule checking. (TEST-124)

-----------------------------------------------------------------
  Sequential Cell Report

  1 out of 1533 sequential cells have violations

-----------------------------------------------------------------

SEQUENTIAL CELLS WITH VIOLATIONS
      *   1 cell has constant 1 value
         u_ctrl/u_icg_aes_en_lat_reg
SEQUENTIAL CELLS WITHOUT VIOLATIONS
      *1515 cells are valid scan cells
         u_div8/clk_out_reg
         u_ctrl/u_rx_busy_reg
         u_ctrl/u_rx_data_shift_reg_7_
         u_ctrl/u_rx_data_shift_reg_6_
         u_ctrl/u_rx_data_shift_reg_5_
         u_ctrl/u_rx_data_shift_reg_4_
         u_ctrl/u_rx_data_shift_reg_3_
         u_ctrl/u_rx_data_shift_reg_2_
         u_ctrl/u_rx_data_shift_reg_1_
         u_ctrl/u_rx_data_shift_reg_0_
         u_ctrl/u_rx_bitpos_reg_2_
         u_ctrl/u_rx_bitpos_reg_0_
         u_ctrl/u_rx_bitpos_reg_1_
         u_ctrl/u_rx_bitpos_reg_3_
         u_ctrl/u_rx_divcnt_reg_0_
         u_ctrl/u_rx_divcnt_reg_1_
         u_ctrl/u_rx_divcnt_reg_2_
         u_ctrl/u_rx_divcnt_reg_3_
         u_ctrl/u_rx_divcnt_reg_4_
         u_ctrl/u_rx_divcnt_reg_5_
         u_ctrl/u_rx_divcnt_reg_6_
         u_ctrl/u_rx_divcnt_reg_7_
         u_ctrl/u_rx_divcnt_reg_8_
         u_ctrl/u_rx_divcnt_reg_9_
         u_ctrl/u_rx_divcnt_reg_10_
         u_ctrl/u_rx_divcnt_reg_11_
         u_ctrl/u_rx_divcnt_reg_12_
         u_ctrl/u_rx_divcnt_reg_13_
         u_ctrl/u_rx_divcnt_reg_14_
         u_ctrl/u_rx_divcnt_reg_15_
         u_ctrl/u_rx_divcnt_reg_16_
         u_ctrl/u_rx_divcnt_reg_17_
         u_ctrl/u_rx_divcnt_reg_18_
         u_ctrl/u_rx_divcnt_reg_19_
         u_ctrl/u_rx_divcnt_reg_20_
         u_ctrl/u_rx_divcnt_reg_21_
         u_ctrl/u_rx_divcnt_reg_22_
         u_ctrl/u_rx_divcnt_reg_23_
         u_ctrl/u_rx_divcnt_reg_24_
         u_ctrl/u_rx_divcnt_reg_25_
         u_ctrl/u_rx_divcnt_reg_26_
         u_ctrl/u_rx_divcnt_reg_27_
         u_ctrl/u_rx_divcnt_reg_28_
         u_ctrl/u_rx_divcnt_reg_29_
         u_ctrl/u_rx_divcnt_reg_30_
         u_ctrl/u_rx_divcnt_reg_31_
         u_ctrl/u_rx_rx_data_reg_0_
         u_ctrl/u_rx_rx_data_reg_1_
         u_ctrl/u_rx_rx_data_reg_2_
         u_ctrl/u_rx_rx_data_reg_3_
         u_ctrl/u_rx_rx_data_reg_4_
         u_ctrl/u_rx_rx_data_reg_5_
         u_ctrl/u_rx_rx_data_reg_6_
         u_ctrl/u_rx_rx_data_reg_7_
         u_ctrl/u_rx_rx_valid_reg
         u_ctrl/allow_send_div2_d_reg
         u_ctrl/send_go_div2_reg
         u_ctrl/u_send_cdc_req_tog_src_reg
         u_ctrl/u_send_cdc_req_ff1_reg
         u_ctrl/u_send_cdc_pulse_dst_reg
         u_ctrl/tx_buf_valid_reg
         u_ctrl/u_tx_tx_busy_reg
         u_ctrl/tx_active_div4_reg
         u_ctrl/tx_cnt_div4_reg_0_
         u_ctrl/tx_cnt_div4_reg_1_
         u_ctrl/tx_cnt_div4_reg_3_
         u_ctrl/tx_cnt_div4_reg_2_
         u_ctrl/tx_cnt_div4_reg_4_
         u_ctrl/tx_all_started_div4_reg
         u_ctrl/tx_done_div4_reg
         u_ctrl/txdone_ff1_reg
         u_ctrl/done_reg
         u_ctrl/start_uart_cmd_reg
         u_ctrl/su_ff1_reg
         u_ctrl/start_seen_reg
         u_ctrl/aes_start_reg
         u_ctrl/aes_clk_req_reg
         u_ctrl/ct_hold_fast_reg_1_
         u_ctrl/ct_hold_fast_reg_28_
         u_ctrl/ct_hold_fast_reg_27_
         u_ctrl/ct_hold_fast_reg_26_
         u_ctrl/ct_hold_fast_reg_25_
         u_ctrl/ct_hold_fast_reg_24_
         u_ctrl/ct_hold_fast_reg_23_
         u_ctrl/ct_hold_fast_reg_22_
         u_ctrl/ct_hold_fast_reg_21_
         u_ctrl/ct_hold_fast_reg_20_
         u_ctrl/ct_hold_fast_reg_19_
         u_ctrl/ct_hold_fast_reg_18_
         u_ctrl/ct_hold_fast_reg_17_
         u_ctrl/ct_hold_fast_reg_16_
         u_ctrl/ct_hold_fast_reg_15_
         u_ctrl/ct_hold_fast_reg_14_
         u_ctrl/ct_hold_fast_reg_13_
         u_ctrl/ct_hold_fast_reg_12_
         u_ctrl/ct_hold_fast_reg_11_
         u_ctrl/ct_hold_fast_reg_10_
         u_ctrl/ct_hold_fast_reg_9_
         u_ctrl/ct_hold_fast_reg_8_
         u_ctrl/ct_hold_fast_reg_7_
         u_ctrl/ct_hold_fast_reg_6_
         u_ctrl/ct_hold_fast_reg_5_
         u_ctrl/ct_hold_fast_reg_4_
         u_ctrl/ct_hold_fast_reg_3_
         u_ctrl/ct_hold_fast_reg_2_
         u_ctrl/ct_hold_fast_reg_0_
         u_ctrl/ct_hold_fast_reg_127_
         u_ctrl/ct_hold_fast_reg_126_
         u_ctrl/ct_hold_fast_reg_125_
         u_ctrl/ct_hold_fast_reg_124_
         u_ctrl/ct_hold_fast_reg_123_
         u_ctrl/ct_hold_fast_reg_122_
         u_ctrl/ct_hold_fast_reg_121_
         u_ctrl/ct_hold_fast_reg_120_
         u_ctrl/ct_hold_fast_reg_119_
         u_ctrl/ct_hold_fast_reg_118_
         u_ctrl/ct_hold_fast_reg_117_
         u_ctrl/ct_hold_fast_reg_116_
         u_ctrl/ct_hold_fast_reg_115_
         u_ctrl/ct_hold_fast_reg_114_
         u_ctrl/ct_hold_fast_reg_113_
         u_ctrl/ct_hold_fast_reg_112_
         u_ctrl/ct_hold_fast_reg_111_
         u_ctrl/ct_hold_fast_reg_110_
         u_ctrl/ct_hold_fast_reg_109_
         u_ctrl/ct_hold_fast_reg_108_
         u_ctrl/ct_hold_fast_reg_107_
         u_ctrl/ct_hold_fast_reg_106_
         u_ctrl/ct_hold_fast_reg_105_
         u_ctrl/ct_hold_fast_reg_104_
         u_ctrl/ct_hold_fast_reg_103_
         u_ctrl/ct_hold_fast_reg_102_
         u_ctrl/ct_hold_fast_reg_101_
         u_ctrl/ct_hold_fast_reg_100_
         u_ctrl/ct_hold_fast_reg_99_
         u_ctrl/ct_hold_fast_reg_98_
         u_ctrl/ct_hold_fast_reg_97_
         u_ctrl/ct_hold_fast_reg_96_
         u_ctrl/ct_hold_fast_reg_95_
         u_ctrl/ct_hold_fast_reg_94_
         u_ctrl/ct_hold_fast_reg_93_
         u_ctrl/ct_hold_fast_reg_92_
         u_ctrl/ct_hold_fast_reg_91_
         u_ctrl/ct_hold_fast_reg_90_
         u_ctrl/ct_hold_fast_reg_89_
         u_ctrl/ct_hold_fast_reg_88_
         u_ctrl/ct_hold_fast_reg_87_
         u_ctrl/ct_hold_fast_reg_86_
         u_ctrl/ct_hold_fast_reg_85_
         u_ctrl/ct_hold_fast_reg_84_
         u_ctrl/ct_hold_fast_reg_83_
         u_ctrl/ct_hold_fast_reg_82_
         u_ctrl/ct_hold_fast_reg_81_
         u_ctrl/ct_hold_fast_reg_80_
         u_ctrl/ct_hold_fast_reg_79_
         u_ctrl/ct_hold_fast_reg_78_
         u_ctrl/ct_hold_fast_reg_77_
         u_ctrl/ct_hold_fast_reg_76_
         u_ctrl/ct_hold_fast_reg_75_
         u_ctrl/ct_hold_fast_reg_74_
         u_ctrl/ct_hold_fast_reg_73_
         u_ctrl/ct_hold_fast_reg_72_
         u_ctrl/ct_hold_fast_reg_71_
         u_ctrl/ct_hold_fast_reg_70_
         u_ctrl/ct_hold_fast_reg_69_
         u_ctrl/ct_hold_fast_reg_68_
         u_ctrl/ct_hold_fast_reg_67_
         u_ctrl/ct_hold_fast_reg_66_
         u_ctrl/ct_hold_fast_reg_65_
         u_ctrl/ct_hold_fast_reg_64_
         u_ctrl/ct_hold_fast_reg_63_
         u_ctrl/ct_hold_fast_reg_62_
         u_ctrl/ct_hold_fast_reg_61_
         u_ctrl/ct_hold_fast_reg_60_
         u_ctrl/ct_hold_fast_reg_59_
         u_ctrl/ct_hold_fast_reg_58_
         u_ctrl/ct_hold_fast_reg_57_
         u_ctrl/ct_hold_fast_reg_56_
         u_ctrl/ct_hold_fast_reg_55_
         u_ctrl/ct_hold_fast_reg_54_
         u_ctrl/ct_hold_fast_reg_53_
         u_ctrl/ct_hold_fast_reg_52_
         u_ctrl/ct_hold_fast_reg_51_
         u_ctrl/ct_hold_fast_reg_50_
         u_ctrl/ct_hold_fast_reg_49_
         u_ctrl/ct_hold_fast_reg_48_
         u_ctrl/ct_hold_fast_reg_47_
         u_ctrl/ct_hold_fast_reg_46_
         u_ctrl/ct_hold_fast_reg_45_
         u_ctrl/ct_hold_fast_reg_44_
         u_ctrl/ct_hold_fast_reg_43_
         u_ctrl/ct_hold_fast_reg_42_
         u_ctrl/ct_hold_fast_reg_41_
         u_ctrl/ct_hold_fast_reg_40_
         u_ctrl/ct_hold_fast_reg_39_
         u_ctrl/ct_hold_fast_reg_38_
         u_ctrl/ct_hold_fast_reg_37_
         u_ctrl/ct_hold_fast_reg_36_
         u_ctrl/ct_hold_fast_reg_35_
         u_ctrl/ct_hold_fast_reg_34_
         u_ctrl/ct_hold_fast_reg_33_
         u_ctrl/ct_hold_fast_reg_32_
         u_ctrl/ct_hold_fast_reg_31_
         u_ctrl/ct_hold_fast_reg_30_
         u_ctrl/ct_hold_fast_reg_29_
         u_ctrl/ct_req_pulse_fast_reg
         u_ctrl/u_ct_cdc_req_tog_src_reg
         u_ctrl/u_ct_cdc_req_ff1_reg
         u_ctrl/u_ct_cdc_pulse_dst_reg
         u_ctrl/crc_start_reg
         u_ctrl/sst_reg_1_
         u_ctrl/byte_idx_reg_3_
         u_ctrl/sst_reg_2_
         u_ctrl/sst_reg_0_
         u_ctrl/u_ct_cdc_ack_tog_dst_reg
         u_ctrl/u_ct_cdc_ack_ff1_reg
         u_ctrl/crc_byte_reg_7_
         u_ctrl/crc_byte_reg_6_
         u_ctrl/crc_byte_reg_5_
         u_ctrl/crc_byte_reg_4_
         u_ctrl/crc_byte_reg_3_
         u_ctrl/crc_byte_reg_2_
         u_ctrl/crc_byte_reg_1_
         u_ctrl/crc_byte_reg_0_
         u_ctrl/crc_dv_reg
         u_ctrl/crc_finish_reg
         u_ctrl/u_crc_done_reg
         u_ctrl/crc_ff1_reg
         u_ctrl/mem_oe_reg
         u_ctrl/byte_idx_reg_0_
         u_ctrl/byte_idx_reg_1_
         u_ctrl/byte_idx_reg_2_
         u_ctrl/fail_reg
         u_ctrl/fail_ff1_reg
         u_ctrl/pass_reg
         u_ctrl/mem_addr_reg_0_
         u_ctrl/mem_addr_reg_1_
         u_ctrl/mem_addr_reg_2_
         u_ctrl/mem_addr_reg_3_
         u_ctrl/mem_cs_reg
         u_ctrl/mem_we_reg
         u_ctrl/mem_wdata_reg_0_
         u_ctrl/mem_wdata_reg_1_
         u_ctrl/mem_wdata_reg_2_
         u_ctrl/mem_wdata_reg_3_
         u_ctrl/mem_wdata_reg_4_
         u_ctrl/mem_wdata_reg_5_
         u_ctrl/mem_wdata_reg_6_
         u_ctrl/mem_wdata_reg_7_
         u_ctrl/ct_ok_reg
         u_ctrl/crc_done_hold_reg
         u_ctrl/u_tx_divcnt_reg_31_
         u_ctrl/u_tx_divcnt_reg_0_
         u_ctrl/u_tx_divcnt_reg_1_
         u_ctrl/u_tx_divcnt_reg_2_
         u_ctrl/u_tx_divcnt_reg_3_
         u_ctrl/u_tx_divcnt_reg_4_
         u_ctrl/u_tx_divcnt_reg_5_
         u_ctrl/u_tx_divcnt_reg_6_
         u_ctrl/u_tx_divcnt_reg_7_
         u_ctrl/u_tx_divcnt_reg_8_
         u_ctrl/u_tx_divcnt_reg_9_
         u_ctrl/u_tx_divcnt_reg_10_
         u_ctrl/u_tx_divcnt_reg_11_
         u_ctrl/u_tx_divcnt_reg_12_
         u_ctrl/u_tx_divcnt_reg_13_
         u_ctrl/u_tx_divcnt_reg_14_
         u_ctrl/u_tx_divcnt_reg_15_
         u_ctrl/u_tx_divcnt_reg_16_
         u_ctrl/u_tx_divcnt_reg_17_
         u_ctrl/u_tx_divcnt_reg_18_
         u_ctrl/u_tx_divcnt_reg_19_
         u_ctrl/u_tx_divcnt_reg_20_
         u_ctrl/u_tx_divcnt_reg_21_
         u_ctrl/u_tx_divcnt_reg_22_
         u_ctrl/u_tx_divcnt_reg_23_
         u_ctrl/u_tx_divcnt_reg_24_
         u_ctrl/u_tx_divcnt_reg_25_
         u_ctrl/u_tx_divcnt_reg_26_
         u_ctrl/u_tx_divcnt_reg_27_
         u_ctrl/u_tx_divcnt_reg_28_
         u_ctrl/u_tx_divcnt_reg_29_
         u_ctrl/u_tx_divcnt_reg_30_
         u_ctrl/u_tx_bitpos_reg_0_
         u_ctrl/u_tx_bitpos_reg_1_
         u_ctrl/u_tx_bitpos_reg_2_
         u_ctrl/u_tx_bitpos_reg_3_
         u_ctrl/u_send_cdc_ack_tog_dst_reg
         u_ctrl/u_send_cdc_ack_ff1_reg
         u_ctrl/tx_idx_div2_reg_0_
         u_ctrl/tx_idx_div2_reg_4_
         u_ctrl/tx_idx_div2_reg_3_
         u_ctrl/tx_idx_div2_reg_2_
         u_ctrl/tx_idx_div2_reg_1_
         u_ctrl/tx_byte_ff1_reg_0_
         u_ctrl/tx_byte_ff1_reg_1_
         u_ctrl/tx_byte_ff1_reg_2_
         u_ctrl/tx_byte_ff1_reg_3_
         u_ctrl/tx_byte_ff1_reg_4_
         u_ctrl/tx_byte_ff1_reg_5_
         u_ctrl/tx_byte_ff1_reg_6_
         u_ctrl/tx_byte_ff1_reg_7_
         u_ctrl/stream_sent_div2_reg
         u_ctrl/stream_ready_div2_reg
         u_ctrl/ct_hold_div2_reg_1_
         u_ctrl/ct_hold_div2_reg_28_
         u_ctrl/ct_hold_div2_reg_27_
         u_ctrl/ct_hold_div2_reg_26_
         u_ctrl/ct_hold_div2_reg_25_
         u_ctrl/ct_hold_div2_reg_24_
         u_ctrl/ct_hold_div2_reg_23_
         u_ctrl/ct_hold_div2_reg_22_
         u_ctrl/ct_hold_div2_reg_21_
         u_ctrl/ct_hold_div2_reg_20_
         u_ctrl/ct_hold_div2_reg_19_
         u_ctrl/ct_hold_div2_reg_18_
         u_ctrl/ct_hold_div2_reg_17_
         u_ctrl/ct_hold_div2_reg_16_
         u_ctrl/ct_hold_div2_reg_15_
         u_ctrl/ct_hold_div2_reg_14_
         u_ctrl/ct_hold_div2_reg_13_
         u_ctrl/ct_hold_div2_reg_12_
         u_ctrl/ct_hold_div2_reg_11_
         u_ctrl/ct_hold_div2_reg_10_
         u_ctrl/ct_hold_div2_reg_9_
         u_ctrl/ct_hold_div2_reg_8_
         u_ctrl/ct_hold_div2_reg_7_
         u_ctrl/ct_hold_div2_reg_6_
         u_ctrl/ct_hold_div2_reg_5_
         u_ctrl/ct_hold_div2_reg_4_
         u_ctrl/ct_hold_div2_reg_3_
         u_ctrl/ct_hold_div2_reg_2_
         u_ctrl/ct_hold_div2_reg_0_
         u_ctrl/ct_hold_div2_reg_127_
         u_ctrl/ct_hold_div2_reg_126_
         u_ctrl/ct_hold_div2_reg_125_
         u_ctrl/ct_hold_div2_reg_124_
         u_ctrl/ct_hold_div2_reg_123_
         u_ctrl/ct_hold_div2_reg_122_
         u_ctrl/ct_hold_div2_reg_121_
         u_ctrl/ct_hold_div2_reg_120_
         u_ctrl/ct_hold_div2_reg_119_
         u_ctrl/ct_hold_div2_reg_118_
         u_ctrl/ct_hold_div2_reg_117_
         u_ctrl/ct_hold_div2_reg_116_
         u_ctrl/ct_hold_div2_reg_115_
         u_ctrl/ct_hold_div2_reg_114_
         u_ctrl/ct_hold_div2_reg_113_
         u_ctrl/ct_hold_div2_reg_112_
         u_ctrl/ct_hold_div2_reg_111_
         u_ctrl/ct_hold_div2_reg_110_
         u_ctrl/ct_hold_div2_reg_109_
         u_ctrl/ct_hold_div2_reg_108_
         u_ctrl/ct_hold_div2_reg_107_
         u_ctrl/ct_hold_div2_reg_106_
         u_ctrl/ct_hold_div2_reg_105_
         u_ctrl/ct_hold_div2_reg_104_
         u_ctrl/ct_hold_div2_reg_103_
         u_ctrl/ct_hold_div2_reg_102_
         u_ctrl/ct_hold_div2_reg_101_
         u_ctrl/ct_hold_div2_reg_100_
         u_ctrl/ct_hold_div2_reg_99_
         u_ctrl/ct_hold_div2_reg_98_
         u_ctrl/ct_hold_div2_reg_97_
         u_ctrl/ct_hold_div2_reg_96_
         u_ctrl/ct_hold_div2_reg_95_
         u_ctrl/ct_hold_div2_reg_94_
         u_ctrl/ct_hold_div2_reg_93_
         u_ctrl/ct_hold_div2_reg_92_
         u_ctrl/ct_hold_div2_reg_91_
         u_ctrl/ct_hold_div2_reg_90_
         u_ctrl/ct_hold_div2_reg_89_
         u_ctrl/ct_hold_div2_reg_88_
         u_ctrl/ct_hold_div2_reg_87_
         u_ctrl/ct_hold_div2_reg_86_
         u_ctrl/ct_hold_div2_reg_85_
         u_ctrl/ct_hold_div2_reg_84_
         u_ctrl/ct_hold_div2_reg_83_
         u_ctrl/ct_hold_div2_reg_82_
         u_ctrl/ct_hold_div2_reg_81_
         u_ctrl/ct_hold_div2_reg_80_
         u_ctrl/ct_hold_div2_reg_79_
         u_ctrl/ct_hold_div2_reg_78_
         u_ctrl/ct_hold_div2_reg_77_
         u_ctrl/ct_hold_div2_reg_76_
         u_ctrl/ct_hold_div2_reg_75_
         u_ctrl/ct_hold_div2_reg_74_
         u_ctrl/ct_hold_div2_reg_73_
         u_ctrl/ct_hold_div2_reg_72_
         u_ctrl/ct_hold_div2_reg_71_
         u_ctrl/ct_hold_div2_reg_70_
         u_ctrl/ct_hold_div2_reg_69_
         u_ctrl/ct_hold_div2_reg_68_
         u_ctrl/ct_hold_div2_reg_67_
         u_ctrl/ct_hold_div2_reg_66_
         u_ctrl/ct_hold_div2_reg_65_
         u_ctrl/ct_hold_div2_reg_64_
         u_ctrl/ct_hold_div2_reg_63_
         u_ctrl/ct_hold_div2_reg_62_
         u_ctrl/ct_hold_div2_reg_61_
         u_ctrl/ct_hold_div2_reg_60_
         u_ctrl/ct_hold_div2_reg_59_
         u_ctrl/ct_hold_div2_reg_58_
         u_ctrl/ct_hold_div2_reg_57_
         u_ctrl/ct_hold_div2_reg_56_
         u_ctrl/ct_hold_div2_reg_55_
         u_ctrl/ct_hold_div2_reg_54_
         u_ctrl/ct_hold_div2_reg_53_
         u_ctrl/ct_hold_div2_reg_52_
         u_ctrl/ct_hold_div2_reg_51_
         u_ctrl/ct_hold_div2_reg_50_
         u_ctrl/ct_hold_div2_reg_49_
         u_ctrl/ct_hold_div2_reg_48_
         u_ctrl/ct_hold_div2_reg_47_
         u_ctrl/ct_hold_div2_reg_46_
         u_ctrl/ct_hold_div2_reg_45_
         u_ctrl/ct_hold_div2_reg_44_
         u_ctrl/ct_hold_div2_reg_43_
         u_ctrl/ct_hold_div2_reg_42_
         u_ctrl/ct_hold_div2_reg_41_
         u_ctrl/ct_hold_div2_reg_40_
         u_ctrl/ct_hold_div2_reg_39_
         u_ctrl/ct_hold_div2_reg_38_
         u_ctrl/ct_hold_div2_reg_37_
         u_ctrl/ct_hold_div2_reg_36_
         u_ctrl/ct_hold_div2_reg_35_
         u_ctrl/ct_hold_div2_reg_34_
         u_ctrl/ct_hold_div2_reg_33_
         u_ctrl/ct_hold_div2_reg_32_
         u_ctrl/ct_hold_div2_reg_31_
         u_ctrl/ct_hold_div2_reg_30_
         u_ctrl/ct_hold_div2_reg_29_
         u_ctrl/u_crc_crc_out_reg_0_
         u_ctrl/u_crc_crc_out_reg_31_
         u_ctrl/u_crc_crc_out_reg_30_
         u_ctrl/u_crc_crc_out_reg_29_
         u_ctrl/u_crc_crc_out_reg_28_
         u_ctrl/u_crc_crc_out_reg_27_
         u_ctrl/u_crc_crc_out_reg_26_
         u_ctrl/u_crc_crc_out_reg_25_
         u_ctrl/u_crc_crc_out_reg_24_
         u_ctrl/u_crc_crc_out_reg_23_
         u_ctrl/u_crc_crc_out_reg_22_
         u_ctrl/u_crc_crc_out_reg_21_
         u_ctrl/u_crc_crc_out_reg_20_
         u_ctrl/u_crc_crc_out_reg_19_
         u_ctrl/u_crc_crc_out_reg_18_
         u_ctrl/u_crc_crc_out_reg_17_
         u_ctrl/u_crc_crc_out_reg_16_
         u_ctrl/u_crc_crc_out_reg_15_
         u_ctrl/u_crc_crc_out_reg_14_
         u_ctrl/u_crc_crc_out_reg_13_
         u_ctrl/u_crc_crc_out_reg_12_
         u_ctrl/u_crc_crc_out_reg_11_
         u_ctrl/u_crc_crc_out_reg_10_
         u_ctrl/u_crc_crc_out_reg_9_
         u_ctrl/u_crc_crc_out_reg_8_
         u_ctrl/u_crc_crc_out_reg_7_
         u_ctrl/u_crc_crc_out_reg_6_
         u_ctrl/u_crc_crc_out_reg_5_
         u_ctrl/u_crc_crc_out_reg_4_
         u_ctrl/u_crc_crc_out_reg_3_
         u_ctrl/u_crc_crc_out_reg_2_
         u_ctrl/u_crc_crc_out_reg_1_
         u_ctrl/tx_byte_div2_reg_0_
         u_ctrl/tx_buf_data_reg_0_
         u_ctrl/tx_data_reg_0_
         u_ctrl/tx_byte_div2_reg_1_
         u_ctrl/tx_buf_data_reg_1_
         u_ctrl/tx_data_reg_1_
         u_ctrl/tx_byte_div2_reg_2_
         u_ctrl/tx_buf_data_reg_2_
         u_ctrl/tx_data_reg_2_
         u_ctrl/tx_byte_div2_reg_3_
         u_ctrl/tx_buf_data_reg_3_
         u_ctrl/tx_data_reg_3_
         u_ctrl/tx_byte_div2_reg_4_
         u_ctrl/tx_buf_data_reg_4_
         u_ctrl/tx_data_reg_4_
         u_ctrl/tx_byte_div2_reg_5_
         u_ctrl/tx_buf_data_reg_5_
         u_ctrl/tx_data_reg_5_
         u_ctrl/tx_byte_div2_reg_6_
         u_ctrl/tx_buf_data_reg_6_
         u_ctrl/tx_data_reg_6_
         u_ctrl/tx_byte_div2_reg_7_
         u_ctrl/tx_buf_data_reg_7_
         u_ctrl/tx_data_reg_7_
         u_ctrl/u_crc_crc_reg_31_
         u_ctrl/u_crc_crc_reg_1_
         u_ctrl/u_crc_crc_reg_12_
         u_ctrl/u_crc_crc_reg_20_
         u_ctrl/u_crc_crc_reg_28_
         u_ctrl/u_crc_crc_reg_5_
         u_ctrl/u_crc_crc_reg_13_
         u_ctrl/u_crc_crc_reg_21_
         u_ctrl/u_crc_crc_reg_29_
         u_ctrl/u_crc_crc_reg_9_
         u_ctrl/u_crc_crc_reg_10_
         u_ctrl/u_crc_crc_reg_18_
         u_ctrl/u_crc_crc_reg_26_
         u_ctrl/u_crc_crc_reg_2_
         u_ctrl/u_crc_crc_reg_3_
         u_ctrl/u_crc_crc_reg_11_
         u_ctrl/u_crc_crc_reg_19_
         u_ctrl/u_crc_crc_reg_27_
         u_ctrl/u_crc_crc_reg_8_
         u_ctrl/u_crc_crc_reg_16_
         u_ctrl/u_crc_crc_reg_24_
         u_ctrl/u_crc_crc_reg_22_
         u_ctrl/u_crc_crc_reg_30_
         u_ctrl/u_crc_crc_reg_17_
         u_ctrl/u_crc_crc_reg_25_
         u_ctrl/u_crc_crc_reg_6_
         u_ctrl/u_crc_crc_reg_14_
         u_ctrl/u_crc_crc_reg_0_
         u_ctrl/u_crc_crc_reg_4_
         u_ctrl/u_crc_crc_reg_7_
         u_ctrl/u_crc_crc_reg_15_
         u_ctrl/u_crc_crc_reg_23_
         u_ctrl/u_tx_shifter_reg_8_
         u_ctrl/u_tx_shifter_reg_7_
         u_ctrl/u_tx_shifter_reg_6_
         u_ctrl/u_tx_shifter_reg_5_
         u_ctrl/u_tx_shifter_reg_4_
         u_ctrl/u_tx_shifter_reg_3_
         u_ctrl/u_tx_shifter_reg_2_
         u_ctrl/u_tx_shifter_reg_1_
         u_ctrl/u_tx_shifter_reg_0_
         u_ctrl/u_tx_txd_reg
         u_ctrl/tx_start_reg
         u_ctrl/aes_done_ff1_reg
         u_ctrl/u_aes/round_reg_0_
         u_ctrl/u_aes/round_reg_2_
         u_ctrl/u_aes/busy_reg
         u_ctrl/u_aes/round_reg_1_
         u_ctrl/u_aes/round_reg_3_
         u_ctrl/u_aes/done_reg
         u_ctrl/u_aes/state_reg_125_
         u_ctrl/u_aes/state_reg_122_
         u_ctrl/u_aes/state_reg_119_
         u_ctrl/u_aes/state_reg_117_
         u_ctrl/u_aes/state_reg_115_
         u_ctrl/u_aes/state_reg_114_
         u_ctrl/u_aes/state_reg_113_
         u_ctrl/u_aes/state_reg_111_
         u_ctrl/u_aes/state_reg_109_
         u_ctrl/u_aes/state_reg_106_
         u_ctrl/u_aes/state_reg_105_
         u_ctrl/u_aes/state_reg_101_
         u_ctrl/u_aes/state_reg_98_
         u_ctrl/u_aes/state_reg_94_
         u_ctrl/u_aes/state_reg_92_
         u_ctrl/u_aes/state_reg_90_
         u_ctrl/u_aes/state_reg_89_
         u_ctrl/u_aes/state_reg_85_
         u_ctrl/u_aes/state_reg_82_
         u_ctrl/u_aes/state_reg_81_
         u_ctrl/u_aes/state_reg_80_
         u_ctrl/u_aes/state_reg_77_
         u_ctrl/u_aes/state_reg_76_
         u_ctrl/u_aes/state_reg_74_
         u_ctrl/u_aes/state_reg_73_
         u_ctrl/u_aes/state_reg_72_
         u_ctrl/u_aes/state_reg_61_
         u_ctrl/u_aes/state_reg_53_
         u_ctrl/u_aes/state_reg_51_
         u_ctrl/u_aes/state_reg_50_
         u_ctrl/u_aes/state_reg_49_
         u_ctrl/u_aes/state_reg_45_
         u_ctrl/u_aes/state_reg_42_
         u_ctrl/u_aes/state_reg_38_
         u_ctrl/u_aes/state_reg_37_
         u_ctrl/u_aes/state_reg_34_
         u_ctrl/u_aes/state_reg_29_
         u_ctrl/u_aes/state_reg_28_
         u_ctrl/u_aes/state_reg_26_
         u_ctrl/u_aes/state_reg_25_
         u_ctrl/u_aes/state_reg_24_
         u_ctrl/u_aes/state_reg_21_
         u_ctrl/u_aes/state_reg_18_
         u_ctrl/u_aes/state_reg_13_
         u_ctrl/u_aes/state_reg_10_
         u_ctrl/u_aes/state_reg_9_
         u_ctrl/u_aes/state_reg_8_
         u_ctrl/u_aes/state_reg_6_
         u_ctrl/u_aes/state_reg_5_
         u_ctrl/u_aes/state_reg_3_
         u_ctrl/u_aes/state_reg_2_
         u_ctrl/u_aes/ct_out_reg_127_
         u_ctrl/u_aes/ct_out_reg_126_
         u_ctrl/u_aes/ct_out_reg_125_
         u_ctrl/u_aes/ct_out_reg_124_
         u_ctrl/u_aes/ct_out_reg_123_
         u_ctrl/u_aes/ct_out_reg_122_
         u_ctrl/u_aes/ct_out_reg_121_
         u_ctrl/u_aes/ct_out_reg_120_
         u_ctrl/u_aes/ct_out_reg_119_
         u_ctrl/u_aes/ct_out_reg_118_
         u_ctrl/u_aes/ct_out_reg_117_
         u_ctrl/u_aes/ct_out_reg_116_
         u_ctrl/u_aes/ct_out_reg_115_
         u_ctrl/u_aes/ct_out_reg_114_
         u_ctrl/u_aes/ct_out_reg_113_
         u_ctrl/u_aes/ct_out_reg_112_
         u_ctrl/u_aes/ct_out_reg_111_
         u_ctrl/u_aes/ct_out_reg_110_
         u_ctrl/u_aes/ct_out_reg_109_
         u_ctrl/u_aes/ct_out_reg_108_
         u_ctrl/u_aes/ct_out_reg_107_
         u_ctrl/u_aes/ct_out_reg_106_
         u_ctrl/u_aes/ct_out_reg_105_
         u_ctrl/u_aes/ct_out_reg_104_
         u_ctrl/u_aes/ct_out_reg_103_
         u_ctrl/u_aes/ct_out_reg_102_
         u_ctrl/u_aes/ct_out_reg_101_
         u_ctrl/u_aes/ct_out_reg_100_
         u_ctrl/u_aes/ct_out_reg_99_
         u_ctrl/u_aes/ct_out_reg_98_
         u_ctrl/u_aes/ct_out_reg_97_
         u_ctrl/u_aes/ct_out_reg_96_
         u_ctrl/u_aes/ct_out_reg_95_
         u_ctrl/u_aes/ct_out_reg_94_
         u_ctrl/u_aes/ct_out_reg_93_
         u_ctrl/u_aes/ct_out_reg_92_
         u_ctrl/u_aes/ct_out_reg_91_
         u_ctrl/u_aes/ct_out_reg_90_
         u_ctrl/u_aes/ct_out_reg_89_
         u_ctrl/u_aes/ct_out_reg_88_
         u_ctrl/u_aes/ct_out_reg_87_
         u_ctrl/u_aes/ct_out_reg_86_
         u_ctrl/u_aes/ct_out_reg_85_
         u_ctrl/u_aes/ct_out_reg_84_
         u_ctrl/u_aes/ct_out_reg_83_
         u_ctrl/u_aes/ct_out_reg_82_
         u_ctrl/u_aes/ct_out_reg_81_
         u_ctrl/u_aes/ct_out_reg_80_
         u_ctrl/u_aes/ct_out_reg_79_
         u_ctrl/u_aes/ct_out_reg_78_
         u_ctrl/u_aes/ct_out_reg_77_
         u_ctrl/u_aes/ct_out_reg_76_
         u_ctrl/u_aes/ct_out_reg_75_
         u_ctrl/u_aes/ct_out_reg_74_
         u_ctrl/u_aes/ct_out_reg_73_
         u_ctrl/u_aes/ct_out_reg_72_
         u_ctrl/u_aes/ct_out_reg_71_
         u_ctrl/u_aes/ct_out_reg_70_
         u_ctrl/u_aes/ct_out_reg_69_
         u_ctrl/u_aes/ct_out_reg_68_
         u_ctrl/u_aes/ct_out_reg_67_
         u_ctrl/u_aes/ct_out_reg_66_
         u_ctrl/u_aes/ct_out_reg_65_
         u_ctrl/u_aes/ct_out_reg_64_
         u_ctrl/u_aes/ct_out_reg_63_
         u_ctrl/u_aes/ct_out_reg_62_
         u_ctrl/u_aes/ct_out_reg_61_
         u_ctrl/u_aes/ct_out_reg_60_
         u_ctrl/u_aes/ct_out_reg_59_
         u_ctrl/u_aes/ct_out_reg_58_
         u_ctrl/u_aes/ct_out_reg_57_
         u_ctrl/u_aes/ct_out_reg_56_
         u_ctrl/u_aes/ct_out_reg_55_
         u_ctrl/u_aes/ct_out_reg_54_
         u_ctrl/u_aes/ct_out_reg_53_
         u_ctrl/u_aes/ct_out_reg_52_
         u_ctrl/u_aes/ct_out_reg_51_
         u_ctrl/u_aes/ct_out_reg_50_
         u_ctrl/u_aes/ct_out_reg_49_
         u_ctrl/u_aes/ct_out_reg_48_
         u_ctrl/u_aes/ct_out_reg_47_
         u_ctrl/u_aes/ct_out_reg_46_
         u_ctrl/u_aes/ct_out_reg_45_
         u_ctrl/u_aes/ct_out_reg_44_
         u_ctrl/u_aes/ct_out_reg_43_
         u_ctrl/u_aes/ct_out_reg_42_
         u_ctrl/u_aes/ct_out_reg_41_
         u_ctrl/u_aes/ct_out_reg_40_
         u_ctrl/u_aes/ct_out_reg_39_
         u_ctrl/u_aes/ct_out_reg_38_
         u_ctrl/u_aes/ct_out_reg_37_
         u_ctrl/u_aes/ct_out_reg_36_
         u_ctrl/u_aes/ct_out_reg_35_
         u_ctrl/u_aes/ct_out_reg_34_
         u_ctrl/u_aes/ct_out_reg_33_
         u_ctrl/u_aes/ct_out_reg_32_
         u_ctrl/u_aes/ct_out_reg_31_
         u_ctrl/u_aes/ct_out_reg_30_
         u_ctrl/u_aes/ct_out_reg_29_
         u_ctrl/u_aes/ct_out_reg_28_
         u_ctrl/u_aes/ct_out_reg_27_
         u_ctrl/u_aes/ct_out_reg_26_
         u_ctrl/u_aes/ct_out_reg_25_
         u_ctrl/u_aes/ct_out_reg_24_
         u_ctrl/u_aes/ct_out_reg_23_
         u_ctrl/u_aes/ct_out_reg_22_
         u_ctrl/u_aes/ct_out_reg_21_
         u_ctrl/u_aes/ct_out_reg_20_
         u_ctrl/u_aes/ct_out_reg_19_
         u_ctrl/u_aes/ct_out_reg_18_
         u_ctrl/u_aes/ct_out_reg_17_
         u_ctrl/u_aes/ct_out_reg_16_
         u_ctrl/u_aes/ct_out_reg_15_
         u_ctrl/u_aes/ct_out_reg_14_
         u_ctrl/u_aes/ct_out_reg_13_
         u_ctrl/u_aes/ct_out_reg_12_
         u_ctrl/u_aes/ct_out_reg_11_
         u_ctrl/u_aes/ct_out_reg_10_
         u_ctrl/u_aes/ct_out_reg_9_
         u_ctrl/u_aes/ct_out_reg_8_
         u_ctrl/u_aes/ct_out_reg_7_
         u_ctrl/u_aes/ct_out_reg_6_
         u_ctrl/u_aes/ct_out_reg_5_
         u_ctrl/u_aes/ct_out_reg_4_
         u_ctrl/u_aes/ct_out_reg_3_
         u_ctrl/u_aes/ct_out_reg_2_
         u_ctrl/u_aes/ct_out_reg_1_
         u_ctrl/u_aes/ct_out_reg_0_
         u_ctrl/u_aes/rkeys_reg_21_
         u_ctrl/u_aes/rkeys_reg_19_
         u_ctrl/u_aes/rkeys_reg_17_
         u_ctrl/u_aes/rkeys_reg_16_
         u_ctrl/u_aes/rkeys_reg_24_
         u_ctrl/u_aes/rkeys_reg_26_
         u_ctrl/u_aes/rkeys_reg_27_
         u_ctrl/u_aes/rkeys_reg_30_
         u_ctrl/u_aes/rkeys_reg_32_
         u_ctrl/u_aes/rkeys_reg_33_
         u_ctrl/u_aes/rkeys_reg_35_
         u_ctrl/u_aes/rkeys_reg_39_
         u_ctrl/u_aes/rkeys_reg_40_
         u_ctrl/u_aes/rkeys_reg_41_
         u_ctrl/u_aes/rkeys_reg_42_
         u_ctrl/u_aes/rkeys_reg_45_
         u_ctrl/u_aes/rkeys_reg_47_
         u_ctrl/u_aes/rkeys_reg_48_
         u_ctrl/u_aes/rkeys_reg_49_
         u_ctrl/u_aes/rkeys_reg_50_
         u_ctrl/u_aes/rkeys_reg_56_
         u_ctrl/u_aes/rkeys_reg_57_
         u_ctrl/u_aes/rkeys_reg_60_
         u_ctrl/u_aes/rkeys_reg_61_
         u_ctrl/u_aes/rkeys_reg_62_
         u_ctrl/u_aes/rkeys_reg_63_
         u_ctrl/u_aes/rkeys_reg_64_
         u_ctrl/u_aes/rkeys_reg_65_
         u_ctrl/u_aes/rkeys_reg_66_
         u_ctrl/u_aes/rkeys_reg_68_
         u_ctrl/u_aes/rkeys_reg_73_
         u_ctrl/u_aes/rkeys_reg_75_
         u_ctrl/u_aes/rkeys_reg_78_
         u_ctrl/u_aes/rkeys_reg_82_
         u_ctrl/u_aes/rkeys_reg_84_
         u_ctrl/u_aes/rkeys_reg_87_
         u_ctrl/u_aes/rkeys_reg_88_
         u_ctrl/u_aes/rkeys_reg_89_
         u_ctrl/u_aes/rkeys_reg_93_
         u_ctrl/u_aes/rkeys_reg_94_
         u_ctrl/u_aes/rkeys_reg_95_
         u_ctrl/u_aes/rkeys_reg_96_
         u_ctrl/u_aes/rkeys_reg_97_
         u_ctrl/u_aes/rkeys_reg_98_
         u_ctrl/u_aes/rkeys_reg_99_
         u_ctrl/u_aes/rkeys_reg_100_
         u_ctrl/u_aes/rkeys_reg_101_
         u_ctrl/u_aes/rkeys_reg_102_
         u_ctrl/u_aes/rkeys_reg_104_
         u_ctrl/u_aes/rkeys_reg_106_
         u_ctrl/u_aes/rkeys_reg_107_
         u_ctrl/u_aes/rkeys_reg_108_
         u_ctrl/u_aes/rkeys_reg_112_
         u_ctrl/u_aes/rkeys_reg_116_
         u_ctrl/u_aes/rkeys_reg_120_
         u_ctrl/u_aes/rkeys_reg_13_
         u_ctrl/u_aes/rkeys_reg_121_
         u_ctrl/u_aes/rkeys_reg_124_
         u_ctrl/u_aes/rkeys_reg_129_
         u_ctrl/u_aes/rkeys_reg_130_
         u_ctrl/u_aes/rkeys_reg_131_
         u_ctrl/u_aes/rkeys_reg_134_
         u_ctrl/u_aes/rkeys_reg_136_
         u_ctrl/u_aes/rkeys_reg_137_
         u_ctrl/u_aes/rkeys_reg_138_
         u_ctrl/u_aes/rkeys_reg_140_
         u_ctrl/u_aes/rkeys_reg_143_
         u_ctrl/u_aes/rkeys_reg_146_
         u_ctrl/u_aes/rkeys_reg_147_
         u_ctrl/u_aes/rkeys_reg_149_
         u_ctrl/u_aes/rkeys_reg_153_
         u_ctrl/u_aes/rkeys_reg_154_
         u_ctrl/u_aes/rkeys_reg_155_
         u_ctrl/u_aes/rkeys_reg_156_
         u_ctrl/u_aes/rkeys_reg_157_
         u_ctrl/u_aes/rkeys_reg_159_
         u_ctrl/u_aes/rkeys_reg_162_
         u_ctrl/u_aes/rkeys_reg_163_
         u_ctrl/u_aes/rkeys_reg_164_
         u_ctrl/u_aes/rkeys_reg_167_
         u_ctrl/u_aes/rkeys_reg_168_
         u_ctrl/u_aes/rkeys_reg_170_
         u_ctrl/u_aes/rkeys_reg_171_
         u_ctrl/u_aes/rkeys_reg_173_
         u_ctrl/u_aes/rkeys_reg_174_
         u_ctrl/u_aes/rkeys_reg_175_
         u_ctrl/u_aes/rkeys_reg_176_
         u_ctrl/u_aes/rkeys_reg_177_
         u_ctrl/u_aes/rkeys_reg_180_
         u_ctrl/u_aes/rkeys_reg_183_
         u_ctrl/u_aes/rkeys_reg_188_
         u_ctrl/u_aes/rkeys_reg_195_
         u_ctrl/u_aes/rkeys_reg_197_
         u_ctrl/u_aes/rkeys_reg_198_
         u_ctrl/u_aes/rkeys_reg_200_
         u_ctrl/u_aes/rkeys_reg_201_
         u_ctrl/u_aes/rkeys_reg_202_
         u_ctrl/u_aes/rkeys_reg_204_
         u_ctrl/u_aes/rkeys_reg_206_
         u_ctrl/u_aes/rkeys_reg_208_
         u_ctrl/u_aes/rkeys_reg_210_
         u_ctrl/u_aes/rkeys_reg_215_
         u_ctrl/u_aes/rkeys_reg_12_
         u_ctrl/u_aes/rkeys_reg_220_
         u_ctrl/u_aes/rkeys_reg_221_
         u_ctrl/u_aes/rkeys_reg_222_
         u_ctrl/u_aes/rkeys_reg_223_
         u_ctrl/u_aes/rkeys_reg_224_
         u_ctrl/u_aes/rkeys_reg_228_
         u_ctrl/u_aes/rkeys_reg_230_
         u_ctrl/u_aes/rkeys_reg_231_
         u_ctrl/u_aes/rkeys_reg_233_
         u_ctrl/u_aes/rkeys_reg_236_
         u_ctrl/u_aes/rkeys_reg_237_
         u_ctrl/u_aes/rkeys_reg_240_
         u_ctrl/u_aes/rkeys_reg_243_
         u_ctrl/u_aes/rkeys_reg_244_
         u_ctrl/u_aes/rkeys_reg_247_
         u_ctrl/u_aes/rkeys_reg_250_
         u_ctrl/u_aes/rkeys_reg_252_
         u_ctrl/u_aes/rkeys_reg_254_
         u_ctrl/u_aes/rkeys_reg_257_
         u_ctrl/u_aes/rkeys_reg_260_
         u_ctrl/u_aes/rkeys_reg_262_
         u_ctrl/u_aes/rkeys_reg_263_
         u_ctrl/u_aes/rkeys_reg_265_
         u_ctrl/u_aes/rkeys_reg_267_
         u_ctrl/u_aes/rkeys_reg_268_
         u_ctrl/u_aes/rkeys_reg_269_
         u_ctrl/u_aes/rkeys_reg_270_
         u_ctrl/u_aes/rkeys_reg_272_
         u_ctrl/u_aes/rkeys_reg_273_
         u_ctrl/u_aes/rkeys_reg_274_
         u_ctrl/u_aes/rkeys_reg_275_
         u_ctrl/u_aes/rkeys_reg_276_
         u_ctrl/u_aes/rkeys_reg_277_
         u_ctrl/u_aes/rkeys_reg_279_
         u_ctrl/u_aes/rkeys_reg_281_
         u_ctrl/u_aes/rkeys_reg_282_
         u_ctrl/u_aes/rkeys_reg_283_
         u_ctrl/u_aes/rkeys_reg_285_
         u_ctrl/u_aes/rkeys_reg_287_
         u_ctrl/u_aes/rkeys_reg_290_
         u_ctrl/u_aes/rkeys_reg_292_
         u_ctrl/u_aes/rkeys_reg_293_
         u_ctrl/u_aes/rkeys_reg_294_
         u_ctrl/u_aes/rkeys_reg_295_
         u_ctrl/u_aes/rkeys_reg_297_
         u_ctrl/u_aes/rkeys_reg_299_
         u_ctrl/u_aes/rkeys_reg_300_
         u_ctrl/u_aes/rkeys_reg_301_
         u_ctrl/u_aes/rkeys_reg_303_
         u_ctrl/u_aes/rkeys_reg_305_
         u_ctrl/u_aes/rkeys_reg_306_
         u_ctrl/u_aes/rkeys_reg_308_
         u_ctrl/u_aes/rkeys_reg_317_
         u_ctrl/u_aes/rkeys_reg_318_
         u_ctrl/u_aes/rkeys_reg_319_
         u_ctrl/u_aes/rkeys_reg_320_
         u_ctrl/u_aes/rkeys_reg_323_
         u_ctrl/u_aes/rkeys_reg_324_
         u_ctrl/u_aes/rkeys_reg_325_
         u_ctrl/u_aes/rkeys_reg_327_
         u_ctrl/u_aes/rkeys_reg_328_
         u_ctrl/u_aes/rkeys_reg_330_
         u_ctrl/u_aes/rkeys_reg_333_
         u_ctrl/u_aes/rkeys_reg_334_
         u_ctrl/u_aes/rkeys_reg_338_
         u_ctrl/u_aes/rkeys_reg_339_
         u_ctrl/u_aes/rkeys_reg_340_
         u_ctrl/u_aes/rkeys_reg_346_
         u_ctrl/u_aes/rkeys_reg_349_
         u_ctrl/u_aes/rkeys_reg_351_
         u_ctrl/u_aes/rkeys_reg_352_
         u_ctrl/u_aes/rkeys_reg_354_
         u_ctrl/u_aes/rkeys_reg_356_
         u_ctrl/u_aes/rkeys_reg_357_
         u_ctrl/u_aes/rkeys_reg_360_
         u_ctrl/u_aes/rkeys_reg_361_
         u_ctrl/u_aes/rkeys_reg_362_
         u_ctrl/u_aes/rkeys_reg_367_
         u_ctrl/u_aes/rkeys_reg_368_
         u_ctrl/u_aes/rkeys_reg_369_
         u_ctrl/u_aes/rkeys_reg_374_
         u_ctrl/u_aes/rkeys_reg_376_
         u_ctrl/u_aes/rkeys_reg_377_
         u_ctrl/u_aes/rkeys_reg_378_
         u_ctrl/u_aes/rkeys_reg_382_
         u_ctrl/u_aes/rkeys_reg_385_
         u_ctrl/u_aes/rkeys_reg_386_
         u_ctrl/u_aes/rkeys_reg_389_
         u_ctrl/u_aes/rkeys_reg_398_
         u_ctrl/u_aes/rkeys_reg_399_
         u_ctrl/u_aes/rkeys_reg_400_
         u_ctrl/u_aes/rkeys_reg_403_
         u_ctrl/u_aes/rkeys_reg_405_
         u_ctrl/u_aes/rkeys_reg_407_
         u_ctrl/u_aes/rkeys_reg_409_
         u_ctrl/u_aes/rkeys_reg_410_
         u_ctrl/u_aes/rkeys_reg_411_
         u_ctrl/u_aes/rkeys_reg_414_
         u_ctrl/u_aes/rkeys_reg_416_
         u_ctrl/u_aes/rkeys_reg_418_
         u_ctrl/u_aes/rkeys_reg_419_
         u_ctrl/u_aes/rkeys_reg_422_
         u_ctrl/u_aes/rkeys_reg_424_
         u_ctrl/u_aes/rkeys_reg_425_
         u_ctrl/u_aes/rkeys_reg_426_
         u_ctrl/u_aes/rkeys_reg_427_
         u_ctrl/u_aes/rkeys_reg_428_
         u_ctrl/u_aes/rkeys_reg_430_
         u_ctrl/u_aes/rkeys_reg_431_
         u_ctrl/u_aes/rkeys_reg_433_
         u_ctrl/u_aes/rkeys_reg_435_
         u_ctrl/u_aes/rkeys_reg_442_
         u_ctrl/u_aes/rkeys_reg_446_
         u_ctrl/u_aes/rkeys_reg_450_
         u_ctrl/u_aes/rkeys_reg_451_
         u_ctrl/u_aes/rkeys_reg_455_
         u_ctrl/u_aes/rkeys_reg_457_
         u_ctrl/u_aes/rkeys_reg_461_
         u_ctrl/u_aes/rkeys_reg_462_
         u_ctrl/u_aes/rkeys_reg_463_
         u_ctrl/u_aes/rkeys_reg_464_
         u_ctrl/u_aes/rkeys_reg_465_
         u_ctrl/u_aes/rkeys_reg_466_
         u_ctrl/u_aes/rkeys_reg_467_
         u_ctrl/u_aes/rkeys_reg_468_
         u_ctrl/u_aes/rkeys_reg_470_
         u_ctrl/u_aes/rkeys_reg_472_
         u_ctrl/u_aes/rkeys_reg_473_
         u_ctrl/u_aes/rkeys_reg_477_
         u_ctrl/u_aes/rkeys_reg_478_
         u_ctrl/u_aes/rkeys_reg_479_
         u_ctrl/u_aes/rkeys_reg_481_
         u_ctrl/u_aes/rkeys_reg_483_
         u_ctrl/u_aes/rkeys_reg_484_
         u_ctrl/u_aes/rkeys_reg_492_
         u_ctrl/u_aes/rkeys_reg_493_
         u_ctrl/u_aes/rkeys_reg_494_
         u_ctrl/u_aes/rkeys_reg_496_
         u_ctrl/u_aes/rkeys_reg_499_
         u_ctrl/u_aes/rkeys_reg_500_
         u_ctrl/u_aes/rkeys_reg_501_
         u_ctrl/u_aes/rkeys_reg_502_
         u_ctrl/u_aes/rkeys_reg_503_
         u_ctrl/u_aes/rkeys_reg_506_
         u_ctrl/u_aes/rkeys_reg_508_
         u_ctrl/u_aes/rkeys_reg_512_
         u_ctrl/u_aes/rkeys_reg_513_
         u_ctrl/u_aes/rkeys_reg_515_
         u_ctrl/u_aes/rkeys_reg_517_
         u_ctrl/u_aes/rkeys_reg_518_
         u_ctrl/u_aes/rkeys_reg_520_
         u_ctrl/u_aes/rkeys_reg_521_
         u_ctrl/u_aes/rkeys_reg_522_
         u_ctrl/u_aes/rkeys_reg_523_
         u_ctrl/u_aes/rkeys_reg_524_
         u_ctrl/u_aes/rkeys_reg_528_
         u_ctrl/u_aes/rkeys_reg_529_
         u_ctrl/u_aes/rkeys_reg_533_
         u_ctrl/u_aes/rkeys_reg_535_
         u_ctrl/u_aes/rkeys_reg_537_
         u_ctrl/u_aes/rkeys_reg_539_
         u_ctrl/u_aes/rkeys_reg_544_
         u_ctrl/u_aes/rkeys_reg_550_
         u_ctrl/u_aes/rkeys_reg_551_
         u_ctrl/u_aes/rkeys_reg_552_
         u_ctrl/u_aes/rkeys_reg_554_
         u_ctrl/u_aes/rkeys_reg_555_
         u_ctrl/u_aes/rkeys_reg_556_
         u_ctrl/u_aes/rkeys_reg_557_
         u_ctrl/u_aes/rkeys_reg_560_
         u_ctrl/u_aes/rkeys_reg_562_
         u_ctrl/u_aes/rkeys_reg_564_
         u_ctrl/u_aes/rkeys_reg_566_
         u_ctrl/u_aes/rkeys_reg_568_
         u_ctrl/u_aes/rkeys_reg_569_
         u_ctrl/u_aes/rkeys_reg_570_
         u_ctrl/u_aes/rkeys_reg_573_
         u_ctrl/u_aes/rkeys_reg_575_
         u_ctrl/u_aes/rkeys_reg_577_
         u_ctrl/u_aes/rkeys_reg_578_
         u_ctrl/u_aes/rkeys_reg_580_
         u_ctrl/u_aes/rkeys_reg_583_
         u_ctrl/u_aes/rkeys_reg_585_
         u_ctrl/u_aes/rkeys_reg_588_
         u_ctrl/u_aes/rkeys_reg_591_
         u_ctrl/u_aes/rkeys_reg_593_
         u_ctrl/u_aes/rkeys_reg_594_
         u_ctrl/u_aes/rkeys_reg_597_
         u_ctrl/u_aes/rkeys_reg_599_
         u_ctrl/u_aes/rkeys_reg_600_
         u_ctrl/u_aes/rkeys_reg_601_
         u_ctrl/u_aes/rkeys_reg_602_
         u_ctrl/u_aes/rkeys_reg_604_
         u_ctrl/u_aes/rkeys_reg_605_
         u_ctrl/u_aes/rkeys_reg_606_
         u_ctrl/u_aes/rkeys_reg_607_
         u_ctrl/u_aes/rkeys_reg_608_
         u_ctrl/u_aes/rkeys_reg_610_
         u_ctrl/u_aes/rkeys_reg_611_
         u_ctrl/u_aes/rkeys_reg_612_
         u_ctrl/u_aes/rkeys_reg_613_
         u_ctrl/u_aes/rkeys_reg_614_
         u_ctrl/u_aes/rkeys_reg_616_
         u_ctrl/u_aes/rkeys_reg_617_
         u_ctrl/u_aes/rkeys_reg_618_
         u_ctrl/u_aes/rkeys_reg_619_
         u_ctrl/u_aes/rkeys_reg_624_
         u_ctrl/u_aes/rkeys_reg_627_
         u_ctrl/u_aes/rkeys_reg_628_
         u_ctrl/u_aes/rkeys_reg_629_
         u_ctrl/u_aes/rkeys_reg_633_
         u_ctrl/u_aes/rkeys_reg_634_
         u_ctrl/u_aes/rkeys_reg_635_
         u_ctrl/u_aes/rkeys_reg_636_
         u_ctrl/u_aes/rkeys_reg_638_
         u_ctrl/u_aes/rkeys_reg_641_
         u_ctrl/u_aes/rkeys_reg_643_
         u_ctrl/u_aes/rkeys_reg_645_
         u_ctrl/u_aes/rkeys_reg_647_
         u_ctrl/u_aes/rkeys_reg_649_
         u_ctrl/u_aes/rkeys_reg_653_
         u_ctrl/u_aes/rkeys_reg_657_
         u_ctrl/u_aes/rkeys_reg_658_
         u_ctrl/u_aes/rkeys_reg_660_
         u_ctrl/u_aes/rkeys_reg_661_
         u_ctrl/u_aes/rkeys_reg_662_
         u_ctrl/u_aes/rkeys_reg_663_
         u_ctrl/u_aes/rkeys_reg_664_
         u_ctrl/u_aes/rkeys_reg_666_
         u_ctrl/u_aes/rkeys_reg_667_
         u_ctrl/u_aes/rkeys_reg_669_
         u_ctrl/u_aes/rkeys_reg_671_
         u_ctrl/u_aes/rkeys_reg_672_
         u_ctrl/u_aes/rkeys_reg_673_
         u_ctrl/u_aes/rkeys_reg_674_
         u_ctrl/u_aes/rkeys_reg_676_
         u_ctrl/u_aes/rkeys_reg_678_
         u_ctrl/u_aes/rkeys_reg_680_
         u_ctrl/u_aes/rkeys_reg_681_
         u_ctrl/u_aes/rkeys_reg_682_
         u_ctrl/u_aes/rkeys_reg_683_
         u_ctrl/u_aes/rkeys_reg_685_
         u_ctrl/u_aes/rkeys_reg_687_
         u_ctrl/u_aes/rkeys_reg_688_
         u_ctrl/u_aes/rkeys_reg_689_
         u_ctrl/u_aes/rkeys_reg_692_
         u_ctrl/u_aes/rkeys_reg_693_
         u_ctrl/u_aes/rkeys_reg_694_
         u_ctrl/u_aes/rkeys_reg_695_
         u_ctrl/u_aes/rkeys_reg_700_
         u_ctrl/u_aes/rkeys_reg_702_
         u_ctrl/u_aes/rkeys_reg_704_
         u_ctrl/u_aes/rkeys_reg_705_
         u_ctrl/u_aes/rkeys_reg_707_
         u_ctrl/u_aes/rkeys_reg_709_
         u_ctrl/u_aes/rkeys_reg_710_
         u_ctrl/u_aes/rkeys_reg_711_
         u_ctrl/u_aes/rkeys_reg_712_
         u_ctrl/u_aes/rkeys_reg_714_
         u_ctrl/u_aes/rkeys_reg_7_
         u_ctrl/u_aes/rkeys_reg_715_
         u_ctrl/u_aes/rkeys_reg_716_
         u_ctrl/u_aes/rkeys_reg_719_
         u_ctrl/u_aes/rkeys_reg_720_
         u_ctrl/u_aes/rkeys_reg_721_
         u_ctrl/u_aes/rkeys_reg_722_
         u_ctrl/u_aes/rkeys_reg_723_
         u_ctrl/u_aes/rkeys_reg_724_
         u_ctrl/u_aes/rkeys_reg_727_
         u_ctrl/u_aes/rkeys_reg_728_
         u_ctrl/u_aes/rkeys_reg_731_
         u_ctrl/u_aes/rkeys_reg_733_
         u_ctrl/u_aes/rkeys_reg_735_
         u_ctrl/u_aes/rkeys_reg_739_
         u_ctrl/u_aes/rkeys_reg_741_
         u_ctrl/u_aes/rkeys_reg_742_
         u_ctrl/u_aes/rkeys_reg_743_
         u_ctrl/u_aes/rkeys_reg_744_
         u_ctrl/u_aes/rkeys_reg_745_
         u_ctrl/u_aes/rkeys_reg_749_
         u_ctrl/u_aes/rkeys_reg_751_
         u_ctrl/u_aes/rkeys_reg_753_
         u_ctrl/u_aes/rkeys_reg_755_
         u_ctrl/u_aes/rkeys_reg_757_
         u_ctrl/u_aes/rkeys_reg_759_
         u_ctrl/u_aes/rkeys_reg_762_
         u_ctrl/u_aes/rkeys_reg_763_
         u_ctrl/u_aes/rkeys_reg_764_
         u_ctrl/u_aes/rkeys_reg_765_
         u_ctrl/u_aes/rkeys_reg_768_
         u_ctrl/u_aes/rkeys_reg_770_
         u_ctrl/u_aes/rkeys_reg_771_
         u_ctrl/u_aes/rkeys_reg_772_
         u_ctrl/u_aes/rkeys_reg_773_
         u_ctrl/u_aes/rkeys_reg_774_
         u_ctrl/u_aes/rkeys_reg_775_
         u_ctrl/u_aes/rkeys_reg_776_
         u_ctrl/u_aes/rkeys_reg_778_
         u_ctrl/u_aes/rkeys_reg_779_
         u_ctrl/u_aes/rkeys_reg_783_
         u_ctrl/u_aes/rkeys_reg_784_
         u_ctrl/u_aes/rkeys_reg_786_
         u_ctrl/u_aes/rkeys_reg_792_
         u_ctrl/u_aes/rkeys_reg_794_
         u_ctrl/u_aes/rkeys_reg_795_
         u_ctrl/u_aes/rkeys_reg_796_
         u_ctrl/u_aes/rkeys_reg_797_
         u_ctrl/u_aes/rkeys_reg_798_
         u_ctrl/u_aes/rkeys_reg_799_
         u_ctrl/u_aes/rkeys_reg_802_
         u_ctrl/u_aes/rkeys_reg_803_
         u_ctrl/u_aes/rkeys_reg_804_
         u_ctrl/u_aes/rkeys_reg_805_
         u_ctrl/u_aes/rkeys_reg_807_
         u_ctrl/u_aes/rkeys_reg_809_
         u_ctrl/u_aes/rkeys_reg_812_
         u_ctrl/u_aes/rkeys_reg_813_
         u_ctrl/u_aes/rkeys_reg_6_
         u_ctrl/u_aes/rkeys_reg_818_
         u_ctrl/u_aes/rkeys_reg_819_
         u_ctrl/u_aes/rkeys_reg_821_
         u_ctrl/u_aes/rkeys_reg_822_
         u_ctrl/u_aes/rkeys_reg_824_
         u_ctrl/u_aes/rkeys_reg_827_
         u_ctrl/u_aes/rkeys_reg_828_
         u_ctrl/u_aes/rkeys_reg_829_
         u_ctrl/u_aes/rkeys_reg_830_
         u_ctrl/u_aes/rkeys_reg_831_
         u_ctrl/u_aes/rkeys_reg_832_
         u_ctrl/u_aes/rkeys_reg_833_
         u_ctrl/u_aes/rkeys_reg_841_
         u_ctrl/u_aes/rkeys_reg_842_
         u_ctrl/u_aes/rkeys_reg_843_
         u_ctrl/u_aes/rkeys_reg_844_
         u_ctrl/u_aes/rkeys_reg_845_
         u_ctrl/u_aes/rkeys_reg_848_
         u_ctrl/u_aes/rkeys_reg_850_
         u_ctrl/u_aes/rkeys_reg_852_
         u_ctrl/u_aes/rkeys_reg_853_
         u_ctrl/u_aes/rkeys_reg_856_
         u_ctrl/u_aes/rkeys_reg_858_
         u_ctrl/u_aes/rkeys_reg_860_
         u_ctrl/u_aes/rkeys_reg_863_
         u_ctrl/u_aes/rkeys_reg_866_
         u_ctrl/u_aes/rkeys_reg_867_
         u_ctrl/u_aes/rkeys_reg_868_
         u_ctrl/u_aes/rkeys_reg_869_
         u_ctrl/u_aes/rkeys_reg_871_
         u_ctrl/u_aes/rkeys_reg_872_
         u_ctrl/u_aes/rkeys_reg_873_
         u_ctrl/u_aes/rkeys_reg_874_
         u_ctrl/u_aes/rkeys_reg_876_
         u_ctrl/u_aes/rkeys_reg_877_
         u_ctrl/u_aes/rkeys_reg_878_
         u_ctrl/u_aes/rkeys_reg_879_
         u_ctrl/u_aes/rkeys_reg_880_
         u_ctrl/u_aes/rkeys_reg_881_
         u_ctrl/u_aes/rkeys_reg_882_
         u_ctrl/u_aes/rkeys_reg_884_
         u_ctrl/u_aes/rkeys_reg_885_
         u_ctrl/u_aes/rkeys_reg_886_
         u_ctrl/u_aes/rkeys_reg_887_
         u_ctrl/u_aes/rkeys_reg_888_
         u_ctrl/u_aes/rkeys_reg_889_
         u_ctrl/u_aes/rkeys_reg_890_
         u_ctrl/u_aes/rkeys_reg_894_
         u_ctrl/u_aes/rkeys_reg_896_
         u_ctrl/u_aes/rkeys_reg_902_
         u_ctrl/u_aes/rkeys_reg_904_
         u_ctrl/u_aes/rkeys_reg_905_
         u_ctrl/u_aes/rkeys_reg_906_
         u_ctrl/u_aes/rkeys_reg_907_
         u_ctrl/u_aes/rkeys_reg_908_
         u_ctrl/u_aes/rkeys_reg_909_
         u_ctrl/u_aes/rkeys_reg_911_
         u_ctrl/u_aes/rkeys_reg_912_
         u_ctrl/u_aes/rkeys_reg_915_
         u_ctrl/u_aes/rkeys_reg_917_
         u_ctrl/u_aes/rkeys_reg_918_
         u_ctrl/u_aes/rkeys_reg_922_
         u_ctrl/u_aes/rkeys_reg_928_
         u_ctrl/u_aes/rkeys_reg_929_
         u_ctrl/u_aes/rkeys_reg_930_
         u_ctrl/u_aes/rkeys_reg_931_
         u_ctrl/u_aes/rkeys_reg_932_
         u_ctrl/u_aes/rkeys_reg_933_
         u_ctrl/u_aes/rkeys_reg_935_
         u_ctrl/u_aes/rkeys_reg_938_
         u_ctrl/u_aes/rkeys_reg_939_
         u_ctrl/u_aes/rkeys_reg_944_
         u_ctrl/u_aes/rkeys_reg_947_
         u_ctrl/u_aes/rkeys_reg_948_
         u_ctrl/u_aes/rkeys_reg_950_
         u_ctrl/u_aes/rkeys_reg_954_
         u_ctrl/u_aes/rkeys_reg_955_
         u_ctrl/u_aes/rkeys_reg_957_
         u_ctrl/u_aes/rkeys_reg_958_
         u_ctrl/u_aes/rkeys_reg_960_
         u_ctrl/u_aes/rkeys_reg_961_
         u_ctrl/u_aes/rkeys_reg_962_
         u_ctrl/u_aes/rkeys_reg_963_
         u_ctrl/u_aes/rkeys_reg_964_
         u_ctrl/u_aes/rkeys_reg_965_
         u_ctrl/u_aes/rkeys_reg_967_
         u_ctrl/u_aes/rkeys_reg_968_
         u_ctrl/u_aes/rkeys_reg_971_
         u_ctrl/u_aes/rkeys_reg_974_
         u_ctrl/u_aes/rkeys_reg_975_
         u_ctrl/u_aes/rkeys_reg_977_
         u_ctrl/u_aes/rkeys_reg_982_
         u_ctrl/u_aes/rkeys_reg_983_
         u_ctrl/u_aes/rkeys_reg_985_
         u_ctrl/u_aes/rkeys_reg_988_
         u_ctrl/u_aes/rkeys_reg_990_
         u_ctrl/u_aes/rkeys_reg_991_
         u_ctrl/u_aes/rkeys_reg_993_
         u_ctrl/u_aes/rkeys_reg_994_
         u_ctrl/u_aes/rkeys_reg_995_
         u_ctrl/u_aes/rkeys_reg_998_
         u_ctrl/u_aes/rkeys_reg_1002_
         u_ctrl/u_aes/rkeys_reg_1004_
         u_ctrl/u_aes/rkeys_reg_1005_
         u_ctrl/u_aes/rkeys_reg_1006_
         u_ctrl/u_aes/rkeys_reg_1008_
         u_ctrl/u_aes/rkeys_reg_1009_
         u_ctrl/u_aes/rkeys_reg_1010_
         u_ctrl/u_aes/rkeys_reg_1011_
         u_ctrl/u_aes/rkeys_reg_1012_
         u_ctrl/u_aes/rkeys_reg_1013_
         u_ctrl/u_aes/rkeys_reg_1014_
         u_ctrl/u_aes/rkeys_reg_1015_
         u_ctrl/u_aes/rkeys_reg_1017_
         u_ctrl/u_aes/rkeys_reg_1018_
         u_ctrl/u_aes/rkeys_reg_1020_
         u_ctrl/u_aes/rkeys_reg_1021_
         u_ctrl/u_aes/rkeys_reg_1023_
         u_ctrl/u_aes/rkeys_reg_1025_
         u_ctrl/u_aes/rkeys_reg_1026_
         u_ctrl/u_aes/rkeys_reg_1027_
         u_ctrl/u_aes/rkeys_reg_1028_
         u_ctrl/u_aes/rkeys_reg_1029_
         u_ctrl/u_aes/rkeys_reg_1030_
         u_ctrl/u_aes/rkeys_reg_1031_
         u_ctrl/u_aes/rkeys_reg_1032_
         u_ctrl/u_aes/rkeys_reg_1033_
         u_ctrl/u_aes/rkeys_reg_1036_
         u_ctrl/u_aes/rkeys_reg_1037_
         u_ctrl/u_aes/rkeys_reg_1039_
         u_ctrl/u_aes/rkeys_reg_1044_
         u_ctrl/u_aes/rkeys_reg_1045_
         u_ctrl/u_aes/rkeys_reg_1051_
         u_ctrl/u_aes/rkeys_reg_1053_
         u_ctrl/u_aes/rkeys_reg_1054_
         u_ctrl/u_aes/rkeys_reg_1064_
         u_ctrl/u_aes/rkeys_reg_1066_
         u_ctrl/u_aes/rkeys_reg_1070_
         u_ctrl/u_aes/rkeys_reg_1071_
         u_ctrl/u_aes/rkeys_reg_1072_
         u_ctrl/u_aes/rkeys_reg_1073_
         u_ctrl/u_aes/rkeys_reg_1075_
         u_ctrl/u_aes/rkeys_reg_1076_
         u_ctrl/u_aes/rkeys_reg_1079_
         u_ctrl/u_aes/rkeys_reg_1081_
         u_ctrl/u_aes/rkeys_reg_1082_
         u_ctrl/u_aes/rkeys_reg_1083_
         u_ctrl/u_aes/rkeys_reg_1084_
         u_ctrl/u_aes/rkeys_reg_1085_
         u_ctrl/u_aes/rkeys_reg_1087_
         u_ctrl/u_aes/rkeys_reg_1088_
         u_ctrl/u_aes/rkeys_reg_1092_
         u_ctrl/u_aes/rkeys_reg_1093_
         u_ctrl/u_aes/rkeys_reg_1094_
         u_ctrl/u_aes/rkeys_reg_1095_
         u_ctrl/u_aes/rkeys_reg_1096_
         u_ctrl/u_aes/rkeys_reg_1098_
         u_ctrl/u_aes/rkeys_reg_1099_
         u_ctrl/u_aes/rkeys_reg_1100_
         u_ctrl/u_aes/rkeys_reg_1101_
         u_ctrl/u_aes/rkeys_reg_1103_
         u_ctrl/u_aes/rkeys_reg_1104_
         u_ctrl/u_aes/rkeys_reg_1106_
         u_ctrl/u_aes/rkeys_reg_1107_
         u_ctrl/u_aes/rkeys_reg_1108_
         u_ctrl/u_aes/rkeys_reg_1109_
         u_ctrl/u_aes/rkeys_reg_1114_
         u_ctrl/u_aes/rkeys_reg_1117_
         u_ctrl/u_aes/rkeys_reg_1118_
         u_ctrl/u_aes/rkeys_reg_1120_
         u_ctrl/u_aes/rkeys_reg_1121_
         u_ctrl/u_aes/rkeys_reg_1123_
         u_ctrl/u_aes/rkeys_reg_1128_
         u_ctrl/u_aes/rkeys_reg_1129_
         u_ctrl/u_aes/rkeys_reg_1130_
         u_ctrl/u_aes/rkeys_reg_1131_
         u_ctrl/u_aes/rkeys_reg_1134_
         u_ctrl/u_aes/rkeys_reg_1135_
         u_ctrl/u_aes/rkeys_reg_1137_
         u_ctrl/u_aes/rkeys_reg_1140_
         u_ctrl/u_aes/rkeys_reg_1143_
         u_ctrl/u_aes/rkeys_reg_1145_
         u_ctrl/u_aes/rkeys_reg_1146_
         u_ctrl/u_aes/rkeys_reg_1148_
         u_ctrl/u_aes/rkeys_reg_1149_
         u_ctrl/u_aes/rkeys_reg_1151_
         u_ctrl/u_aes/rkeys_reg_1153_
         u_ctrl/u_aes/rkeys_reg_1154_
         u_ctrl/u_aes/rkeys_reg_1155_
         u_ctrl/u_aes/rkeys_reg_1156_
         u_ctrl/u_aes/rkeys_reg_1157_
         u_ctrl/u_aes/rkeys_reg_1158_
         u_ctrl/u_aes/rkeys_reg_1159_
         u_ctrl/u_aes/rkeys_reg_1161_
         u_ctrl/u_aes/rkeys_reg_1162_
         u_ctrl/u_aes/rkeys_reg_1164_
         u_ctrl/u_aes/rkeys_reg_1165_
         u_ctrl/u_aes/rkeys_reg_1166_
         u_ctrl/u_aes/rkeys_reg_1168_
         u_ctrl/u_aes/rkeys_reg_1169_
         u_ctrl/u_aes/rkeys_reg_1171_
         u_ctrl/u_aes/rkeys_reg_1173_
         u_ctrl/u_aes/rkeys_reg_1175_
         u_ctrl/u_aes/rkeys_reg_1177_
         u_ctrl/u_aes/rkeys_reg_1178_
         u_ctrl/u_aes/rkeys_reg_1180_
         u_ctrl/u_aes/rkeys_reg_1182_
         u_ctrl/u_aes/rkeys_reg_1183_
         u_ctrl/u_aes/rkeys_reg_1184_
         u_ctrl/u_aes/rkeys_reg_1188_
         u_ctrl/u_aes/rkeys_reg_1189_
         u_ctrl/u_aes/rkeys_reg_1190_
         u_ctrl/u_aes/rkeys_reg_1191_
         u_ctrl/u_aes/rkeys_reg_1195_
         u_ctrl/u_aes/rkeys_reg_1196_
         u_ctrl/u_aes/rkeys_reg_1197_
         u_ctrl/u_aes/rkeys_reg_1198_
         u_ctrl/u_aes/rkeys_reg_1201_
         u_ctrl/u_aes/rkeys_reg_1202_
         u_ctrl/u_aes/rkeys_reg_1205_
         u_ctrl/u_aes/rkeys_reg_1207_
         u_ctrl/u_aes/rkeys_reg_1209_
         u_ctrl/u_aes/rkeys_reg_2_
         u_ctrl/u_aes/rkeys_reg_1211_
         u_ctrl/u_aes/rkeys_reg_1212_
         u_ctrl/u_aes/rkeys_reg_1214_
         u_ctrl/u_aes/rkeys_reg_1215_
         u_ctrl/u_aes/rkeys_reg_1217_
         u_ctrl/u_aes/rkeys_reg_1219_
         u_ctrl/u_aes/rkeys_reg_1220_
         u_ctrl/u_aes/rkeys_reg_1221_
         u_ctrl/u_aes/rkeys_reg_1222_
         u_ctrl/u_aes/rkeys_reg_1223_
         u_ctrl/u_aes/rkeys_reg_1225_
         u_ctrl/u_aes/rkeys_reg_1228_
         u_ctrl/u_aes/rkeys_reg_1229_
         u_ctrl/u_aes/rkeys_reg_1230_
         u_ctrl/u_aes/rkeys_reg_1232_
         u_ctrl/u_aes/rkeys_reg_1233_
         u_ctrl/u_aes/rkeys_reg_1234_
         u_ctrl/u_aes/rkeys_reg_1235_
         u_ctrl/u_aes/rkeys_reg_1237_
         u_ctrl/u_aes/rkeys_reg_1239_
         u_ctrl/u_aes/rkeys_reg_1241_
         u_ctrl/u_aes/rkeys_reg_1244_
         u_ctrl/u_aes/rkeys_reg_1246_
         u_ctrl/u_aes/rkeys_reg_1247_
         u_ctrl/u_aes/rkeys_reg_1248_
         u_ctrl/u_aes/rkeys_reg_1250_
         u_ctrl/u_aes/rkeys_reg_1251_
         u_ctrl/u_aes/rkeys_reg_1252_
         u_ctrl/u_aes/rkeys_reg_1253_
         u_ctrl/u_aes/rkeys_reg_1254_
         u_ctrl/u_aes/rkeys_reg_1255_
         u_ctrl/u_aes/rkeys_reg_1258_
         u_ctrl/u_aes/rkeys_reg_1260_
         u_ctrl/u_aes/rkeys_reg_1261_
         u_ctrl/u_aes/rkeys_reg_1262_
         u_ctrl/u_aes/rkeys_reg_1265_
         u_ctrl/u_aes/rkeys_reg_1267_
         u_ctrl/u_aes/rkeys_reg_1269_
         u_ctrl/u_aes/rkeys_reg_1271_
         u_ctrl/u_aes/rkeys_reg_1273_
         u_ctrl/u_aes/rkeys_reg_1274_
         u_ctrl/u_aes/rkeys_reg_1276_
         u_ctrl/u_aes/rkeys_reg_1278_
         u_ctrl/u_aes/rkeys_reg_1279_
         u_ctrl/u_aes/rkeys_reg_1280_
         u_ctrl/u_aes/rkeys_reg_1281_
         u_ctrl/u_aes/rkeys_reg_1282_
         u_ctrl/u_aes/rkeys_reg_1283_
         u_ctrl/u_aes/rkeys_reg_1289_
         u_ctrl/u_aes/rkeys_reg_1290_
         u_ctrl/u_aes/rkeys_reg_1291_
         u_ctrl/u_aes/rkeys_reg_1296_
         u_ctrl/u_aes/rkeys_reg_1298_
         u_ctrl/u_aes/rkeys_reg_1299_
         u_ctrl/u_aes/rkeys_reg_1306_
         u_ctrl/u_aes/rkeys_reg_1307_
         u_ctrl/u_aes/rkeys_reg_1312_
         u_ctrl/u_aes/rkeys_reg_1313_
         u_ctrl/u_aes/rkeys_reg_1315_
         u_ctrl/u_aes/rkeys_reg_1321_
         u_ctrl/u_aes/rkeys_reg_1323_
         u_ctrl/u_aes/rkeys_reg_1328_
         u_ctrl/u_aes/rkeys_reg_1331_
         u_ctrl/u_aes/rkeys_reg_1339_
         u_ctrl/u_aes/rkeys_reg_1344_
         u_ctrl/u_aes/rkeys_reg_1345_
         u_ctrl/u_aes/rkeys_reg_1346_
         u_ctrl/u_aes/rkeys_reg_1353_
         u_ctrl/u_aes/rkeys_reg_1354_
         u_ctrl/u_aes/rkeys_reg_1360_
         u_ctrl/u_aes/rkeys_reg_1362_
         u_ctrl/u_aes/rkeys_reg_1370_
         u_ctrl/u_aes/rkeys_reg_1376_
         u_ctrl/u_aes/rkeys_reg_1377_
         u_ctrl/u_aes/rkeys_reg_1385_
         u_ctrl/u_aes/rkeys_reg_1392_
         u_ctrl/u_aes/rkeys_reg_0_
         u_ctrl/u_aes/state_reg_112_
         u_ctrl/u_aes/state_reg_102_
         u_ctrl/u_aes/state_reg_87_
         u_ctrl/u_aes/state_reg_78_
         u_ctrl/u_aes/state_reg_63_
         u_ctrl/u_aes/state_reg_54_
         u_ctrl/u_aes/state_reg_48_
         u_ctrl/u_aes/state_reg_47_
         u_ctrl/u_aes/state_reg_44_
         u_ctrl/u_aes/state_reg_43_
         u_ctrl/u_aes/state_reg_32_
         u_ctrl/u_aes/state_reg_31_
         u_ctrl/u_aes/state_reg_30_
         u_ctrl/u_aes/state_reg_22_
         u_ctrl/u_aes/state_reg_17_
         u_ctrl/u_aes/state_reg_16_
         u_ctrl/u_aes/state_reg_14_
         u_ctrl/u_aes/state_reg_11_
         u_ctrl/u_aes/state_reg_4_
         u_ctrl/u_aes/state_reg_83_
         u_ctrl/u_aes/state_reg_99_
         u_ctrl/u_aes/state_reg_40_
         u_ctrl/u_aes/state_reg_95_
         u_ctrl/u_aes/state_reg_107_
         u_ctrl/u_aes/state_reg_70_
         u_ctrl/u_aes/state_reg_58_
         u_ctrl/u_aes/state_reg_27_
         u_ctrl/u_aes/state_reg_56_
         u_ctrl/u_aes/state_reg_57_
         u_ctrl/u_aes/state_reg_86_
         u_ctrl/u_aes/state_reg_120_
         u_ctrl/u_aes/state_reg_15_
         u_ctrl/u_aes/state_reg_62_
         u_ctrl/u_aes/state_reg_64_
         u_ctrl/u_aes/state_reg_124_
         u_ctrl/u_aes/state_reg_123_
         u_ctrl/u_aes/state_reg_103_
         u_ctrl/u_aes/state_reg_93_
         u_ctrl/u_aes/state_reg_79_
         u_ctrl/u_aes/state_reg_69_
         u_ctrl/u_aes/state_reg_60_
         u_ctrl/u_aes/state_reg_59_
         u_ctrl/u_aes/state_reg_20_
         u_ctrl/u_aes/state_reg_121_
         u_ctrl/u_aes/state_reg_39_
         u_ctrl/u_aes/state_reg_126_
         u_ctrl/u_aes/state_reg_46_
         u_ctrl/u_aes/state_reg_7_
         u_ctrl/u_aes/state_reg_127_
         u_ctrl/u_aes/state_reg_55_
         u_ctrl/u_aes/state_reg_68_
         u_ctrl/u_aes/state_reg_116_
         u_ctrl/u_aes/state_reg_23_
         u_ctrl/u_aes/state_reg_35_
         u_ctrl/u_aes/state_reg_108_
         u_ctrl/u_aes/state_reg_104_
         u_ctrl/u_aes/state_reg_84_
         u_ctrl/u_aes/state_reg_66_
         u_ctrl/u_aes/state_reg_41_
         u_ctrl/u_aes/state_reg_97_
         u_ctrl/u_aes/state_reg_33_
         u_ctrl/u_aes/state_reg_71_
         u_ctrl/u_aes/state_reg_100_
         u_ctrl/u_aes/state_reg_52_
         u_ctrl/u_aes/state_reg_110_
         u_ctrl/u_aes/state_reg_88_
         u_ctrl/u_aes/state_reg_91_
         u_ctrl/u_aes/state_reg_19_
         u_ctrl/u_aes/state_reg_65_
         u_ctrl/u_aes/state_reg_0_
         u_ctrl/u_aes/state_reg_96_
         u_ctrl/u_aes/state_reg_67_
         u_ctrl/u_aes/state_reg_118_
         u_ctrl/u_aes/state_reg_75_
         u_ctrl/u_aes/state_reg_36_
         u_ctrl/u_aes/state_reg_1_
         u_ctrl/u_aes/state_reg_12_
      *  17 cells are non-scan shift-register cells
         u_ctrl/tx_byte_ff2_reg_7_
         u_ctrl/tx_byte_ff2_reg_6_
         u_ctrl/tx_byte_ff2_reg_5_
         u_ctrl/tx_byte_ff2_reg_4_
         u_ctrl/tx_byte_ff2_reg_3_
         u_ctrl/tx_byte_ff2_reg_2_
         u_ctrl/tx_byte_ff2_reg_1_
         u_ctrl/tx_byte_ff2_reg_0_
         u_ctrl/fail_ff2_reg
         u_ctrl/crc_ff2_reg
         u_ctrl/u_ct_cdc_ack_ff2_reg
         u_ctrl/u_ct_cdc_req_ff2_reg
         u_ctrl/su_ff2_reg
         u_ctrl/txdone_ff2_reg
         u_ctrl/tx_busy_d_reg
         u_ctrl/u_send_cdc_req_ff2_reg
         u_ctrl/u_send_cdc_ack_ff2_reg

Information: Test design rule checking completed. (TEST-123)
1
