 
****************************************
Report : area
Design : top_mcu_pll_sram_multiclk_soc
Version: W-2024.09-SP5-5
Date   : Tue Apr 14 21:39:51 2026
****************************************

Library(s) Used:

    saed32rvt_ff1p16v125c (File: /DATA/home/edu135/aes128_core/SAED32_EDK/lib/stdcell_rvt/db_nldm/saed32rvt_ff1p16v125c.db)
    saed32sram_ff1p16v125c (File: /DATA/home/edu135/aes128_core/SAED32_EDK/lib/sram/db_nldm/saed32sram_ff1p16v125c.db)
    saed32pll_ff1p16v125c_2p75v (File: /DATA/home/edu135/aes128_core/SAED32_EDK/lib/pll/db_nldm/saed32pll_ff1p16v125c_2p75v.db)

Number of ports:                         1085
Number of nets:                         17426
Number of cells:                        16452
Number of combinational cells:          15295
Number of sequential cells:              1109
Number of macros/black boxes:               2
Number of buf/inv:                       4566
Number of references:                       6

Combinational area:              31440.662751
Buf/Inv area:                     7019.965740
Noncombinational area:           10118.489454
Macro/Black Box area:            31230.701660
Net Interconnect area:            5064.349645

Total cell area:                 72789.853865
Total area:                      77854.203510

Hierarchical area distribution
------------------------------

                                  Global cell area              Local cell area
                                  -------------------  ---------------------------------- 
Hierarchical cell                 Absolute    Percent  Combi-      Noncombi-   Black-
                                  Total       Total    national    national    boxes       Design
--------------------------------  ----------  -------  ----------  ----------  ----------  ----------------------------------
top_mcu_pll_sram_multiclk_soc     72789.8539    100.0     12.7072      0.0000   5446.9321  top_mcu_pll_sram_multiclk_soc
u_ctrl                            41537.2958     57.1   2484.5117   2480.4455      0.0000  soc_ctrl_multiclk_soc
u_ctrl/u_aes                      33614.1024     46.2  27629.0110   5985.0913      0.0000  aes128_core_rewrite
u_ctrl/u_crc                       1102.9850      1.5    508.2880    594.6970      0.0000  crc32_byte
u_ctrl/u_ct_cdc                      72.6852      0.1     12.7072     59.9780      0.0000  cdc_toggle_sync_1
u_ctrl/u_icg_aes                     10.4199      0.0      5.3370      5.0829      0.0000  icg_latch
u_ctrl/u_rx                         898.6532      1.2    404.5973    494.0559      0.0000  uart_rx_CLK_HZ100000000_BAUD115200
u_ctrl/u_send_cdc                    75.2266      0.1     15.2486     59.9780      0.0000  cdc_toggle_sync_0
u_ctrl/u_tx                         798.2663      1.1    368.2547    430.0117      0.0000  uart_tx_CLK_HZ100000000_BAUD115200
u_div8                                9.1492      0.0      0.0000      9.1492      0.0000  clk_div2_toggle
u_mem                             25783.7695     35.4      0.0000      0.0000  25783.7695  sram_wrap_1rw1024x8
--------------------------------  ----------  -------  ----------  ----------  ----------  ----------------------------------
Total                                                  31440.6628  10118.4895  31230.7017

1
