Warning: Reference PLL contains internal pins with clock attribute. (TIM-103)
Information: Updating design information... (UID-85)
Warning: Design 'top_mcu_pll_sram_multiclk_soc' contains 1 high-fanout nets. A fanout number of 1000 will be used for delay calculations involving these nets. (TIM-134)
 
****************************************
Report : qor
Design : top_mcu_pll_sram_multiclk_soc
Version: W-2024.09-SP5-5
Date   : Tue Apr 14 21:08:55 2026
****************************************


  Timing Path Group 'INS'
  -----------------------------------
  Levels of Logic:               5.00
  Critical Path Length:          0.49
  Critical Path Slack:           0.28
  Critical Path Clk Period:      2.00
  Total Negative Slack:          0.00
  No. of Violating Paths:        0.00
  Worst Hold Violation:          0.00
  Total Hold Violation:          0.00
  No. of Hold Violations:        0.00
  -----------------------------------

  Timing Path Group 'OUTS'
  -----------------------------------
  Levels of Logic:               0.00
  Critical Path Length:          0.16
  Critical Path Slack:           0.64
  Critical Path Clk Period:      8.00
  Total Negative Slack:          0.00
  No. of Violating Paths:        0.00
  Worst Hold Violation:          0.00
  Total Hold Violation:          0.00
  No. of Hold Violations:        0.00
  -----------------------------------

  Timing Path Group 'clk_div2'
  -----------------------------------
  Levels of Logic:               7.00
  Critical Path Length:          3.76
  Critical Path Slack:           0.00
  Critical Path Clk Period:      4.00
  Total Negative Slack:          0.00
  No. of Violating Paths:        0.00
  Worst Hold Violation:         -0.01
  Total Hold Violation:         -0.17
  No. of Hold Violations:       12.00
  -----------------------------------

  Timing Path Group 'clk_div4'
  -----------------------------------
  Levels of Logic:               9.00
  Critical Path Length:          7.55
  Critical Path Slack:           0.21
  Critical Path Clk Period:      8.00
  Total Negative Slack:          0.00
  No. of Violating Paths:        0.00
  Worst Hold Violation:          0.00
  Total Hold Violation:          0.00
  No. of Hold Violations:        0.00
  -----------------------------------

  Timing Path Group 'clk_fast'
  -----------------------------------
  Levels of Logic:               9.00
  Critical Path Length:          1.37
  Critical Path Slack:           0.38
  Critical Path Clk Period:      2.00
  Total Negative Slack:          0.00
  No. of Violating Paths:        0.00
  Worst Hold Violation:          0.00
  Total Hold Violation:          0.00
  No. of Hold Violations:        0.00
  -----------------------------------

  Timing Path Group 'clk_fast_aes'
  -----------------------------------
  Levels of Logic:              10.00
  Critical Path Length:          1.83
  Critical Path Slack:          -0.08
  Critical Path Clk Period:      2.00
  Total Negative Slack:         -8.49
  No. of Violating Paths:      218.00
  Worst Hold Violation:          0.00
  Total Hold Violation:          0.00
  No. of Hold Violations:        0.00
  -----------------------------------


  Cell Count
  -----------------------------------
  Hierarchical Cell Count:         10
  Hierarchical Port Count:        813
  Leaf Cell Count:              17012
  Buf/Inv Cell Count:            5093
  Buf Cell Count:                2135
  Inv Cell Count:                2958
  CT Buf/Inv Cell Count:            1
  Combinational Cell Count:     15901
  Sequential Cell Count:         1111
  Macro Count:                      0
  -----------------------------------


  Area
  -----------------------------------
  Combinational Area:    32725.360733
  Noncombinational Area: 10112.898292
  Buf/Inv Area:           8151.923178
  Total Buffer Area:          4379.92
  Total Inverter Area:        3772.01
  Macro/Black Box Area:  31230.701660
  Net Area:               5100.232489
  -----------------------------------
  Cell Area:             74068.960686
  Design Area:           79169.193174


  Design Rules
  -----------------------------------
  Total Number of Nets:         17697
  Nets With Violations:             0
  Max Trans Violations:             0
  Max Cap Violations:               0
  -----------------------------------


  Hostname: SGP3

  Compile CPU Statistics
  -----------------------------------------
  Resource Sharing:                    0.00
  Logic Optimization:                  0.24
  Mapping Optimization:               11.79
  -----------------------------------------
  Overall Compile Time:               20.64
  Overall Compile Wall Clock Time:    21.35

  --------------------------------------------------------------------

  Design  WNS: 0.08  TNS: 8.49  Number of Violating Paths: 218


  Design (Hold)  WNS: 0.01  TNS: 0.17  Number of Violating Paths: 12

  --------------------------------------------------------------------


1
