****************************************
Report : qor
Design : top_mcu_pll_sram_multiclk_soc
Version: W-2024.09-SP5-3
Date   : Wed Apr 15 22:28:30 2026
****************************************

  Timing Path Group '**clock_gating_default**' (max_delay/setup)
  ---------------------------------------------
  Levels of Logic:                            1
  Critical Path Length:                  0.0694
  Critical Path Slack:                   3.7706
  Total Negative Slack:                  0.0000
  No. of Violating Paths:                     0
  ---------------------------------------------

  Timing Path Group 'INS' (max_delay/setup)
  ---------------------------------------------
  Levels of Logic:                            5
  Critical Path Length:                  1.3558
  Critical Path Slack:                   6.4122
  Total Negative Slack:                  0.0000
  No. of Violating Paths:                     0
  ---------------------------------------------

  Timing Path Group 'OUTS' (max_delay/setup)
  ---------------------------------------------
  Levels of Logic:                            1
  Critical Path Length:                  0.1129
  Critical Path Slack:                   6.7271
  Total Negative Slack:                  0.0000
  No. of Violating Paths:                     0
  ---------------------------------------------

  Timing Path Group 'ref_clk' (max_delay/setup)
  ---------------------------------------------
  Levels of Logic:                           33
  Critical Path Length:                  1.9753
  Critical Path Slack:                   5.7999
  Total Negative Slack:                  0.0000
  No. of Violating Paths:                     0
  ---------------------------------------------

  Timing Path Group '**clock_gating_default**' (min_delay/hold)
  ---------------------------------------------
  Levels of Logic:                            1
  Critical Path Length:                  0.0580
  Critical Path Slack:                   0.0180
  Total Negative Slack:                  0.0000
  No. of Violating Paths:                     0
  ---------------------------------------------

  Timing Path Group 'INS' (min_delay/hold)
  ---------------------------------------------
  Levels of Logic:                            1
  Critical Path Length:                  0.2917
  Critical Path Slack:                   0.2822
  Total Negative Slack:                  0.0000
  No. of Violating Paths:                     0
  ---------------------------------------------

  Timing Path Group 'OUTS' (min_delay/hold)
  ---------------------------------------------
  Levels of Logic:                            1
  Critical Path Length:                  0.1002
  Critical Path Slack:                   0.2602
  Total Negative Slack:                  0.0000
  No. of Violating Paths:                     0
  ---------------------------------------------

  Timing Path Group 'ref_clk' (min_delay/hold)
  ---------------------------------------------
  Levels of Logic:                            1
  Critical Path Length:                  0.1043
  Critical Path Slack:                  -0.0142
  Total Negative Slack:                 -0.1137
  No. of Violating Paths:                     8
  ---------------------------------------------

  Area
  ---------------------------------------------
  Net Interconnect area:              4787.6157
  Total cell area:                   68051.2031
  Design Area:                       72838.8203
  ---------------------------------------------


  Cell & Pin Count
  ---------------------------------------------
  Pin Count:                              49963
  Hierarchical Cell Count:                   10
  Hierarchical Port Count:                  948
  Leaf Cell Count:                        12198
  ---------------------------------------------


  Design Rule Violations
  ---------------------------------------------
  Total No. of Pins in Design:            49963
  max_capacitance Count:                    159
  max_transition Count:                       2
  max_capacitance Cost:                394.5905
  max_transition Cost:                   0.0001
  Total DRC Cost:                      394.5906
  ---------------------------------------------

1
