****************************************
Report : qor
Design : top_mcu_pll_sram_multiclk_soc
Version: W-2024.09-SP5-3
Date   : Wed Apr 15 20:23:39 2026
****************************************

  Timing Path Group '**clock_gating_default**' (max_delay/setup)
  ---------------------------------------------
  Levels of Logic:                            1
  Critical Path Length:                  0.0914
  Critical Path Slack:                   3.7486
  Total Negative Slack:                  0.0000
  No. of Violating Paths:                     0
  ---------------------------------------------

  Timing Path Group 'INS' (max_delay/setup)
  ---------------------------------------------
  Levels of Logic:                            5
  Critical Path Length:                  1.4322
  Critical Path Slack:                   6.2792
  Total Negative Slack:                  0.0000
  No. of Violating Paths:                     0
  ---------------------------------------------

  Timing Path Group 'OUTS' (max_delay/setup)
  ---------------------------------------------
  Levels of Logic:                            1
  Critical Path Length:                  0.1826
  Critical Path Slack:                   6.6574
  Total Negative Slack:                  0.0000
  No. of Violating Paths:                     0
  ---------------------------------------------

  Timing Path Group 'ref_clk' (max_delay/setup)
  ---------------------------------------------
  Levels of Logic:                           33
  Critical Path Length:                  2.3867
  Critical Path Slack:                   5.3295
  Total Negative Slack:                  0.0000
  No. of Violating Paths:                     0
  ---------------------------------------------

  Timing Path Group '**clock_gating_default**' (min_delay/hold)
  ---------------------------------------------
  Levels of Logic:                            1
  Critical Path Length:                  0.0794
  Critical Path Slack:                   0.0394
  Total Negative Slack:                  0.0000
  No. of Violating Paths:                     0
  ---------------------------------------------

  Timing Path Group 'INS' (min_delay/hold)
  ---------------------------------------------
  Levels of Logic:                            1
  Critical Path Length:                  0.3046
  Critical Path Slack:                   0.3284
  Total Negative Slack:                  0.0000
  No. of Violating Paths:                     0
  ---------------------------------------------

  Timing Path Group 'OUTS' (min_delay/hold)
  ---------------------------------------------
  Levels of Logic:                            1
  Critical Path Length:                  0.1607
  Critical Path Slack:                   0.3207
  Total Negative Slack:                  0.0000
  No. of Violating Paths:                     0
  ---------------------------------------------

  Timing Path Group 'ref_clk' (min_delay/hold)
  ---------------------------------------------
  Levels of Logic:                            1
  Critical Path Length:                  0.1644
  Critical Path Slack:                  -0.0012
  Total Negative Slack:                 -0.0039
  No. of Violating Paths:                     8
  ---------------------------------------------

  Area
  ---------------------------------------------
  Net Interconnect area:              4697.8057
  Total cell area:                   67621.3906
  Design Area:                       72319.1953
  ---------------------------------------------


  Cell & Pin Count
  ---------------------------------------------
  Pin Count:                              49409
  Hierarchical Cell Count:                   10
  Hierarchical Port Count:                  952
  Leaf Cell Count:                        11986
  ---------------------------------------------


  Design Rule Violations
  ---------------------------------------------
  Total No. of Pins in Design:            49409
  max_capacitance Count:                    198
  max_transition Count:                       2
  max_capacitance Cost:                435.1945
  max_transition Cost:                   0.0268
  Total DRC Cost:                      435.2214
  ---------------------------------------------

1
