****************************************
Report : qor
Design : top_mcu_pll_sram_multiclk_soc
Version: W-2024.09-SP5-3
Date   : Wed Apr 15 22:11:20 2026
****************************************

  Timing Path Group '**clock_gating_default**' (max_delay/setup)
  ---------------------------------------------
  Levels of Logic:                            1
  Critical Path Length:                  0.0694
  Critical Path Slack:                   3.7706
  Total Negative Slack:                  0.0000
  No. of Violating Paths:                     0
  ---------------------------------------------

  Timing Path Group 'INS' (max_delay/setup)
  ---------------------------------------------
  Levels of Logic:                            5
  Critical Path Length:                  1.3418
  Critical Path Slack:                   6.4267
  Total Negative Slack:                  0.0000
  No. of Violating Paths:                     0
  ---------------------------------------------

  Timing Path Group 'OUTS' (max_delay/setup)
  ---------------------------------------------
  Levels of Logic:                            1
  Critical Path Length:                  0.1129
  Critical Path Slack:                   6.7271
  Total Negative Slack:                  0.0000
  No. of Violating Paths:                     0
  ---------------------------------------------

  Timing Path Group 'ref_clk' (max_delay/setup)
  ---------------------------------------------
  Levels of Logic:                           33
  Critical Path Length:                  1.9104
  Critical Path Slack:                   5.8648
  Total Negative Slack:                  0.0000
  No. of Violating Paths:                     0
  ---------------------------------------------

  Timing Path Group '**clock_gating_default**' (min_delay/hold)
  ---------------------------------------------
  Levels of Logic:                            1
  Critical Path Length:                  0.0580
  Critical Path Slack:                   0.0180
  Total Negative Slack:                  0.0000
  No. of Violating Paths:                     0
  ---------------------------------------------

  Timing Path Group 'INS' (min_delay/hold)
  ---------------------------------------------
  Levels of Logic:                            1
  Critical Path Length:                  0.2885
  Critical Path Slack:                   0.2793
  Total Negative Slack:                  0.0000
  No. of Violating Paths:                     0
  ---------------------------------------------

  Timing Path Group 'OUTS' (min_delay/hold)
  ---------------------------------------------
  Levels of Logic:                            1
  Critical Path Length:                  0.1002
  Critical Path Slack:                   0.2602
  Total Negative Slack:                  0.0000
  No. of Violating Paths:                     0
  ---------------------------------------------

  Timing Path Group 'ref_clk' (min_delay/hold)
  ---------------------------------------------
  Levels of Logic:                            1
  Critical Path Length:                  0.1043
  Critical Path Slack:                  -0.0143
  Total Negative Slack:                 -0.1117
  No. of Violating Paths:                     8
  ---------------------------------------------

  Area
  ---------------------------------------------
  Net Interconnect area:              4697.8057
  Total cell area:                   67621.3906
  Design Area:                       72319.1953
  ---------------------------------------------


  Cell & Pin Count
  ---------------------------------------------
  Pin Count:                              49409
  Hierarchical Cell Count:                   10
  Hierarchical Port Count:                  952
  Leaf Cell Count:                        11986
  ---------------------------------------------


  Design Rule Violations
  ---------------------------------------------
  Total No. of Pins in Design:            49409
  max_capacitance Count:                    164
  max_transition Count:                       1
  max_capacitance Cost:                342.1821
  max_transition Cost:                   0.0057
  Total DRC Cost:                      342.1878
  ---------------------------------------------

1
