****************************************
Report : constraint
	-all_violators
	-path slack_only
Design : top_mcu_pll_sram_multiclk_soc
Version: W-2024.09-SP5-3
Date   : Wed Apr 15 09:22:52 2026
****************************************






   max_capacitance

                             Required        Actual
   Pin                      Capacitance    Capacitance       Slack
   -----------------------------------------------------------------
   u_ctrl/U43/Y              64.0000        68.8327        -4.8327  (VIOLATED)
   u_ctrl/U52/Y              64.0000        68.6086        -4.6086  (VIOLATED)
   u_ctrl/U163/Y             64.0000        67.9573        -3.9573  (VIOLATED)
   u_ctrl/U185/Y             64.0000        67.9573        -3.9573  (VIOLATED)
   u_ctrl/U190/Y             64.0000        67.9573        -3.9573  (VIOLATED)
   u_ctrl/U197/Y             64.0000        67.9573        -3.9573  (VIOLATED)
   u_ctrl/U198/Y             64.0000        67.9573        -3.9573  (VIOLATED)
   u_ctrl/U149/Y             64.0000        67.8740        -3.8740  (VIOLATED)
   u_ctrl/U232/Y             16.0000        17.3488        -1.3488  (VIOLATED)
   u_ctrl/u_aes/U14385/Y     16.0000        17.3488        -1.3488  (VIOLATED)
   u_ctrl/u_aes/U14386/Y     16.0000        17.3488        -1.3488  (VIOLATED)
   u_ctrl/u_aes/U14387/Y     16.0000        17.3488        -1.3488  (VIOLATED)
   u_ctrl/u_aes/U14389/Y     16.0000        17.3488        -1.3488  (VIOLATED)
   u_ctrl/u_aes/U14394/Y     16.0000        17.3488        -1.3488  (VIOLATED)
   u_ctrl/u_aes/U14395/Y     16.0000        17.3488        -1.3488  (VIOLATED)
   u_ctrl/u_aes/U14396/Y     16.0000        17.3488        -1.3488  (VIOLATED)
   u_ctrl/u_aes/U14397/Y     16.0000        17.3488        -1.3488  (VIOLATED)
   u_ctrl/u_aes/U14398/Y     16.0000        17.3488        -1.3488  (VIOLATED)
   u_ctrl/u_aes/U14399/Y     16.0000        17.3488        -1.3488  (VIOLATED)
   u_ctrl/u_aes/U14400/Y     16.0000        17.3488        -1.3488  (VIOLATED)
   u_ctrl/u_aes/U14402/Y     16.0000        17.3488        -1.3488  (VIOLATED)
   u_ctrl/u_aes/U14403/Y     16.0000        17.3488        -1.3488  (VIOLATED)
   u_ctrl/u_aes/U14404/Y     16.0000        17.3488        -1.3488  (VIOLATED)
   u_ctrl/u_aes/U14406/Y     16.0000        17.3488        -1.3488  (VIOLATED)
   u_ctrl/u_aes/U14407/Y     16.0000        17.3488        -1.3488  (VIOLATED)
   u_ctrl/u_aes/U14408/Y     16.0000        17.3488        -1.3488  (VIOLATED)
   u_ctrl/u_aes/U14409/Y     16.0000        17.3488        -1.3488  (VIOLATED)
   u_ctrl/u_aes/U14410/Y     16.0000        17.3488        -1.3488  (VIOLATED)
   u_ctrl/u_aes/U14412/Y     16.0000        17.3488        -1.3488  (VIOLATED)
   u_ctrl/u_aes/U14413/Y     16.0000        17.3488        -1.3488  (VIOLATED)
   u_ctrl/u_aes/U14414/Y     16.0000        17.3488        -1.3488  (VIOLATED)
   u_ctrl/u_aes/U14415/Y     16.0000        17.3488        -1.3488  (VIOLATED)
   u_ctrl/u_aes/U14416/Y     16.0000        17.3488        -1.3488  (VIOLATED)
   u_ctrl/u_aes/U14417/Y     16.0000        17.3488        -1.3488  (VIOLATED)
   u_ctrl/u_aes/U14419/Y     16.0000        17.3488        -1.3488  (VIOLATED)
   u_ctrl/u_aes/U14420/Y     16.0000        17.3488        -1.3488  (VIOLATED)
   u_ctrl/u_aes/U14421/Y     16.0000        17.3488        -1.3488  (VIOLATED)
   u_ctrl/u_aes/U14422/Y     16.0000        17.3488        -1.3488  (VIOLATED)
   u_ctrl/u_aes/U14423/Y     16.0000        17.3488        -1.3488  (VIOLATED)
   u_ctrl/u_aes/U14424/Y     16.0000        17.3488        -1.3488  (VIOLATED)
   u_ctrl/u_aes/U14425/Y     16.0000        17.3488        -1.3488  (VIOLATED)
   u_ctrl/u_aes/U14427/Y     16.0000        17.3488        -1.3488  (VIOLATED)
   u_ctrl/u_aes/U14390/Y     16.0000        17.3383        -1.3383  (VIOLATED)
   u_ctrl/u_aes/U14391/Y     16.0000        17.3383        -1.3383  (VIOLATED)
   u_ctrl/u_aes/U14392/Y     16.0000        17.3383        -1.3383  (VIOLATED)
   u_ctrl/u_aes/U14393/Y     16.0000        17.3383        -1.3383  (VIOLATED)
   u_ctrl/u_aes/U14401/Y     16.0000        17.3383        -1.3383  (VIOLATED)
   u_ctrl/u_aes/U14405/Y     16.0000        17.3383        -1.3383  (VIOLATED)
   u_ctrl/u_aes/U14418/Y     16.0000        17.3383        -1.3383  (VIOLATED)
   u_ctrl/u_aes/U14388/Y     16.0000        17.3279        -1.3279  (VIOLATED)
   u_ctrl/u_aes/U14426/Y     16.0000        17.3279        -1.3279  (VIOLATED)
   u_ctrl/u_aes/U14411/Y     16.0000        17.3279        -1.3279  (VIOLATED)
   u_ctrl/u_aes/U14433/Y     16.0000        16.7768        -0.7768  (VIOLATED)
   u_ctrl/u_aes/U14434/Y     16.0000        16.7768        -0.7768  (VIOLATED)
   u_ctrl/u_aes/U14438/Y     16.0000        16.7768        -0.7768  (VIOLATED)
   u_ctrl/U172/Y              8.0000         8.7663        -0.7663  (VIOLATED)
   u_ctrl/U233/Y             16.0000        16.7652        -0.7652  (VIOLATED)
   u_ctrl/U371/Y             16.0000        16.7652        -0.7652  (VIOLATED)
   u_ctrl/U599/Y              8.0000         8.7490        -0.7490  (VIOLATED)
   u_ctrl/U348/Y              8.0000         8.7179        -0.7179  (VIOLATED)
   u_ctrl/U1638/Y             8.0000         8.6929        -0.6929  (VIOLATED)
   u_ctrl/U153/Y              8.0000         8.6517        -0.6517  (VIOLATED)
   u_ctrl/U6/Y                8.0000         8.6393        -0.6393  (VIOLATED)
   u_ctrl/U208/Y              8.0000         8.6393        -0.6393  (VIOLATED)
   u_ctrl/U203/Y              8.0000         8.4762        -0.4762  (VIOLATED)
   u_ctrl/U290/Y              8.0000         8.4722        -0.4722  (VIOLATED)
   u_ctrl/U631/Y              8.0000         8.4664        -0.4664  (VIOLATED)
   u_ctrl/U204/Y              8.0000         8.4520        -0.4520  (VIOLATED)
   u_ctrl/tx_start_reg/Q      8.0000         8.4427        -0.4427  (VIOLATED)
   u_ctrl/U372/Y             16.0000        16.4346        -0.4346  (VIOLATED)
   u_ctrl/U951/Y              8.0000         8.4024        -0.4024  (VIOLATED)
   u_ctrl/U598/Y              8.0000         8.3185        -0.3185  (VIOLATED)
   u_ctrl/u_aes/U3493/Y       8.0000         8.2694        -0.2694  (VIOLATED)
   u_ctrl/u_aes/U14441/Y     16.0000        16.2556        -0.2556  (VIOLATED)
   u_ctrl/U498/SO             8.0000         8.2354        -0.2354  (VIOLATED)
   u_ctrl/U195/SO             8.0000         8.1335        -0.1335  (VIOLATED)
   u_ctrl/u_aes/U14442/Y      8.0000         8.1101        -0.1101  (VIOLATED)
   u_ctrl/U528/SO             8.0000         8.1086        -0.1086  (VIOLATED)


1
