****************************************
Report : constraint
	-all_violators
	-path slack_only
Design : top_mcu_pll_sram_multiclk_soc
Version: W-2024.09-SP5-3
Date   : Wed Apr 15 09:22:38 2026
****************************************






   max_capacitance

                             Required        Actual
   Pin                      Capacitance    Capacitance       Slack
   -----------------------------------------------------------------
   u_ctrl/U43/Y              64.0000        71.1467        -7.1467  (VIOLATED)
   u_ctrl/U52/Y              64.0000        70.9353        -6.9353  (VIOLATED)
   u_ctrl/U149/Y             64.0000        69.8670        -5.8670  (VIOLATED)
   u_ctrl/U163/Y             64.0000        69.7750        -5.7750  (VIOLATED)
   u_ctrl/U185/Y             64.0000        69.7750        -5.7750  (VIOLATED)
   u_ctrl/U190/Y             64.0000        69.7750        -5.7750  (VIOLATED)
   u_ctrl/U197/Y             64.0000        69.7750        -5.7750  (VIOLATED)
   u_ctrl/U198/Y             64.0000        69.7750        -5.7750  (VIOLATED)
   u_ctrl/U232/Y             16.0000        17.5564        -1.5564  (VIOLATED)
   u_ctrl/u_aes/U14385/Y     16.0000        17.5564        -1.5564  (VIOLATED)
   u_ctrl/u_aes/U14386/Y     16.0000        17.5564        -1.5564  (VIOLATED)
   u_ctrl/u_aes/U14387/Y     16.0000        17.5564        -1.5564  (VIOLATED)
   u_ctrl/u_aes/U14389/Y     16.0000        17.5564        -1.5564  (VIOLATED)
   u_ctrl/u_aes/U14394/Y     16.0000        17.5564        -1.5564  (VIOLATED)
   u_ctrl/u_aes/U14395/Y     16.0000        17.5564        -1.5564  (VIOLATED)
   u_ctrl/u_aes/U14396/Y     16.0000        17.5564        -1.5564  (VIOLATED)
   u_ctrl/u_aes/U14397/Y     16.0000        17.5564        -1.5564  (VIOLATED)
   u_ctrl/u_aes/U14398/Y     16.0000        17.5564        -1.5564  (VIOLATED)
   u_ctrl/u_aes/U14399/Y     16.0000        17.5564        -1.5564  (VIOLATED)
   u_ctrl/u_aes/U14400/Y     16.0000        17.5564        -1.5564  (VIOLATED)
   u_ctrl/u_aes/U14402/Y     16.0000        17.5564        -1.5564  (VIOLATED)
   u_ctrl/u_aes/U14403/Y     16.0000        17.5564        -1.5564  (VIOLATED)
   u_ctrl/u_aes/U14404/Y     16.0000        17.5564        -1.5564  (VIOLATED)
   u_ctrl/u_aes/U14406/Y     16.0000        17.5564        -1.5564  (VIOLATED)
   u_ctrl/u_aes/U14407/Y     16.0000        17.5564        -1.5564  (VIOLATED)
   u_ctrl/u_aes/U14408/Y     16.0000        17.5564        -1.5564  (VIOLATED)
   u_ctrl/u_aes/U14409/Y     16.0000        17.5564        -1.5564  (VIOLATED)
   u_ctrl/u_aes/U14410/Y     16.0000        17.5564        -1.5564  (VIOLATED)
   u_ctrl/u_aes/U14412/Y     16.0000        17.5564        -1.5564  (VIOLATED)
   u_ctrl/u_aes/U14413/Y     16.0000        17.5564        -1.5564  (VIOLATED)
   u_ctrl/u_aes/U14414/Y     16.0000        17.5564        -1.5564  (VIOLATED)
   u_ctrl/u_aes/U14415/Y     16.0000        17.5564        -1.5564  (VIOLATED)
   u_ctrl/u_aes/U14416/Y     16.0000        17.5564        -1.5564  (VIOLATED)
   u_ctrl/u_aes/U14417/Y     16.0000        17.5564        -1.5564  (VIOLATED)
   u_ctrl/u_aes/U14419/Y     16.0000        17.5564        -1.5564  (VIOLATED)
   u_ctrl/u_aes/U14420/Y     16.0000        17.5564        -1.5564  (VIOLATED)
   u_ctrl/u_aes/U14421/Y     16.0000        17.5564        -1.5564  (VIOLATED)
   u_ctrl/u_aes/U14422/Y     16.0000        17.5564        -1.5564  (VIOLATED)
   u_ctrl/u_aes/U14423/Y     16.0000        17.5564        -1.5564  (VIOLATED)
   u_ctrl/u_aes/U14424/Y     16.0000        17.5564        -1.5564  (VIOLATED)
   u_ctrl/u_aes/U14425/Y     16.0000        17.5564        -1.5564  (VIOLATED)
   u_ctrl/u_aes/U14427/Y     16.0000        17.5564        -1.5564  (VIOLATED)
   u_ctrl/u_aes/U14393/Y     16.0000        17.5464        -1.5464  (VIOLATED)
   u_ctrl/u_aes/U14390/Y     16.0000        17.5464        -1.5464  (VIOLATED)
   u_ctrl/u_aes/U14391/Y     16.0000        17.5464        -1.5464  (VIOLATED)
   u_ctrl/u_aes/U14392/Y     16.0000        17.5464        -1.5464  (VIOLATED)
   u_ctrl/u_aes/U14401/Y     16.0000        17.5464        -1.5464  (VIOLATED)
   u_ctrl/u_aes/U14405/Y     16.0000        17.5464        -1.5464  (VIOLATED)
   u_ctrl/u_aes/U14418/Y     16.0000        17.5464        -1.5464  (VIOLATED)
   u_ctrl/u_aes/U14388/Y     16.0000        17.5364        -1.5364  (VIOLATED)
   u_ctrl/u_aes/U14411/Y     16.0000        17.5364        -1.5364  (VIOLATED)
   u_ctrl/u_aes/U14426/Y     16.0000        17.5364        -1.5364  (VIOLATED)
   u_ctrl/U172/Y              8.0000         9.1183        -1.1183  (VIOLATED)
   u_ctrl/U599/Y              8.0000         9.0895        -1.0895  (VIOLATED)
   u_ctrl/u_aes/U14433/Y     16.0000        17.0854        -1.0854  (VIOLATED)
   u_ctrl/u_aes/U14438/Y     16.0000        17.0854        -1.0854  (VIOLATED)
   u_ctrl/u_aes/U14434/Y     16.0000        17.0854        -1.0854  (VIOLATED)
   u_ctrl/U348/Y              8.0000         9.0721        -1.0721  (VIOLATED)
   u_ctrl/U1638/Y             8.0000         9.0436        -1.0436  (VIOLATED)
   u_ctrl/U6/Y                8.0000         8.9934        -0.9934  (VIOLATED)
   u_ctrl/U208/Y              8.0000         8.9934        -0.9934  (VIOLATED)
   u_ctrl/U233/Y             16.0000        16.9742        -0.9742  (VIOLATED)
   u_ctrl/U371/Y             16.0000        16.9742        -0.9742  (VIOLATED)
   u_ctrl/U153/Y              8.0000         8.9450        -0.9450  (VIOLATED)
   u_ctrl/U203/Y              8.0000         8.8182        -0.8182  (VIOLATED)
   u_ctrl/tx_start_reg/Q      8.0000         8.8113        -0.8113  (VIOLATED)
   u_ctrl/U204/Y              8.0000         8.8042        -0.8042  (VIOLATED)
   u_ctrl/U631/Y              8.0000         8.7975        -0.7975  (VIOLATED)
   u_ctrl/U290/Y              8.0000         8.7904        -0.7904  (VIOLATED)
   u_ctrl/U951/Y              8.0000         8.7273        -0.7273  (VIOLATED)
   u_ctrl/U372/Y             16.0000        16.6326        -0.6326  (VIOLATED)
   u_ctrl/U598/Y              8.0000         8.6221        -0.6221  (VIOLATED)
   u_ctrl/u_aes/U14441/Y     16.0000        16.4965        -0.4965  (VIOLATED)
   u_ctrl/u_aes/U3493/Y       8.0000         8.3898        -0.3898  (VIOLATED)
   u_ctrl/U498/SO             8.0000         8.3701        -0.3701  (VIOLATED)
   u_ctrl/U528/SO             8.0000         8.2932        -0.2932  (VIOLATED)
   u_ctrl/U195/SO             8.0000         8.2774        -0.2774  (VIOLATED)
   u_ctrl/u_aes/U14442/Y      8.0000         8.2375        -0.2375  (VIOLATED)
   u_ctrl/U118/Y              8.0000         8.1598        -0.1598  (VIOLATED)
   u_ctrl/u_aes/U14443/Y      8.0000         8.1563        -0.1563  (VIOLATED)
   u_ctrl/U136/Y              8.0000         8.0975        -0.0975  (VIOLATED)
   u_ctrl/U1482/Y             8.0000         8.0844        -0.0844  (VIOLATED)
   u_ctrl/U188/Y              8.0000         8.0639        -0.0639  (VIOLATED)
   u_ctrl/U202/Y              8.0000         8.0639        -0.0639  (VIOLATED)
   u_ctrl/U181/Y              8.0000         8.0519        -0.0519  (VIOLATED)
   u_ctrl/U180/Y              8.0000         8.0516        -0.0516  (VIOLATED)
   u_ctrl/U150/Y              8.0000         8.0319        -0.0319  (VIOLATED)
   u_ctrl/U419/Y              8.0000         8.0169        -0.0169  (VIOLATED)


1
