 
****************************************
Report : area
Design : top_mcu_pll_sram_multiclk_soc
Version: W-2024.09-SP5-5
Date   : Mon Apr 13 09:51:16 2026
****************************************

Library(s) Used:

    saed32rvt_ss0p95v125c (File: /DATA/home/edu135/aes128_core/SAED32_EDK/lib/stdcell_rvt/db_nldm/saed32rvt_ss0p95v125c.db)
    saed32sram_ss0p95v125c (File: /DATA/home/edu135/aes128_core/SAED32_EDK/lib/sram/db_nldm/saed32sram_ss0p95v125c.db)
    saed32pll_ss0p95v125c_2p25v (File: /DATA/home/edu135/aes128_core/SAED32_EDK/lib/pll/db_nldm/saed32pll_ss0p95v125c_2p25v.db)

Number of ports:                          976
Number of nets:                         13405
Number of cells:                        12880
Number of combinational cells:          11338
Number of sequential cells:              1533
Number of macros/black boxes:               2
Number of buf/inv:                       1436
Number of references:                       7

Combinational area:              24594.277513
Buf/Inv area:                     2004.687888
Noncombinational area:           14000.793291
Macro/Black Box area:            31230.701660
Net Interconnect area:           18366.833524

Total cell area:                 69825.772464
Total area:                      88192.605988

Hierarchical area distribution
------------------------------

                                  Global cell area              Local cell area
                                  -------------------  ---------------------------------- 
Hierarchical cell                 Absolute    Percent  Combi-      Noncombi-   Black-
                                  Total       Total    national    national    boxes       Design
--------------------------------  ----------  -------  ----------  ----------  ----------  ---------------------
top_mcu_pll_sram_multiclk_soc     69825.7725    100.0     13.4696      0.0000  31230.7017  top_mcu_pll_sram_multiclk_soc
u_ctrl                            38572.4520     55.2   3050.4904   4979.6977      0.0000  soc_ctrl_multiclk_soc
u_ctrl/u_aes                      30531.8440     43.7  21524.9804   9006.8636      0.0000  aes128_core
u_ctrl/u_icg_aes                     10.4199      0.0      5.3370      5.0829      0.0000  icg_latch
u_div8                                9.1492      0.0      0.0000      9.1492      0.0000  clk_div2_toggle
--------------------------------  ----------  -------  ----------  ----------  ----------  ---------------------
Total                                                  24594.2775  14000.7933  31230.7017

1
