****************************************
Report : qor
Design : top_mcu_pll_sram_multiclk_soc
Version: W-2024.09-SP5-3
Date   : Wed Apr 15 09:36:31 2026
****************************************

  Timing Path Group '**clock_gating_default**' (max_delay/setup)
  ---------------------------------------------
  Levels of Logic:                            1
  Critical Path Length:                  0.0914
  Critical Path Slack:                   3.7486
  Total Negative Slack:                  0.0000
  No. of Violating Paths:                     0
  ---------------------------------------------

  Timing Path Group 'INS' (max_delay/setup)
  ---------------------------------------------
  Levels of Logic:                           37
  Critical Path Length:                  3.4603
  Critical Path Slack:                   4.2496
  Total Negative Slack:                  0.0000
  No. of Violating Paths:                     0
  ---------------------------------------------

  Timing Path Group 'OUTS' (max_delay/setup)
  ---------------------------------------------
  Levels of Logic:                            1
  Critical Path Length:                  0.1753
  Critical Path Slack:                   6.6647
  Total Negative Slack:                  0.0000
  No. of Violating Paths:                     0
  ---------------------------------------------

  Timing Path Group 'clk_fast_aes' (max_delay/setup)
  ---------------------------------------------
  Levels of Logic:                           19
  Critical Path Length:                  1.3388
  Critical Path Slack:                   6.4740
  Total Negative Slack:                  0.0000
  No. of Violating Paths:                     0
  ---------------------------------------------

  Timing Path Group 'ref_clk' (max_delay/setup)
  ---------------------------------------------
  Levels of Logic:                           33
  Critical Path Length:                  2.6384
  Critical Path Slack:                   5.0778
  Total Negative Slack:                  0.0000
  No. of Violating Paths:                     0
  ---------------------------------------------

  Timing Path Group '**clock_gating_default**' (min_delay/hold)
  ---------------------------------------------
  Levels of Logic:                            1
  Critical Path Length:                  0.0794
  Critical Path Slack:                   0.0394
  Total Negative Slack:                  0.0000
  No. of Violating Paths:                     0
  ---------------------------------------------

  Timing Path Group 'INS' (min_delay/hold)
  ---------------------------------------------
  Levels of Logic:                            0
  Critical Path Length:                  0.2000
  Critical Path Slack:                   0.0180
  Total Negative Slack:                  0.0000
  No. of Violating Paths:                     0
  ---------------------------------------------

  Timing Path Group 'OUTS' (min_delay/hold)
  ---------------------------------------------
  Levels of Logic:                            1
  Critical Path Length:                  0.1611
  Critical Path Slack:                   0.3211
  Total Negative Slack:                  0.0000
  No. of Violating Paths:                     0
  ---------------------------------------------

  Timing Path Group 'clk_fast_aes' (min_delay/hold)
  ---------------------------------------------
  Levels of Logic:                            2
  Critical Path Length:                  0.1882
  Critical Path Slack:                   0.2411
  Total Negative Slack:                  0.0000
  No. of Violating Paths:                     0
  ---------------------------------------------

  Timing Path Group 'ref_clk' (min_delay/hold)
  ---------------------------------------------
  Levels of Logic:                            1
  Critical Path Length:                  0.1642
  Critical Path Slack:                  -0.0007
  Total Negative Slack:                 -0.0066
  No. of Violating Paths:                    12
  ---------------------------------------------

  Area
  ---------------------------------------------
  Net Interconnect area:              4919.6743
  Total cell area:                   73914.5781
  Design Area:                       78834.2500
  ---------------------------------------------


  Cell & Pin Count
  ---------------------------------------------
  Pin Count:                              62877
  Hierarchical Cell Count:                    4
  Hierarchical Port Count:                  704
  Leaf Cell Count:                        17037
  ---------------------------------------------


  Design Rule Violations
  ---------------------------------------------
  Total No. of Pins in Design:            62877
  max_capacitance Count:                    113
  max_capacitance Cost:                179.5143
  Total DRC Cost:                      179.5143
  ---------------------------------------------

1
