 
****************************************
Report : timing
        -path full
        -delay max
        -max_paths 1
Design : top_mcu_pll_sram_multiclk_soc
Version: W-2024.09-SP5-5
Date   : Sat Apr 11 22:18:52 2026
****************************************

 # A fanout number of 1000 was used for high fanout net computations.

Operating Conditions: ss0p95v125c   Library: saed32rvt_ss0p95v125c
Wire Load Model Mode: enclosed

  Startpoint: start (input port clocked by ref_clk)
  Endpoint: u_ctrl/done_reg
            (rising edge-triggered flip-flop clocked by clk_fast)
  Path Group: INS
  Path Type: max

  Des/Clust/Port     Wire Load Model       Library
  ------------------------------------------------
  top_mcu_pll_sram_multiclk_soc
                     ForQA                 saed32rvt_ss0p95v125c
  soc_ctrl_multiclk_soc
                     70000                 saed32rvt_ss0p95v125c

  Point                                                   Incr       Path
  --------------------------------------------------------------------------
  clock ref_clk (rise edge)                               0.00       0.00
  clock network delay (ideal)                             0.00       0.00
  input external delay                                    1.00       1.00 f
  start (in)                                              0.00       1.00 f
  u_ctrl/start_ext (soc_ctrl_multiclk_soc)                0.00       1.00 f
  u_ctrl/U83/Y (OR2X1_RVT)                                0.07       1.07 f
  u_ctrl/U84/Y (AND2X1_RVT)                               0.07       1.14 f
  u_ctrl/U11/Y (OAI21X1_RVT)                              0.12       1.26 r
  u_ctrl/done_reg/D (SDFFARX1_RVT)                        0.00       1.26 r
  data arrival time                                                  1.26

  clock clk_fast (rise edge)                              1.67       1.67
  clock network delay (ideal)                             0.00       1.67
  clock uncertainty                                      -0.20       1.47
  u_ctrl/done_reg/CLK (SDFFARX1_RVT)                      0.00       1.47 r
  library setup time                                     -0.13       1.35
  data required time                                                 1.35
  --------------------------------------------------------------------------
  data required time                                                 1.35
  data arrival time                                                 -1.26
  --------------------------------------------------------------------------
  slack (MET)                                                        0.09


  Startpoint: u_ctrl/pass_reg
              (rising edge-triggered flip-flop clocked by clk_fast)
  Endpoint: pass (output port clocked by ref_clk)
  Path Group: OUTS
  Path Type: max

  Des/Clust/Port     Wire Load Model       Library
  ------------------------------------------------
  top_mcu_pll_sram_multiclk_soc
                     ForQA                 saed32rvt_ss0p95v125c

  Point                                    Incr       Path
  -----------------------------------------------------------
  clock clk_fast (rise edge)               5.02       5.02
  clock network delay (ideal)              0.00       5.02
  u_ctrl/pass_reg/CLK (SDFFARX1_RVT)       0.00       5.02 r
  u_ctrl/pass_reg/Q (SDFFARX1_RVT)         0.17       5.19 r
  u_ctrl/pass (soc_ctrl_multiclk_soc)      0.00       5.19 r
  pass (out)                               0.00       5.19 r
  data arrival time                                   5.19

  clock ref_clk (rise edge)                6.70       6.70
  clock network delay (ideal)              0.00       6.70
  clock uncertainty                       -0.20       6.50
  output external delay                   -1.00       5.50
  data required time                                  5.50
  -----------------------------------------------------------
  data required time                                  5.50
  data arrival time                                  -5.19
  -----------------------------------------------------------
  slack (MET)                                         0.31


  Startpoint: u_ctrl/ct_hold_fast_reg[0]
              (rising edge-triggered flip-flop clocked by clk_fast)
  Endpoint: u_ctrl/ct_hold_div2_reg[0]
            (rising edge-triggered flip-flop clocked by clk_div2)
  Path Group: clk_div2
  Path Type: max

  Des/Clust/Port     Wire Load Model       Library
  ------------------------------------------------
  top_mcu_pll_sram_multiclk_soc
                     ForQA                 saed32rvt_ss0p95v125c
  soc_ctrl_multiclk_soc
                     70000                 saed32rvt_ss0p95v125c

  Point                                                   Incr       Path
  --------------------------------------------------------------------------
  clock clk_fast (rise edge)                              1.67       1.67
  clock network delay (ideal)                             0.00       1.67
  u_ctrl/ct_hold_fast_reg[0]/CLK (SDFFARX1_RVT)           0.00       1.67 r
  u_ctrl/ct_hold_fast_reg[0]/Q (SDFFARX1_RVT)             0.17       1.84 r
  u_ctrl/U953/Y (AO22X1_RVT)                              0.08       1.93 r
  u_ctrl/ct_hold_div2_reg[0]/D (SDFFARX1_RVT)             0.00       1.93 r
  data arrival time                                                  1.93

  clock clk_div2 (rise edge)                              3.35       3.35
  clock network delay (ideal)                             0.00       3.35
  clock uncertainty                                      -0.20       3.15
  u_ctrl/ct_hold_div2_reg[0]/CLK (SDFFARX1_RVT)           0.00       3.15 r
  library setup time                                     -0.13       3.02
  data required time                                                 3.02
  --------------------------------------------------------------------------
  data required time                                                 3.02
  data arrival time                                                 -1.93
  --------------------------------------------------------------------------
  slack (MET)                                                        1.10


  Startpoint: u_ctrl/done_reg
              (rising edge-triggered flip-flop clocked by clk_fast)
  Endpoint: u_ctrl/start_uart_cmd_reg
            (rising edge-triggered flip-flop clocked by clk_div4)
  Path Group: clk_div4
  Path Type: max

  Des/Clust/Port     Wire Load Model       Library
  ------------------------------------------------
  top_mcu_pll_sram_multiclk_soc
                     ForQA                 saed32rvt_ss0p95v125c
  soc_ctrl_multiclk_soc
                     70000                 saed32rvt_ss0p95v125c

  Point                                                   Incr       Path
  --------------------------------------------------------------------------
  clock clk_fast (rise edge)                              5.02       5.02
  clock network delay (ideal)                             0.00       5.02
  u_ctrl/done_reg/CLK (SDFFARX1_RVT)                      0.00       5.02 r
  u_ctrl/done_reg/QN (SDFFARX1_RVT)                       0.13       5.16 r
  u_ctrl/U397/Y (AO22X1_RVT)                              0.07       5.23 r
  u_ctrl/start_uart_cmd_reg/D (SDFFARX1_RVT)              0.00       5.23 r
  data arrival time                                                  5.23

  clock clk_div4 (rise edge)                              6.70       6.70
  clock network delay (ideal)                             0.00       6.70
  clock uncertainty                                      -0.20       6.50
  u_ctrl/start_uart_cmd_reg/CLK (SDFFARX1_RVT)            0.00       6.50 r
  library setup time                                     -0.13       6.37
  data required time                                                 6.37
  --------------------------------------------------------------------------
  data required time                                                 6.37
  data arrival time                                                 -5.23
  --------------------------------------------------------------------------
  slack (MET)                                                        1.15


  Startpoint: u_ctrl/u_aes/state_reg[6]
              (rising edge-triggered flip-flop clocked by clk_fast)
  Endpoint: u_ctrl/u_aes/state_reg[108]
            (rising edge-triggered flip-flop clocked by clk_fast)
  Path Group: clk_fast
  Path Type: max

  Des/Clust/Port     Wire Load Model       Library
  ------------------------------------------------
  soc_ctrl_multiclk_soc
                     70000                 saed32rvt_ss0p95v125c
  aes128_core        70000                 saed32rvt_ss0p95v125c

  Point                                                   Incr       Path
  --------------------------------------------------------------------------
  clock clk_fast (rise edge)                              0.00       0.00
  clock network delay (ideal)                             0.00       0.00
  u_ctrl/u_aes/state_reg[6]/CLK (SDFFARX1_RVT)            0.00       0.00 r
  u_ctrl/u_aes/state_reg[6]/Q (SDFFARX1_RVT)              0.18       0.18 r
  u_ctrl/u_aes/U179/Y (OR2X1_RVT)                         0.08       0.26 r
  u_ctrl/u_aes/U984/Y (OR2X1_RVT)                         0.07       0.33 r
  u_ctrl/u_aes/U750/Y (NOR2X0_RVT)                        0.09       0.42 f
  u_ctrl/u_aes/U2611/Y (INVX0_RVT)                        0.03       0.45 r
  u_ctrl/u_aes/U1410/Y (NOR2X0_RVT)                       0.08       0.54 f
  u_ctrl/u_aes/U8168/Y (NOR3X0_RVT)                       0.08       0.62 r
  u_ctrl/u_aes/U8169/Y (NOR2X0_RVT)                       0.07       0.69 f
  u_ctrl/u_aes/U8178/Y (NOR3X0_RVT)                       0.09       0.78 r
  u_ctrl/u_aes/U8188/Y (NOR3X0_RVT)                       0.09       0.87 f
  u_ctrl/u_aes/U8189/Y (OR2X2_RVT)                        0.07       0.94 f
  u_ctrl/u_aes/U255/Y (XOR2X1_RVT)                        0.13       1.07 r
  u_ctrl/u_aes/U389/Y (XNOR3X1_RVT)                       0.19       1.25 r
  u_ctrl/u_aes/U8290/Y (AO21X1_RVT)                       0.08       1.34 r
  u_ctrl/u_aes/state_reg[108]/D (SDFFARX2_RVT)            0.00       1.34 r
  data arrival time                                                  1.34

  clock clk_fast (rise edge)                              1.67       1.67
  clock network delay (ideal)                             0.00       1.67
  clock uncertainty                                      -0.20       1.47
  u_ctrl/u_aes/state_reg[108]/CLK (SDFFARX2_RVT)          0.00       1.47 r
  library setup time                                     -0.14       1.34
  data required time                                                 1.34
  --------------------------------------------------------------------------
  data required time                                                 1.34
  data arrival time                                                 -1.34
  --------------------------------------------------------------------------
  slack (MET)                                                        0.00


1
