****************************************
Report : constraint
	-all_violators
	-path slack_only
Design : top_mcu_pll_sram_multiclk_soc
Version: W-2024.09-SP5-3
Date   : Thu Apr 16 09:47:53 2026
****************************************






   max_capacitance

                             Required        Actual
   Pin                      Capacitance    Capacitance       Slack
   -----------------------------------------------------------------
   U10/Y                    168.0000       616.9796       -448.9796 (VIOLATED)
   u_ctrl/U386/Y            168.0000       302.8438       -134.8439 (VIOLATED)
   u_ctrl/U848/Y            168.0000       203.5369       -35.5369  (VIOLATED)
   u_ctrl/u_aes/state_reg_43_/Q   8.0000    16.0071        -8.0071  (VIOLATED)
   u_ctrl/u_aes/state_reg_69_/Q  16.0000    19.9445        -3.9445  (VIOLATED)
   u_ctrl/U16/Y              32.0000        35.5063        -3.5063  (VIOLATED)
   u_ctrl/u_aes/U2946/Y      16.0000        19.4133        -3.4133  (VIOLATED)
   u_ctrl/u_aes/state_reg_18_/Q   8.0000    11.3419        -3.3419  (VIOLATED)
   u_ctrl/U28/Y              32.0000        35.2847        -3.2847  (VIOLATED)
   u_ctrl/u_aes/U2064/Y      32.0000        34.9554        -2.9554  (VIOLATED)
   u_ctrl/U454/Y             32.0000        34.5791        -2.5791  (VIOLATED)
   u_ctrl/u_aes/state_reg_67_/Q   8.0000    10.4439        -2.4439  (VIOLATED)
   u_ctrl/u_aes/state_reg_88_/Q   8.0000    10.2350        -2.2350  (VIOLATED)
   u_ctrl/u_aes/U6286/Y      16.0000        18.1119        -2.1119  (VIOLATED)
   u_ctrl/u_aes/U8208/Y      16.0000        18.0551        -2.0551  (VIOLATED)
   u_ctrl/u_crc/U9/Y         16.0000        17.9133        -1.9133  (VIOLATED)
   u_ctrl/u_aes/state_reg_122_/Q   8.0000    9.7167        -1.7167  (VIOLATED)
   u_ctrl/u_aes/U2927/Y      16.0000        17.7119        -1.7119  (VIOLATED)
   u_ctrl/u_aes/U9206/Y      16.0000        17.7092        -1.7092  (VIOLATED)
   u_ctrl/u_aes/U6519/Y      16.0000        17.6744        -1.6744  (VIOLATED)
   u_ctrl/u_crc/U11/Y        16.0000        17.6577        -1.6577  (VIOLATED)
   u_ctrl/u_aes/U1619/Y       8.0000         9.5466        -1.5466  (VIOLATED)
   u_ctrl/u_aes/state_reg_124_/Q   8.0000    9.5110        -1.5110  (VIOLATED)
   u_ctrl/u_aes/U299/Y        8.0000         9.4229        -1.4229  (VIOLATED)
   u_ctrl/u_aes/U499/Y        8.0000         9.4206        -1.4206  (VIOLATED)
   u_ctrl/u_aes/U2554/Y      32.0000        33.3990        -1.3990  (VIOLATED)
   u_ctrl/u_aes/U9327/Y      16.0000        17.3927        -1.3927  (VIOLATED)
   u_ctrl/u_aes/state_reg_65_/Q   8.0000     9.3326        -1.3326  (VIOLATED)
   u_ctrl/byte_idx_reg_2_/Q   8.0000         9.3265        -1.3265  (VIOLATED)
   u_ctrl/tx_idx_div2_reg_2_/Q   8.0000      9.2786        -1.2786  (VIOLATED)
   u_ctrl/u_aes/U1205/Y       8.0000         9.2657        -1.2657  (VIOLATED)
   u_ctrl/u_aes/U1898/Y       8.0000         9.2288        -1.2288  (VIOLATED)
   u_ctrl/u_aes/U5615/Y      16.0000        17.2122        -1.2122  (VIOLATED)
   u_ctrl/u_aes/U4157/Y      16.0000        17.2021        -1.2021  (VIOLATED)
   u_ctrl/u_aes/state_reg_32_/QN   8.0000    9.2004        -1.2004  (VIOLATED)
   u_ctrl/u_aes/U6955/Y      16.0000        17.1805        -1.1805  (VIOLATED)
   u_ctrl/u_aes/state_reg_119_/Q   8.0000    9.1196        -1.1196  (VIOLATED)
   u_ctrl/U378/Y              8.0000         9.0946        -1.0946  (VIOLATED)
   u_ctrl/u_aes/U1020/Y       8.0000         9.0932        -1.0932  (VIOLATED)
   u_ctrl/u_aes/U2555/Y       8.0000         9.0862        -1.0862  (VIOLATED)
   u_ctrl/u_aes/U2300/Y       8.0000         8.9971        -0.9971  (VIOLATED)
   u_ctrl/u_aes/U9428/Y      16.0000        16.9917        -0.9917  (VIOLATED)
   u_ctrl/u_aes/U5930/Y       8.0000         8.9876        -0.9876  (VIOLATED)
   u_ctrl/u_aes/U3099/Y      16.0000        16.9669        -0.9669  (VIOLATED)
   u_ctrl/u_aes/U1237/Y       8.0000         8.9606        -0.9606  (VIOLATED)
   u_ctrl/u_aes/state_reg_95_/Q   8.0000     8.9580        -0.9580  (VIOLATED)
   u_ctrl/u_aes/U9038/Y      16.0000        16.9498        -0.9498  (VIOLATED)
   u_ctrl/u_rx/U51/Y         16.0000        16.8927        -0.8927  (VIOLATED)
   u_ctrl/u_aes/U8881/Y       8.0000         8.8917        -0.8917  (VIOLATED)
   u_ctrl/u_aes/U2517/Y       8.0000         8.8655        -0.8655  (VIOLATED)
   u_ctrl/u_aes/U591/Y        8.0000         8.8442        -0.8442  (VIOLATED)
   u_ctrl/u_aes/state_reg_31_/Q   8.0000     8.8409        -0.8409  (VIOLATED)
   u_ctrl/u_aes/U3102/Y      16.0000        16.8260        -0.8260  (VIOLATED)
   u_ctrl/u_aes/U4545/Y       8.0000         8.8221        -0.8221  (VIOLATED)
   u_ctrl/u_aes/U1215/Y       8.0000         8.8042        -0.8042  (VIOLATED)
   u_ctrl/u_aes/U1489/Y       8.0000         8.7847        -0.7847  (VIOLATED)
   u_ctrl/u_aes/U2089/Y      16.0000        16.7805        -0.7805  (VIOLATED)
   u_ctrl/U61/Y               8.0000         8.7713        -0.7713  (VIOLATED)
   u_ctrl/u_aes/U2482/Y      32.0000        32.7618        -0.7618  (VIOLATED)
   u_ctrl/u_aes/U3315/Y       8.0000         8.7603        -0.7603  (VIOLATED)
   u_ctrl/u_aes/U689/Y        8.0000         8.7467        -0.7467  (VIOLATED)
   u_ctrl/u_aes/U1940/Y       8.0000         8.7462        -0.7462  (VIOLATED)
   u_ctrl/U437/Y              8.0000         8.7278        -0.7278  (VIOLATED)
   u_ctrl/u_aes/U623/Y        8.0000         8.6976        -0.6976  (VIOLATED)
   u_ctrl/u_aes/U8842/Y      16.0000        16.6841        -0.6841  (VIOLATED)
   u_ctrl/u_aes/U6978/Y      64.0000        64.6787        -0.6787  (VIOLATED)
   u_ctrl/u_aes/state_reg_16_/Q   8.0000     8.6476        -0.6476  (VIOLATED)
   u_ctrl/u_aes/state_reg_24_/Q   8.0000     8.6475        -0.6475  (VIOLATED)
   u_ctrl/u_crc/U28/Y         8.0000         8.6389        -0.6389  (VIOLATED)
   u_ctrl/u_aes/U3914/Y       8.0000         8.6376        -0.6376  (VIOLATED)
   u_ctrl/U468/Y              8.0000         8.6299        -0.6299  (VIOLATED)
   u_ctrl/u_aes/U6357/Y      64.0000        64.6149        -0.6149  (VIOLATED)
   u_ctrl/U676/Y             32.0000        32.6083        -0.6083  (VIOLATED)
   u_ctrl/u_aes/U1387/Y       8.0000         8.6022        -0.6022  (VIOLATED)
   u_ctrl/u_aes/U331/Y        8.0000         8.5998        -0.5998  (VIOLATED)
   u_ctrl/U429/Y              8.0000         8.5751        -0.5751  (VIOLATED)
   u_ctrl/u_aes/U700/Y        8.0000         8.5710        -0.5710  (VIOLATED)
   u_ctrl/u_aes/U291/Y        8.0000         8.5668        -0.5668  (VIOLATED)
   u_ctrl/u_aes/U43/Y         8.0000         8.5464        -0.5464  (VIOLATED)
   u_ctrl/u_aes/U1882/Y       8.0000         8.5447        -0.5447  (VIOLATED)
   u_ctrl/u_aes/U9312/Y      16.0000        16.5436        -0.5436  (VIOLATED)
   u_ctrl/u_aes/U3332/Y       8.0000         8.5299        -0.5299  (VIOLATED)
   u_ctrl/U438/Y              8.0000         8.5292        -0.5292  (VIOLATED)
   u_ctrl/u_aes/U3012/Y       8.0000         8.5225        -0.5225  (VIOLATED)
   u_ctrl/u_aes/U1386/Y       8.0000         8.5211        -0.5211  (VIOLATED)
   u_ctrl/u_aes/state_reg_127_/Q   8.0000    8.5015        -0.5015  (VIOLATED)
   u_ctrl/u_aes/U9586/Y      16.0000        16.4877        -0.4877  (VIOLATED)
   u_ctrl/u_aes/U936/Y        8.0000         8.4876        -0.4876  (VIOLATED)
   u_ctrl/u_aes/U3314/Y      16.0000        16.4853        -0.4853  (VIOLATED)
   u_ctrl/u_aes/U300/Y        8.0000         8.4771        -0.4771  (VIOLATED)
   u_ctrl/u_aes/U464/Y        8.0000         8.4489        -0.4489  (VIOLATED)
   u_ctrl/U539/Y              8.0000         8.4433        -0.4433  (VIOLATED)
   u_ctrl/u_aes/U2048/Y       8.0000         8.4411        -0.4411  (VIOLATED)
   u_ctrl/U424/Y              8.0000         8.4218        -0.4218  (VIOLATED)
   u_ctrl/u_aes/U3365/Y       8.0000         8.4146        -0.4146  (VIOLATED)
   u_ctrl/u_send_cdc/pulse_dst_reg/Q   8.0000   8.4099     -0.4099  (VIOLATED)
   u_ctrl/u_aes/state_reg_86_/Q   8.0000     8.4080        -0.4080  (VIOLATED)
   u_ctrl/u_aes/U3156/Y       8.0000         8.3982        -0.3982  (VIOLATED)
   u_ctrl/U577/Y              8.0000         8.3896        -0.3896  (VIOLATED)
   u_ctrl/u_aes/U1679/Y       8.0000         8.3741        -0.3741  (VIOLATED)
   u_ctrl/u_aes/state_reg_85_/Q   8.0000     8.3609        -0.3609  (VIOLATED)
   u_ctrl/u_aes/U3548/Y       8.0000         8.3607        -0.3607  (VIOLATED)
   u_ctrl/u_aes/U1583/Y       8.0000         8.3572        -0.3572  (VIOLATED)
   u_ctrl/u_aes/U1617/Y       8.0000         8.3243        -0.3243  (VIOLATED)
   u_ctrl/u_aes/U3549/Y       8.0000         8.3175        -0.3175  (VIOLATED)
   u_ctrl/U29/Y               8.0000         8.3162        -0.3162  (VIOLATED)
   u_ctrl/u_tx/U42/Y         16.0000        16.3160        -0.3160  (VIOLATED)
   u_ctrl/u_aes/U4274/Y       8.0000         8.3056        -0.3056  (VIOLATED)
   u_ctrl/u_aes/U8546/Y      16.0000        16.2997        -0.2997  (VIOLATED)
   u_ctrl/U42/Y              32.0000        32.2942        -0.2942  (VIOLATED)
   u_ctrl/u_aes/U1541/Y       8.0000         8.2911        -0.2911  (VIOLATED)
   u_ctrl/u_aes/U8133/Y       8.0000         8.2856        -0.2856  (VIOLATED)
   u_ctrl/u_aes/state_reg_126_/Q   8.0000    8.2856        -0.2856  (VIOLATED)
   u_ctrl/u_aes/U2556/Y       8.0000         8.2853        -0.2853  (VIOLATED)
   u_ctrl/U678/Y             16.0000        16.2721        -0.2721  (VIOLATED)
   u_ctrl/u_aes/U6803/Y       8.0000         8.2427        -0.2427  (VIOLATED)
   u_ctrl/U635/Y              8.0000         8.2379        -0.2379  (VIOLATED)
   u_ctrl/u_aes/U6189/Y       8.0000         8.2371        -0.2371  (VIOLATED)
   u_ctrl/u_aes/U2646/Y       8.0000         8.2365        -0.2365  (VIOLATED)
   u_ctrl/u_aes/U1224/Y       8.0000         8.2364        -0.2364  (VIOLATED)
   u_ctrl/u_aes/U2108/Y       8.0000         8.2272        -0.2272  (VIOLATED)
   u_ctrl/u_aes/U2498/Y       8.0000         8.2161        -0.2161  (VIOLATED)
   u_ctrl/u_aes/U970/Y        8.0000         8.2139        -0.2139  (VIOLATED)
   u_ctrl/u_aes/U1169/Y       8.0000         8.2107        -0.2107  (VIOLATED)
   u_ctrl/u_aes/busy_reg/Q    8.0000         8.2091        -0.2091  (VIOLATED)
   u_ctrl/u_aes/state_reg_94_/Q   8.0000     8.1956        -0.1956  (VIOLATED)
   u_ctrl/u_aes/ct_out_reg_46_/Q   8.0000    8.1939        -0.1939  (VIOLATED)
   u_ctrl/u_aes/U8146/Y       8.0000         8.1895        -0.1895  (VIOLATED)
   u_ctrl/u_aes/ct_out_reg_118_/Q   8.0000   8.1737        -0.1737  (VIOLATED)
   u_ctrl/u_aes/U618/Y        8.0000         8.1727        -0.1727  (VIOLATED)
   u_ctrl/u_aes/U154/Y        8.0000         8.1700        -0.1700  (VIOLATED)
   u_ctrl/U55/Y               8.0000         8.1661        -0.1661  (VIOLATED)
   u_ctrl/u_aes/U821/Y        8.0000         8.1645        -0.1645  (VIOLATED)
   u_ctrl/u_aes/U1441/Y       8.0000         8.1629        -0.1629  (VIOLATED)
   u_ctrl/u_aes/U8743/Y      16.0000        16.1575        -0.1575  (VIOLATED)
   u_ctrl/u_aes/U1228/Y       8.0000         8.1541        -0.1541  (VIOLATED)
   u_ctrl/u_aes/U8013/Y       8.0000         8.1465        -0.1465  (VIOLATED)
   u_ctrl/u_aes/U6586/Y       8.0000         8.1461        -0.1461  (VIOLATED)
   u_ctrl/byte_idx_reg_3_/Q   8.0000         8.1430        -0.1430  (VIOLATED)
   u_ctrl/u_aes/U8944/Y      16.0000        16.1425        -0.1425  (VIOLATED)
   u_ctrl/u_aes/U8647/Y      16.0000        16.1264        -0.1264  (VIOLATED)
   u_ctrl/u_crc/U12/Y        16.0000        16.1221        -0.1221  (VIOLATED)
   u_ctrl/u_aes/U2317/Y       8.0000         8.1139        -0.1139  (VIOLATED)
   u_ctrl/u_aes/U9282/Y      16.0000        16.1069        -0.1069  (VIOLATED)
   u_ctrl/u_aes/U388/Y        8.0000         8.1054        -0.1054  (VIOLATED)
   u_ctrl/u_aes/U8338/Y       8.0000         8.0993        -0.0993  (VIOLATED)
   u_ctrl/u_aes/U5879/Y      16.0000        16.0947        -0.0947  (VIOLATED)
   u_ctrl/u_aes/U3799/Y       8.0000         8.0946        -0.0946  (VIOLATED)
   u_ctrl/u_aes/U9303/Y      16.0000        16.0891        -0.0891  (VIOLATED)
   u_ctrl/u_aes/U1732/Y       8.0000         8.0851        -0.0851  (VIOLATED)
   u_ctrl/u_aes/U3091/Y      16.0000        16.0814        -0.0814  (VIOLATED)
   u_ctrl/U428/Y              8.0000         8.0723        -0.0723  (VIOLATED)
   u_ctrl/u_aes/U1812/Y       8.0000         8.0694        -0.0694  (VIOLATED)
   u_ctrl/u_aes/U2066/Y       8.0000         8.0670        -0.0670  (VIOLATED)
   u_ctrl/u_aes/U8568/Y       8.0000         8.0652        -0.0652  (VIOLATED)
   u_ctrl/u_aes/U2633/Y       8.0000         8.0607        -0.0607  (VIOLATED)
   u_ctrl/u_aes/U6123/Y      16.0000        16.0603        -0.0603  (VIOLATED)
   u_ctrl/u_aes/U2417/Y       8.0000         8.0503        -0.0503  (VIOLATED)
   u_ctrl/u_aes/U9640/Y      16.0000        16.0502        -0.0502  (VIOLATED)
   u_ctrl/U58/Y               8.0000         8.0485        -0.0485  (VIOLATED)
   u_ctrl/u_aes/U2760/Y      16.0000        16.0451        -0.0451  (VIOLATED)
   u_ctrl/u_aes/U5959/Y      16.0000        16.0372        -0.0372  (VIOLATED)
   u_ctrl/u_aes/rkeys_reg_176_/Q   8.0000    8.0359        -0.0359  (VIOLATED)
   u_ctrl/u_aes/U8886/Y       8.0000         8.0356        -0.0356  (VIOLATED)
   u_ctrl/u_aes/U1439/Y       8.0000         8.0306        -0.0306  (VIOLATED)
   u_ctrl/u_aes/U9643/Y       8.0000         8.0291        -0.0291  (VIOLATED)
   u_ctrl/U54/Y               8.0000         8.0183        -0.0183  (VIOLATED)
   u_ctrl/u_aes/U2060/Y       8.0000         8.0155        -0.0155  (VIOLATED)
   u_ctrl/u_aes/ct_out_reg_27_/Q   8.0000    8.0147        -0.0147  (VIOLATED)
   u_ctrl/u_aes/U1233/Y       8.0000         8.0077        -0.0077  (VIOLATED)
   u_ctrl/u_aes/U7839/Y       8.0000         8.0028        -0.0028  (VIOLATED)
   u_ctrl/u_aes/U8736/Y      16.0000        16.0026        -0.0026  (VIOLATED)


Warning: Transition times on not annotated delay arcs havebeen set to zero. Cannot perform max_transition checking. (PTE-057)
1
