****************************************
Report : constraint
	-all_violators
	-path slack_only
Design : top_mcu_pll_sram_multiclk_soc
Version: W-2024.09-SP5-3
Date   : Thu Apr 16 09:58:54 2026
****************************************






   max_capacitance

                             Required        Actual
   Pin                      Capacitance    Capacitance       Slack
   -----------------------------------------------------------------
   U10/Y                    168.0000       602.8929       -434.8929 (VIOLATED)
   u_ctrl/U386/Y            168.0000       296.6458       -128.6458 (VIOLATED)
   u_ctrl/U848/Y            168.0000       200.3175       -32.3175  (VIOLATED)
   u_ctrl/u_aes/state_reg_43_/Q   8.0000    15.7420        -7.7420  (VIOLATED)
   u_ctrl/u_aes/state_reg_69_/Q  16.0000    19.8307        -3.8307  (VIOLATED)
   u_ctrl/u_aes/U2946/Y      16.0000        19.3716        -3.3716  (VIOLATED)
   u_ctrl/u_aes/state_reg_18_/Q   8.0000    11.2864        -3.2864  (VIOLATED)
   u_ctrl/U16/Y              32.0000        34.7197        -2.7197  (VIOLATED)
   u_ctrl/u_aes/U2064/Y      32.0000        34.5707        -2.5707  (VIOLATED)
   u_ctrl/U28/Y              32.0000        34.4215        -2.4215  (VIOLATED)
   u_ctrl/u_aes/state_reg_67_/Q   8.0000    10.2903        -2.2903  (VIOLATED)
   u_ctrl/U454/Y             32.0000        34.1709        -2.1709  (VIOLATED)
   u_ctrl/u_aes/state_reg_88_/Q   8.0000    10.0618        -2.0618  (VIOLATED)
   u_ctrl/u_aes/U6286/Y      16.0000        18.0366        -2.0366  (VIOLATED)
   u_ctrl/u_aes/U8208/Y      16.0000        18.0095        -2.0095  (VIOLATED)
   u_ctrl/u_aes/U9206/Y      16.0000        17.6585        -1.6585  (VIOLATED)
   u_ctrl/u_aes/U6519/Y      16.0000        17.6493        -1.6493  (VIOLATED)
   u_ctrl/u_crc/U9/Y         16.0000        17.6412        -1.6412  (VIOLATED)
   u_ctrl/u_aes/state_reg_122_/Q   8.0000    9.5583        -1.5583  (VIOLATED)
   u_ctrl/u_crc/U11/Y        16.0000        17.5278        -1.5278  (VIOLATED)
   u_ctrl/u_aes/U2927/Y      16.0000        17.4089        -1.4089  (VIOLATED)
   u_ctrl/u_aes/U1619/Y       8.0000         9.4031        -1.4031  (VIOLATED)
   u_ctrl/u_aes/U9327/Y      16.0000        17.3707        -1.3707  (VIOLATED)
   u_ctrl/u_aes/state_reg_124_/Q   8.0000    9.3578        -1.3578  (VIOLATED)
   u_ctrl/u_aes/U299/Y        8.0000         9.2783        -1.2783  (VIOLATED)
   u_ctrl/u_aes/U499/Y        8.0000         9.2771        -1.2771  (VIOLATED)
   u_ctrl/u_aes/U4157/Y      16.0000        17.1855        -1.1855  (VIOLATED)
   u_ctrl/u_aes/state_reg_65_/Q   8.0000     9.1712        -1.1712  (VIOLATED)
   u_ctrl/u_aes/U6955/Y      16.0000        17.1641        -1.1641  (VIOLATED)
   u_ctrl/byte_idx_reg_2_/Q   8.0000         9.1559        -1.1559  (VIOLATED)
   u_ctrl/u_aes/U1205/Y       8.0000         9.1303        -1.1303  (VIOLATED)
   u_ctrl/tx_idx_div2_reg_2_/Q   8.0000      9.1009        -1.1009  (VIOLATED)
   u_ctrl/u_aes/state_reg_32_/QN   8.0000    9.0893        -1.0893  (VIOLATED)
   u_ctrl/u_aes/U1898/Y       8.0000         9.0889        -1.0889  (VIOLATED)
   u_ctrl/U378/Y              8.0000         9.0134        -1.0134  (VIOLATED)
   u_ctrl/u_aes/U5615/Y      16.0000        16.9941        -0.9941  (VIOLATED)
   u_ctrl/u_aes/U2555/Y       8.0000         8.9678        -0.9678  (VIOLATED)
   u_ctrl/u_aes/state_reg_119_/Q   8.0000    8.9677        -0.9677  (VIOLATED)
   u_ctrl/u_aes/U9428/Y      16.0000        16.9666        -0.9666  (VIOLATED)
   u_ctrl/u_aes/U1020/Y       8.0000         8.9549        -0.9549  (VIOLATED)
   u_ctrl/u_aes/U2554/Y      32.0000        32.9418        -0.9418  (VIOLATED)
   u_ctrl/u_aes/U9038/Y      16.0000        16.9216        -0.9216  (VIOLATED)
   u_ctrl/u_aes/U2300/Y       8.0000         8.8820        -0.8820  (VIOLATED)
   u_ctrl/u_aes/U5930/Y       8.0000         8.8798        -0.8798  (VIOLATED)
   u_ctrl/u_aes/U1237/Y       8.0000         8.8153        -0.8153  (VIOLATED)
   u_ctrl/u_aes/state_reg_95_/Q   8.0000     8.8114        -0.8114  (VIOLATED)
   u_ctrl/u_aes/U8881/Y       8.0000         8.8023        -0.8023  (VIOLATED)
   u_ctrl/U61/Y               8.0000         8.7687        -0.7687  (VIOLATED)
   u_ctrl/u_aes/U591/Y        8.0000         8.7684        -0.7684  (VIOLATED)
   u_ctrl/u_aes/U3102/Y      16.0000        16.7661        -0.7661  (VIOLATED)
   u_ctrl/u_rx/U51/Y         16.0000        16.7587        -0.7587  (VIOLATED)
   u_ctrl/u_aes/U4545/Y       8.0000         8.7533        -0.7533  (VIOLATED)
   u_ctrl/u_aes/U2517/Y       8.0000         8.7471        -0.7471  (VIOLATED)
   u_ctrl/u_aes/U3099/Y      16.0000        16.7283        -0.7283  (VIOLATED)
   u_ctrl/u_aes/U1215/Y       8.0000         8.7120        -0.7120  (VIOLATED)
   u_ctrl/u_aes/state_reg_31_/Q   8.0000     8.6856        -0.6856  (VIOLATED)
   u_ctrl/u_aes/U689/Y        8.0000         8.6772        -0.6772  (VIOLATED)
   u_ctrl/u_aes/U1489/Y       8.0000         8.6762        -0.6762  (VIOLATED)
   u_ctrl/u_aes/U8842/Y      16.0000        16.6745        -0.6745  (VIOLATED)
   u_ctrl/u_aes/U3315/Y       8.0000         8.6636        -0.6636  (VIOLATED)
   u_ctrl/u_aes/U2089/Y      16.0000        16.6479        -0.6479  (VIOLATED)
   u_ctrl/u_aes/U1940/Y       8.0000         8.6319        -0.6319  (VIOLATED)
   u_ctrl/U437/Y              8.0000         8.6013        -0.6013  (VIOLATED)
   u_ctrl/u_aes/U623/Y        8.0000         8.5950        -0.5950  (VIOLATED)
   u_ctrl/U468/Y              8.0000         8.5554        -0.5554  (VIOLATED)
   u_ctrl/u_aes/U3914/Y       8.0000         8.5439        -0.5439  (VIOLATED)
   u_ctrl/U676/Y             32.0000        32.5322        -0.5322  (VIOLATED)
   u_ctrl/u_aes/state_reg_24_/Q   8.0000     8.5312        -0.5312  (VIOLATED)
   u_ctrl/U429/Y              8.0000         8.5288        -0.5288  (VIOLATED)
   u_ctrl/u_aes/U1387/Y       8.0000         8.5148        -0.5148  (VIOLATED)
   u_ctrl/u_aes/state_reg_16_/Q   8.0000     8.5014        -0.5014  (VIOLATED)
   u_ctrl/u_aes/U9312/Y      16.0000        16.4929        -0.4929  (VIOLATED)
   u_ctrl/u_aes/U9586/Y      16.0000        16.4869        -0.4869  (VIOLATED)
   u_ctrl/u_aes/U331/Y        8.0000         8.4844        -0.4844  (VIOLATED)
   u_ctrl/U438/Y              8.0000         8.4829        -0.4829  (VIOLATED)
   u_ctrl/u_aes/U700/Y        8.0000         8.4806        -0.4806  (VIOLATED)
   u_ctrl/u_crc/U28/Y         8.0000         8.4746        -0.4746  (VIOLATED)
   u_ctrl/u_aes/U43/Y         8.0000         8.4650        -0.4650  (VIOLATED)
   u_ctrl/u_aes/U3012/Y       8.0000         8.4594        -0.4594  (VIOLATED)
   u_ctrl/u_aes/U291/Y        8.0000         8.4579        -0.4579  (VIOLATED)
   u_ctrl/u_aes/U6978/Y      64.0000        64.4474        -0.4474  (VIOLATED)
   u_ctrl/u_aes/U1386/Y       8.0000         8.4125        -0.4125  (VIOLATED)
   u_ctrl/u_aes/U1882/Y       8.0000         8.4087        -0.4087  (VIOLATED)
   u_ctrl/u_aes/U3332/Y       8.0000         8.4030        -0.4030  (VIOLATED)
   u_ctrl/u_aes/state_reg_127_/Q   8.0000    8.3920        -0.3920  (VIOLATED)
   u_ctrl/u_aes/U936/Y        8.0000         8.3870        -0.3870  (VIOLATED)
   u_ctrl/U577/Y              8.0000         8.3832        -0.3832  (VIOLATED)
   u_ctrl/U539/Y              8.0000         8.3737        -0.3737  (VIOLATED)
   u_ctrl/u_aes/U300/Y        8.0000         8.3601        -0.3601  (VIOLATED)
   u_ctrl/u_aes/U2482/Y      32.0000        32.3467        -0.3467  (VIOLATED)
   u_ctrl/u_aes/state_reg_86_/Q   8.0000     8.3251        -0.3251  (VIOLATED)
   u_ctrl/u_aes/U464/Y        8.0000         8.3156        -0.3156  (VIOLATED)
   u_ctrl/u_aes/U3314/Y      16.0000        16.3143        -0.3143  (VIOLATED)
   u_ctrl/u_aes/state_reg_85_/Q   8.0000     8.3054        -0.3054  (VIOLATED)
   u_ctrl/u_aes/U2048/Y       8.0000         8.2933        -0.2933  (VIOLATED)
   u_ctrl/u_aes/U1679/Y       8.0000         8.2916        -0.2916  (VIOLATED)
   u_ctrl/u_aes/U3365/Y       8.0000         8.2856        -0.2856  (VIOLATED)
   u_ctrl/U424/Y              8.0000         8.2835        -0.2835  (VIOLATED)
   u_ctrl/u_aes/U8546/Y      16.0000        16.2707        -0.2707  (VIOLATED)
   u_ctrl/u_send_cdc/pulse_dst_reg/Q   8.0000   8.2629     -0.2629  (VIOLATED)
   u_ctrl/u_aes/U3156/Y       8.0000         8.2610        -0.2610  (VIOLATED)
   u_ctrl/u_aes/U8133/Y       8.0000         8.2540        -0.2540  (VIOLATED)
   u_ctrl/U29/Y               8.0000         8.2512        -0.2512  (VIOLATED)
   u_ctrl/u_aes/U3548/Y       8.0000         8.2469        -0.2469  (VIOLATED)
   u_ctrl/u_aes/U1583/Y       8.0000         8.2370        -0.2370  (VIOLATED)
   u_ctrl/u_aes/U4274/Y       8.0000         8.2232        -0.2232  (VIOLATED)
   u_ctrl/u_aes/U1617/Y       8.0000         8.2124        -0.2124  (VIOLATED)
   u_ctrl/u_aes/U2556/Y       8.0000         8.2111        -0.2111  (VIOLATED)
   u_ctrl/u_aes/U3549/Y       8.0000         8.1948        -0.1948  (VIOLATED)
   u_ctrl/u_aes/U1541/Y       8.0000         8.1945        -0.1945  (VIOLATED)
   u_ctrl/u_aes/U8146/Y       8.0000         8.1775        -0.1775  (VIOLATED)
   u_ctrl/u_aes/state_reg_126_/Q   8.0000    8.1754        -0.1754  (VIOLATED)
   u_ctrl/u_aes/ct_out_reg_46_/Q   8.0000    8.1652        -0.1652  (VIOLATED)
   u_ctrl/U55/Y               8.0000         8.1635        -0.1635  (VIOLATED)
   u_ctrl/u_aes/U2646/Y       8.0000         8.1511        -0.1511  (VIOLATED)
   u_ctrl/u_aes/busy_reg/Q    8.0000         8.1463        -0.1463  (VIOLATED)
   u_ctrl/u_aes/ct_out_reg_118_/Q   8.0000   8.1418        -0.1418  (VIOLATED)
   u_ctrl/u_aes/U970/Y        8.0000         8.1412        -0.1412  (VIOLATED)
   u_ctrl/u_aes/U2108/Y       8.0000         8.1355        -0.1355  (VIOLATED)
   u_ctrl/U678/Y             16.0000        16.1354        -0.1354  (VIOLATED)
   u_ctrl/u_aes/U6803/Y       8.0000         8.1331        -0.1331  (VIOLATED)
   u_ctrl/u_aes/U8944/Y      16.0000        16.1329        -0.1329  (VIOLATED)
   u_ctrl/u_aes/U1224/Y       8.0000         8.1315        -0.1315  (VIOLATED)
   u_ctrl/u_aes/U6189/Y       8.0000         8.1259        -0.1259  (VIOLATED)
   u_ctrl/u_aes/U1169/Y       8.0000         8.1257        -0.1257  (VIOLATED)
   u_ctrl/u_aes/U8013/Y       8.0000         8.1246        -0.1246  (VIOLATED)
   u_ctrl/u_aes/U154/Y        8.0000         8.1096        -0.1096  (VIOLATED)
   u_ctrl/u_aes/U8743/Y      16.0000        16.1068        -0.1068  (VIOLATED)
   u_ctrl/u_aes/U8647/Y      16.0000        16.1013        -0.1013  (VIOLATED)
   u_ctrl/U635/Y              8.0000         8.0917        -0.0917  (VIOLATED)
   u_ctrl/u_aes/U9282/Y      16.0000        16.0907        -0.0907  (VIOLATED)
   u_ctrl/u_aes/U2498/Y       8.0000         8.0883        -0.0883  (VIOLATED)
   u_ctrl/u_aes/U821/Y        8.0000         8.0837        -0.0837  (VIOLATED)
   u_ctrl/u_aes/U8338/Y       8.0000         8.0771        -0.0771  (VIOLATED)
   u_ctrl/u_aes/state_reg_94_/Q   8.0000     8.0655        -0.0655  (VIOLATED)
   u_ctrl/u_aes/U9303/Y      16.0000        16.0640        -0.0640  (VIOLATED)
   u_ctrl/u_tx/U42/Y         16.0000        16.0640        -0.0640  (VIOLATED)
   u_ctrl/u_aes/U1441/Y       8.0000         8.0562        -0.0562  (VIOLATED)
   u_ctrl/u_aes/U618/Y        8.0000         8.0526        -0.0526  (VIOLATED)
   u_ctrl/u_aes/U9640/Y      16.0000        16.0494        -0.0494  (VIOLATED)
   u_ctrl/U58/Y               8.0000         8.0459        -0.0459  (VIOLATED)
   u_ctrl/u_aes/U5879/Y      16.0000        16.0440        -0.0440  (VIOLATED)
   u_ctrl/u_aes/U6123/Y      16.0000        16.0352        -0.0352  (VIOLATED)
   u_ctrl/u_aes/U1228/Y       8.0000         8.0343        -0.0343  (VIOLATED)
   u_ctrl/u_aes/U5959/Y      16.0000        16.0293        -0.0293  (VIOLATED)
   u_ctrl/u_aes/U9643/Y       8.0000         8.0282        -0.0282  (VIOLATED)
   u_ctrl/u_aes/U6586/Y       8.0000         8.0269        -0.0269  (VIOLATED)
   u_ctrl/u_aes/U3799/Y       8.0000         8.0262        -0.0262  (VIOLATED)
   u_ctrl/u_aes/rkeys_reg_176_/Q   8.0000    8.0225        -0.0225  (VIOLATED)
   u_ctrl/u_aes/U2317/Y       8.0000         8.0202        -0.0202  (VIOLATED)
   u_ctrl/u_aes/U8886/Y       8.0000         8.0136        -0.0136  (VIOLATED)
   u_ctrl/u_aes/U1812/Y       8.0000         8.0052        -0.0052  (VIOLATED)


Warning: Transition times on not annotated delay arcs havebeen set to zero. Cannot perform max_transition checking. (PTE-057)
1
