Information: Updating design information... (UID-85)
Warning: Design 'top_mcu_pll_sram_multiclk_soc' contains 1 high-fanout nets. A fanout number of 1000 will be used for delay calculations involving these nets. (TIM-134)
 
****************************************
Report : qor
Design : top_mcu_pll_sram_multiclk_soc
Version: W-2024.09-SP5-5
Date   : Thu Apr 16 09:36:48 2026
****************************************


  Timing Path Group 'INS'
  -----------------------------------
  Levels of Logic:               4.00
  Critical Path Length:          0.33
  Critical Path Slack:           0.50
  Critical Path Clk Period:      2.00
  Total Negative Slack:          0.00
  No. of Violating Paths:        0.00
  Worst Hold Violation:          0.00
  Total Hold Violation:          0.00
  No. of Hold Violations:        0.00
  -----------------------------------

  Timing Path Group 'OUTS'
  -----------------------------------
  Levels of Logic:               0.00
  Critical Path Length:          0.18
  Critical Path Slack:           0.66
  Critical Path Clk Period:      8.00
  Total Negative Slack:          0.00
  No. of Violating Paths:        0.00
  Worst Hold Violation:          0.00
  Total Hold Violation:          0.00
  No. of Hold Violations:        0.00
  -----------------------------------

  Timing Path Group 'clk_div2'
  -----------------------------------
  Levels of Logic:               1.00
  Critical Path Length:          0.30
  Critical Path Slack:           1.49
  Critical Path Clk Period:      4.00
  Total Negative Slack:          0.00
  No. of Violating Paths:        0.00
  Worst Hold Violation:          0.00
  Total Hold Violation:          0.00
  No. of Hold Violations:        0.00
  -----------------------------------

  Timing Path Group 'clk_div4'
  -----------------------------------
  Levels of Logic:               2.00
  Critical Path Length:          0.32
  Critical Path Slack:           1.39
  Critical Path Clk Period:      8.00
  Total Negative Slack:          0.00
  No. of Violating Paths:        0.00
  Worst Hold Violation:          0.00
  Total Hold Violation:          0.00
  No. of Hold Violations:        0.00
  -----------------------------------

  Timing Path Group 'clk_fast'
  -----------------------------------
  Levels of Logic:               6.00
  Critical Path Length:          1.21
  Critical Path Slack:           0.63
  Critical Path Clk Period:      2.00
  Total Negative Slack:          0.00
  No. of Violating Paths:        0.00
  Worst Hold Violation:          0.00
  Total Hold Violation:          0.00
  No. of Hold Violations:        0.00
  -----------------------------------

  Timing Path Group 'clk_fast_aes'
  -----------------------------------
  Levels of Logic:              18.00
  Critical Path Length:          1.81
  Critical Path Slack:           0.00
  Critical Path Clk Period:      2.00
  Total Negative Slack:          0.00
  No. of Violating Paths:        0.00
  Worst Hold Violation:          0.00
  Total Hold Violation:          0.00
  No. of Hold Violations:        0.00
  -----------------------------------


  Cell Count
  -----------------------------------
  Hierarchical Cell Count:         10
  Hierarchical Port Count:        846
  Leaf Cell Count:              12201
  Buf/Inv Cell Count:            1780
  Buf Cell Count:                 335
  Inv Cell Count:                1445
  CT Buf/Inv Cell Count:            1
  Combinational Cell Count:     10666
  Sequential Cell Count:         1535
  Macro Count:                      0
  -----------------------------------


  Area
  -----------------------------------
  Combinational Area:    22767.490503
  Noncombinational Area: 14059.754636
  Buf/Inv Area:           2765.086748
  Total Buffer Area:           860.28
  Total Inverter Area:        1904.81
  Macro/Black Box Area:  31230.701660
  Net Area:                  0.000000
  Net XLength        :      125513.28
  Net YLength        :      134861.20
  -----------------------------------
  Cell Area:             68057.946799
  Design Area:           68057.946799
  Net Length        :       260374.48


  Design Rules
  -----------------------------------
  Total Number of Nets:         12334
  Nets With Violations:            28
  Max Trans Violations:             0
  Max Cap Violations:              28
  -----------------------------------


  Hostname: SGP3

  Compile CPU Statistics
  -----------------------------------------
  Resource Sharing:                    0.00
  Logic Optimization:                  0.00
  Mapping Optimization:                5.73
  -----------------------------------------
  Overall Compile Time:               13.40
  Overall Compile Wall Clock Time:    15.04

  --------------------------------------------------------------------

  Design  WNS: 0.00  TNS: 0.00  Number of Violating Paths: 0


  Design (Hold)  WNS: 0.00  TNS: 0.00  Number of Violating Paths: 0

  --------------------------------------------------------------------


1
