 
****************************************
Report : timing
        -path full
        -delay max
        -max_paths 1
Design : top_mcu_pll_sram_multiclk_soc
Version: W-2024.09-SP5-5
Date   : Thu Apr 16 09:36:48 2026
****************************************

 * Some/all delay information is back-annotated.

 # A fanout number of 1000 was used for high fanout net computations.

Operating Conditions: ss0p95v125c   Library: saed32rvt_ss0p95v125c
Wire Load Model Mode: Inactive.

  Startpoint: start (input port clocked by ref_clk)
  Endpoint: u_ctrl/pass_reg
            (rising edge-triggered flip-flop clocked by clk_fast)
  Path Group: INS
  Path Type: max

  Point                                                   Incr       Path
  --------------------------------------------------------------------------
  clock ref_clk (rise edge)                               0.00       0.00
  clock network delay (ideal)                             0.00       0.00
  input external delay                                    1.00       1.00 f
  start (in)                                              0.00       1.00 f
  u_ctrl/start_ext (soc_ctrl_multiclk_soc)                0.00       1.00 f
  u_ctrl/U207/Y (OR2X1_RVT)                               0.09 *     1.09 f
  u_ctrl/U208/Y (NAND2X0_RVT)                             0.06 *     1.14 r
  u_ctrl/U209/Y (OR2X1_RVT)                               0.09 *     1.23 r
  u_ctrl/U620/Y (OA222X1_RVT)                             0.10 *     1.33 r
  u_ctrl/pass_reg/D (SDFFARX1_RVT)                        0.00 *     1.33 r
  data arrival time                                                  1.33

  clock clk_fast (rise edge)                              2.00       2.00
  clock network delay (ideal)                             0.00       2.00
  clock uncertainty                                      -0.04       1.96
  u_ctrl/pass_reg/CLK (SDFFARX1_RVT)                      0.00       1.96 r
  library setup time                                     -0.13       1.83
  data required time                                                 1.83
  --------------------------------------------------------------------------
  data required time                                                 1.83
  data arrival time                                                 -1.33
  --------------------------------------------------------------------------
  slack (MET)                                                        0.50


  Startpoint: u_ctrl/done_reg
              (rising edge-triggered flip-flop clocked by clk_fast)
  Endpoint: done (output port clocked by ref_clk)
  Path Group: OUTS
  Path Type: max

  Point                                    Incr       Path
  -----------------------------------------------------------
  clock clk_fast (rise edge)               6.00       6.00
  clock network delay (ideal)              0.00       6.00
  u_ctrl/done_reg/CLK (SDFFARX1_RVT)       0.00       6.00 r
  u_ctrl/done_reg/Q (SDFFARX1_RVT)         0.18       6.18 r
  u_ctrl/done (soc_ctrl_multiclk_soc)      0.00       6.18 r
  done (out)                               0.00 *     6.18 r
  data arrival time                                   6.18

  clock ref_clk (rise edge)                8.00       8.00
  clock network delay (ideal)              0.00       8.00
  clock uncertainty                       -0.16       7.84
  output external delay                   -1.00       6.84
  data required time                                  6.84
  -----------------------------------------------------------
  data required time                                  6.84
  data arrival time                                  -6.18
  -----------------------------------------------------------
  slack (MET)                                         0.66


  Startpoint: u_ctrl/ct_hold_fast_reg[75]
              (rising edge-triggered flip-flop clocked by clk_fast)
  Endpoint: u_ctrl/ct_hold_div2_reg[75]
            (rising edge-triggered flip-flop clocked by clk_div2)
  Path Group: clk_div2
  Path Type: max

  Point                                                   Incr       Path
  --------------------------------------------------------------------------
  clock clk_fast (rise edge)                              2.00       2.00
  clock network delay (ideal)                             0.00       2.00
  u_ctrl/ct_hold_fast_reg[75]/CLK (SDFFARX1_RVT)          0.00       2.00 r
  u_ctrl/ct_hold_fast_reg[75]/Q (SDFFARX1_RVT)            0.20       2.20 r
  u_ctrl/U714/Y (AO22X1_RVT)                              0.10 *     2.30 r
  u_ctrl/ct_hold_div2_reg[75]/D (SDFFARX1_RVT)            0.00 *     2.30 r
  data arrival time                                                  2.30

  clock clk_div2 (rise edge)                              4.00       4.00
  clock network delay (ideal)                             0.00       4.00
  clock uncertainty                                      -0.08       3.92
  u_ctrl/ct_hold_div2_reg[75]/CLK (SDFFARX1_RVT)          0.00       3.92 r
  library setup time                                     -0.13       3.79
  data required time                                                 3.79
  --------------------------------------------------------------------------
  data required time                                                 3.79
  data arrival time                                                 -2.30
  --------------------------------------------------------------------------
  slack (MET)                                                        1.49


  Startpoint: u_ctrl/done_reg
              (rising edge-triggered flip-flop clocked by clk_fast)
  Endpoint: u_ctrl/start_uart_cmd_reg
            (rising edge-triggered flip-flop clocked by clk_div4)
  Path Group: clk_div4
  Path Type: max

  Point                                                   Incr       Path
  --------------------------------------------------------------------------
  clock clk_fast (rise edge)                              6.00       6.00
  clock network delay (ideal)                             0.00       6.00
  u_ctrl/done_reg/CLK (SDFFARX1_RVT)                      0.00       6.00 r
  u_ctrl/done_reg/Q (SDFFARX1_RVT)                        0.18       6.18 f
  u_ctrl/U210/Y (INVX1_RVT)                               0.07 *     6.24 r
  u_ctrl/U218/Y (AO22X1_RVT)                              0.08 *     6.32 r
  u_ctrl/start_uart_cmd_reg/D (SDFFARX1_RVT)              0.00 *     6.32 r
  data arrival time                                                  6.32

  clock clk_div4 (rise edge)                              8.00       8.00
  clock network delay (ideal)                             0.00       8.00
  clock uncertainty                                      -0.16       7.84
  u_ctrl/start_uart_cmd_reg/CLK (SDFFARX1_RVT)            0.00       7.84 r
  library setup time                                     -0.13       7.71
  data required time                                                 7.71
  --------------------------------------------------------------------------
  data required time                                                 7.71
  data arrival time                                                 -6.32
  --------------------------------------------------------------------------
  slack (MET)                                                        1.39


  Startpoint: u_ctrl/u_aes/ct_out_reg[10]
              (rising edge-triggered flip-flop clocked by clk_fast_aes)
  Endpoint: u_ctrl/ct_ok_reg
            (rising edge-triggered flip-flop clocked by clk_fast)
  Path Group: clk_fast
  Path Type: max

  Point                                                   Incr       Path
  --------------------------------------------------------------------------
  clock clk_fast_aes (rise edge)                          0.00       0.00
  clock network delay (ideal)                             0.00       0.00
  u_ctrl/u_aes/ct_out_reg[10]/CLK (SDFFARX2_RVT)          0.00       0.00 r
  u_ctrl/u_aes/ct_out_reg[10]/Q (SDFFARX2_RVT)            0.22       0.22 r
  u_ctrl/u_aes/ct_out[10] (aes128_core)                   0.00       0.22 r
  u_ctrl/U197/Y (NBUFFX2_RVT)                             0.09 *     0.31 r
  u_ctrl/U577/Y (NAND4X0_RVT)                             0.23 *     0.54 f
  u_ctrl/U579/Y (NOR4X1_RVT)                              0.21 *     0.76 r
  u_ctrl/U580/Y (NAND4X0_RVT)                             0.20 *     0.96 f
  u_ctrl/U594/Y (NOR4X1_RVT)                              0.17 *     1.13 r
  u_ctrl/U617/Y (AO22X1_RVT)                              0.08 *     1.21 r
  u_ctrl/ct_ok_reg/D (SDFFARX1_RVT)                       0.00 *     1.21 r
  data arrival time                                                  1.21

  clock clk_fast (rise edge)                              2.00       2.00
  clock network delay (ideal)                             0.00       2.00
  clock uncertainty                                      -0.04       1.96
  u_ctrl/ct_ok_reg/CLK (SDFFARX1_RVT)                     0.00       1.96 r
  library setup time                                     -0.13       1.83
  data required time                                                 1.83
  --------------------------------------------------------------------------
  data required time                                                 1.83
  data arrival time                                                 -1.21
  --------------------------------------------------------------------------
  slack (MET)                                                        0.63


  Startpoint: u_ctrl/u_aes/state_reg[105]
              (rising edge-triggered flip-flop clocked by clk_fast_aes)
  Endpoint: u_ctrl/u_aes/state_reg[41]
            (rising edge-triggered flip-flop clocked by clk_fast_aes)
  Path Group: clk_fast_aes
  Path Type: max

  Point                                                   Incr       Path
  --------------------------------------------------------------------------
  clock clk_fast_aes (rise edge)                          0.00       0.00
  clock network delay (ideal)                             0.00       0.00
  u_ctrl/u_aes/state_reg[105]/CLK (SDFFARX1_RVT)          0.00       0.00 r
  u_ctrl/u_aes/state_reg[105]/Q (SDFFARX1_RVT)            0.17       0.17 r
  u_ctrl/u_aes/U5612/Y (NBUFFX2_RVT)                      0.07 *     0.25 r
  u_ctrl/u_aes/U3760/Y (NAND3X0_RVT)                      0.08 *     0.32 f
  u_ctrl/u_aes/U3762/Y (INVX1_RVT)                        0.08 *     0.40 r
  u_ctrl/u_aes/U4274/Y (NAND2X0_RVT)                      0.17 *     0.57 f
  u_ctrl/u_aes/U5956/Y (NAND2X0_RVT)                      0.11 *     0.68 r
  u_ctrl/u_aes/U5957/Y (OR3X1_RVT)                        0.09 *     0.77 r
  u_ctrl/u_aes/U5960/Y (OR2X1_RVT)                        0.07 *     0.83 r
  u_ctrl/u_aes/U5961/Y (NOR4X1_RVT)                       0.12 *     0.95 f
  u_ctrl/u_aes/U5965/Y (NAND4X0_RVT)                      0.05 *     1.00 r
  u_ctrl/u_aes/U5977/Y (OA22X1_RVT)                       0.08 *     1.09 r
  u_ctrl/u_aes/U5978/Y (OA222X2_RVT)                      0.14 *     1.23 r
  u_ctrl/u_aes/U5979/Y (INVX1_RVT)                        0.05 *     1.28 f
  u_ctrl/u_aes/U8325/Y (AO22X2_RVT)                       0.10 *     1.37 f
  u_ctrl/u_aes/U8347/Y (XOR3X2_RVT)                       0.10 *     1.47 r
  u_ctrl/u_aes/U8348/S (FADDX1_RVT)                       0.17 *     1.64 f
  u_ctrl/u_aes/U6120/Y (NBUFFX8_RVT)                      0.07 *     1.71 f
  u_ctrl/u_aes/U234/Y (INVX4_RVT)                         0.02 *     1.73 r
  u_ctrl/u_aes/U6841/Y (AO21X1_RVT)                       0.08 *     1.81 r
  u_ctrl/u_aes/state_reg[41]/D (SDFFARX2_RVT)             0.00 *     1.81 r
  data arrival time                                                  1.81

  clock clk_fast_aes (rise edge)                          2.00       2.00
  clock network delay (ideal)                             0.00       2.00
  clock uncertainty                                      -0.05       1.95
  u_ctrl/u_aes/state_reg[41]/CLK (SDFFARX2_RVT)           0.00       1.95 r
  library setup time                                     -0.14       1.81
  data required time                                                 1.81
  --------------------------------------------------------------------------
  data required time                                                 1.81
  data arrival time                                                 -1.81
  --------------------------------------------------------------------------
  slack (MET)                                                        0.00


1
