 
****************************************
Report : area
Design : top_mcu_pll_sram_multiclk_soc
Version: W-2024.09-SP5-5
Date   : Mon Apr 13 19:55:04 2026
****************************************

Library(s) Used:

    saed32rvt_ff1p16v125c (File: /DATA/home/edu135/aes128_core/SAED32_EDK/lib/stdcell_rvt/db_nldm/saed32rvt_ff1p16v125c.db)
    saed32sram_ff1p16v125c (File: /DATA/home/edu135/aes128_core/SAED32_EDK/lib/sram/db_nldm/saed32sram_ff1p16v125c.db)
    saed32pll_ff1p16v125c_2p75v (File: /DATA/home/edu135/aes128_core/SAED32_EDK/lib/pll/db_nldm/saed32pll_ff1p16v125c_2p75v.db)

Number of ports:                         1085
Number of nets:                         12826
Number of cells:                        12182
Number of combinational cells:          10601
Number of sequential cells:              1405
Number of macros/black boxes:               2
Number of buf/inv:                       2354
Number of references:                       6

Combinational area:              22857.711547
Buf/Inv area:                     3652.049340
Noncombinational area:           12821.565113
Macro/Black Box area:            31230.701660
Net Interconnect area:           12618.948983

Total cell area:                 66909.978320
Total area:                      79528.927303

Hierarchical area distribution
------------------------------

                                  Global cell area              Local cell area
                                  -------------------  ---------------------------------- 
Hierarchical cell                 Absolute    Percent  Combi-      Noncombi-   Black-
                                  Total       Total    national    national    boxes       Design
--------------------------------  ----------  -------  ----------  ----------  ----------  ----------------------------------
top_mcu_pll_sram_multiclk_soc     66909.9783    100.0     12.7072      0.0000   5446.9321  top_mcu_pll_sram_multiclk_soc
u_ctrl                            35657.4203     53.3   1681.9250   2171.4064      0.0000  soc_ctrl_multiclk_soc
u_ctrl/u_aes                      28796.2946     43.0  19799.0885   8997.2061      0.0000  aes128_core
u_ctrl/u_crc                       1113.4049      1.7    518.7079    594.6970      0.0000  crc32_byte
u_ctrl/u_ct_cdc                      72.6852      0.1     12.7072     59.9780      0.0000  cdc_toggle_sync_1
u_ctrl/u_icg_aes                     10.4199      0.0      5.3370      5.0829      0.0000  icg_latch
u_ctrl/u_rx                         919.7472      1.4    425.6912    494.0559      0.0000  uart_rx_CLK_HZ100000000_BAUD115200
u_ctrl/u_send_cdc                    77.7681      0.1     17.7901     59.9780      0.0000  cdc_toggle_sync_0
u_ctrl/u_tx                         813.7691      1.2    383.7574    430.0117      0.0000  uart_tx_CLK_HZ100000000_BAUD115200
u_div8                                9.1492      0.0      0.0000      9.1492      0.0000  clk_div2_toggle
u_mem                             25783.7695     38.5      0.0000      0.0000  25783.7695  sram_wrap_1rw1024x8
--------------------------------  ----------  -------  ----------  ----------  ----------  ----------------------------------
Total                                                  22857.7115  12821.5651  31230.7017

1
