 
****************************************
Report : constraint
        -all_violators
Design : top_mcu_pll_sram_multiclk_soc
Version: W-2024.09-SP5-5
Date   : Mon Apr 13 19:55:04 2026
****************************************


   max_delay/setup ('clk_fast_aes' group)

                             Required        Actual
   Endpoint                 Path Delay     Path Delay        Slack
   -----------------------------------------------------------------
   u_ctrl/u_aes/state_reg[79]/D
                                1.57           4.89 r        -3.31  (VIOLATED)
   u_ctrl/u_aes/state_reg[67]/D
                                1.57           4.87 r        -3.30  (VIOLATED)
   u_ctrl/u_aes/state_reg[65]/D
                                1.57           4.87 r        -3.30  (VIOLATED)
   u_ctrl/u_aes/state_reg[68]/D
                                1.57           4.85 r        -3.27  (VIOLATED)
   u_ctrl/u_aes/state_reg[28]/D
                                1.57           4.84 r        -3.27  (VIOLATED)
   u_ctrl/u_aes/state_reg[109]/D
                                1.57           4.84 r        -3.27  (VIOLATED)
   u_ctrl/u_aes/state_reg[40]/D
                                1.57           4.84 r        -3.27  (VIOLATED)
   u_ctrl/u_aes/state_reg[87]/D
                                1.57           4.84 r        -3.27  (VIOLATED)
   u_ctrl/u_aes/state_reg[9]/D
                                1.57           4.84 r        -3.27  (VIOLATED)
   u_ctrl/u_aes/state_reg[64]/D
                                1.57           4.84 r        -3.27  (VIOLATED)
   u_ctrl/u_aes/state_reg[105]/D
                                1.57           4.84 r        -3.26  (VIOLATED)
   u_ctrl/u_aes/state_reg[32]/D
                                1.57           4.84 r        -3.26  (VIOLATED)
   u_ctrl/u_aes/state_reg[111]/D
                                1.57           4.83 r        -3.26  (VIOLATED)
   u_ctrl/u_aes/state_reg[96]/D
                                1.57           4.83 r        -3.26  (VIOLATED)
   u_ctrl/u_aes/state_reg[36]/D
                                1.57           4.83 r        -3.26  (VIOLATED)
   u_ctrl/u_aes/state_reg[55]/D
                                1.57           4.83 r        -3.26  (VIOLATED)
   u_ctrl/u_aes/state_reg[66]/D
                                1.57           4.83 r        -3.25  (VIOLATED)
   u_ctrl/u_aes/state_reg[121]/D
                                1.57           4.82 r        -3.25  (VIOLATED)
   u_ctrl/u_aes/state_reg[59]/D
                                1.57           4.82 r        -3.25  (VIOLATED)
   u_ctrl/u_aes/state_reg[91]/D
                                1.57           4.82 r        -3.25  (VIOLATED)
   u_ctrl/u_aes/state_reg[23]/D
                                1.57           4.82 r        -3.25  (VIOLATED)
   u_ctrl/u_aes/state_reg[31]/D
                                1.57           4.82 r        -3.25  (VIOLATED)
   u_ctrl/u_aes/state_reg[11]/D
                                1.57           4.81 r        -3.24  (VIOLATED)
   u_ctrl/u_aes/state_reg[12]/D
                                1.57           4.81 r        -3.24  (VIOLATED)
   u_ctrl/u_aes/state_reg[113]/D
                                1.57           4.81 r        -3.23  (VIOLATED)
   u_ctrl/u_aes/state_reg[35]/D
                                1.57           4.81 r        -3.23  (VIOLATED)
   u_ctrl/u_aes/state_reg[43]/D
                                1.57           4.81 r        -3.23  (VIOLATED)
   u_ctrl/u_aes/state_reg[122]/D
                                1.57           4.80 r        -3.23  (VIOLATED)
   u_ctrl/u_aes/state_reg[42]/D
                                1.57           4.80 r        -3.23  (VIOLATED)
   u_ctrl/u_aes/state_reg[88]/D
                                1.57           4.80 r        -3.22  (VIOLATED)
   u_ctrl/u_aes/state_reg[50]/D
                                1.57           4.80 r        -3.22  (VIOLATED)
   u_ctrl/u_aes/state_reg[99]/D
                                1.57           4.79 r        -3.22  (VIOLATED)
   u_ctrl/u_aes/state_reg[25]/D
                                1.57           4.79 r        -3.21  (VIOLATED)
   u_ctrl/u_aes/state_reg[47]/D
                                1.57           4.79 r        -3.21  (VIOLATED)
   u_ctrl/u_aes/state_reg[126]/D
                                1.57           4.78 r        -3.21  (VIOLATED)
   u_ctrl/u_aes/state_reg[115]/D
                                1.57           4.78 r        -3.21  (VIOLATED)
   u_ctrl/u_aes/state_reg[106]/D
                                1.57           4.78 r        -3.21  (VIOLATED)
   u_ctrl/u_aes/state_reg[21]/D
                                1.57           4.78 r        -3.21  (VIOLATED)
   u_ctrl/u_aes/state_reg[18]/D
                                1.57           4.77 r        -3.20  (VIOLATED)
   u_ctrl/u_aes/state_reg[81]/D
                                1.57           4.77 r        -3.20  (VIOLATED)
   u_ctrl/u_aes/state_reg[29]/D
                                1.57           4.77 r        -3.20  (VIOLATED)
   u_ctrl/u_aes/state_reg[27]/D
                                1.57           4.77 r        -3.20  (VIOLATED)
   u_ctrl/u_aes/state_reg[52]/D
                                1.57           4.77 r        -3.20  (VIOLATED)
   u_ctrl/u_aes/state_reg[1]/D
                                1.57           4.77 r        -3.20  (VIOLATED)
   u_ctrl/u_aes/state_reg[74]/D
                                1.57           4.77 r        -3.20  (VIOLATED)
   u_ctrl/u_aes/state_reg[8]/D
                                1.57           4.77 r        -3.19  (VIOLATED)
   u_ctrl/u_aes/state_reg[6]/D
                                1.59           4.78 f        -3.19  (VIOLATED)
   u_ctrl/u_aes/state_reg[60]/D
                                1.57           4.77 r        -3.19  (VIOLATED)
   u_ctrl/u_aes/state_reg[49]/D
                                1.57           4.76 r        -3.19  (VIOLATED)
   u_ctrl/u_aes/state_reg[86]/D
                                1.57           4.76 r        -3.19  (VIOLATED)
   u_ctrl/u_aes/state_reg[120]/D
                                1.57           4.76 r        -3.19  (VIOLATED)
   u_ctrl/u_aes/state_reg[97]/D
                                1.57           4.76 r        -3.18  (VIOLATED)
   u_ctrl/u_aes/state_reg[45]/D
                                1.57           4.75 r        -3.18  (VIOLATED)
   u_ctrl/u_aes/state_reg[34]/D
                                1.57           4.75 r        -3.18  (VIOLATED)
   u_ctrl/u_aes/state_reg[78]/D
                                1.57           4.75 r        -3.18  (VIOLATED)
   u_ctrl/u_aes/state_reg[100]/D
                                1.57           4.75 r        -3.18  (VIOLATED)
   u_ctrl/u_aes/state_reg[53]/D
                                1.57           4.75 r        -3.18  (VIOLATED)
   u_ctrl/u_aes/state_reg[63]/D
                                1.57           4.75 r        -3.17  (VIOLATED)
   u_ctrl/u_aes/state_reg[46]/D
                                1.57           4.75 r        -3.17  (VIOLATED)
   u_ctrl/u_aes/state_reg[26]/D
                                1.57           4.74 r        -3.16  (VIOLATED)
   u_ctrl/u_aes/state_reg[48]/D
                                1.57           4.73 r        -3.16  (VIOLATED)
   u_ctrl/u_aes/state_reg[2]/D
                                1.59           4.75 f        -3.16  (VIOLATED)
   u_ctrl/u_aes/state_reg[44]/D
                                1.57           4.73 r        -3.16  (VIOLATED)
   u_ctrl/u_aes/state_reg[101]/D
                                1.57           4.73 r        -3.16  (VIOLATED)
   u_ctrl/u_aes/state_reg[51]/D
                                1.57           4.73 r        -3.16  (VIOLATED)
   u_ctrl/u_aes/state_reg[10]/D
                                1.57           4.73 r        -3.16  (VIOLATED)
   u_ctrl/u_aes/state_reg[41]/D
                                1.57           4.73 r        -3.15  (VIOLATED)
   u_ctrl/u_aes/state_reg[69]/D
                                1.57           4.72 r        -3.15  (VIOLATED)
   u_ctrl/u_aes/state_reg[70]/D
                                1.57           4.72 r        -3.15  (VIOLATED)
   u_ctrl/u_aes/state_reg[39]/D
                                1.57           4.71 r        -3.14  (VIOLATED)
   u_ctrl/u_aes/state_reg[84]/D
                                1.57           4.71 r        -3.14  (VIOLATED)
   u_ctrl/u_aes/state_reg[93]/D
                                1.59           4.72 f        -3.14  (VIOLATED)
   u_ctrl/u_aes/state_reg[33]/D
                                1.57           4.71 r        -3.14  (VIOLATED)
   u_ctrl/u_aes/state_reg[98]/D
                                1.57           4.71 r        -3.13  (VIOLATED)
   u_ctrl/u_aes/state_reg[77]/D
                                1.57           4.71 r        -3.13  (VIOLATED)
   u_ctrl/u_aes/state_reg[19]/D
                                1.59           4.72 f        -3.13  (VIOLATED)
   u_ctrl/u_aes/state_reg[104]/D
                                1.57           4.70 r        -3.13  (VIOLATED)
   u_ctrl/u_aes/state_reg[71]/D
                                1.57           4.70 r        -3.13  (VIOLATED)
   u_ctrl/u_aes/state_reg[24]/D
                                1.57           4.70 r        -3.12  (VIOLATED)
   u_ctrl/u_aes/state_reg[72]/D
                                1.57           4.69 r        -3.12  (VIOLATED)
   u_ctrl/u_aes/state_reg[37]/D
                                1.57           4.69 r        -3.12  (VIOLATED)
   u_ctrl/u_aes/state_reg[90]/D
                                1.57           4.69 r        -3.11  (VIOLATED)
   u_ctrl/u_aes/state_reg[62]/D
                                1.57           4.68 r        -3.11  (VIOLATED)
   u_ctrl/u_aes/state_reg[38]/D
                                1.57           4.68 r        -3.11  (VIOLATED)
   u_ctrl/u_aes/state_reg[7]/D
                                1.57           4.67 r        -3.10  (VIOLATED)
   u_ctrl/u_aes/state_reg[15]/D
                                1.57           4.67 r        -3.10  (VIOLATED)
   u_ctrl/u_aes/state_reg[54]/D
                                1.57           4.67 r        -3.10  (VIOLATED)
   u_ctrl/u_aes/state_reg[108]/D
                                1.57           4.66 r        -3.09  (VIOLATED)
   u_ctrl/u_aes/state_reg[118]/D
                                1.57           4.66 r        -3.09  (VIOLATED)
   u_ctrl/u_aes/state_reg[117]/D
                                1.57           4.66 r        -3.09  (VIOLATED)
   u_ctrl/u_aes/state_reg[119]/D
                                1.57           4.66 r        -3.08  (VIOLATED)
   u_ctrl/u_aes/state_reg[116]/D
                                1.57           4.65 r        -3.08  (VIOLATED)
   u_ctrl/u_aes/state_reg[107]/D
                                1.57           4.65 r        -3.08  (VIOLATED)
   u_ctrl/u_aes/state_reg[110]/D
                                1.57           4.65 r        -3.08  (VIOLATED)
   u_ctrl/u_aes/state_reg[127]/D
                                1.57           4.64 r        -3.07  (VIOLATED)
   u_ctrl/u_aes/state_reg[58]/D
                                1.57           4.64 r        -3.07  (VIOLATED)
   u_ctrl/u_aes/state_reg[73]/D
                                1.57           4.64 r        -3.07  (VIOLATED)
   u_ctrl/u_aes/state_reg[76]/D
                                1.57           4.62 r        -3.05  (VIOLATED)
   u_ctrl/u_aes/state_reg[125]/D
                                1.57           4.62 r        -3.04  (VIOLATED)
   u_ctrl/u_aes/state_reg[17]/D
                                1.57           4.61 r        -3.04  (VIOLATED)
   u_ctrl/u_aes/state_reg[123]/D
                                1.57           4.61 r        -3.04  (VIOLATED)
   u_ctrl/u_aes/state_reg[112]/D
                                1.59           4.62 f        -3.04  (VIOLATED)
   u_ctrl/u_aes/state_reg[0]/D
                                1.57           4.61 r        -3.04  (VIOLATED)
   u_ctrl/u_aes/state_reg[103]/D
                                1.59           4.61 f        -3.03  (VIOLATED)
   u_ctrl/u_aes/state_reg[95]/D
                                1.57           4.60 r        -3.03  (VIOLATED)
   u_ctrl/u_aes/state_reg[114]/D
                                1.57           4.60 r        -3.02  (VIOLATED)
   u_ctrl/u_aes/state_reg[124]/D
                                1.57           4.58 r        -3.01  (VIOLATED)
   u_ctrl/u_aes/state_reg[75]/D
                                1.57           4.58 r        -3.01  (VIOLATED)
   u_ctrl/u_aes/state_reg[102]/D
                                1.57           4.57 r        -3.00  (VIOLATED)
   u_ctrl/u_aes/state_reg[92]/D
                                1.57           4.55 r        -2.97  (VIOLATED)
   u_ctrl/u_aes/state_reg[82]/D
                                1.57           4.54 r        -2.96  (VIOLATED)
   u_ctrl/u_aes/state_reg[3]/D
                                1.57           4.53 r        -2.96  (VIOLATED)
   u_ctrl/u_aes/state_reg[14]/D
                                1.57           4.52 r        -2.94  (VIOLATED)
   u_ctrl/u_aes/state_reg[61]/D
                                1.57           4.51 r        -2.94  (VIOLATED)
   u_ctrl/u_aes/state_reg[89]/D
                                1.57           4.50 r        -2.93  (VIOLATED)
   u_ctrl/u_aes/state_reg[20]/D
                                1.57           4.48 r        -2.91  (VIOLATED)
   u_ctrl/u_aes/ct_out_reg[34]/D
                                1.57           4.48 r        -2.91  (VIOLATED)
   u_ctrl/u_aes/state_reg[80]/D
                                1.57           4.47 r        -2.90  (VIOLATED)
   u_ctrl/u_aes/state_reg[94]/D
                                1.59           4.48 f        -2.90  (VIOLATED)
   u_ctrl/u_aes/rkeys_reg[739]/D
                                1.59           4.47 f        -2.88  (VIOLATED)
   u_ctrl/u_aes/rkeys_reg[833]/D
                                1.59           4.47 f        -2.88  (VIOLATED)
   u_ctrl/u_aes/rkeys_reg[929]/D
                                1.59           4.47 f        -2.88  (VIOLATED)
   u_ctrl/u_aes/rkeys_reg[931]/D
                                1.59           4.47 f        -2.88  (VIOLATED)
   u_ctrl/u_aes/rkeys_reg[993]/D
                                1.59           4.47 f        -2.88  (VIOLATED)
   u_ctrl/u_aes/rkeys_reg[995]/D
                                1.59           4.47 f        -2.88  (VIOLATED)
   u_ctrl/u_aes/rkeys_reg[1025]/D
                                1.59           4.47 f        -2.88  (VIOLATED)
   u_ctrl/u_aes/rkeys_reg[1027]/D
                                1.59           4.47 f        -2.88  (VIOLATED)
   u_ctrl/u_aes/rkeys_reg[1028]/D
                                1.59           4.47 f        -2.88  (VIOLATED)
   u_ctrl/u_aes/rkeys_reg[1121]/D
                                1.59           4.47 f        -2.88  (VIOLATED)
   u_ctrl/u_aes/rkeys_reg[1123]/D
                                1.59           4.47 f        -2.88  (VIOLATED)
   u_ctrl/u_aes/state_reg[56]/D
                                1.57           4.46 r        -2.88  (VIOLATED)
   u_ctrl/u_aes/state_reg[13]/D
                                1.57           4.45 r        -2.88  (VIOLATED)
   u_ctrl/u_aes/ct_out_reg[48]/D
                                1.57           4.45 r        -2.88  (VIOLATED)
   u_ctrl/u_aes/ct_out_reg[49]/D
                                1.57           4.45 r        -2.88  (VIOLATED)
   u_ctrl/u_aes/ct_out_reg[84]/D
                                1.57           4.45 r        -2.88  (VIOLATED)
   u_ctrl/u_aes/ct_out_reg[102]/D
                                1.57           4.45 r        -2.88  (VIOLATED)
   u_ctrl/u_aes/ct_out_reg[98]/D
                                1.57           4.45 r        -2.88  (VIOLATED)
   u_ctrl/u_aes/ct_out_reg[40]/D
                                1.57           4.45 r        -2.88  (VIOLATED)
   u_ctrl/u_aes/ct_out_reg[17]/D
                                1.57           4.45 r        -2.88  (VIOLATED)
   u_ctrl/u_aes/ct_out_reg[35]/D
                                1.57           4.45 r        -2.88  (VIOLATED)
   u_ctrl/u_aes/ct_out_reg[21]/D
                                1.57           4.45 r        -2.88  (VIOLATED)
   u_ctrl/u_aes/ct_out_reg[120]/D
                                1.57           4.45 r        -2.88  (VIOLATED)
   u_ctrl/u_aes/state_reg[4]/D
                                1.57           4.44 r        -2.87  (VIOLATED)
   u_ctrl/u_aes/state_reg[57]/D
                                1.57           4.42 r        -2.85  (VIOLATED)
   u_ctrl/u_aes/ct_out_reg[112]/D
                                1.57           4.42 r        -2.85  (VIOLATED)
   u_ctrl/u_aes/state_reg[16]/D
                                1.57           4.40 r        -2.83  (VIOLATED)
   u_ctrl/u_aes/ct_out_reg[53]/D
                                1.57           4.40 r        -2.82  (VIOLATED)
   u_ctrl/u_aes/ct_out_reg[106]/D
                                1.57           4.39 r        -2.81  (VIOLATED)
   u_ctrl/u_aes/ct_out_reg[62]/D
                                1.57           4.39 r        -2.81  (VIOLATED)
   u_ctrl/u_aes/state_reg[30]/D
                                1.59           4.40 f        -2.81  (VIOLATED)
   u_ctrl/u_aes/ct_out_reg[115]/D
                                1.57           4.38 r        -2.80  (VIOLATED)
   u_ctrl/u_aes/rkeys_reg[231]/D
                                1.59           4.38 f        -2.80  (VIOLATED)
   u_ctrl/u_aes/rkeys_reg[325]/D
                                1.59           4.38 f        -2.80  (VIOLATED)
   u_ctrl/u_aes/rkeys_reg[327]/D
                                1.59           4.38 f        -2.80  (VIOLATED)
   u_ctrl/u_aes/rkeys_reg[354]/D
                                1.59           4.38 f        -2.80  (VIOLATED)
   u_ctrl/u_aes/rkeys_reg[357]/D
                                1.59           4.38 f        -2.80  (VIOLATED)
   u_ctrl/u_aes/rkeys_reg[419]/D
                                1.59           4.38 f        -2.80  (VIOLATED)
   u_ctrl/u_aes/rkeys_reg[517]/D
                                1.59           4.38 f        -2.80  (VIOLATED)
   u_ctrl/u_aes/rkeys_reg[551]/D
                                1.59           4.38 f        -2.80  (VIOLATED)
   u_ctrl/u_aes/rkeys_reg[578]/D
                                1.59           4.38 f        -2.80  (VIOLATED)
   u_ctrl/u_aes/rkeys_reg[583]/D
                                1.59           4.38 f        -2.80  (VIOLATED)
   u_ctrl/u_aes/rkeys_reg[610]/D
                                1.59           4.38 f        -2.80  (VIOLATED)
   u_ctrl/u_aes/rkeys_reg[1153]/D
                                1.59           4.38 f        -2.80  (VIOLATED)
   u_ctrl/u_aes/rkeys_reg[1155]/D
                                1.59           4.38 f        -2.80  (VIOLATED)
   u_ctrl/u_aes/rkeys_reg[1171]/D
                                1.59           4.38 f        -2.80  (VIOLATED)
   u_ctrl/u_aes/rkeys_reg[1217]/D
                                1.59           4.38 f        -2.80  (VIOLATED)
   u_ctrl/u_aes/rkeys_reg[1235]/D
                                1.59           4.38 f        -2.80  (VIOLATED)
   u_ctrl/u_aes/rkeys_reg[1267]/D
                                1.59           4.38 f        -2.80  (VIOLATED)
   u_ctrl/u_aes/rkeys_reg[1312]/D
                                1.59           4.38 f        -2.80  (VIOLATED)
   u_ctrl/u_aes/rkeys_reg[1315]/D
                                1.59           4.38 f        -2.80  (VIOLATED)
   u_ctrl/u_aes/rkeys_reg[1321]/D
                                1.59           4.38 f        -2.80  (VIOLATED)
   u_ctrl/u_aes/rkeys_reg[1323]/D
                                1.59           4.38 f        -2.80  (VIOLATED)
   u_ctrl/u_aes/rkeys_reg[1328]/D
                                1.59           4.38 f        -2.80  (VIOLATED)
   u_ctrl/u_aes/ct_out_reg[105]/D
                                1.57           4.37 r        -2.79  (VIOLATED)
   u_ctrl/u_aes/ct_out_reg[61]/D
                                1.57           4.37 r        -2.79  (VIOLATED)
   u_ctrl/u_aes/rkeys_reg[1154]/D
                                1.59           4.36 f        -2.78  (VIOLATED)
   u_ctrl/u_aes/rkeys_reg[1173]/D
                                1.59           4.36 f        -2.78  (VIOLATED)
   u_ctrl/u_aes/rkeys_reg[1184]/D
                                1.59           4.36 f        -2.78  (VIOLATED)
   u_ctrl/u_aes/rkeys_reg[1189]/D
                                1.59           4.36 f        -2.78  (VIOLATED)
   u_ctrl/u_aes/rkeys_reg[1211]/D
                                1.59           4.36 f        -2.78  (VIOLATED)
   u_ctrl/u_aes/rkeys_reg[1230]/D
                                1.59           4.36 f        -2.78  (VIOLATED)
   u_ctrl/u_aes/rkeys_reg[1237]/D
                                1.59           4.36 f        -2.78  (VIOLATED)
   u_ctrl/u_aes/rkeys_reg[1248]/D
                                1.59           4.36 f        -2.78  (VIOLATED)
   u_ctrl/u_aes/rkeys_reg[1250]/D
                                1.59           4.36 f        -2.78  (VIOLATED)
   u_ctrl/u_aes/rkeys_reg[1253]/D
                                1.59           4.36 f        -2.78  (VIOLATED)
   u_ctrl/u_aes/rkeys_reg[1269]/D
                                1.59           4.36 f        -2.78  (VIOLATED)
   u_ctrl/u_aes/ct_out_reg[117]/D
                                1.58           4.34 r        -2.77  (VIOLATED)
   u_ctrl/u_aes/ct_out_reg[38]/D
                                1.57           4.34 r        -2.77  (VIOLATED)
   u_ctrl/u_aes/state_reg[85]/D
                                1.59           4.35 f        -2.76  (VIOLATED)
   u_ctrl/u_aes/ct_out_reg[108]/D
                                1.59           4.34 f        -2.75  (VIOLATED)
   u_ctrl/u_aes/ct_out_reg[57]/D
                                1.57           4.32 r        -2.75  (VIOLATED)
   u_ctrl/u_aes/ct_out_reg[85]/D
                                1.59           4.33 f        -2.74  (VIOLATED)
   u_ctrl/u_aes/ct_out_reg[58]/D
                                1.57           4.32 r        -2.74  (VIOLATED)
   u_ctrl/u_aes/state_reg[5]/D
                                1.57           4.31 r        -2.73  (VIOLATED)
   u_ctrl/u_aes/ct_out_reg[52]/D
                                1.57           4.30 r        -2.73  (VIOLATED)
   u_ctrl/u_aes/rkeys_reg[107]/D
                                1.59           4.31 f        -2.72  (VIOLATED)
   u_ctrl/u_aes/rkeys_reg[176]/D
                                1.59           4.31 f        -2.72  (VIOLATED)
   u_ctrl/u_aes/rkeys_reg[206]/D
                                1.59           4.31 f        -2.72  (VIOLATED)
   u_ctrl/u_aes/rkeys_reg[240]/D
                                1.59           4.31 f        -2.72  (VIOLATED)
   u_ctrl/u_aes/rkeys_reg[297]/D
                                1.59           4.31 f        -2.72  (VIOLATED)
   u_ctrl/u_aes/rkeys_reg[299]/D
                                1.59           4.31 f        -2.72  (VIOLATED)
   u_ctrl/u_aes/rkeys_reg[368]/D
                                1.59           4.31 f        -2.72  (VIOLATED)
   u_ctrl/u_aes/rkeys_reg[398]/D
                                1.59           4.31 f        -2.72  (VIOLATED)
   u_ctrl/u_aes/rkeys_reg[427]/D
                                1.59           4.31 f        -2.72  (VIOLATED)
   u_ctrl/u_aes/rkeys_reg[462]/D
                                1.59           4.31 f        -2.72  (VIOLATED)
   u_ctrl/u_aes/rkeys_reg[494]/D
                                1.59           4.31 f        -2.72  (VIOLATED)
   u_ctrl/u_aes/rkeys_reg[868]/D
                                1.59           4.31 f        -2.72  (VIOLATED)
   u_ctrl/u_aes/rkeys_reg[894]/D
                                1.59           4.31 f        -2.72  (VIOLATED)
   u_ctrl/u_aes/rkeys_reg[932]/D
                                1.59           4.31 f        -2.72  (VIOLATED)
   u_ctrl/u_aes/rkeys_reg[990]/D
                                1.59           4.31 f        -2.72  (VIOLATED)
   u_ctrl/u_aes/rkeys_reg[1145]/D
                                1.59           4.31 f        -2.72  (VIOLATED)
   u_ctrl/u_aes/rkeys_reg[1177]/D
                                1.59           4.31 f        -2.72  (VIOLATED)
   u_ctrl/u_aes/rkeys_reg[1182]/D
                                1.59           4.31 f        -2.72  (VIOLATED)
   u_ctrl/u_aes/rkeys_reg[1209]/D
                                1.59           4.31 f        -2.72  (VIOLATED)
   u_ctrl/u_aes/rkeys_reg[1214]/D
                                1.59           4.31 f        -2.72  (VIOLATED)
   u_ctrl/u_aes/rkeys_reg[1246]/D
                                1.59           4.31 f        -2.72  (VIOLATED)
   u_ctrl/u_aes/rkeys_reg[1278]/D
                                1.59           4.31 f        -2.72  (VIOLATED)
   u_ctrl/u_aes/rkeys_reg[146]/D
                                1.59           4.30 f        -2.71  (VIOLATED)
   u_ctrl/u_aes/rkeys_reg[147]/D
                                1.59           4.30 f        -2.71  (VIOLATED)
   u_ctrl/u_aes/rkeys_reg[149]/D
                                1.59           4.30 f        -2.71  (VIOLATED)
   u_ctrl/u_aes/rkeys_reg[174]/D
                                1.59           4.30 f        -2.71  (VIOLATED)
   u_ctrl/u_aes/rkeys_reg[175]/D
                                1.59           4.30 f        -2.71  (VIOLATED)
   u_ctrl/u_aes/rkeys_reg[201]/D
                                1.59           4.30 f        -2.71  (VIOLATED)
   u_ctrl/u_aes/rkeys_reg[233]/D
                                1.59           4.30 f        -2.71  (VIOLATED)
   u_ctrl/u_aes/rkeys_reg[270]/D
                                1.59           4.30 f        -2.71  (VIOLATED)
   u_ctrl/u_aes/rkeys_reg[295]/D
                                1.59           4.30 f        -2.71  (VIOLATED)
   u_ctrl/u_aes/rkeys_reg[301]/D
                                1.59           4.30 f        -2.71  (VIOLATED)
   u_ctrl/u_aes/rkeys_reg[303]/D
                                1.59           4.30 f        -2.71  (VIOLATED)
   u_ctrl/u_aes/rkeys_reg[333]/D
                                1.59           4.30 f        -2.71  (VIOLATED)
   u_ctrl/u_aes/rkeys_reg[334]/D
                                1.59           4.30 f        -2.71  (VIOLATED)
   u_ctrl/u_aes/rkeys_reg[351]/D
                                1.59           4.30 f        -2.71  (VIOLATED)
   u_ctrl/u_aes/rkeys_reg[361]/D
                                1.59           4.30 f        -2.71  (VIOLATED)
   u_ctrl/u_aes/rkeys_reg[367]/D
                                1.59           4.30 f        -2.71  (VIOLATED)
   u_ctrl/u_aes/rkeys_reg[377]/D
                                1.59           4.30 f        -2.71  (VIOLATED)
   u_ctrl/u_aes/rkeys_reg[382]/D
                                1.59           4.30 f        -2.71  (VIOLATED)
   u_ctrl/u_aes/rkeys_reg[399]/D
                                1.59           4.30 f        -2.71  (VIOLATED)
   u_ctrl/u_aes/rkeys_reg[425]/D
                                1.59           4.30 f        -2.71  (VIOLATED)
   u_ctrl/u_aes/rkeys_reg[431]/D
                                1.59           4.30 f        -2.71  (VIOLATED)
   u_ctrl/u_aes/rkeys_reg[455]/D
                                1.59           4.30 f        -2.71  (VIOLATED)
   u_ctrl/u_aes/rkeys_reg[463]/D
                                1.59           4.30 f        -2.71  (VIOLATED)
   u_ctrl/u_aes/rkeys_reg[478]/D
                                1.59           4.30 f        -2.71  (VIOLATED)
   u_ctrl/u_aes/rkeys_reg[479]/D
                                1.59           4.30 f        -2.71  (VIOLATED)
   u_ctrl/u_aes/rkeys_reg[493]/D
                                1.59           4.30 f        -2.71  (VIOLATED)
   u_ctrl/u_aes/rkeys_reg[508]/D
                                1.59           4.30 f        -2.71  (VIOLATED)
   u_ctrl/u_aes/rkeys_reg[575]/D
                                1.59           4.30 f        -2.71  (VIOLATED)
   u_ctrl/u_aes/rkeys_reg[607]/D
                                1.59           4.30 f        -2.71  (VIOLATED)
   u_ctrl/u_aes/rkeys_reg[633]/D
                                1.59           4.30 f        -2.71  (VIOLATED)
   u_ctrl/u_aes/rkeys_reg[638]/D
                                1.59           4.30 f        -2.71  (VIOLATED)
   u_ctrl/u_aes/rkeys_reg[687]/D
                                1.59           4.30 f        -2.71  (VIOLATED)
   u_ctrl/u_aes/rkeys_reg[700]/D
                                1.59           4.30 f        -2.71  (VIOLATED)
   u_ctrl/u_aes/rkeys_reg[711]/D
                                1.59           4.30 f        -2.71  (VIOLATED)
   u_ctrl/u_aes/rkeys_reg[727]/D
                                1.59           4.30 f        -2.71  (VIOLATED)
   u_ctrl/u_aes/rkeys_reg[735]/D
                                1.59           4.30 f        -2.71  (VIOLATED)
   u_ctrl/u_aes/rkeys_reg[764]/D
                                1.59           4.30 f        -2.71  (VIOLATED)
   u_ctrl/u_aes/rkeys_reg[807]/D
                                1.59           4.30 f        -2.71  (VIOLATED)
   u_ctrl/u_aes/rkeys_reg[863]/D
                                1.59           4.30 f        -2.71  (VIOLATED)
   u_ctrl/u_aes/rkeys_reg[967]/D
                                1.59           4.30 f        -2.71  (VIOLATED)
   u_ctrl/u_aes/rkeys_reg[1015]/D
                                1.59           4.30 f        -2.71  (VIOLATED)
   u_ctrl/u_aes/rkeys_reg[1079]/D
                                1.59           4.30 f        -2.71  (VIOLATED)
   u_ctrl/u_aes/rkeys_reg[1239]/D
                                1.59           4.30 f        -2.71  (VIOLATED)
   u_ctrl/u_aes/rkeys_reg[1271]/D
                                1.59           4.30 f        -2.71  (VIOLATED)
   u_ctrl/u_aes/ct_out_reg[51]/D
                                1.57           4.28 r        -2.71  (VIOLATED)
   u_ctrl/u_aes/ct_out_reg[78]/D
                                1.57           4.28 r        -2.70  (VIOLATED)
   u_ctrl/u_aes/ct_out_reg[26]/D
                                1.57           4.28 r        -2.70  (VIOLATED)
   u_ctrl/u_aes/ct_out_reg[2]/D
                                1.57           4.28 r        -2.70  (VIOLATED)
   u_ctrl/u_aes/ct_out_reg[82]/D
                                1.57           4.28 r        -2.70  (VIOLATED)
   u_ctrl/u_aes/ct_out_reg[95]/D
                                1.57           4.28 r        -2.70  (VIOLATED)
   u_ctrl/u_aes/ct_out_reg[27]/D
                                1.57           4.28 r        -2.70  (VIOLATED)
   u_ctrl/u_aes/ct_out_reg[12]/D
                                1.57           4.28 r        -2.70  (VIOLATED)
   u_ctrl/u_aes/ct_out_reg[16]/D
                                1.57           4.28 r        -2.70  (VIOLATED)
   u_ctrl/u_aes/ct_out_reg[75]/D
                                1.57           4.28 r        -2.70  (VIOLATED)
   u_ctrl/u_aes/rkeys_reg[704]/D
                                1.59           4.29 f        -2.70  (VIOLATED)
   u_ctrl/u_aes/rkeys_reg[705]/D
                                1.59           4.29 f        -2.70  (VIOLATED)
   u_ctrl/u_aes/rkeys_reg[802]/D
                                1.59           4.29 f        -2.70  (VIOLATED)
   u_ctrl/u_aes/rkeys_reg[803]/D
                                1.59           4.29 f        -2.70  (VIOLATED)
   u_ctrl/u_aes/rkeys_reg[860]/D
                                1.59           4.29 f        -2.70  (VIOLATED)
   u_ctrl/u_aes/rkeys_reg[896]/D
                                1.59           4.29 f        -2.70  (VIOLATED)
   u_ctrl/u_aes/rkeys_reg[957]/D
                                1.59           4.29 f        -2.70  (VIOLATED)
   u_ctrl/u_aes/rkeys_reg[958]/D
                                1.59           4.29 f        -2.70  (VIOLATED)
   u_ctrl/u_aes/rkeys_reg[961]/D
                                1.59           4.29 f        -2.70  (VIOLATED)
   u_ctrl/u_aes/rkeys_reg[1054]/D
                                1.59           4.29 f        -2.70  (VIOLATED)
   u_ctrl/u_aes/rkeys_reg[1118]/D
                                1.59           4.29 f        -2.70  (VIOLATED)
   u_ctrl/u_aes/ct_out_reg[44]/D
                                1.57           4.27 r        -2.70  (VIOLATED)
   u_ctrl/u_aes/ct_out_reg[32]/D
                                1.57           4.27 r        -2.70  (VIOLATED)
   u_ctrl/u_aes/ct_out_reg[113]/D
                                1.57           4.25 r        -2.68  (VIOLATED)
   u_ctrl/u_aes/ct_out_reg[110]/D
                                1.57           4.25 r        -2.68  (VIOLATED)
   u_ctrl/u_aes/ct_out_reg[118]/D
                                1.57           4.24 r        -2.67  (VIOLATED)
   u_ctrl/u_aes/ct_out_reg[70]/D
                                1.58           4.24 r        -2.67  (VIOLATED)
   u_ctrl/u_aes/state_reg[83]/D
                                1.59           4.25 f        -2.66  (VIOLATED)
   u_ctrl/u_aes/rkeys_reg[1129]/D
                                1.59           4.25 f        -2.66  (VIOLATED)
   u_ctrl/u_aes/rkeys_reg[1161]/D
                                1.59           4.25 f        -2.66  (VIOLATED)
   u_ctrl/u_aes/rkeys_reg[1164]/D
                                1.59           4.25 f        -2.66  (VIOLATED)
   u_ctrl/u_aes/rkeys_reg[1165]/D
                                1.59           4.25 f        -2.66  (VIOLATED)
   u_ctrl/u_aes/rkeys_reg[1196]/D
                                1.59           4.25 f        -2.66  (VIOLATED)
   u_ctrl/u_aes/rkeys_reg[1197]/D
                                1.59           4.25 f        -2.66  (VIOLATED)
   u_ctrl/u_aes/rkeys_reg[1223]/D
                                1.59           4.25 f        -2.66  (VIOLATED)
   u_ctrl/u_aes/rkeys_reg[1225]/D
                                1.59           4.25 f        -2.66  (VIOLATED)
   u_ctrl/u_aes/rkeys_reg[1229]/D
                                1.59           4.25 f        -2.66  (VIOLATED)
   u_ctrl/u_aes/rkeys_reg[1260]/D
                                1.59           4.25 f        -2.66  (VIOLATED)
   u_ctrl/u_aes/rkeys_reg[1261]/D
                                1.59           4.25 f        -2.66  (VIOLATED)
   u_ctrl/u_aes/ct_out_reg[50]/D
                                1.57           4.23 r        -2.66  (VIOLATED)
   u_ctrl/u_aes/ct_out_reg[87]/D
                                1.57           4.23 r        -2.65  (VIOLATED)
   u_ctrl/u_aes/ct_out_reg[90]/D
                                1.57           4.22 r        -2.64  (VIOLATED)
   u_ctrl/u_aes/ct_out_reg[45]/D
                                1.57           4.21 r        -2.64  (VIOLATED)
   u_ctrl/u_aes/ct_out_reg[33]/D
                                1.57           4.21 r        -2.63  (VIOLATED)
   u_ctrl/u_aes/ct_out_reg[99]/D
                                1.57           4.20 r        -2.63  (VIOLATED)
   u_ctrl/u_aes/ct_out_reg[37]/D
                                1.58           4.20 r        -2.62  (VIOLATED)
   u_ctrl/u_aes/ct_out_reg[100]/D
                                1.57           4.19 r        -2.62  (VIOLATED)
   u_ctrl/u_aes/state_reg[22]/D
                                1.57           4.19 r        -2.62  (VIOLATED)
   u_ctrl/u_aes/ct_out_reg[80]/D
                                1.57           4.19 r        -2.61  (VIOLATED)
   u_ctrl/u_aes/ct_out_reg[46]/D
                                1.57           4.19 r        -2.61  (VIOLATED)
   u_ctrl/u_aes/ct_out_reg[56]/D
                                1.57           4.18 r        -2.61  (VIOLATED)
   u_ctrl/u_aes/rkeys_reg[224]/D
                                1.59           4.19 f        -2.61  (VIOLATED)
   u_ctrl/u_aes/rkeys_reg[228]/D
                                1.59           4.19 f        -2.61  (VIOLATED)
   u_ctrl/u_aes/rkeys_reg[230]/D
                                1.59           4.19 f        -2.61  (VIOLATED)
   u_ctrl/u_aes/rkeys_reg[320]/D
                                1.59           4.19 f        -2.61  (VIOLATED)
   u_ctrl/u_aes/rkeys_reg[323]/D
                                1.59           4.19 f        -2.61  (VIOLATED)
   u_ctrl/u_aes/rkeys_reg[324]/D
                                1.59           4.19 f        -2.61  (VIOLATED)
   u_ctrl/u_aes/rkeys_reg[352]/D
                                1.59           4.19 f        -2.61  (VIOLATED)
   u_ctrl/u_aes/rkeys_reg[356]/D
                                1.59           4.19 f        -2.61  (VIOLATED)
   u_ctrl/u_aes/rkeys_reg[416]/D
                                1.59           4.19 f        -2.61  (VIOLATED)
   u_ctrl/u_aes/rkeys_reg[422]/D
                                1.59           4.19 f        -2.61  (VIOLATED)
   u_ctrl/u_aes/rkeys_reg[481]/D
                                1.59           4.19 f        -2.61  (VIOLATED)
   u_ctrl/u_aes/rkeys_reg[483]/D
                                1.59           4.19 f        -2.61  (VIOLATED)
   u_ctrl/u_aes/rkeys_reg[484]/D
                                1.59           4.19 f        -2.61  (VIOLATED)
   u_ctrl/u_aes/rkeys_reg[513]/D
                                1.59           4.19 f        -2.61  (VIOLATED)
   u_ctrl/u_aes/rkeys_reg[515]/D
                                1.59           4.19 f        -2.61  (VIOLATED)
   u_ctrl/u_aes/rkeys_reg[518]/D
                                1.59           4.19 f        -2.61  (VIOLATED)
   u_ctrl/u_aes/rkeys_reg[544]/D
                                1.59           4.19 f        -2.61  (VIOLATED)
   u_ctrl/u_aes/rkeys_reg[550]/D
                                1.59           4.19 f        -2.61  (VIOLATED)
   u_ctrl/u_aes/rkeys_reg[608]/D
                                1.59           4.19 f        -2.61  (VIOLATED)
   u_ctrl/u_aes/rkeys_reg[611]/D
                                1.59           4.19 f        -2.61  (VIOLATED)
   u_ctrl/u_aes/rkeys_reg[612]/D
                                1.59           4.19 f        -2.61  (VIOLATED)
   u_ctrl/u_aes/rkeys_reg[614]/D
                                1.59           4.19 f        -2.61  (VIOLATED)
   u_ctrl/u_aes/ct_out_reg[126]/D
                                1.57           4.18 r        -2.61  (VIOLATED)
   u_ctrl/u_aes/ct_out_reg[97]/D
                                1.57           4.18 r        -2.61  (VIOLATED)
   u_ctrl/u_aes/ct_out_reg[8]/D
                                1.57           4.16 r        -2.59  (VIOLATED)
   u_ctrl/u_aes/ct_out_reg[92]/D
                                1.59           4.17 f        -2.58  (VIOLATED)
   u_ctrl/u_aes/ct_out_reg[96]/D
                                1.57           4.15 r        -2.58  (VIOLATED)
   u_ctrl/u_aes/ct_out_reg[13]/D
                                1.57           4.15 r        -2.57  (VIOLATED)
   u_ctrl/u_aes/ct_out_reg[88]/D
                                1.57           4.14 r        -2.56  (VIOLATED)
   u_ctrl/u_aes/ct_out_reg[47]/D
                                1.59           4.14 f        -2.55  (VIOLATED)
   u_ctrl/u_aes/ct_out_reg[10]/D
                                1.57           4.11 r        -2.54  (VIOLATED)
   u_ctrl/u_aes/ct_out_reg[14]/D
                                1.59           4.12 f        -2.53  (VIOLATED)
   u_ctrl/u_aes/ct_out_reg[36]/D
                                1.57           4.10 r        -2.53  (VIOLATED)
   u_ctrl/u_aes/ct_out_reg[109]/D
                                1.57           4.10 r        -2.53  (VIOLATED)
   u_ctrl/u_aes/ct_out_reg[101]/D
                                1.57           4.09 r        -2.52  (VIOLATED)
   u_ctrl/u_aes/ct_out_reg[122]/D
                                1.57           4.08 r        -2.50  (VIOLATED)
   u_ctrl/u_aes/ct_out_reg[114]/D
                                1.57           4.06 r        -2.49  (VIOLATED)
   u_ctrl/u_aes/ct_out_reg[123]/D
                                1.57           4.06 r        -2.49  (VIOLATED)
   u_ctrl/u_aes/ct_out_reg[54]/D
                                1.57           4.06 r        -2.48  (VIOLATED)
   u_ctrl/u_aes/ct_out_reg[116]/D
                                1.59           4.07 f        -2.48  (VIOLATED)
   u_ctrl/u_aes/ct_out_reg[68]/D
                                1.57           4.05 r        -2.48  (VIOLATED)
   u_ctrl/u_aes/ct_out_reg[81]/D
                                1.59           4.06 f        -2.48  (VIOLATED)
   u_ctrl/u_aes/ct_out_reg[104]/D
                                1.57           4.05 r        -2.47  (VIOLATED)
   u_ctrl/u_aes/ct_out_reg[3]/D
                                1.57           4.04 r        -2.47  (VIOLATED)
   u_ctrl/u_aes/ct_out_reg[41]/D
                                1.57           4.04 r        -2.47  (VIOLATED)
   u_ctrl/u_aes/ct_out_reg[42]/D
                                1.57           4.04 r        -2.46  (VIOLATED)
   u_ctrl/u_aes/ct_out_reg[107]/D
                                1.57           4.02 r        -2.45  (VIOLATED)
   u_ctrl/u_aes/ct_out_reg[59]/D
                                1.57           4.01 r        -2.44  (VIOLATED)
   u_ctrl/u_aes/ct_out_reg[86]/D
                                1.59           4.02 f        -2.44  (VIOLATED)
   u_ctrl/u_aes/ct_out_reg[89]/D
                                1.59           4.02 f        -2.43  (VIOLATED)
   u_ctrl/u_aes/ct_out_reg[11]/D
                                1.57           4.00 r        -2.43  (VIOLATED)
   u_ctrl/u_aes/ct_out_reg[94]/D
                                1.59           4.02 f        -2.43  (VIOLATED)
   u_ctrl/u_aes/ct_out_reg[0]/D
                                1.57           4.00 r        -2.42  (VIOLATED)
   u_ctrl/u_aes/ct_out_reg[65]/D
                                1.57           4.00 r        -2.42  (VIOLATED)
   u_ctrl/u_aes/ct_out_reg[25]/D
                                1.57           3.98 r        -2.41  (VIOLATED)
   u_ctrl/u_aes/ct_out_reg[29]/D
                                1.57           3.98 r        -2.41  (VIOLATED)
   u_ctrl/u_aes/ct_out_reg[76]/D
                                1.57           3.98 r        -2.41  (VIOLATED)
   u_ctrl/u_aes/ct_out_reg[55]/D
                                1.57           3.98 r        -2.41  (VIOLATED)
   u_ctrl/u_aes/ct_out_reg[121]/D
                                1.59           3.96 f        -2.37  (VIOLATED)
   u_ctrl/u_aes/ct_out_reg[125]/D
                                1.57           3.94 r        -2.36  (VIOLATED)
   u_ctrl/u_aes/ct_out_reg[69]/D
                                1.57           3.93 r        -2.36  (VIOLATED)
   u_ctrl/u_aes/ct_out_reg[9]/D
                                1.57           3.93 r        -2.35  (VIOLATED)
   u_ctrl/u_aes/ct_out_reg[127]/D
                                1.57           3.92 r        -2.34  (VIOLATED)
   u_ctrl/u_aes/ct_out_reg[1]/D
                                1.57           3.91 r        -2.34  (VIOLATED)
   u_ctrl/u_aes/ct_out_reg[39]/D
                                1.57           3.91 r        -2.34  (VIOLATED)
   u_ctrl/u_aes/ct_out_reg[93]/D
                                1.59           3.90 f        -2.32  (VIOLATED)
   u_ctrl/u_aes/ct_out_reg[66]/D
                                1.57           3.88 r        -2.31  (VIOLATED)
   u_ctrl/u_aes/round_reg[1]/D
                                1.59           3.88 f        -2.29  (VIOLATED)
   u_ctrl/u_aes/rkeys_reg[136]/D
                                1.59           3.87 f        -2.29  (VIOLATED)
   u_ctrl/u_aes/rkeys_reg[162]/D
                                1.59           3.87 f        -2.29  (VIOLATED)
   u_ctrl/u_aes/rkeys_reg[237]/D
                                1.59           3.87 f        -2.29  (VIOLATED)
   u_ctrl/u_aes/rkeys_reg[257]/D
                                1.59           3.87 f        -2.29  (VIOLATED)
   u_ctrl/u_aes/rkeys_reg[260]/D
                                1.59           3.87 f        -2.29  (VIOLATED)
   u_ctrl/u_aes/rkeys_reg[268]/D
                                1.59           3.87 f        -2.29  (VIOLATED)
   u_ctrl/u_aes/rkeys_reg[317]/D
                                1.59           3.87 f        -2.29  (VIOLATED)
   u_ctrl/u_aes/rkeys_reg[318]/D
                                1.59           3.87 f        -2.29  (VIOLATED)
   u_ctrl/u_aes/rkeys_reg[411]/D
                                1.59           3.87 f        -2.29  (VIOLATED)
   u_ctrl/u_aes/rkeys_reg[426]/D
                                1.59           3.87 f        -2.29  (VIOLATED)
   u_ctrl/u_aes/rkeys_reg[433]/D
                                1.59           3.87 f        -2.29  (VIOLATED)
   u_ctrl/u_aes/rkeys_reg[435]/D
                                1.59           3.87 f        -2.29  (VIOLATED)
   u_ctrl/u_aes/rkeys_reg[528]/D
                                1.59           3.87 f        -2.29  (VIOLATED)
   u_ctrl/u_aes/rkeys_reg[556]/D
                                1.59           3.87 f        -2.29  (VIOLATED)
   u_ctrl/u_aes/rkeys_reg[649]/D
                                1.59           3.87 f        -2.29  (VIOLATED)
   u_ctrl/u_aes/rkeys_reg[731]/D
                                1.59           3.87 f        -2.29  (VIOLATED)
   u_ctrl/u_aes/rkeys_reg[928]/D
                                1.59           3.87 f        -2.29  (VIOLATED)
   u_ctrl/u_aes/rkeys_reg[933]/D
                                1.59           3.87 f        -2.29  (VIOLATED)
   u_ctrl/u_aes/ct_out_reg[67]/D
                                1.57           3.86 r        -2.28  (VIOLATED)
   u_ctrl/u_aes/ct_out_reg[30]/D
                                1.59           3.86 f        -2.27  (VIOLATED)
   u_ctrl/u_aes/ct_out_reg[63]/D
                                1.57           3.84 r        -2.27  (VIOLATED)
   u_ctrl/u_aes/ct_out_reg[43]/D
                                1.57           3.83 r        -2.26  (VIOLATED)
   u_ctrl/u_aes/ct_out_reg[60]/D
                                1.59           3.84 f        -2.25  (VIOLATED)
   u_ctrl/u_aes/ct_out_reg[6]/D
                                1.59           3.83 f        -2.24  (VIOLATED)
   u_ctrl/u_aes/ct_out_reg[103]/D
                                1.57           3.80 r        -2.23  (VIOLATED)
   u_ctrl/u_aes/rkeys_reg[577]/D
                                1.59           3.81 f        -2.23  (VIOLATED)
   u_ctrl/u_aes/rkeys_reg[1092]/D
                                1.59           3.81 f        -2.23  (VIOLATED)
   u_ctrl/u_aes/rkeys_reg[1205]/D
                                1.59           3.81 f        -2.23  (VIOLATED)
   u_ctrl/u_aes/rkeys_reg[116]/D
                                1.59           3.81 f        -2.23  (VIOLATED)
   u_ctrl/u_aes/rkeys_reg[45]/D
                                1.59           3.81 f        -2.23  (VIOLATED)
   u_ctrl/u_aes/rkeys_reg[16]/D
                                1.59           3.81 f        -2.23  (VIOLATED)
   u_ctrl/u_aes/rkeys_reg[21]/D
                                1.59           3.81 f        -2.23  (VIOLATED)
   u_ctrl/u_aes/rkeys_reg[65]/D
                                1.59           3.81 f        -2.23  (VIOLATED)
   u_ctrl/u_aes/rkeys_reg[102]/D
                                1.59           3.81 f        -2.23  (VIOLATED)
   u_ctrl/u_aes/rkeys_reg[112]/D
                                1.59           3.81 f        -2.23  (VIOLATED)
   u_ctrl/u_aes/rkeys_reg[24]/D
                                1.59           3.81 f        -2.23  (VIOLATED)
   u_ctrl/u_aes/rkeys_reg[56]/D
                                1.59           3.81 f        -2.23  (VIOLATED)
   u_ctrl/u_aes/ct_out_reg[7]/D
                                1.59           3.80 f        -2.22  (VIOLATED)
   u_ctrl/u_aes/ct_out_reg[83]/D
                                1.59           3.80 f        -2.22  (VIOLATED)
   u_ctrl/u_aes/ct_out_reg[64]/D
                                1.57           3.77 r        -2.20  (VIOLATED)
   u_ctrl/u_aes/ct_out_reg[124]/D
                                1.59           3.78 f        -2.19  (VIOLATED)
   u_ctrl/u_aes/ct_out_reg[5]/D
                                1.59           3.76 f        -2.18  (VIOLATED)
   u_ctrl/u_aes/ct_out_reg[4]/D
                                1.57           3.72 r        -2.15  (VIOLATED)
   u_ctrl/u_aes/round_reg[2]/D
                                1.57           3.72 r        -2.14  (VIOLATED)
   u_ctrl/u_aes/ct_out_reg[22]/D
                                1.59           3.72 f        -2.13  (VIOLATED)
   u_ctrl/u_aes/ct_out_reg[72]/D
                                1.59           3.72 f        -2.13  (VIOLATED)
   u_ctrl/u_aes/ct_out_reg[15]/D
                                1.57           3.70 r        -2.13  (VIOLATED)
   u_ctrl/u_aes/ct_out_reg[73]/D
                                1.59           3.71 f        -2.13  (VIOLATED)
   u_ctrl/u_aes/ct_out_reg[77]/D
                                1.57           3.68 r        -2.11  (VIOLATED)
   u_ctrl/u_aes/ct_out_reg[18]/D
                                1.57           3.68 r        -2.10  (VIOLATED)
   u_ctrl/u_aes/ct_out_reg[28]/D
                                1.57           3.68 r        -2.10  (VIOLATED)
   u_ctrl/u_aes/ct_out_reg[119]/D
                                1.57           3.67 r        -2.09  (VIOLATED)
   u_ctrl/u_aes/ct_out_reg[111]/D
                                1.57           3.67 r        -2.09  (VIOLATED)
   u_ctrl/u_aes/ct_out_reg[79]/D
                                1.59           3.67 f        -2.08  (VIOLATED)
   u_ctrl/u_aes/rkeys_reg[613]/D
                                1.59           3.65 f        -2.06  (VIOLATED)
   u_ctrl/u_aes/rkeys_reg[1143]/D
                                1.59           3.65 f        -2.06  (VIOLATED)
   u_ctrl/u_aes/rkeys_reg[1228]/D
                                1.59           3.65 f        -2.06  (VIOLATED)
   u_ctrl/u_aes/rkeys_reg[39]/D
                                1.59           3.65 f        -2.06  (VIOLATED)
   u_ctrl/u_aes/rkeys_reg[19]/D
                                1.59           3.65 f        -2.06  (VIOLATED)
   u_ctrl/u_aes/rkeys_reg[27]/D
                                1.59           3.65 f        -2.06  (VIOLATED)
   u_ctrl/u_aes/rkeys_reg[62]/D
                                1.59           3.65 f        -2.06  (VIOLATED)
   u_ctrl/u_aes/rkeys_reg[99]/D
                                1.59           3.65 f        -2.06  (VIOLATED)
   u_ctrl/u_aes/rkeys_reg[17]/D
                                1.59           3.65 f        -2.06  (VIOLATED)
   u_ctrl/u_aes/rkeys_reg[33]/D
                                1.59           3.65 f        -2.06  (VIOLATED)
   u_ctrl/u_aes/rkeys_reg[106]/D
                                1.59           3.65 f        -2.06  (VIOLATED)
   u_ctrl/u_aes/rkeys_reg[0]/D
                                1.59           3.65 f        -2.06  (VIOLATED)
   u_ctrl/u_aes/rkeys_reg[457]/D
                                1.59           3.65 f        -2.06  (VIOLATED)
   u_ctrl/u_aes/rkeys_reg[962]/D
                                1.59           3.65 f        -2.06  (VIOLATED)
   u_ctrl/u_aes/ct_out_reg[19]/D
                                1.57           3.64 r        -2.06  (VIOLATED)
   u_ctrl/u_aes/ct_out_reg[91]/D
                                1.58           3.62 r        -2.05  (VIOLATED)
   u_ctrl/u_aes/round_reg[0]/D
                                1.57           3.62 r        -2.04  (VIOLATED)
   u_ctrl/u_aes/ct_out_reg[20]/D
                                1.57           3.61 r        -2.04  (VIOLATED)
   u_ctrl/u_aes/ct_out_reg[71]/D
                                1.57           3.61 r        -2.03  (VIOLATED)
   u_ctrl/u_aes/rkeys_reg[137]/D
                                1.59           3.59 f        -2.01  (VIOLATED)
   u_ctrl/u_aes/rkeys_reg[138]/D
                                1.59           3.59 f        -2.01  (VIOLATED)
   u_ctrl/u_aes/rkeys_reg[140]/D
                                1.59           3.59 f        -2.01  (VIOLATED)
   u_ctrl/u_aes/rkeys_reg[143]/D
                                1.59           3.59 f        -2.01  (VIOLATED)
   u_ctrl/u_aes/rkeys_reg[167]/D
                                1.59           3.59 f        -2.01  (VIOLATED)
   u_ctrl/u_aes/rkeys_reg[477]/D
                                1.59           3.59 f        -2.01  (VIOLATED)
   u_ctrl/u_aes/rkeys_reg[667]/D
                                1.59           3.59 f        -2.01  (VIOLATED)
   u_ctrl/u_aes/rkeys_reg[694]/D
                                1.59           3.59 f        -2.01  (VIOLATED)
   u_ctrl/u_aes/rkeys_reg[1008]/D
                                1.59           3.59 f        -2.01  (VIOLATED)
   u_ctrl/u_aes/rkeys_reg[1009]/D
                                1.59           3.59 f        -2.01  (VIOLATED)
   u_ctrl/u_aes/rkeys_reg[1010]/D
                                1.59           3.59 f        -2.01  (VIOLATED)
   u_ctrl/u_aes/rkeys_reg[1012]/D
                                1.59           3.59 f        -2.01  (VIOLATED)
   u_ctrl/u_aes/rkeys_reg[1014]/D
                                1.59           3.59 f        -2.01  (VIOLATED)
   u_ctrl/u_aes/rkeys_reg[1071]/D
                                1.59           3.59 f        -2.01  (VIOLATED)
   u_ctrl/u_aes/rkeys_reg[1072]/D
                                1.59           3.59 f        -2.01  (VIOLATED)
   u_ctrl/u_aes/rkeys_reg[1076]/D
                                1.59           3.59 f        -2.01  (VIOLATED)
   u_ctrl/u_aes/rkeys_reg[1135]/D
                                1.59           3.59 f        -2.01  (VIOLATED)
   u_ctrl/u_aes/rkeys_reg[1137]/D
                                1.59           3.59 f        -2.01  (VIOLATED)
   u_ctrl/u_aes/rkeys_reg[1140]/D
                                1.59           3.59 f        -2.01  (VIOLATED)
   u_ctrl/u_aes/rkeys_reg[1168]/D
                                1.59           3.59 f        -2.01  (VIOLATED)
   u_ctrl/u_aes/rkeys_reg[1169]/D
                                1.59           3.59 f        -2.01  (VIOLATED)
   u_ctrl/u_aes/rkeys_reg[1201]/D
                                1.59           3.59 f        -2.01  (VIOLATED)
   u_ctrl/u_aes/rkeys_reg[1202]/D
                                1.59           3.59 f        -2.01  (VIOLATED)
   u_ctrl/u_aes/rkeys_reg[1232]/D
                                1.59           3.59 f        -2.01  (VIOLATED)
   u_ctrl/u_aes/rkeys_reg[1233]/D
                                1.59           3.59 f        -2.01  (VIOLATED)
   u_ctrl/u_aes/rkeys_reg[1234]/D
                                1.59           3.59 f        -2.01  (VIOLATED)
   u_ctrl/u_aes/rkeys_reg[1265]/D
                                1.59           3.59 f        -2.01  (VIOLATED)
   u_ctrl/u_aes/rkeys_reg[669]/D
                                1.59           3.58 f        -1.99  (VIOLATED)
   u_ctrl/u_aes/rkeys_reg[733]/D
                                1.59           3.58 f        -1.99  (VIOLATED)
   u_ctrl/u_aes/rkeys_reg[765]/D
                                1.59           3.58 f        -1.99  (VIOLATED)
   u_ctrl/u_aes/rkeys_reg[1030]/D
                                1.59           3.58 f        -1.99  (VIOLATED)
   u_ctrl/u_aes/rkeys_reg[1291]/D
                                1.59           3.58 f        -1.99  (VIOLATED)
   u_ctrl/u_aes/rkeys_reg[1296]/D
                                1.59           3.58 f        -1.99  (VIOLATED)
   u_ctrl/u_aes/rkeys_reg[1298]/D
                                1.59           3.58 f        -1.99  (VIOLATED)
   u_ctrl/u_aes/rkeys_reg[1299]/D
                                1.59           3.58 f        -1.99  (VIOLATED)
   u_ctrl/u_aes/rkeys_reg[1306]/D
                                1.59           3.58 f        -1.99  (VIOLATED)
   u_ctrl/u_aes/rkeys_reg[1307]/D
                                1.59           3.58 f        -1.99  (VIOLATED)
   u_ctrl/u_aes/rkeys_reg[195]/D
                                1.57           3.56 r        -1.99  (VIOLATED)
   u_ctrl/u_aes/rkeys_reg[197]/D
                                1.57           3.56 r        -1.99  (VIOLATED)
   u_ctrl/u_aes/rkeys_reg[198]/D
                                1.57           3.56 r        -1.99  (VIOLATED)
   u_ctrl/u_aes/rkeys_reg[267]/D
                                1.57           3.56 r        -1.99  (VIOLATED)
   u_ctrl/u_aes/rkeys_reg[294]/D
                                1.57           3.56 r        -1.99  (VIOLATED)
   u_ctrl/u_aes/rkeys_reg[330]/D
                                1.57           3.56 r        -1.99  (VIOLATED)
   u_ctrl/u_aes/rkeys_reg[424]/D
                                1.57           3.56 r        -1.99  (VIOLATED)
   u_ctrl/u_aes/rkeys_reg[428]/D
                                1.57           3.56 r        -1.99  (VIOLATED)
   u_ctrl/u_aes/rkeys_reg[461]/D
                                1.57           3.56 r        -1.99  (VIOLATED)
   u_ctrl/u_aes/rkeys_reg[473]/D
                                1.57           3.56 r        -1.99  (VIOLATED)
   u_ctrl/u_aes/rkeys_reg[492]/D
                                1.57           3.56 r        -1.99  (VIOLATED)
   u_ctrl/u_aes/rkeys_reg[502]/D
                                1.57           3.56 r        -1.99  (VIOLATED)
   u_ctrl/u_aes/rkeys_reg[552]/D
                                1.57           3.56 r        -1.99  (VIOLATED)
   u_ctrl/u_aes/rkeys_reg[554]/D
                                1.57           3.56 r        -1.99  (VIOLATED)
   u_ctrl/u_aes/rkeys_reg[555]/D
                                1.57           3.56 r        -1.99  (VIOLATED)
   u_ctrl/u_aes/rkeys_reg[557]/D
                                1.57           3.56 r        -1.99  (VIOLATED)
   u_ctrl/u_aes/rkeys_reg[676]/D
                                1.57           3.56 r        -1.99  (VIOLATED)
   u_ctrl/u_aes/rkeys_reg[678]/D
                                1.57           3.56 r        -1.99  (VIOLATED)
   u_ctrl/u_aes/rkeys_reg[722]/D
                                1.57           3.56 r        -1.99  (VIOLATED)
   u_ctrl/u_aes/rkeys_reg[770]/D
                                1.57           3.56 r        -1.99  (VIOLATED)
   u_ctrl/u_aes/rkeys_reg[772]/D
                                1.57           3.56 r        -1.99  (VIOLATED)
   u_ctrl/u_aes/rkeys_reg[774]/D
                                1.57           3.56 r        -1.99  (VIOLATED)
   u_ctrl/u_aes/rkeys_reg[775]/D
                                1.57           3.56 r        -1.99  (VIOLATED)
   u_ctrl/u_aes/rkeys_reg[797]/D
                                1.57           3.56 r        -1.99  (VIOLATED)
   u_ctrl/u_aes/rkeys_reg[829]/D
                                1.57           3.56 r        -1.99  (VIOLATED)
   u_ctrl/u_aes/rkeys_reg[889]/D
                                1.57           3.56 r        -1.99  (VIOLATED)
   u_ctrl/u_aes/rkeys_reg[960]/D
                                1.57           3.56 r        -1.99  (VIOLATED)
   u_ctrl/u_aes/rkeys_reg[968]/D
                                1.57           3.56 r        -1.99  (VIOLATED)
   u_ctrl/u_aes/rkeys_reg[977]/D
                                1.57           3.56 r        -1.99  (VIOLATED)
   u_ctrl/u_aes/rkeys_reg[982]/D
                                1.57           3.56 r        -1.99  (VIOLATED)
   u_ctrl/u_aes/rkeys_reg[983]/D
                                1.57           3.56 r        -1.99  (VIOLATED)
   u_ctrl/u_aes/rkeys_reg[985]/D
                                1.57           3.56 r        -1.99  (VIOLATED)
   u_ctrl/u_aes/rkeys_reg[1073]/D
                                1.57           3.56 r        -1.99  (VIOLATED)
   u_ctrl/u_aes/rkeys_reg[1162]/D
                                1.57           3.56 r        -1.99  (VIOLATED)
   u_ctrl/u_aes/rkeys_reg[1195]/D
                                1.57           3.56 r        -1.99  (VIOLATED)
   u_ctrl/u_aes/rkeys_reg[1262]/D
                                1.57           3.56 r        -1.99  (VIOLATED)
   u_ctrl/u_aes/rkeys_reg[1282]/D
                                1.57           3.56 r        -1.99  (VIOLATED)
   u_ctrl/u_aes/rkeys_reg[1283]/D
                                1.57           3.56 r        -1.99  (VIOLATED)
   u_ctrl/u_aes/rkeys_reg[1289]/D
                                1.57           3.56 r        -1.99  (VIOLATED)
   u_ctrl/u_aes/rkeys_reg[1354]/D
                                1.57           3.56 r        -1.99  (VIOLATED)
   u_ctrl/u_aes/rkeys_reg[1360]/D
                                1.57           3.56 r        -1.99  (VIOLATED)
   u_ctrl/u_aes/rkeys_reg[1362]/D
                                1.57           3.56 r        -1.99  (VIOLATED)
   u_ctrl/u_aes/rkeys_reg[1370]/D
                                1.57           3.56 r        -1.99  (VIOLATED)
   u_ctrl/u_aes/rkeys_reg[1376]/D
                                1.57           3.56 r        -1.99  (VIOLATED)
   u_ctrl/u_aes/rkeys_reg[1377]/D
                                1.57           3.56 r        -1.99  (VIOLATED)
   u_ctrl/u_aes/ct_out_reg[74]/D
                                1.57           3.56 r        -1.99  (VIOLATED)
   u_ctrl/u_aes/ct_out_reg[24]/D
                                1.59           3.55 f        -1.97  (VIOLATED)
   u_ctrl/u_aes/ct_out_reg[23]/D
                                1.57           3.53 r        -1.96  (VIOLATED)
   u_ctrl/u_aes/rkeys_reg[73]/D
                                1.57           3.53 r        -1.95  (VIOLATED)
   u_ctrl/u_aes/rkeys_reg[499]/D
                                1.57           3.53 r        -1.95  (VIOLATED)
   u_ctrl/u_aes/rkeys_reg[672]/D
                                1.57           3.53 r        -1.95  (VIOLATED)
   u_ctrl/u_aes/rkeys_reg[674]/D
                                1.57           3.53 r        -1.95  (VIOLATED)
   u_ctrl/u_aes/rkeys_reg[771]/D
                                1.57           3.53 r        -1.95  (VIOLATED)
   u_ctrl/u_aes/rkeys_reg[890]/D
                                1.57           3.53 r        -1.95  (VIOLATED)
   u_ctrl/u_aes/rkeys_reg[1075]/D
                                1.57           3.53 r        -1.95  (VIOLATED)
   u_ctrl/u_aes/rkeys_reg[1081]/D
                                1.57           3.53 r        -1.95  (VIOLATED)
   u_ctrl/u_aes/rkeys_reg[204]/D
                                1.59           3.36 f        -1.78  (VIOLATED)
   u_ctrl/u_aes/rkeys_reg[328]/D
                                1.59           3.36 f        -1.78  (VIOLATED)
   u_ctrl/u_aes/rkeys_reg[464]/D
                                1.59           3.36 f        -1.78  (VIOLATED)
   u_ctrl/u_aes/rkeys_reg[496]/D
                                1.59           3.36 f        -1.78  (VIOLATED)
   u_ctrl/u_aes/rkeys_reg[501]/D
                                1.59           3.36 f        -1.78  (VIOLATED)
   u_ctrl/u_aes/rkeys_reg[560]/D
                                1.59           3.36 f        -1.78  (VIOLATED)
   u_ctrl/u_aes/rkeys_reg[585]/D
                                1.59           3.36 f        -1.78  (VIOLATED)
   u_ctrl/u_aes/rkeys_reg[588]/D
                                1.59           3.36 f        -1.78  (VIOLATED)
   u_ctrl/u_aes/rkeys_reg[597]/D
                                1.59           3.36 f        -1.78  (VIOLATED)
   u_ctrl/u_aes/rkeys_reg[616]/D
                                1.59           3.36 f        -1.78  (VIOLATED)
   u_ctrl/u_aes/rkeys_reg[624]/D
                                1.59           3.36 f        -1.78  (VIOLATED)
   u_ctrl/u_aes/rkeys_reg[629]/D
                                1.59           3.36 f        -1.78  (VIOLATED)
   u_ctrl/u_aes/rkeys_reg[661]/D
                                1.59           3.36 f        -1.78  (VIOLATED)
   u_ctrl/u_aes/rkeys_reg[680]/D
                                1.59           3.36 f        -1.78  (VIOLATED)
   u_ctrl/u_aes/rkeys_reg[681]/D
                                1.59           3.36 f        -1.78  (VIOLATED)
   u_ctrl/u_aes/rkeys_reg[682]/D
                                1.59           3.36 f        -1.78  (VIOLATED)
   u_ctrl/u_aes/rkeys_reg[683]/D
                                1.59           3.36 f        -1.78  (VIOLATED)
   u_ctrl/u_aes/rkeys_reg[685]/D
                                1.59           3.36 f        -1.78  (VIOLATED)
   u_ctrl/u_aes/rkeys_reg[688]/D
                                1.59           3.36 f        -1.78  (VIOLATED)
   u_ctrl/u_aes/rkeys_reg[693]/D
                                1.59           3.36 f        -1.78  (VIOLATED)
   u_ctrl/u_aes/rkeys_reg[707]/D
                                1.59           3.36 f        -1.78  (VIOLATED)
   u_ctrl/u_aes/rkeys_reg[709]/D
                                1.59           3.36 f        -1.78  (VIOLATED)
   u_ctrl/u_aes/rkeys_reg[710]/D
                                1.59           3.36 f        -1.78  (VIOLATED)
   u_ctrl/u_aes/rkeys_reg[712]/D
                                1.59           3.36 f        -1.78  (VIOLATED)
   u_ctrl/u_aes/rkeys_reg[741]/D
                                1.59           3.36 f        -1.78  (VIOLATED)
   u_ctrl/u_aes/rkeys_reg[743]/D
                                1.59           3.36 f        -1.78  (VIOLATED)
   u_ctrl/u_aes/rkeys_reg[744]/D
                                1.59           3.36 f        -1.78  (VIOLATED)
   u_ctrl/u_aes/rkeys_reg[773]/D
                                1.59           3.36 f        -1.78  (VIOLATED)
   u_ctrl/u_aes/rkeys_reg[776]/D
                                1.59           3.36 f        -1.78  (VIOLATED)
   u_ctrl/u_aes/rkeys_reg[778]/D
                                1.59           3.36 f        -1.78  (VIOLATED)
   u_ctrl/u_aes/rkeys_reg[779]/D
                                1.59           3.36 f        -1.78  (VIOLATED)
   u_ctrl/u_aes/rkeys_reg[783]/D
                                1.59           3.36 f        -1.78  (VIOLATED)
   u_ctrl/u_aes/rkeys_reg[784]/D
                                1.59           3.36 f        -1.78  (VIOLATED)
   u_ctrl/u_aes/rkeys_reg[796]/D
                                1.59           3.36 f        -1.78  (VIOLATED)
   u_ctrl/u_aes/rkeys_reg[804]/D
                                1.59           3.36 f        -1.78  (VIOLATED)
   u_ctrl/u_aes/rkeys_reg[805]/D
                                1.59           3.36 f        -1.78  (VIOLATED)
   u_ctrl/u_aes/rkeys_reg[821]/D
                                1.59           3.36 f        -1.78  (VIOLATED)
   u_ctrl/u_aes/rkeys_reg[822]/D
                                1.59           3.36 f        -1.78  (VIOLATED)
   u_ctrl/u_aes/rkeys_reg[827]/D
                                1.59           3.36 f        -1.78  (VIOLATED)
   u_ctrl/u_aes/rkeys_reg[830]/D
                                1.59           3.36 f        -1.78  (VIOLATED)
   u_ctrl/u_aes/rkeys_reg[841]/D
                                1.59           3.36 f        -1.78  (VIOLATED)
   u_ctrl/u_aes/rkeys_reg[842]/D
                                1.59           3.36 f        -1.78  (VIOLATED)
   u_ctrl/u_aes/rkeys_reg[843]/D
                                1.59           3.36 f        -1.78  (VIOLATED)
   u_ctrl/u_aes/rkeys_reg[845]/D
                                1.59           3.36 f        -1.78  (VIOLATED)
   u_ctrl/u_aes/rkeys_reg[848]/D
                                1.59           3.36 f        -1.78  (VIOLATED)
   u_ctrl/u_aes/rkeys_reg[853]/D
                                1.59           3.36 f        -1.78  (VIOLATED)
   u_ctrl/u_aes/rkeys_reg[856]/D
                                1.59           3.36 f        -1.78  (VIOLATED)
   u_ctrl/u_aes/rkeys_reg[858]/D
                                1.59           3.36 f        -1.78  (VIOLATED)
   u_ctrl/u_aes/rkeys_reg[866]/D
                                1.59           3.36 f        -1.78  (VIOLATED)
   u_ctrl/u_aes/rkeys_reg[871]/D
                                1.59           3.36 f        -1.78  (VIOLATED)
   u_ctrl/u_aes/rkeys_reg[872]/D
                                1.59           3.36 f        -1.78  (VIOLATED)
   u_ctrl/u_aes/rkeys_reg[880]/D
                                1.59           3.36 f        -1.78  (VIOLATED)
   u_ctrl/u_aes/rkeys_reg[888]/D
                                1.59           3.36 f        -1.78  (VIOLATED)
   u_ctrl/u_aes/rkeys_reg[902]/D
                                1.59           3.36 f        -1.78  (VIOLATED)
   u_ctrl/u_aes/rkeys_reg[954]/D
                                1.59           3.36 f        -1.78  (VIOLATED)
   u_ctrl/u_aes/rkeys_reg[955]/D
                                1.59           3.36 f        -1.78  (VIOLATED)
   u_ctrl/u_aes/rkeys_reg[1017]/D
                                1.59           3.36 f        -1.78  (VIOLATED)
   u_ctrl/u_aes/rkeys_reg[1018]/D
                                1.59           3.36 f        -1.78  (VIOLATED)
   u_ctrl/u_aes/rkeys_reg[1020]/D
                                1.59           3.36 f        -1.78  (VIOLATED)
   u_ctrl/u_aes/rkeys_reg[1021]/D
                                1.59           3.36 f        -1.78  (VIOLATED)
   u_ctrl/u_aes/rkeys_reg[1023]/D
                                1.59           3.36 f        -1.78  (VIOLATED)
   u_ctrl/u_aes/rkeys_reg[1026]/D
                                1.59           3.36 f        -1.78  (VIOLATED)
   u_ctrl/u_aes/rkeys_reg[1029]/D
                                1.59           3.36 f        -1.78  (VIOLATED)
   u_ctrl/u_aes/rkeys_reg[1051]/D
                                1.59           3.36 f        -1.78  (VIOLATED)
   u_ctrl/u_aes/rkeys_reg[1053]/D
                                1.59           3.36 f        -1.78  (VIOLATED)
   u_ctrl/u_aes/rkeys_reg[1082]/D
                                1.59           3.36 f        -1.78  (VIOLATED)
   u_ctrl/u_aes/rkeys_reg[1083]/D
                                1.59           3.36 f        -1.78  (VIOLATED)
   u_ctrl/u_aes/rkeys_reg[1084]/D
                                1.59           3.36 f        -1.78  (VIOLATED)
   u_ctrl/u_aes/rkeys_reg[1085]/D
                                1.59           3.36 f        -1.78  (VIOLATED)
   u_ctrl/u_aes/rkeys_reg[1087]/D
                                1.59           3.36 f        -1.78  (VIOLATED)
   u_ctrl/u_aes/rkeys_reg[1114]/D
                                1.59           3.36 f        -1.78  (VIOLATED)
   u_ctrl/u_aes/rkeys_reg[1117]/D
                                1.59           3.36 f        -1.78  (VIOLATED)
   u_ctrl/u_aes/rkeys_reg[1120]/D
                                1.59           3.36 f        -1.78  (VIOLATED)
   u_ctrl/u_aes/rkeys_reg[1146]/D
                                1.59           3.36 f        -1.78  (VIOLATED)
   u_ctrl/u_aes/rkeys_reg[1148]/D
                                1.59           3.36 f        -1.78  (VIOLATED)
   u_ctrl/u_aes/rkeys_reg[1149]/D
                                1.59           3.36 f        -1.78  (VIOLATED)
   u_ctrl/u_aes/rkeys_reg[1151]/D
                                1.59           3.36 f        -1.78  (VIOLATED)
   u_ctrl/u_aes/rkeys_reg[1175]/D
                                1.59           3.36 f        -1.78  (VIOLATED)
   u_ctrl/u_aes/rkeys_reg[1178]/D
                                1.59           3.36 f        -1.78  (VIOLATED)
   u_ctrl/u_aes/rkeys_reg[1180]/D
                                1.59           3.36 f        -1.78  (VIOLATED)
   u_ctrl/u_aes/rkeys_reg[1183]/D
                                1.59           3.36 f        -1.78  (VIOLATED)
   u_ctrl/u_aes/rkeys_reg[1207]/D
                                1.59           3.36 f        -1.78  (VIOLATED)
   u_ctrl/u_aes/rkeys_reg[1212]/D
                                1.59           3.36 f        -1.78  (VIOLATED)
   u_ctrl/u_aes/rkeys_reg[1215]/D
                                1.59           3.36 f        -1.78  (VIOLATED)
   u_ctrl/u_aes/rkeys_reg[1244]/D
                                1.59           3.36 f        -1.78  (VIOLATED)
   u_ctrl/u_aes/rkeys_reg[1247]/D
                                1.59           3.36 f        -1.78  (VIOLATED)
   u_ctrl/u_aes/rkeys_reg[1273]/D
                                1.59           3.36 f        -1.78  (VIOLATED)
   u_ctrl/u_aes/rkeys_reg[1274]/D
                                1.59           3.36 f        -1.78  (VIOLATED)
   u_ctrl/u_aes/rkeys_reg[1276]/D
                                1.59           3.36 f        -1.78  (VIOLATED)
   u_ctrl/u_aes/rkeys_reg[1279]/D
                                1.59           3.36 f        -1.78  (VIOLATED)
   u_ctrl/u_aes/rkeys_reg[163]/D
                                1.59           3.33 f        -1.74  (VIOLATED)
   u_ctrl/u_aes/rkeys_reg[164]/D
                                1.59           3.33 f        -1.74  (VIOLATED)
   u_ctrl/u_aes/rkeys_reg[262]/D
                                1.59           3.33 f        -1.74  (VIOLATED)
   u_ctrl/u_aes/rkeys_reg[263]/D
                                1.59           3.33 f        -1.74  (VIOLATED)
   u_ctrl/u_aes/rkeys_reg[319]/D
                                1.59           3.33 f        -1.74  (VIOLATED)
   u_ctrl/u_aes/rkeys_reg[362]/D
                                1.59           3.33 f        -1.74  (VIOLATED)
   u_ctrl/u_aes/rkeys_reg[409]/D
                                1.59           3.33 f        -1.74  (VIOLATED)
   u_ctrl/u_aes/rkeys_reg[410]/D
                                1.59           3.33 f        -1.74  (VIOLATED)
   u_ctrl/u_aes/rkeys_reg[414]/D
                                1.59           3.33 f        -1.74  (VIOLATED)
   u_ctrl/u_aes/rkeys_reg[512]/D
                                1.59           3.33 f        -1.74  (VIOLATED)
   u_ctrl/u_aes/rkeys_reg[529]/D
                                1.59           3.33 f        -1.74  (VIOLATED)
   u_ctrl/u_aes/rkeys_reg[533]/D
                                1.59           3.33 f        -1.74  (VIOLATED)
   u_ctrl/u_aes/rkeys_reg[535]/D
                                1.59           3.33 f        -1.74  (VIOLATED)
   u_ctrl/u_aes/rkeys_reg[653]/D
                                1.59           3.33 f        -1.74  (VIOLATED)
   u_ctrl/u_aes/rkeys_reg[1094]/D
                                1.59           3.33 f        -1.74  (VIOLATED)
   u_ctrl/u_aes/rkeys_reg[1095]/D
                                1.59           3.33 f        -1.74  (VIOLATED)
   u_ctrl/u_aes/round_reg[3]/D
                                1.59           3.32 f        -1.73  (VIOLATED)
   u_ctrl/u_aes/rkeys_reg[971]/D
                                1.57           3.29 r        -1.72  (VIOLATED)
   u_ctrl/u_aes/rkeys_reg[619]/D
                                1.57           3.29 r        -1.72  (VIOLATED)
   u_ctrl/u_aes/rkeys_reg[819]/D
                                1.57           3.29 r        -1.72  (VIOLATED)
   u_ctrl/u_aes/rkeys_reg[500]/D
                                1.57           3.29 r        -1.72  (VIOLATED)
   u_ctrl/u_aes/rkeys_reg[755]/D
                                1.57           3.29 r        -1.72  (VIOLATED)
   u_ctrl/u_aes/rkeys_reg[905]/D
                                1.57           3.29 r        -1.72  (VIOLATED)
   u_ctrl/u_aes/rkeys_reg[939]/D
                                1.57           3.29 r        -1.72  (VIOLATED)
   u_ctrl/u_aes/rkeys_reg[947]/D
                                1.57           3.29 r        -1.72  (VIOLATED)
   u_ctrl/u_aes/rkeys_reg[1109]/D
                                1.57           3.29 r        -1.72  (VIOLATED)
   u_ctrl/u_aes/rkeys_reg[852]/D
                                1.57           3.29 r        -1.72  (VIOLATED)
   u_ctrl/u_aes/rkeys_reg[1044]/D
                                1.57           3.29 r        -1.71  (VIOLATED)
   u_ctrl/u_aes/rkeys_reg[1104]/D
                                1.57           3.29 r        -1.71  (VIOLATED)
   u_ctrl/u_aes/rkeys_reg[129]/D
                                1.59           3.29 f        -1.70  (VIOLATED)
   u_ctrl/u_aes/rkeys_reg[130]/D
                                1.59           3.29 f        -1.70  (VIOLATED)
   u_ctrl/u_aes/rkeys_reg[131]/D
                                1.59           3.29 f        -1.70  (VIOLATED)
   u_ctrl/u_aes/rkeys_reg[134]/D
                                1.59           3.29 f        -1.70  (VIOLATED)
   u_ctrl/u_aes/rkeys_reg[236]/D
                                1.59           3.29 f        -1.70  (VIOLATED)
   u_ctrl/u_aes/rkeys_reg[281]/D
                                1.59           3.29 f        -1.70  (VIOLATED)
   u_ctrl/u_aes/rkeys_reg[282]/D
                                1.59           3.29 f        -1.70  (VIOLATED)
   u_ctrl/u_aes/rkeys_reg[283]/D
                                1.59           3.29 f        -1.70  (VIOLATED)
   u_ctrl/u_aes/rkeys_reg[285]/D
                                1.59           3.29 f        -1.70  (VIOLATED)
   u_ctrl/u_aes/rkeys_reg[287]/D
                                1.59           3.29 f        -1.70  (VIOLATED)
   u_ctrl/u_aes/rkeys_reg[300]/D
                                1.59           3.29 f        -1.70  (VIOLATED)
   u_ctrl/u_aes/rkeys_reg[360]/D
                                1.59           3.29 f        -1.70  (VIOLATED)
   u_ctrl/u_aes/rkeys_reg[400]/D
                                1.59           3.29 f        -1.70  (VIOLATED)
   u_ctrl/u_aes/rkeys_reg[403]/D
                                1.59           3.29 f        -1.70  (VIOLATED)
   u_ctrl/u_aes/rkeys_reg[405]/D
                                1.59           3.29 f        -1.70  (VIOLATED)
   u_ctrl/u_aes/rkeys_reg[407]/D
                                1.59           3.29 f        -1.70  (VIOLATED)
   u_ctrl/u_aes/rkeys_reg[520]/D
                                1.59           3.29 f        -1.70  (VIOLATED)
   u_ctrl/u_aes/rkeys_reg[521]/D
                                1.59           3.29 f        -1.70  (VIOLATED)
   u_ctrl/u_aes/rkeys_reg[522]/D
                                1.59           3.29 f        -1.70  (VIOLATED)
   u_ctrl/u_aes/rkeys_reg[523]/D
                                1.59           3.29 f        -1.70  (VIOLATED)
   u_ctrl/u_aes/rkeys_reg[524]/D
                                1.59           3.29 f        -1.70  (VIOLATED)
   u_ctrl/u_aes/rkeys_reg[641]/D
                                1.59           3.29 f        -1.70  (VIOLATED)
   u_ctrl/u_aes/rkeys_reg[643]/D
                                1.59           3.29 f        -1.70  (VIOLATED)
   u_ctrl/u_aes/rkeys_reg[645]/D
                                1.59           3.29 f        -1.70  (VIOLATED)
   u_ctrl/u_aes/rkeys_reg[647]/D
                                1.59           3.29 f        -1.70  (VIOLATED)
   u_ctrl/u_aes/rkeys_reg[742]/D
                                1.59           3.29 f        -1.70  (VIOLATED)
   u_ctrl/u_aes/rkeys_reg[799]/D
                                1.59           3.29 f        -1.70  (VIOLATED)
   u_ctrl/u_aes/rkeys_reg[930]/D
                                1.59           3.29 f        -1.70  (VIOLATED)
   u_ctrl/u_aes/rkeys_reg[935]/D
                                1.59           3.29 f        -1.70  (VIOLATED)
   u_ctrl/u_aes/rkeys_reg[994]/D
                                1.59           3.29 f        -1.70  (VIOLATED)
   u_ctrl/u_aes/rkeys_reg[998]/D
                                1.59           3.29 f        -1.70  (VIOLATED)
   u_ctrl/u_aes/rkeys_reg[1032]/D
                                1.59           3.29 f        -1.70  (VIOLATED)
   u_ctrl/u_aes/rkeys_reg[1033]/D
                                1.59           3.29 f        -1.70  (VIOLATED)
   u_ctrl/u_aes/rkeys_reg[1036]/D
                                1.59           3.29 f        -1.70  (VIOLATED)
   u_ctrl/u_aes/rkeys_reg[1037]/D
                                1.59           3.29 f        -1.70  (VIOLATED)
   u_ctrl/u_aes/rkeys_reg[1064]/D
                                1.59           3.29 f        -1.70  (VIOLATED)
   u_ctrl/u_aes/rkeys_reg[1066]/D
                                1.59           3.29 f        -1.70  (VIOLATED)
   u_ctrl/u_aes/rkeys_reg[1093]/D
                                1.59           3.29 f        -1.70  (VIOLATED)
   u_ctrl/u_aes/rkeys_reg[1096]/D
                                1.59           3.29 f        -1.70  (VIOLATED)
   u_ctrl/u_aes/rkeys_reg[1100]/D
                                1.59           3.29 f        -1.70  (VIOLATED)
   u_ctrl/u_aes/rkeys_reg[1101]/D
                                1.59           3.29 f        -1.70  (VIOLATED)
   u_ctrl/u_aes/rkeys_reg[1103]/D
                                1.59           3.29 f        -1.70  (VIOLATED)
   u_ctrl/u_aes/rkeys_reg[1128]/D
                                1.59           3.29 f        -1.70  (VIOLATED)
   u_ctrl/u_aes/rkeys_reg[1130]/D
                                1.59           3.29 f        -1.70  (VIOLATED)
   u_ctrl/u_aes/rkeys_reg[1134]/D
                                1.59           3.29 f        -1.70  (VIOLATED)
   u_ctrl/u_aes/ct_out_reg[31]/D
                                1.57           3.24 r        -1.67  (VIOLATED)
   u_ctrl/u_aes/rkeys_reg[93]/D
                                1.59           3.25 f        -1.67  (VIOLATED)
   u_ctrl/u_aes/rkeys_reg[208]/D
                                1.59           3.25 f        -1.67  (VIOLATED)
   u_ctrl/u_aes/rkeys_reg[210]/D
                                1.59           3.25 f        -1.67  (VIOLATED)
   u_ctrl/u_aes/rkeys_reg[215]/D
                                1.59           3.25 f        -1.67  (VIOLATED)
   u_ctrl/u_aes/rkeys_reg[636]/D
                                1.59           3.25 f        -1.67  (VIOLATED)
   u_ctrl/u_aes/rkeys_reg[974]/D
                                1.59           3.25 f        -1.67  (VIOLATED)
   u_ctrl/u_aes/rkeys_reg[1156]/D
                                1.59           3.25 f        -1.67  (VIOLATED)
   u_ctrl/u_aes/rkeys_reg[1166]/D
                                1.59           3.25 f        -1.67  (VIOLATED)
   u_ctrl/u_aes/rkeys_reg[1188]/D
                                1.59           3.25 f        -1.67  (VIOLATED)
   u_ctrl/u_aes/rkeys_reg[1198]/D
                                1.59           3.25 f        -1.67  (VIOLATED)
   u_ctrl/u_aes/rkeys_reg[1219]/D
                                1.59           3.25 f        -1.67  (VIOLATED)
   u_ctrl/u_aes/rkeys_reg[1220]/D
                                1.59           3.25 f        -1.67  (VIOLATED)
   u_ctrl/u_aes/rkeys_reg[1251]/D
                                1.59           3.25 f        -1.67  (VIOLATED)
   u_ctrl/u_aes/rkeys_reg[1252]/D
                                1.59           3.25 f        -1.67  (VIOLATED)
   u_ctrl/u_aes/rkeys_reg[1258]/D
                                1.59           3.25 f        -1.67  (VIOLATED)
   u_ctrl/u_aes/rkeys_reg[1280]/D
                                1.59           3.25 f        -1.67  (VIOLATED)
   u_ctrl/u_aes/rkeys_reg[1281]/D
                                1.59           3.25 f        -1.67  (VIOLATED)
   u_ctrl/u_aes/rkeys_reg[1290]/D
                                1.59           3.25 f        -1.67  (VIOLATED)
   u_ctrl/u_aes/rkeys_reg[168]/D
                                1.59           3.25 f        -1.66  (VIOLATED)
   u_ctrl/u_aes/rkeys_reg[170]/D
                                1.59           3.25 f        -1.66  (VIOLATED)
   u_ctrl/u_aes/rkeys_reg[171]/D
                                1.59           3.25 f        -1.66  (VIOLATED)
   u_ctrl/u_aes/rkeys_reg[173]/D
                                1.59           3.25 f        -1.66  (VIOLATED)
   u_ctrl/u_aes/rkeys_reg[265]/D
                                1.59           3.25 f        -1.66  (VIOLATED)
   u_ctrl/u_aes/rkeys_reg[269]/D
                                1.59           3.25 f        -1.66  (VIOLATED)
   u_ctrl/u_aes/rkeys_reg[389]/D
                                1.59           3.25 f        -1.66  (VIOLATED)
   u_ctrl/u_aes/rkeys_reg[569]/D
                                1.59           3.25 f        -1.66  (VIOLATED)
   u_ctrl/u_aes/rkeys_reg[573]/D
                                1.59           3.25 f        -1.66  (VIOLATED)
   u_ctrl/u_aes/rkeys_reg[673]/D
                                1.59           3.25 f        -1.66  (VIOLATED)
   u_ctrl/u_aes/rkeys_reg[763]/D
                                1.59           3.25 f        -1.66  (VIOLATED)
   u_ctrl/u_aes/rkeys_reg[768]/D
                                1.59           3.25 f        -1.66  (VIOLATED)
   u_ctrl/u_aes/rkeys_reg[792]/D
                                1.59           3.25 f        -1.66  (VIOLATED)
   u_ctrl/u_aes/rkeys_reg[794]/D
                                1.59           3.25 f        -1.66  (VIOLATED)
   u_ctrl/u_aes/rkeys_reg[795]/D
                                1.59           3.25 f        -1.66  (VIOLATED)
   u_ctrl/u_aes/rkeys_reg[798]/D
                                1.59           3.25 f        -1.66  (VIOLATED)
   u_ctrl/u_aes/rkeys_reg[824]/D
                                1.59           3.25 f        -1.66  (VIOLATED)
   u_ctrl/u_aes/rkeys_reg[828]/D
                                1.59           3.25 f        -1.66  (VIOLATED)
   u_ctrl/u_aes/rkeys_reg[831]/D
                                1.59           3.25 f        -1.66  (VIOLATED)
   u_ctrl/u_aes/rkeys_reg[912]/D
                                1.59           3.25 f        -1.66  (VIOLATED)
   u_ctrl/u_aes/rkeys_reg[915]/D
                                1.59           3.25 f        -1.66  (VIOLATED)
   u_ctrl/u_aes/rkeys_reg[917]/D
                                1.59           3.25 f        -1.66  (VIOLATED)
   u_ctrl/u_aes/rkeys_reg[918]/D
                                1.59           3.25 f        -1.66  (VIOLATED)
   u_ctrl/u_aes/rkeys_reg[922]/D
                                1.59           3.25 f        -1.66  (VIOLATED)
   u_ctrl/u_aes/rkeys_reg[950]/D
                                1.59           3.25 f        -1.66  (VIOLATED)
   u_ctrl/u_aes/rkeys_reg[1039]/D
                                1.59           3.25 f        -1.66  (VIOLATED)
   u_ctrl/u_aes/rkeys_reg[1070]/D
                                1.59           3.25 f        -1.66  (VIOLATED)
   u_ctrl/u_aes/rkeys_reg[1313]/D
                                1.59           3.24 f        -1.66  (VIOLATED)
   u_ctrl/u_aes/rkeys_reg[100]/D
                                1.59           3.24 f        -1.66  (VIOLATED)
   u_ctrl/u_aes/rkeys_reg[30]/D
                                1.59           3.24 f        -1.66  (VIOLATED)
   u_ctrl/u_aes/rkeys_reg[35]/D
                                1.59           3.24 f        -1.66  (VIOLATED)
   u_ctrl/u_aes/rkeys_reg[50]/D
                                1.59           3.24 f        -1.66  (VIOLATED)
   u_ctrl/u_aes/rkeys_reg[63]/D
                                1.59           3.24 f        -1.66  (VIOLATED)
   u_ctrl/u_aes/rkeys_reg[97]/D
                                1.59           3.24 f        -1.66  (VIOLATED)
   u_ctrl/u_aes/rkeys_reg[26]/D
                                1.59           3.24 f        -1.66  (VIOLATED)
   u_ctrl/u_aes/rkeys_reg[98]/D
                                1.59           3.24 f        -1.66  (VIOLATED)
   u_ctrl/u_aes/done_reg/D      1.59           3.14 f        -1.56  (VIOLATED)
   u_ctrl/u_aes/rkeys_reg[715]/D
                                1.57           3.03 r        -1.46  (VIOLATED)
   u_ctrl/u_aes/rkeys_reg[907]/D
                                1.57           3.03 r        -1.46  (VIOLATED)
   u_ctrl/u_aes/rkeys_reg[627]/D
                                1.57           3.03 r        -1.46  (VIOLATED)
   u_ctrl/u_aes/rkeys_reg[692]/D
                                1.57           3.03 r        -1.46  (VIOLATED)
   u_ctrl/u_aes/rkeys_reg[1107]/D
                                1.57           3.03 r        -1.46  (VIOLATED)
   u_ctrl/u_aes/rkeys_reg[47]/D
                                1.59           2.96 f        -1.37  (VIOLATED)
   u_ctrl/u_aes/rkeys_reg[101]/D
                                1.59           2.96 f        -1.37  (VIOLATED)
   u_ctrl/u_aes/rkeys_reg[48]/D
                                1.59           2.96 f        -1.37  (VIOLATED)
   u_ctrl/u_aes/rkeys_reg[66]/D
                                1.59           2.96 f        -1.37  (VIOLATED)
   u_ctrl/u_aes/rkeys_reg[104]/D
                                1.59           2.96 f        -1.37  (VIOLATED)
   u_ctrl/u_aes/rkeys_reg[120]/D
                                1.59           2.96 f        -1.37  (VIOLATED)
   u_ctrl/u_aes/rkeys_reg[49]/D
                                1.59           2.96 f        -1.37  (VIOLATED)
   u_ctrl/u_aes/rkeys_reg[82]/D
                                1.59           2.96 f        -1.37  (VIOLATED)
   u_ctrl/u_aes/rkeys_reg[948]/D
                                1.57           2.42 r        -0.84  (VIOLATED)
   u_ctrl/u_aes/rkeys_reg[1011]/D
                                1.57           2.42 r        -0.84  (VIOLATED)
   u_ctrl/u_aes/rkeys_reg[1013]/D
                                1.57           2.42 r        -0.84  (VIOLATED)
   u_ctrl/u_aes/rkeys_reg[944]/D
                                1.57           2.42 r        -0.84  (VIOLATED)
   u_ctrl/u_aes/rkeys_reg[1108]/D
                                1.57           2.42 r        -0.84  (VIOLATED)
   u_ctrl/u_aes/rkeys_reg[1045]/D
                                1.57           2.42 r        -0.84  (VIOLATED)
   u_ctrl/u_aes/rkeys_reg[1106]/D
                                1.57           2.42 r        -0.84  (VIOLATED)
   u_ctrl/u_aes/busy_reg/D      1.59           2.23 f        -0.64  (VIOLATED)
   u_ctrl/u_aes/rkeys_reg[568]/D
                                1.59           2.02 f        -0.43  (VIOLATED)
   u_ctrl/u_aes/rkeys_reg[666]/D
                                1.59           2.02 f        -0.43  (VIOLATED)
   u_ctrl/u_aes/rkeys_reg[757]/D
                                1.59           2.02 f        -0.43  (VIOLATED)
   u_ctrl/u_aes/rkeys_reg[882]/D
                                1.59           2.02 f        -0.43  (VIOLATED)
   u_ctrl/u_aes/rkeys_reg[885]/D
                                1.59           2.02 f        -0.43  (VIOLATED)
   u_ctrl/u_aes/rkeys_reg[886]/D
                                1.59           2.02 f        -0.43  (VIOLATED)
   u_ctrl/u_aes/rkeys_reg[1331]/D
                                1.59           2.02 f        -0.43  (VIOLATED)
   u_ctrl/u_aes/rkeys_reg[1339]/D
                                1.59           2.02 f        -0.43  (VIOLATED)
   u_ctrl/u_aes/rkeys_reg[1345]/D
                                1.59           2.02 f        -0.43  (VIOLATED)
   u_ctrl/u_aes/rkeys_reg[1353]/D
                                1.59           2.02 f        -0.43  (VIOLATED)
   u_ctrl/u_aes/rkeys_reg[881]/D
                                1.57           1.95 r        -0.37  (VIOLATED)
   u_ctrl/u_aes/rkeys_reg[884]/D
                                1.57           1.95 r        -0.37  (VIOLATED)
   u_ctrl/u_aes/rkeys_reg[1344]/D
                                1.57           1.95 r        -0.37  (VIOLATED)
   u_ctrl/u_aes/rkeys_reg[1346]/D
                                1.57           1.95 r        -0.37  (VIOLATED)
   u_ctrl/u_aes/rkeys_reg[634]/D
                                1.57           1.95 r        -0.37  (VIOLATED)
   u_ctrl/u_aes/rkeys_reg[7]/D
                                1.57           1.79 r        -0.22  (VIOLATED)
   u_ctrl/u_aes/rkeys_reg[702]/D
                                1.57           1.79 r        -0.22  (VIOLATED)
   u_ctrl/u_aes/rkeys_reg[1241]/D
                                1.57           1.79 r        -0.22  (VIOLATED)
   u_ctrl/u_aes/rkeys_reg[1131]/D
                                1.57           1.75 r        -0.18  (VIOLATED)
   u_ctrl/u_aes/rkeys_reg[1222]/D
                                1.57           1.75 r        -0.18  (VIOLATED)
   u_ctrl/u_aes/rkeys_reg[1190]/D
                                1.57           1.75 r        -0.18  (VIOLATED)
   u_ctrl/u_aes/rkeys_reg[1254]/D
                                1.57           1.75 r        -0.18  (VIOLATED)
   u_ctrl/u_aes/rkeys_reg[1099]/D
                                1.57           1.75 r        -0.18  (VIOLATED)
   u_ctrl/u_aes/rkeys_reg[1159]/D
                                1.57           1.75 r        -0.18  (VIOLATED)
   u_ctrl/u_aes/rkeys_reg[376]/D
                                1.57           1.75 r        -0.18  (VIOLATED)
   u_ctrl/u_aes/rkeys_reg[472]/D
                                1.57           1.75 r        -0.18  (VIOLATED)
   u_ctrl/u_aes/rkeys_reg[1098]/D
                                1.57           1.75 r        -0.18  (VIOLATED)
   u_ctrl/u_aes/rkeys_reg[1158]/D
                                1.57           1.75 r        -0.18  (VIOLATED)
   u_ctrl/u_aes/rkeys_reg[220]/D
                                1.59           1.74 f        -0.15  (VIOLATED)
   u_ctrl/u_aes/rkeys_reg[221]/D
                                1.59           1.74 f        -0.15  (VIOLATED)
   u_ctrl/u_aes/rkeys_reg[222]/D
                                1.59           1.74 f        -0.15  (VIOLATED)
   u_ctrl/u_aes/rkeys_reg[223]/D
                                1.59           1.74 f        -0.15  (VIOLATED)
   u_ctrl/u_aes/rkeys_reg[635]/D
                                1.59           1.74 f        -0.15  (VIOLATED)
   u_ctrl/u_aes/rkeys_reg[844]/D
                                1.59           1.74 f        -0.15  (VIOLATED)
   u_ctrl/u_aes/rkeys_reg[873]/D
                                1.59           1.74 f        -0.15  (VIOLATED)
   u_ctrl/u_aes/rkeys_reg[876]/D
                                1.59           1.74 f        -0.15  (VIOLATED)
   u_ctrl/u_aes/rkeys_reg[877]/D
                                1.59           1.74 f        -0.15  (VIOLATED)
   u_ctrl/u_aes/rkeys_reg[878]/D
                                1.59           1.74 f        -0.15  (VIOLATED)
   u_ctrl/u_aes/rkeys_reg[1385]/D
                                1.59           1.74 f        -0.15  (VIOLATED)
   u_ctrl/u_aes/rkeys_reg[1392]/D
                                1.59           1.74 f        -0.15  (VIOLATED)
   u_ctrl/u_aes/rkeys_reg[660]/D
                                1.57           1.67 r        -0.10  (VIOLATED)
   u_ctrl/u_aes/rkeys_reg[720]/D
                                1.57           1.67 r        -0.10  (VIOLATED)
   u_ctrl/u_aes/rkeys_reg[724]/D
                                1.57           1.67 r        -0.10  (VIOLATED)
   u_ctrl/u_aes/rkeys_reg[468]/D
                                1.57           1.67 r        -0.10  (VIOLATED)
   u_ctrl/u_aes/rkeys_reg[658]/D
                                1.57           1.67 r        -0.10  (VIOLATED)
   u_ctrl/u_aes/rkeys_reg[723]/D
                                1.57           1.67 r        -0.10  (VIOLATED)
   u_ctrl/u_aes/rkeys_reg[466]/D
                                1.57           1.67 r        -0.10  (VIOLATED)
   u_ctrl/u_aes/rkeys_reg[562]/D
                                1.57           1.67 r        -0.10  (VIOLATED)
   u_ctrl/u_aes/rkeys_reg[564]/D
                                1.57           1.67 r        -0.10  (VIOLATED)
   u_ctrl/u_aes/rkeys_reg[566]/D
                                1.57           1.67 r        -0.10  (VIOLATED)
   u_ctrl/u_aes/rkeys_reg[662]/D
                                1.57           1.67 r        -0.10  (VIOLATED)
   u_ctrl/u_aes/rkeys_reg[467]/D
                                1.57           1.67 r        -0.10  (VIOLATED)
   u_ctrl/u_aes/rkeys_reg[618]/D
                                1.57           1.64 r        -0.06  (VIOLATED)
   u_ctrl/u_aes/rkeys_reg[714]/D
                                1.57           1.64 r        -0.06  (VIOLATED)
   u_ctrl/u_aes/rkeys_reg[716]/D
                                1.57           1.64 r        -0.06  (VIOLATED)
   u_ctrl/u_aes/rkeys_reg[751]/D
                                1.57           1.64 r        -0.06  (VIOLATED)
   u_ctrl/u_aes/rkeys_reg[812]/D
                                1.57           1.64 r        -0.06  (VIOLATED)
   u_ctrl/u_aes/rkeys_reg[874]/D
                                1.57           1.64 r        -0.06  (VIOLATED)
   u_ctrl/u_aes/rkeys_reg[904]/D
                                1.57           1.64 r        -0.06  (VIOLATED)
   u_ctrl/u_aes/rkeys_reg[906]/D
                                1.57           1.64 r        -0.06  (VIOLATED)
   u_ctrl/u_aes/rkeys_reg[908]/D
                                1.57           1.64 r        -0.06  (VIOLATED)
   u_ctrl/u_aes/rkeys_reg[938]/D
                                1.57           1.64 r        -0.06  (VIOLATED)
   u_ctrl/u_aes/rkeys_reg[1002]/D
                                1.57           1.64 r        -0.06  (VIOLATED)
   u_ctrl/u_aes/rkeys_reg[1004]/D
                                1.57           1.64 r        -0.06  (VIOLATED)
   u_ctrl/u_aes/rkeys_reg[749]/D
                                1.57           1.63 r        -0.06  (VIOLATED)
   u_ctrl/u_aes/rkeys_reg[813]/D
                                1.57           1.63 r        -0.06  (VIOLATED)
   u_ctrl/u_aes/rkeys_reg[879]/D
                                1.57           1.63 r        -0.06  (VIOLATED)
   u_ctrl/u_aes/rkeys_reg[1005]/D
                                1.57           1.63 r        -0.06  (VIOLATED)
   u_ctrl/u_aes/rkeys_reg[719]/D
                                1.57           1.63 r        -0.06  (VIOLATED)
   u_ctrl/u_aes/rkeys_reg[809]/D
                                1.57           1.63 r        -0.06  (VIOLATED)
   u_ctrl/u_aes/rkeys_reg[909]/D
                                1.57           1.63 r        -0.06  (VIOLATED)
   u_ctrl/u_aes/rkeys_reg[911]/D
                                1.57           1.63 r        -0.06  (VIOLATED)
   u_ctrl/u_aes/rkeys_reg[975]/D
                                1.57           1.63 r        -0.06  (VIOLATED)
   u_ctrl/u_aes/rkeys_reg[1006]/D
                                1.57           1.63 r        -0.06  (VIOLATED)
   u_ctrl/u_aes/rkeys_reg[617]/D
                                1.57           1.63 r        -0.06  (VIOLATED)
   u_ctrl/u_aes/rkeys_reg[745]/D
                                1.57           1.63 r        -0.06  (VIOLATED)
   u_ctrl/u_aes/rkeys_reg[57]/D
                                1.57           1.60 r        -0.03  (VIOLATED)
   u_ctrl/u_aes/rkeys_reg[60]/D
                                1.57           1.60 r        -0.03  (VIOLATED)
   u_ctrl/u_aes/rkeys_reg[61]/D
                                1.57           1.60 r        -0.03  (VIOLATED)
   u_ctrl/u_aes/rkeys_reg[121]/D
                                1.57           1.60 r        -0.03  (VIOLATED)
   u_ctrl/u_aes/rkeys_reg[124]/D
                                1.57           1.60 r        -0.03  (VIOLATED)
   u_ctrl/u_aes/rkeys_reg[153]/D
                                1.57           1.60 r        -0.03  (VIOLATED)
   u_ctrl/u_aes/rkeys_reg[156]/D
                                1.57           1.60 r        -0.03  (VIOLATED)
   u_ctrl/u_aes/rkeys_reg[157]/D
                                1.57           1.60 r        -0.03  (VIOLATED)
   u_ctrl/u_aes/rkeys_reg[159]/D
                                1.57           1.60 r        -0.03  (VIOLATED)
   u_ctrl/u_aes/rkeys_reg[188]/D
                                1.57           1.60 r        -0.03  (VIOLATED)
   u_ctrl/u_aes/rkeys_reg[252]/D
                                1.57           1.60 r        -0.03  (VIOLATED)
   u_ctrl/u_aes/rkeys_reg[254]/D
                                1.57           1.60 r        -0.03  (VIOLATED)


   max_leakage_power

                             Required        Actual
   Design                   Leakage Power  Leakage Power     Slack
   -----------------------------------------------------------------
   top_mcu_pll_sram_multiclk_soc
                                0.00       312446287872.00
                                                          -312446287872.00
                                                                    (VIOLATED)


1
