 
****************************************
Report : timing
        -path full
        -delay max
        -max_paths 1
Design : top_mcu_pll_sram_multiclk_soc
Version: W-2024.09-SP5-5
Date   : Mon Apr 13 19:55:04 2026
****************************************

 # A fanout number of 1000 was used for high fanout net computations.

Operating Conditions: ff1p16v125c   Library: saed32rvt_ff1p16v125c
Wire Load Model Mode: enclosed

  Startpoint: start (input port clocked by ref_clk)
  Endpoint: u_ctrl/aes_start_reg
            (rising edge-triggered flip-flop clocked by clk_fast)
  Path Group: INS
  Path Type: max

  Des/Clust/Port     Wire Load Model       Library
  ------------------------------------------------
  top_mcu_pll_sram_multiclk_soc
                     70000                 saed32rvt_ff1p16v125c
  soc_ctrl_multiclk_soc
                     35000                 saed32rvt_ff1p16v125c

  Point                                                   Incr       Path
  --------------------------------------------------------------------------
  clock ref_clk (rise edge)                               0.00       0.00
  clock network delay (ideal)                             0.00       0.00
  input external delay                                    1.00       1.00 r
  start (in)                                              0.00       1.00 r
  u_ctrl/start_ext (soc_ctrl_multiclk_soc)                0.00       1.00 r
  u_ctrl/U132/Y (OR2X1_RVT)                               0.15       1.15 r
  u_ctrl/U133/Y (NAND2X0_RVT)                             0.13       1.28 f
  u_ctrl/U134/Y (OR2X1_RVT)                               0.04       1.31 f
  u_ctrl/U194/Y (INVX0_RVT)                               0.22       1.53 r
  u_ctrl/U195/Y (AO21X1_RVT)                              0.03       1.56 r
  u_ctrl/aes_start_reg/D (SDFFARX1_RVT)                   0.01       1.57 r
  data arrival time                                                  1.57

  clock clk_fast (rise edge)                              1.83       1.83
  clock network delay (ideal)                             0.00       1.83
  clock uncertainty                                      -0.20       1.62
  u_ctrl/aes_start_reg/CLK (SDFFARX1_RVT)                 0.00       1.62 r
  library setup time                                     -0.05       1.57
  data required time                                                 1.57
  --------------------------------------------------------------------------
  data required time                                                 1.57
  data arrival time                                                 -1.57
  --------------------------------------------------------------------------
  slack (MET)                                                        0.01


  Startpoint: u_ctrl/done_reg
              (rising edge-triggered flip-flop clocked by clk_fast)
  Endpoint: done (output port clocked by ref_clk)
  Path Group: OUTS
  Path Type: max

  Des/Clust/Port     Wire Load Model       Library
  ------------------------------------------------
  top_mcu_pll_sram_multiclk_soc
                     70000                 saed32rvt_ff1p16v125c

  Point                                    Incr       Path
  -----------------------------------------------------------
  clock clk_fast (rise edge)               5.48       5.48
  clock network delay (ideal)              0.00       5.48
  u_ctrl/done_reg/CLK (SDFFASX1_RVT)       0.00       5.48 r
  u_ctrl/done_reg/QN (SDFFASX1_RVT)        0.05       5.53 r
  u_ctrl/done (soc_ctrl_multiclk_soc)      0.00       5.53 r
  done (out)                               0.24       5.77 r
  data arrival time                                   5.77

  clock ref_clk (rise edge)                7.30       7.30
  clock network delay (ideal)              0.00       7.30
  clock uncertainty                       -0.20       7.10
  output external delay                   -1.00       6.10
  data required time                                  6.10
  -----------------------------------------------------------
  data required time                                  6.10
  data arrival time                                  -5.77
  -----------------------------------------------------------
  slack (MET)                                         0.33


  Startpoint: u_ctrl/crc_dv_reg
              (rising edge-triggered flip-flop clocked by clk_div2)
  Endpoint: u_ctrl/u_crc/crc_reg[15]
            (rising edge-triggered flip-flop clocked by clk_div2)
  Path Group: clk_div2
  Path Type: max

  Des/Clust/Port     Wire Load Model       Library
  ------------------------------------------------
  top_mcu_pll_sram_multiclk_soc
                     70000                 saed32rvt_ff1p16v125c
  soc_ctrl_multiclk_soc
                     35000                 saed32rvt_ff1p16v125c
  crc32_byte         8000                  saed32rvt_ff1p16v125c

  Point                                                   Incr       Path
  --------------------------------------------------------------------------
  clock clk_div2 (rise edge)                              0.00       0.00
  clock network delay (ideal)                             0.00       0.00
  u_ctrl/crc_dv_reg/CLK (SDFFASX1_RVT)                    0.00       0.00 r
  u_ctrl/crc_dv_reg/QN (SDFFASX1_RVT)                     0.06       0.06 r
  u_ctrl/u_crc/data_valid (crc32_byte)                    0.00       0.06 r
  u_ctrl/u_crc/U88/Y (INVX0_RVT)                          0.15       0.21 f
  u_ctrl/u_crc/U19/Y (INVX0_RVT)                          0.97       1.18 r
  u_ctrl/u_crc/U188/Y (AO221X1_RVT)                       2.10       3.28 r
  u_ctrl/u_crc/crc_reg[15]/D (SDFFASX1_RVT)               0.01       3.29 r
  data arrival time                                                  3.29

  clock clk_div2 (rise edge)                              3.65       3.65
  clock network delay (ideal)                             0.00       3.65
  clock uncertainty                                      -0.20       3.45
  u_ctrl/u_crc/crc_reg[15]/CLK (SDFFASX1_RVT)             0.00       3.45 r
  library setup time                                     -0.05       3.40
  data required time                                                 3.40
  --------------------------------------------------------------------------
  data required time                                                 3.40
  data arrival time                                                 -3.29
  --------------------------------------------------------------------------
  slack (MET)                                                        0.11


  Startpoint: u_ctrl/u_tx/divcnt_reg[5]
              (rising edge-triggered flip-flop clocked by clk_div4)
  Endpoint: u_ctrl/u_tx/divcnt_reg[28]
            (rising edge-triggered flip-flop clocked by clk_div4)
  Path Group: clk_div4
  Path Type: max

  Des/Clust/Port     Wire Load Model       Library
  ------------------------------------------------
  top_mcu_pll_sram_multiclk_soc
                     70000                 saed32rvt_ff1p16v125c
  uart_tx_CLK_HZ100000000_BAUD115200
                     8000                  saed32rvt_ff1p16v125c

  Point                                                   Incr       Path
  --------------------------------------------------------------------------
  clock clk_div4 (rise edge)                              0.00       0.00
  clock network delay (ideal)                             0.00       0.00
  u_ctrl/u_tx/divcnt_reg[5]/CLK (SDFFASX1_RVT)            0.00       0.00 r
  u_ctrl/u_tx/divcnt_reg[5]/QN (SDFFASX1_RVT)             0.06       0.06 r
  u_ctrl/u_tx/U53/Y (AND2X1_RVT)                          0.42       0.48 r
  u_ctrl/u_tx/U60/Y (NAND4X0_RVT)                         0.04       0.52 f
  u_ctrl/u_tx/U61/Y (INVX0_RVT)                           0.07       0.59 r
  u_ctrl/u_tx/U33/Y (NOR2X0_RVT)                          0.05       0.63 f
  u_ctrl/u_tx/U62/Y (INVX0_RVT)                           0.07       0.70 r
  u_ctrl/u_tx/U50/Y (INVX0_RVT)                           0.18       0.88 f
  u_ctrl/u_tx/U3/Y (AO22X1_RVT)                           5.39       6.27 f
  u_ctrl/u_tx/U11/Y (OAI221X1_RVT)                        0.17       6.44 r
  u_ctrl/u_tx/U151/Y (NAND2X0_RVT)                        0.02       6.46 f
  u_ctrl/u_tx/divcnt_reg[28]/D (SDFFARX1_RVT)             0.01       6.47 f
  data arrival time                                                  6.47

  clock clk_div4 (rise edge)                              7.30       7.30
  clock network delay (ideal)                             0.00       7.30
  clock uncertainty                                      -0.20       7.10
  u_ctrl/u_tx/divcnt_reg[28]/CLK (SDFFARX1_RVT)           0.00       7.10 r
  library setup time                                     -0.04       7.06
  data required time                                                 7.06
  --------------------------------------------------------------------------
  data required time                                                 7.06
  data arrival time                                                 -6.47
  --------------------------------------------------------------------------
  slack (MET)                                                        0.59


  Startpoint: u_ctrl/aes_clk_req_reg
              (rising edge-triggered flip-flop clocked by clk_fast)
  Endpoint: u_ctrl/u_icg_aes/en_lat_reg
            (positive level-sensitive latch clocked by clk_fast')
  Path Group: clk_fast
  Path Type: max

  Des/Clust/Port     Wire Load Model       Library
  ------------------------------------------------
  top_mcu_pll_sram_multiclk_soc
                     70000                 saed32rvt_ff1p16v125c
  soc_ctrl_multiclk_soc
                     35000                 saed32rvt_ff1p16v125c
  icg_latch          ForQA                 saed32rvt_ff1p16v125c

  Point                                                   Incr       Path
  --------------------------------------------------------------------------
  clock clk_fast (rise edge)                              0.00       0.00
  clock network delay (ideal)                             0.00       0.00
  u_ctrl/aes_clk_req_reg/CLK (SDFFARX1_RVT)               0.00       0.00 r
  u_ctrl/aes_clk_req_reg/Q (SDFFARX1_RVT)                 0.06       0.06 r
  u_ctrl/u_icg_aes/en (icg_latch)                         0.00       0.06 r
  u_ctrl/u_icg_aes/U2/Y (OR2X1_RVT)                       0.07       0.14 r
  u_ctrl/u_icg_aes/en_lat_reg/D (LATCHX1_RVT)             0.01       0.15 r
  data arrival time                                                  0.15

  clock clk_fast' (rise edge)                             0.91       0.91
  clock network delay (ideal)                             0.00       0.91
  clock uncertainty                                      -0.20       0.71
  u_ctrl/u_icg_aes/en_lat_reg/CLK (LATCHX1_RVT)           0.00       0.71 r
  time borrowed from endpoint                             0.00       0.71
  data required time                                                 0.71
  --------------------------------------------------------------------------
  data required time                                                 0.71
  data arrival time                                                 -0.15
  --------------------------------------------------------------------------
  slack (MET)                                                        0.56

  Time Borrowing Information
  --------------------------------------------------------------
  clk_fast' nominal pulse width                           0.91   
  library setup time                                     -0.03   
  --------------------------------------------------------------
  max time borrow                                         0.89   
  actual time borrow                                      0.00   
  --------------------------------------------------------------


  Startpoint: u_ctrl/u_aes/state_reg[97]
              (rising edge-triggered flip-flop clocked by clk_fast_aes)
  Endpoint: u_ctrl/u_aes/state_reg[79]
            (rising edge-triggered flip-flop clocked by clk_fast_aes)
  Path Group: clk_fast_aes
  Path Type: max

  Des/Clust/Port     Wire Load Model       Library
  ------------------------------------------------
  soc_ctrl_multiclk_soc
                     35000                 saed32rvt_ff1p16v125c
  aes128_core        35000                 saed32rvt_ff1p16v125c

  Point                                                   Incr       Path
  --------------------------------------------------------------------------
  clock clk_fast_aes (rise edge)                          0.00       0.00
  clock network delay (ideal)                             0.00       0.00
  u_ctrl/u_aes/state_reg[97]/CLK (SDFFARX1_RVT)           0.00       0.00 r
  u_ctrl/u_aes/state_reg[97]/Q (SDFFARX1_RVT)             0.07       0.07 r
  u_ctrl/u_aes/U2565/Y (NAND3X2_RVT)                      0.58       0.64 f
  u_ctrl/u_aes/U2564/Y (IBUFFX2_RVT)                      0.60       1.24 r
  u_ctrl/u_aes/U3426/Y (NAND2X0_RVT)                      1.15       2.39 f
  u_ctrl/u_aes/U4377/Y (AND2X1_RVT)                       0.52       2.91 f
  u_ctrl/u_aes/U4379/Y (AND4X1_RVT)                       0.04       2.95 f
  u_ctrl/u_aes/U4380/Y (OA221X1_RVT)                      0.08       3.03 f
  u_ctrl/u_aes/U1583/Y (NAND2X0_RVT)                      0.22       3.25 r
  u_ctrl/u_aes/U5728/Y (OA22X1_RVT)                       0.04       3.29 r
  u_ctrl/u_aes/U229/Y (AO222X1_RVT)                       0.05       3.33 r
  u_ctrl/u_aes/U8855/Y (NBUFFX2_RVT)                      0.09       3.43 r
  u_ctrl/u_aes/U8931/Y (XOR2X1_RVT)                       0.20       3.63 f
  u_ctrl/u_aes/U2486/Y (XOR3X2_RVT)                       1.18       4.80 f
  u_ctrl/u_aes/U7847/Y (MUX21X1_RVT)                      0.05       4.85 f
  u_ctrl/u_aes/U7848/Y (NAND2X0_RVT)                      0.02       4.88 r
  u_ctrl/u_aes/state_reg[79]/D (SDFFARX1_RVT)             0.01       4.89 r
  data arrival time                                                  4.89

  clock clk_fast_aes (rise edge)                          1.83       1.83
  clock network delay (ideal)                             0.00       1.83
  clock uncertainty                                      -0.20       1.62
  u_ctrl/u_aes/state_reg[79]/CLK (SDFFARX1_RVT)           0.00       1.62 r
  library setup time                                     -0.05       1.57
  data required time                                                 1.57
  --------------------------------------------------------------------------
  data required time                                                 1.57
  data arrival time                                                 -4.89
  --------------------------------------------------------------------------
  slack (VIOLATED)                                                  -3.31


1
