 
****************************************
Report : DFT signals
Design : top_mcu_pll_sram_multiclk_soc
Version: W-2024.09-SP5-5
Date   : Thu Apr 16 09:19:19 2026
****************************************

========================================
TEST MODE: Internal_scan
VIEW     : Existing DFT
========================================
Port               SignalType          Active    Hookup    Timing    Usage
----------         ----------          ------    ------    ------    -----
test_mode          TestMode            1         -
scan_en            ScanEnable          1         -
ref_clk            ScanMasterClock     1         -         P 100.0 R 45.0 F 55.0
ref_clk            MasterClock         1         -         P 100.0 R 45.0 F 55.0
rst_n              Reset               0         -         P 100.0 R 55.0 F 45.0
test_so4           ScanDataOut         -         -
test_so3           ScanDataOut         -         -
test_so2           ScanDataOut         -         -
scan_out           ScanDataOut         -         -
test_si4           ScanDataIn          -         -
test_si3           ScanDataIn          -         -
test_si2           ScanDataIn          -         -
scan_in            ScanDataIn          -         -

1
 
****************************************
Report : DFT signals
Design : top_mcu_pll_sram_multiclk_soc
Version: W-2024.09-SP5-5
Date   : Thu Apr 16 09:19:19 2026
****************************************

========================================
TEST MODE: Internal_scan
VIEW     : Specification
========================================
Port               SignalType          Active    Hookup    Timing    Usage
----------         ----------          ------    ------    ------    -----
scan_in            ScanDataIn          -         -         Delay 0.0 -
scan_out           ScanDataOut         -         -         -         -

1
