 
****************************************
Report : Scan configuration
Design : top_mcu_pll_sram_multiclk_soc
Version: W-2024.09-SP5-5
Date   : Thu Apr 16 09:19:19 2026
****************************************

========================================
TEST MODE: Internal_scan
VIEW     : Specification
========================================
Chain count:                           4
Scan Style:                            Multiplexed flip-flop
Maximum scan chain length:             Undefined
Exact scan chain length:               Undefined
Physical Partitioning:                 Horizontal
Replace:                               True
Preserve multibit segments:            False
Clock mixing:                          No mix
Internal clocks:                       none
Retiming Flops:                        none
Add lockup:                            True
Lockup type:                           latch
Insert terminal lockup:                False
Create dedicated scan out ports:       False
Shared scan in:                        0
Bidirectional mode:                    No bidirectional type
Internal Clock Mixing:                 False
Test Clocks by System Clocks:          False
Hierarchical Isolation:                False
Multiple Scan Enable:                  Disable
Pipeline Scan Enable:                  Disable
Voltage Mixing:                        False
Identify Shift Register:               False
Power Domain Mixing:                   False
Reuse MV Isolation Cells:              True
Multi LSSD:                            Disable

1
