****************************************
Report : timing
	-path_type full_clock_expanded
	-delay_type min
	-nosplit
	-input_pins
	-slack_lesser_than 0.0000
	-max_paths 25
	-sort_by slack
Design : top_mcu_pll_sram_multiclk_soc
Version: W-2024.09-SP5-3
Date   : Wed Apr 15 19:09:47 2026
****************************************


  Startpoint: u_ctrl/mem_wdata_reg_0_ (rising edge-triggered flip-flop clocked by clk_div2)
  Endpoint: u_mem/u_sram (rising edge-triggered flip-flop clocked by clk_div2)
  Path Group: clk_div2
  Path Type: min

  Point                                                      Incr       Path
  ---------------------------------------------------------------------------------
  clock clk_div2 (rise edge)                               0.0000     0.0000
  clock network delay (ideal)                              0.0000     0.0000
  u_ctrl/mem_wdata_reg_0_/CLK (SDFFARX1_RVT)               0.0000     0.0000 r
  u_ctrl/mem_wdata_reg_0_/Q (SDFFARX1_RVT)                 0.0605 +   0.0605 f
  u_mem/u_sram/I[0] (SRAM1RW1024x8)                        0.0000 +   0.0605 f
  data arrival time                                                   0.0605

  clock clk_div2 (rise edge)                               0.0000     0.0000
  clock network delay (ideal)                              0.0000     0.0000
  u_mem/u_sram/CE (SRAM1RW1024x8)                                     0.0000 r
  clock reconvergence pessimism                            0.0000     0.0000
  clock uncertainty                                        0.0200     0.0200
  library hold time                                        0.0545     0.0745
  data required time                                                  0.0745
  ---------------------------------------------------------------------------------
  data required time                                                  0.0745
  data arrival time                                                  -0.0605
  ---------------------------------------------------------------------------------
  slack (VIOLATED)                                                   -0.0140


  Startpoint: u_ctrl/mem_wdata_reg_2_ (rising edge-triggered flip-flop clocked by clk_div2)
  Endpoint: u_mem/u_sram (rising edge-triggered flip-flop clocked by clk_div2)
  Path Group: clk_div2
  Path Type: min

  Point                                                      Incr       Path
  ---------------------------------------------------------------------------------
  clock clk_div2 (rise edge)                               0.0000     0.0000
  clock network delay (ideal)                              0.0000     0.0000
  u_ctrl/mem_wdata_reg_2_/CLK (SDFFARX1_RVT)               0.0000     0.0000 r
  u_ctrl/mem_wdata_reg_2_/Q (SDFFARX1_RVT)                 0.0607 +   0.0607 f
  u_mem/u_sram/I[2] (SRAM1RW1024x8)                        0.0000 +   0.0607 f
  data arrival time                                                   0.0607

  clock clk_div2 (rise edge)                               0.0000     0.0000
  clock network delay (ideal)                              0.0000     0.0000
  u_mem/u_sram/CE (SRAM1RW1024x8)                                     0.0000 r
  clock reconvergence pessimism                            0.0000     0.0000
  clock uncertainty                                        0.0200     0.0200
  library hold time                                        0.0545     0.0745
  data required time                                                  0.0745
  ---------------------------------------------------------------------------------
  data required time                                                  0.0745
  data arrival time                                                  -0.0607
  ---------------------------------------------------------------------------------
  slack (VIOLATED)                                                   -0.0138


  Startpoint: u_ctrl/mem_wdata_reg_6_ (rising edge-triggered flip-flop clocked by clk_div2)
  Endpoint: u_mem/u_sram (rising edge-triggered flip-flop clocked by clk_div2)
  Path Group: clk_div2
  Path Type: min

  Point                                                      Incr       Path
  ---------------------------------------------------------------------------------
  clock clk_div2 (rise edge)                               0.0000     0.0000
  clock network delay (ideal)                              0.0000     0.0000
  u_ctrl/mem_wdata_reg_6_/CLK (SDFFARX1_RVT)               0.0000     0.0000 r
  u_ctrl/mem_wdata_reg_6_/Q (SDFFARX1_RVT)                 0.0612 +   0.0612 f
  u_mem/u_sram/I[6] (SRAM1RW1024x8)                        0.0000 +   0.0612 f
  data arrival time                                                   0.0612

  clock clk_div2 (rise edge)                               0.0000     0.0000
  clock network delay (ideal)                              0.0000     0.0000
  u_mem/u_sram/CE (SRAM1RW1024x8)                                     0.0000 r
  clock reconvergence pessimism                            0.0000     0.0000
  clock uncertainty                                        0.0200     0.0200
  library hold time                                        0.0544     0.0744
  data required time                                                  0.0744
  ---------------------------------------------------------------------------------
  data required time                                                  0.0744
  data arrival time                                                  -0.0612
  ---------------------------------------------------------------------------------
  slack (VIOLATED)                                                   -0.0132


  Startpoint: u_ctrl/mem_wdata_reg_1_ (rising edge-triggered flip-flop clocked by clk_div2)
  Endpoint: u_mem/u_sram (rising edge-triggered flip-flop clocked by clk_div2)
  Path Group: clk_div2
  Path Type: min

  Point                                                      Incr       Path
  ---------------------------------------------------------------------------------
  clock clk_div2 (rise edge)                               0.0000     0.0000
  clock network delay (ideal)                              0.0000     0.0000
  u_ctrl/mem_wdata_reg_1_/CLK (SDFFARX1_RVT)               0.0000     0.0000 r
  u_ctrl/mem_wdata_reg_1_/Q (SDFFARX1_RVT)                 0.0614 +   0.0614 f
  u_mem/u_sram/I[1] (SRAM1RW1024x8)                        0.0000 +   0.0614 f
  data arrival time                                                   0.0614

  clock clk_div2 (rise edge)                               0.0000     0.0000
  clock network delay (ideal)                              0.0000     0.0000
  u_mem/u_sram/CE (SRAM1RW1024x8)                                     0.0000 r
  clock reconvergence pessimism                            0.0000     0.0000
  clock uncertainty                                        0.0200     0.0200
  library hold time                                        0.0543     0.0743
  data required time                                                  0.0743
  ---------------------------------------------------------------------------------
  data required time                                                  0.0743
  data arrival time                                                  -0.0614
  ---------------------------------------------------------------------------------
  slack (VIOLATED)                                                   -0.0129


  Startpoint: u_ctrl/mem_wdata_reg_5_ (rising edge-triggered flip-flop clocked by clk_div2)
  Endpoint: u_mem/u_sram (rising edge-triggered flip-flop clocked by clk_div2)
  Path Group: clk_div2
  Path Type: min

  Point                                                      Incr       Path
  ---------------------------------------------------------------------------------
  clock clk_div2 (rise edge)                               0.0000     0.0000
  clock network delay (ideal)                              0.0000     0.0000
  u_ctrl/mem_wdata_reg_5_/CLK (SDFFARX1_RVT)               0.0000     0.0000 r
  u_ctrl/mem_wdata_reg_5_/Q (SDFFARX1_RVT)                 0.0624 +   0.0624 f
  u_mem/u_sram/I[5] (SRAM1RW1024x8)                        0.0000 +   0.0625 f
  data arrival time                                                   0.0625

  clock clk_div2 (rise edge)                               0.0000     0.0000
  clock network delay (ideal)                              0.0000     0.0000
  u_mem/u_sram/CE (SRAM1RW1024x8)                                     0.0000 r
  clock reconvergence pessimism                            0.0000     0.0000
  clock uncertainty                                        0.0200     0.0200
  library hold time                                        0.0541     0.0741
  data required time                                                  0.0741
  ---------------------------------------------------------------------------------
  data required time                                                  0.0741
  data arrival time                                                  -0.0625
  ---------------------------------------------------------------------------------
  slack (VIOLATED)                                                   -0.0116


  Startpoint: u_ctrl/mem_wdata_reg_7_ (rising edge-triggered flip-flop clocked by clk_div2)
  Endpoint: u_mem/u_sram (rising edge-triggered flip-flop clocked by clk_div2)
  Path Group: clk_div2
  Path Type: min

  Point                                                      Incr       Path
  ---------------------------------------------------------------------------------
  clock clk_div2 (rise edge)                               0.0000     0.0000
  clock network delay (ideal)                              0.0000     0.0000
  u_ctrl/mem_wdata_reg_7_/CLK (SDFFARX1_RVT)               0.0000     0.0000 r
  u_ctrl/mem_wdata_reg_7_/Q (SDFFARX1_RVT)                 0.0629 +   0.0629 f
  u_mem/u_sram/I[7] (SRAM1RW1024x8)                        0.0000 +   0.0630 f
  data arrival time                                                   0.0630

  clock clk_div2 (rise edge)                               0.0000     0.0000
  clock network delay (ideal)                              0.0000     0.0000
  u_mem/u_sram/CE (SRAM1RW1024x8)                                     0.0000 r
  clock reconvergence pessimism                            0.0000     0.0000
  clock uncertainty                                        0.0200     0.0200
  library hold time                                        0.0539     0.0739
  data required time                                                  0.0739
  ---------------------------------------------------------------------------------
  data required time                                                  0.0739
  data arrival time                                                  -0.0630
  ---------------------------------------------------------------------------------
  slack (VIOLATED)                                                   -0.0110


  Startpoint: u_ctrl/mem_wdata_reg_3_ (rising edge-triggered flip-flop clocked by clk_div2)
  Endpoint: u_mem/u_sram (rising edge-triggered flip-flop clocked by clk_div2)
  Path Group: clk_div2
  Path Type: min

  Point                                                      Incr       Path
  ---------------------------------------------------------------------------------
  clock clk_div2 (rise edge)                               0.0000     0.0000
  clock network delay (ideal)                              0.0000     0.0000
  u_ctrl/mem_wdata_reg_3_/CLK (SDFFARX1_RVT)               0.0000     0.0000 r
  u_ctrl/mem_wdata_reg_3_/Q (SDFFARX1_RVT)                 0.0635 +   0.0635 f
  u_mem/u_sram/I[3] (SRAM1RW1024x8)                        0.0001 +   0.0636 f
  data arrival time                                                   0.0636

  clock clk_div2 (rise edge)                               0.0000     0.0000
  clock network delay (ideal)                              0.0000     0.0000
  u_mem/u_sram/CE (SRAM1RW1024x8)                                     0.0000 r
  clock reconvergence pessimism                            0.0000     0.0000
  clock uncertainty                                        0.0200     0.0200
  library hold time                                        0.0538     0.0738
  data required time                                                  0.0738
  ---------------------------------------------------------------------------------
  data required time                                                  0.0738
  data arrival time                                                  -0.0636
  ---------------------------------------------------------------------------------
  slack (VIOLATED)                                                   -0.0103


  Startpoint: u_ctrl/mem_wdata_reg_4_ (rising edge-triggered flip-flop clocked by clk_div2)
  Endpoint: u_mem/u_sram (rising edge-triggered flip-flop clocked by clk_div2)
  Path Group: clk_div2
  Path Type: min

  Point                                                      Incr       Path
  ---------------------------------------------------------------------------------
  clock clk_div2 (rise edge)                               0.0000     0.0000
  clock network delay (ideal)                              0.0000     0.0000
  u_ctrl/mem_wdata_reg_4_/CLK (SDFFARX1_RVT)               0.0000     0.0000 r
  u_ctrl/mem_wdata_reg_4_/Q (SDFFARX1_RVT)                 0.0636 +   0.0636 f
  u_mem/u_sram/I[4] (SRAM1RW1024x8)                        0.0001 +   0.0637 f
  data arrival time                                                   0.0637

  clock clk_div2 (rise edge)                               0.0000     0.0000
  clock network delay (ideal)                              0.0000     0.0000
  u_mem/u_sram/CE (SRAM1RW1024x8)                                     0.0000 r
  clock reconvergence pessimism                            0.0000     0.0000
  clock uncertainty                                        0.0200     0.0200
  library hold time                                        0.0538     0.0738
  data required time                                                  0.0738
  ---------------------------------------------------------------------------------
  data required time                                                  0.0738
  data arrival time                                                  -0.0637
  ---------------------------------------------------------------------------------
  slack (VIOLATED)                                                   -0.0101


1
