Warning: Reference PLL contains internal pins with clock attribute. (TIM-103)
Information: Updating design information... (UID-85)
Warning: Design 'top_mcu_pll_sram_multiclk_soc' contains 1 high-fanout nets. A fanout number of 1000 will be used for delay calculations involving these nets. (TIM-134)
 
****************************************
Report : qor
Design : top_mcu_pll_sram_multiclk_soc
Version: W-2024.09-SP5-5
Date   : Sat Apr 11 20:18:59 2026
****************************************


  Timing Path Group 'INS'
  -----------------------------------
  Levels of Logic:               3.00
  Critical Path Length:          0.13
  Critical Path Slack:          -0.01
  Critical Path Clk Period:      1.38
  Total Negative Slack:         -0.02
  No. of Violating Paths:        3.00
  Worst Hold Violation:          0.00
  Total Hold Violation:          0.00
  No. of Hold Violations:        0.00
  -----------------------------------

  Timing Path Group 'OUTS'
  -----------------------------------
  Levels of Logic:               0.00
  Critical Path Length:          0.17
  Critical Path Slack:           0.01
  Critical Path Clk Period:      5.50
  Total Negative Slack:          0.00
  No. of Violating Paths:        0.00
  Worst Hold Violation:          0.00
  Total Hold Violation:          0.00
  No. of Hold Violations:        0.00
  -----------------------------------

  Timing Path Group 'clk_div2'
  -----------------------------------
  Levels of Logic:               1.00
  Critical Path Length:          0.25
  Critical Path Slack:           0.86
  Critical Path Clk Period:      2.75
  Total Negative Slack:          0.00
  No. of Violating Paths:        0.00
  Worst Hold Violation:         -0.02
  Total Hold Violation:         -0.21
  No. of Hold Violations:       12.00
  -----------------------------------

  Timing Path Group 'clk_div4'
  -----------------------------------
  Levels of Logic:               1.00
  Critical Path Length:          0.20
  Critical Path Slack:           0.91
  Critical Path Clk Period:      5.50
  Total Negative Slack:          0.00
  No. of Violating Paths:        0.00
  Worst Hold Violation:          0.00
  Total Hold Violation:          0.00
  No. of Hold Violations:        0.00
  -----------------------------------

  Timing Path Group 'clk_fast'
  -----------------------------------
  Levels of Logic:              16.00
  Critical Path Length:          1.18
  Critical Path Slack:          -0.07
  Critical Path Clk Period:      1.38
  Total Negative Slack:         -5.89
  No. of Violating Paths:      128.00
  Worst Hold Violation:          0.00
  Total Hold Violation:          0.00
  No. of Hold Violations:        0.00
  -----------------------------------


  Cell Count
  -----------------------------------
  Hierarchical Cell Count:          4
  Hierarchical Port Count:        722
  Leaf Cell Count:              15917
  Buf/Inv Cell Count:            1864
  Buf Cell Count:                 295
  Inv Cell Count:                1569
  CT Buf/Inv Cell Count:            1
  Combinational Cell Count:     14382
  Sequential Cell Count:         1535
  Macro Count:                      0
  -----------------------------------


  Area
  -----------------------------------
  Combinational Area:    33868.500648
  Noncombinational Area: 10958.689460
  Buf/Inv Area:           2820.235996
  Total Buffer Area:           693.05
  Total Inverter Area:        2127.19
  Macro/Black Box Area:  31230.701660
  Net Area:              14193.849143
  -----------------------------------
  Cell Area:             76057.891768
  Design Area:           90251.740911


  Design Rules
  -----------------------------------
  Total Number of Nets:         16501
  Nets With Violations:             1
  Max Trans Violations:             0
  Max Cap Violations:               1
  -----------------------------------


  Hostname: SGP3

  Compile CPU Statistics
  -----------------------------------------
  Resource Sharing:                    0.00
  Logic Optimization:                  0.20
  Mapping Optimization:               15.72
  -----------------------------------------
  Overall Compile Time:               22.60
  Overall Compile Wall Clock Time:    23.34

  --------------------------------------------------------------------

  Design  WNS: 0.07  TNS: 5.91  Number of Violating Paths: 131


  Design (Hold)  WNS: 0.02  TNS: 0.21  Number of Violating Paths: 12

  --------------------------------------------------------------------


1
