 
****************************************
Report : timing
        -path full
        -delay max
        -max_paths 1
Design : top_mcu_pll_sram_multiclk_soc
Version: W-2024.09-SP5-5
Date   : Sat Apr 11 20:18:59 2026
****************************************

 # A fanout number of 1000 was used for high fanout net computations.

Operating Conditions: ss0p95v125c   Library: saed32rvt_ss0p95v125c
Wire Load Model Mode: enclosed

  Startpoint: start (input port clocked by ref_clk)
  Endpoint: u_ctrl/crc_done_hold_reg
            (rising edge-triggered flip-flop clocked by clk_fast)
  Path Group: INS
  Path Type: max

  Des/Clust/Port     Wire Load Model       Library
  ------------------------------------------------
  top_mcu_pll_sram_multiclk_soc
                     ForQA                 saed32rvt_ss0p95v125c
  soc_ctrl_multiclk_soc
                     70000                 saed32rvt_ss0p95v125c

  Point                                                   Incr       Path
  --------------------------------------------------------------------------
  clock ref_clk (rise edge)                               0.00       0.00
  clock network delay (ideal)                             0.00       0.00
  input external delay                                    1.00       1.00 f
  start (in)                                              0.00       1.00 f
  u_ctrl/start_ext (soc_ctrl_multiclk_soc)                0.00       1.00 f
  u_ctrl/U88/Y (INVX32_RVT)                               0.02       1.02 r
  u_ctrl/U47/Y (OR2X1_RVT)                                0.05       1.07 r
  u_ctrl/U93/Y (AND3X1_RVT)                               0.06       1.13 r
  u_ctrl/crc_done_hold_reg/D (DFFARX1_RVT)                0.00       1.13 r
  data arrival time                                                  1.13

  clock clk_fast (rise edge)                              1.38       1.38
  clock network delay (ideal)                             0.00       1.38
  clock uncertainty                                      -0.20       1.17
  u_ctrl/crc_done_hold_reg/CLK (DFFARX1_RVT)              0.00       1.17 r
  library setup time                                     -0.06       1.12
  data required time                                                 1.12
  --------------------------------------------------------------------------
  data required time                                                 1.12
  data arrival time                                                 -1.13
  --------------------------------------------------------------------------
  slack (VIOLATED)                                                  -0.01


  Startpoint: u_ctrl/pass_reg
              (rising edge-triggered flip-flop clocked by clk_fast)
  Endpoint: pass (output port clocked by ref_clk)
  Path Group: OUTS
  Path Type: max

  Des/Clust/Port     Wire Load Model       Library
  ------------------------------------------------
  top_mcu_pll_sram_multiclk_soc
                     ForQA                 saed32rvt_ss0p95v125c

  Point                                    Incr       Path
  -----------------------------------------------------------
  clock clk_fast (rise edge)               4.12       4.12
  clock network delay (ideal)              0.00       4.12
  u_ctrl/pass_reg/CLK (DFFARX1_RVT)        0.00       4.12 r
  u_ctrl/pass_reg/Q (DFFARX1_RVT)          0.17       4.29 r
  u_ctrl/pass (soc_ctrl_multiclk_soc)      0.00       4.29 r
  pass (out)                               0.00       4.29 r
  data arrival time                                   4.29

  clock ref_clk (rise edge)                5.50       5.50
  clock network delay (ideal)              0.00       5.50
  clock uncertainty                       -0.20       5.30
  output external delay                   -1.00       4.30
  data required time                                  4.30
  -----------------------------------------------------------
  data required time                                  4.30
  data arrival time                                  -4.29
  -----------------------------------------------------------
  slack (MET)                                         0.01


  Startpoint: u_ctrl/ct_hold_fast_reg[29]
              (rising edge-triggered flip-flop clocked by clk_fast)
  Endpoint: u_ctrl/ct_hold_div2_reg[29]
            (rising edge-triggered flip-flop clocked by clk_div2)
  Path Group: clk_div2
  Path Type: max

  Des/Clust/Port     Wire Load Model       Library
  ------------------------------------------------
  top_mcu_pll_sram_multiclk_soc
                     ForQA                 saed32rvt_ss0p95v125c
  soc_ctrl_multiclk_soc
                     70000                 saed32rvt_ss0p95v125c

  Point                                                   Incr       Path
  --------------------------------------------------------------------------
  clock clk_fast (rise edge)                              1.38       1.38
  clock network delay (ideal)                             0.00       1.38
  u_ctrl/ct_hold_fast_reg[29]/CLK (DFFARX1_RVT)           0.00       1.38 r
  u_ctrl/ct_hold_fast_reg[29]/Q (DFFARX1_RVT)             0.17       1.54 r
  u_ctrl/U1070/Y (AO22X1_RVT)                             0.08       1.62 r
  u_ctrl/ct_hold_div2_reg[29]/D (DFFARX1_RVT)             0.00       1.62 r
  data arrival time                                                  1.62

  clock clk_div2 (rise edge)                              2.75       2.75
  clock network delay (ideal)                             0.00       2.75
  clock uncertainty                                      -0.20       2.55
  u_ctrl/ct_hold_div2_reg[29]/CLK (DFFARX1_RVT)           0.00       2.55 r
  library setup time                                     -0.06       2.49
  data required time                                                 2.49
  --------------------------------------------------------------------------
  data required time                                                 2.49
  data arrival time                                                 -1.62
  --------------------------------------------------------------------------
  slack (MET)                                                        0.86


  Startpoint: u_ctrl/done_reg
              (rising edge-triggered flip-flop clocked by clk_fast)
  Endpoint: u_ctrl/start_uart_cmd_reg
            (rising edge-triggered flip-flop clocked by clk_div4)
  Path Group: clk_div4
  Path Type: max

  Des/Clust/Port     Wire Load Model       Library
  ------------------------------------------------
  top_mcu_pll_sram_multiclk_soc
                     ForQA                 saed32rvt_ss0p95v125c
  soc_ctrl_multiclk_soc
                     70000                 saed32rvt_ss0p95v125c

  Point                                                   Incr       Path
  --------------------------------------------------------------------------
  clock clk_fast (rise edge)                              4.12       4.12
  clock network delay (ideal)                             0.00       4.12
  u_ctrl/done_reg/CLK (DFFARX1_RVT)                       0.00       4.12 r
  u_ctrl/done_reg/QN (DFFARX1_RVT)                        0.12       4.24 r
  u_ctrl/U198/Y (AO22X1_RVT)                              0.08       4.32 r
  u_ctrl/start_uart_cmd_reg/D (DFFARX1_RVT)               0.00       4.32 r
  data arrival time                                                  4.32

  clock clk_div4 (rise edge)                              5.50       5.50
  clock network delay (ideal)                             0.00       5.50
  clock uncertainty                                      -0.20       5.30
  u_ctrl/start_uart_cmd_reg/CLK (DFFARX1_RVT)             0.00       5.30 r
  library setup time                                     -0.06       5.24
  data required time                                                 5.24
  --------------------------------------------------------------------------
  data required time                                                 5.24
  data arrival time                                                 -4.32
  --------------------------------------------------------------------------
  slack (MET)                                                        0.91


  Startpoint: u_ctrl/u_aes/state_reg[4]
              (rising edge-triggered flip-flop clocked by clk_fast)
  Endpoint: u_ctrl/u_aes/state_reg[100]
            (rising edge-triggered flip-flop clocked by clk_fast)
  Path Group: clk_fast
  Path Type: max

  Des/Clust/Port     Wire Load Model       Library
  ------------------------------------------------
  soc_ctrl_multiclk_soc
                     70000                 saed32rvt_ss0p95v125c
  aes128_core        70000                 saed32rvt_ss0p95v125c

  Point                                                   Incr       Path
  --------------------------------------------------------------------------
  clock clk_fast (rise edge)                              0.00       0.00
  clock network delay (ideal)                             0.00       0.00
  u_ctrl/u_aes/state_reg[4]/CLK (DFFARX1_RVT)             0.00       0.00 r
  u_ctrl/u_aes/state_reg[4]/Q (DFFARX1_RVT)               0.17       0.17 f
  u_ctrl/u_aes/U3210/Y (NBUFFX8_RVT)                      0.05       0.22 f
  u_ctrl/u_aes/U4628/Y (OR2X1_RVT)                        0.05       0.27 f
  u_ctrl/u_aes/U6096/Y (OR2X2_RVT)                        0.06       0.33 f
  u_ctrl/u_aes/U13088/Y (INVX2_RVT)                       0.02       0.35 r
  u_ctrl/u_aes/U13087/Y (AND2X1_RVT)                      0.05       0.40 r
  u_ctrl/u_aes/U277/Y (OR2X2_RVT)                         0.05       0.46 r
  u_ctrl/u_aes/U1226/Y (OR2X1_RVT)                        0.05       0.51 r
  u_ctrl/u_aes/U1167/Y (OR2X1_RVT)                        0.05       0.56 r
  u_ctrl/u_aes/U9860/Y (OR3X1_RVT)                        0.06       0.61 r
  u_ctrl/u_aes/U9823/Y (NAND2X0_RVT)                      0.04       0.65 f
  u_ctrl/u_aes/U10573/Y (OAI22X2_RVT)                     0.10       0.74 r
  u_ctrl/u_aes/U8083/Y (XNOR2X2_RVT)                      0.11       0.85 r
  u_ctrl/u_aes/U9687/Y (XNOR2X2_RVT)                      0.09       0.94 r
  u_ctrl/u_aes/U9728/Y (XOR3X2_RVT)                       0.15       1.10 f
  u_ctrl/u_aes/U4431/Y (OR2X1_RVT)                        0.05       1.15 f
  u_ctrl/u_aes/U9729/Y (NAND2X0_RVT)                      0.03       1.18 r
  u_ctrl/u_aes/state_reg[100]/D (DFFARX2_RVT)             0.00       1.18 r
  data arrival time                                                  1.18

  clock clk_fast (rise edge)                              1.38       1.38
  clock network delay (ideal)                             0.00       1.38
  clock uncertainty                                      -0.20       1.17
  u_ctrl/u_aes/state_reg[100]/CLK (DFFARX2_RVT)           0.00       1.17 r
  library setup time                                     -0.06       1.11
  data required time                                                 1.11
  --------------------------------------------------------------------------
  data required time                                                 1.11
  data arrival time                                                 -1.18
  --------------------------------------------------------------------------
  slack (VIOLATED)                                                  -0.07


1
