****************************************
Report : constraint
	-all_violators
	-path slack_only
Design : top_mcu_pll_sram_multiclk_soc
Version: W-2024.09-SP5-3
Date   : Mon Apr 13 15:15:04 2026
****************************************



   min_delay/hold ('clk_div2' group)

   Endpoint                                                  Slack
   -----------------------------------------------------------------
   u_mem_u_sram/A[0]                                       -0.0171  (VIOLATED)
   u_mem_u_sram/A[1]                                       -0.0171  (VIOLATED)
   u_mem_u_sram/A[2]                                       -0.0171  (VIOLATED)
   u_mem_u_sram/A[3]                                       -0.0171  (VIOLATED)
   u_mem_u_sram/I[0]                                       -0.0171  (VIOLATED)
   u_mem_u_sram/I[1]                                       -0.0171  (VIOLATED)
   u_mem_u_sram/I[2]                                       -0.0171  (VIOLATED)
   u_mem_u_sram/I[3]                                       -0.0171  (VIOLATED)
   u_mem_u_sram/I[4]                                       -0.0171  (VIOLATED)
   u_mem_u_sram/I[5]                                       -0.0171  (VIOLATED)
   u_mem_u_sram/I[6]                                       -0.0171  (VIOLATED)
   u_mem_u_sram/I[7]                                       -0.0171  (VIOLATED)




   max_capacitance

                             Required        Actual
   Pin                      Capacitance    Capacitance       Slack
   -----------------------------------------------------------------
   u_ctrl/u_aes/U276/Y       64.0000        72.9168        -8.9168  (VIOLATED)
   u_ctrl/U39/Y               8.0000        13.6194        -5.6194  (VIOLATED)
   u_ctrl/U5/Y               64.0000        69.4583        -5.4583  (VIOLATED)
   u_ctrl/u_aes/U964/Y       16.0000        20.3195        -4.3195  (VIOLATED)
   u_ctrl/U628/Y             16.0000        19.9708        -3.9708  (VIOLATED)
   u_ctrl/u_aes/U892/Y       16.0000        19.7263        -3.7263  (VIOLATED)
   u_ctrl/u_aes/U1782/Y      16.0000        19.5640        -3.5640  (VIOLATED)
   u_ctrl/U38/Y              32.0000        35.2718        -3.2718  (VIOLATED)
   u_ctrl/U32/Y              16.0000        19.2670        -3.2670  (VIOLATED)
   u_ctrl/U31/Y              16.0000        19.1473        -3.1473  (VIOLATED)
   u_ctrl/u_aes/U398/Y       16.0000        18.9625        -2.9625  (VIOLATED)
   u_ctrl/u_aes/U2985/Y      16.0000        18.8751        -2.8751  (VIOLATED)
   u_ctrl/u_aes/U953/Y       32.0000        34.5963        -2.5963  (VIOLATED)
   u_ctrl/u_aes/U983/Y       32.0000        34.3400        -2.3400  (VIOLATED)
   u_ctrl/u_aes/U985/Y       32.0000        34.3400        -2.3400  (VIOLATED)
   u_ctrl/u_aes/U739/Y       16.0000        18.3339        -2.3339  (VIOLATED)
   u_ctrl/u_aes/U2511/Y      16.0000        18.3236        -2.3236  (VIOLATED)
   u_ctrl/u_aes/U274/Y       16.0000        18.3152        -2.3152  (VIOLATED)
   u_ctrl/u_aes/U1169/Y       8.0000        10.3148        -2.3148  (VIOLATED)
   u_ctrl/u_aes/U977/Y       32.0000        34.3120        -2.3120  (VIOLATED)
   u_ctrl/u_aes/U978/Y       32.0000        34.2839        -2.2839  (VIOLATED)
   u_ctrl/u_aes/U1167/Y       8.0000        10.1773        -2.1773  (VIOLATED)
   u_ctrl/u_aes/U932/Y       32.0000        34.0528        -2.0528  (VIOLATED)
   u_ctrl/u_aes/state_reg_0_/Q   8.0000     10.0048        -2.0048  (VIOLATED)
   u_ctrl/u_aes/U950/Y        8.0000         9.9780        -1.9780  (VIOLATED)
   u_ctrl/u_aes/U336/Y        8.0000         9.9456        -1.9456  (VIOLATED)
   u_ctrl/u_aes/U5585/Y       8.0000         9.9377        -1.9377  (VIOLATED)
   u_ctrl/u_aes/U970/Y        8.0000         9.8871        -1.8871  (VIOLATED)
   u_ctrl/u_aes/U4402/Y      16.0000        17.8688        -1.8688  (VIOLATED)
   u_ctrl/u_aes/U4404/Y      16.0000        17.8688        -1.8688  (VIOLATED)
   u_ctrl/u_aes/U4408/Y      16.0000        17.8688        -1.8688  (VIOLATED)
   u_ctrl/U143/Y             16.0000        17.8488        -1.8488  (VIOLATED)
   u_ctrl/u_aes/U984/Y       32.0000        33.8232        -1.8232  (VIOLATED)
   u_ctrl/u_aes/U1330/Y       8.0000         9.7937        -1.7937  (VIOLATED)
   u_ctrl/u_aes/U8981/Y      16.0000        17.7437        -1.7437  (VIOLATED)
   u_ctrl/u_aes/U696/Y        8.0000         9.7114        -1.7114  (VIOLATED)
   u_ctrl/u_aes/U713/Y        8.0000         9.7114        -1.7114  (VIOLATED)
   u_ctrl/u_aes/U1938/Y       8.0000         9.7114        -1.7114  (VIOLATED)
   u_ctrl/u_aes/U1000/Y       8.0000         9.6831        -1.6831  (VIOLATED)
   u_ctrl/u_aes/state_reg_108_/QN   8.0000   9.6734        -1.6734  (VIOLATED)
   u_ctrl/u_aes/U351/Y        8.0000         9.6588        -1.6588  (VIOLATED)
   u_ctrl/U234/Y             16.0000        17.6503        -1.6503  (VIOLATED)
   u_ctrl/u_aes/U3867/Y       8.0000         9.6440        -1.6440  (VIOLATED)
   u_ctrl/U21/Y               8.0000         9.6039        -1.6039  (VIOLATED)
   u_ctrl/U28/Y               8.0000         9.6039        -1.6039  (VIOLATED)
   u_ctrl/u_aes/U1235/Y       8.0000         9.5979        -1.5979  (VIOLATED)
   u_ctrl/U583/Y              8.0000         9.5943        -1.5943  (VIOLATED)
   u_ctrl/u_aes/state_reg_47_/Q   8.0000     9.5781        -1.5781  (VIOLATED)
   u_ctrl/u_aes/U324/Y        8.0000         9.5641        -1.5641  (VIOLATED)
   u_ctrl/u_aes/U342/Y       16.0000        17.5635        -1.5635  (VIOLATED)
   u_ctrl/u_aes/U4400/Y      16.0000        17.5327        -1.5327  (VIOLATED)
   u_ctrl/u_aes/U4405/Y      16.0000        17.5327        -1.5327  (VIOLATED)
   u_ctrl/u_aes/U4406/Y      16.0000        17.5327        -1.5327  (VIOLATED)
   u_ctrl/u_aes/U4407/Y      16.0000        17.5327        -1.5327  (VIOLATED)
   u_ctrl/u_aes/U4410/Y      16.0000        17.5327        -1.5327  (VIOLATED)
   u_ctrl/u_aes/U4411/Y      16.0000        17.5327        -1.5327  (VIOLATED)
   u_ctrl/u_aes/U4412/Y      16.0000        17.5327        -1.5327  (VIOLATED)
   u_ctrl/u_aes/U4418/Y      16.0000        17.5327        -1.5327  (VIOLATED)
   u_ctrl/u_aes/U4420/Y      16.0000        17.5327        -1.5327  (VIOLATED)
   u_ctrl/u_aes/U166/Y        8.0000         9.5213        -1.5213  (VIOLATED)
   u_ctrl/u_aes/U4417/Y      16.0000        17.5186        -1.5186  (VIOLATED)
   u_ctrl/u_aes/U1755/Y       8.0000         9.5144        -1.5144  (VIOLATED)
   u_ctrl/U262/Y              8.0000         9.5057        -1.5057  (VIOLATED)
   u_ctrl/u_aes/U4413/Y      16.0000        17.5046        -1.5046  (VIOLATED)
   u_ctrl/u_aes/U4419/Y      16.0000        17.5046        -1.5046  (VIOLATED)
   u_ctrl/U29/Y               8.0000         9.5001        -1.5001  (VIOLATED)
   u_ctrl/U235/Y              8.0000         9.4913        -1.4913  (VIOLATED)
   u_ctrl/u_aes/U4415/Y      16.0000        17.4905        -1.4905  (VIOLATED)
   u_ctrl/u_aes/U4416/Y      16.0000        17.4905        -1.4905  (VIOLATED)
   u_ctrl/u_aes/U1440/Y       8.0000         9.4786        -1.4786  (VIOLATED)
   u_ctrl/u_aes/U1546/Y      16.0000        17.4696        -1.4696  (VIOLATED)
   u_ctrl/u_aes/U427/Y        8.0000         9.4692        -1.4692  (VIOLATED)
   u_ctrl/u_aes/state_reg_31_/Q   8.0000     9.4593        -1.4593  (VIOLATED)
   u_ctrl/u_aes/state_reg_15_/Q   8.0000     9.4445        -1.4445  (VIOLATED)
   u_ctrl/U135/Y             16.0000        17.4370        -1.4370  (VIOLATED)
   u_ctrl/U136/Y             16.0000        17.4370        -1.4370  (VIOLATED)
   u_ctrl/U137/Y             16.0000        17.4370        -1.4370  (VIOLATED)
   u_ctrl/U138/Y             16.0000        17.4370        -1.4370  (VIOLATED)
   u_ctrl/U139/Y             16.0000        17.4370        -1.4370  (VIOLATED)
   u_ctrl/U140/Y             16.0000        17.4370        -1.4370  (VIOLATED)
   u_ctrl/U141/Y             16.0000        17.4370        -1.4370  (VIOLATED)
   u_ctrl/U142/Y             16.0000        17.4370        -1.4370  (VIOLATED)
   u_ctrl/U144/Y             16.0000        17.4370        -1.4370  (VIOLATED)
   u_ctrl/U145/Y             16.0000        17.4370        -1.4370  (VIOLATED)
   u_ctrl/u_aes/U1125/Y       8.0000         9.4266        -1.4266  (VIOLATED)
   u_ctrl/U146/Y             16.0000        17.4229        -1.4229  (VIOLATED)
   u_ctrl/u_aes/U1381/Y       8.0000         9.4186        -1.4186  (VIOLATED)
   u_ctrl/u_aes/state_reg_8_/QN   8.0000     9.4060        -1.4060  (VIOLATED)
   u_ctrl/u_aes/U1249/Y       8.0000         9.3996        -1.3996  (VIOLATED)
   u_ctrl/u_aes/state_reg_73_/QN   8.0000    9.3992        -1.3992  (VIOLATED)
   u_ctrl/u_aes/state_reg_118_/QN   8.0000   9.3855        -1.3855  (VIOLATED)
   u_ctrl/u_aes/state_reg_70_/Q   8.0000     9.3747        -1.3747  (VIOLATED)
   u_ctrl/u_aes/U247/Y        8.0000         9.3640        -1.3640  (VIOLATED)
   u_ctrl/u_aes/U4401/Y      16.0000        17.3519        -1.3519  (VIOLATED)
   u_ctrl/u_aes/U1329/Y       8.0000         9.3397        -1.3397  (VIOLATED)
   u_ctrl/u_aes/U1597/Y       8.0000         9.3381        -1.3381  (VIOLATED)
   u_ctrl/u_aes/state_reg_72_/QN   8.0000    9.2688        -1.2688  (VIOLATED)
   u_ctrl/u_aes/U5374/Y       8.0000         9.2671        -1.2671  (VIOLATED)
   u_ctrl/u_aes/U659/Y        8.0000         9.2591        -1.2591  (VIOLATED)
   u_ctrl/u_aes/U660/Y        8.0000         9.2591        -1.2591  (VIOLATED)
   u_ctrl/u_aes/U661/Y        8.0000         9.2591        -1.2591  (VIOLATED)
   u_ctrl/u_aes/U662/Y        8.0000         9.2591        -1.2591  (VIOLATED)
   u_ctrl/u_aes/U663/Y        8.0000         9.2591        -1.2591  (VIOLATED)
   u_ctrl/u_aes/U664/Y        8.0000         9.2591        -1.2591  (VIOLATED)
   u_ctrl/u_aes/U666/Y        8.0000         9.2591        -1.2591  (VIOLATED)
   u_ctrl/u_aes/U787/Y        8.0000         9.2591        -1.2591  (VIOLATED)
   u_ctrl/u_aes/U791/Y        8.0000         9.2591        -1.2591  (VIOLATED)
   u_ctrl/u_aes/U794/Y        8.0000         9.2591        -1.2591  (VIOLATED)
   u_ctrl/u_aes/U797/Y        8.0000         9.2591        -1.2591  (VIOLATED)
   u_ctrl/u_aes/U806/Y        8.0000         9.2591        -1.2591  (VIOLATED)
   u_ctrl/u_aes/U841/Y        8.0000         9.2591        -1.2591  (VIOLATED)
   u_ctrl/u_aes/U842/Y        8.0000         9.2591        -1.2591  (VIOLATED)
   u_ctrl/u_aes/U1696/Y       8.0000         9.2591        -1.2591  (VIOLATED)
   u_ctrl/u_aes/U1769/Y       8.0000         9.2591        -1.2591  (VIOLATED)
   u_ctrl/u_aes/U1796/Y       8.0000         9.2591        -1.2591  (VIOLATED)
   u_ctrl/u_aes/U9043/Y       8.0000         9.2591        -1.2591  (VIOLATED)
   u_ctrl/u_aes/U9064/Y       8.0000         9.2591        -1.2591  (VIOLATED)
   u_ctrl/u_aes/U9066/Y       8.0000         9.2591        -1.2591  (VIOLATED)
   u_ctrl/u_aes/U9070/Y       8.0000         9.2591        -1.2591  (VIOLATED)
   u_ctrl/u_aes/U410/Y        8.0000         9.2526        -1.2526  (VIOLATED)
   u_ctrl/u_aes/U681/Y        8.0000         9.2388        -1.2388  (VIOLATED)
   u_ctrl/u_aes/U1580/Y       8.0000         9.2388        -1.2388  (VIOLATED)
   u_ctrl/u_aes/U822/Y        8.0000         9.2322        -1.2322  (VIOLATED)
   u_ctrl/u_aes/U979/Y       32.0000        33.2184        -1.2184  (VIOLATED)
   u_ctrl/u_aes/U980/Y       32.0000        33.2184        -1.2184  (VIOLATED)
   u_ctrl/u_aes/U981/Y       32.0000        33.2184        -1.2184  (VIOLATED)
   u_ctrl/u_aes/U982/Y       32.0000        33.2184        -1.2184  (VIOLATED)
   u_ctrl/u_aes/U2260/Y       8.0000         9.1931        -1.1931  (VIOLATED)
   u_ctrl/u_aes/U976/Y        8.0000         9.1902        -1.1902  (VIOLATED)
   u_ctrl/u_rx_busy_reg/QN    8.0000         9.1332        -1.1332  (VIOLATED)
   u_ctrl/u_aes/state_reg_9_/QN   8.0000     9.1237        -1.1237  (VIOLATED)
   u_ctrl/u_aes/state_reg_27_/QN   8.0000    9.1116        -1.1116  (VIOLATED)
   u_ctrl/u_aes/state_reg_25_/QN  16.0000   17.0855        -1.0855  (VIOLATED)
   u_ctrl/U34/Y              32.0000        33.0740        -1.0740  (VIOLATED)
   u_ctrl/u_aes/U692/Y        8.0000         9.0698        -1.0698  (VIOLATED)
   u_ctrl/u_aes/U812/Y        8.0000         9.0698        -1.0698  (VIOLATED)
   u_ctrl/u_aes/U1322/Y       8.0000         9.0673        -1.0673  (VIOLATED)
   u_ctrl/u_aes/U1765/Y      16.0000        17.0498        -1.0498  (VIOLATED)
   u_ctrl/U23/Y               8.0000         9.0283        -1.0283  (VIOLATED)
   u_ctrl/U24/Y               8.0000         9.0283        -1.0283  (VIOLATED)
   u_ctrl/U26/Y               8.0000         9.0283        -1.0283  (VIOLATED)
   u_ctrl/U27/Y               8.0000         9.0283        -1.0283  (VIOLATED)
   u_ctrl/u_aes/U4403/Y      16.0000        17.0158        -1.0158  (VIOLATED)
   u_ctrl/u_aes/U4409/Y      16.0000        17.0158        -1.0158  (VIOLATED)
   u_ctrl/u_aes/U4414/Y      16.0000        17.0158        -1.0158  (VIOLATED)
   u_ctrl/u_aes/state_reg_40_/Q  16.0000    17.0095        -1.0095  (VIOLATED)
   u_ctrl/u_aes/state_reg_116_/Q   8.0000    9.0062        -1.0062  (VIOLATED)
   u_ctrl/u_aes/U895/Y        8.0000         9.0040        -1.0040  (VIOLATED)
   u_ctrl/u_aes/U1970/Y       8.0000         8.9835        -0.9835  (VIOLATED)
   u_ctrl/u_aes/state_reg_70_/QN   8.0000    8.9652        -0.9652  (VIOLATED)
   u_ctrl/u_aes/state_reg_31_/QN   8.0000    8.9458        -0.9458  (VIOLATED)
   u_ctrl/u_aes/U2134/Y       8.0000         8.9424        -0.9424  (VIOLATED)
   u_ctrl/u_aes/state_reg_28_/QN   8.0000    8.9031        -0.9031  (VIOLATED)
   u_ctrl/u_aes/state_reg_57_/QN   8.0000    8.8777        -0.8777  (VIOLATED)
   u_ctrl/u_aes/U859/Y       32.0000        32.8641        -0.8641  (VIOLATED)
   u_ctrl/u_aes/U967/Y       32.0000        32.8550        -0.8550  (VIOLATED)
   u_ctrl/u_aes/state_reg_123_/Q   8.0000    8.8545        -0.8545  (VIOLATED)
   u_ctrl/u_aes/U1306/Y       8.0000         8.8425        -0.8425  (VIOLATED)
   u_ctrl/u_aes/U387/Y        8.0000         8.8343        -0.8343  (VIOLATED)
   u_ctrl/u_aes/state_reg_125_/QN   8.0000   8.8199        -0.8199  (VIOLATED)
   u_ctrl/u_aes/U1059/Y       8.0000         8.7473        -0.7473  (VIOLATED)
   u_ctrl/u_aes/U1318/Y       8.0000         8.7461        -0.7461  (VIOLATED)
   u_ctrl/u_aes/state_reg_6_/Q   8.0000      8.7398        -0.7398  (VIOLATED)
   u_ctrl/U68/Y               8.0000         8.7346        -0.7346  (VIOLATED)
   u_ctrl/u_aes/U987/Y        8.0000         8.7038        -0.7038  (VIOLATED)
   u_ctrl/u_aes/U1042/Y      16.0000        16.6940        -0.6940  (VIOLATED)
   u_ctrl/u_aes/state_reg_48_/Q   8.0000     8.5831        -0.5831  (VIOLATED)
   u_ctrl/u_aes/state_reg_78_/QN   8.0000    8.5781        -0.5781  (VIOLATED)
   u_ctrl/U10/Y              16.0000        16.5734        -0.5734  (VIOLATED)
   u_ctrl/crc_start_reg/QN    8.0000         8.5319        -0.5319  (VIOLATED)
   u_ctrl/u_aes/state_reg_113_/QN   8.0000   8.4657        -0.4657  (VIOLATED)
   u_ctrl/U22/Y               8.0000         8.4545        -0.4545  (VIOLATED)
   u_ctrl/u_aes/U674/Y        8.0000         8.4461        -0.4461  (VIOLATED)
   u_ctrl/u_aes/U265/Y       16.0000        16.3828        -0.3828  (VIOLATED)
   u_ctrl/U57/Y               8.0000         8.3821        -0.3821  (VIOLATED)
   u_ctrl/u_aes/state_reg_107_/QN   8.0000   8.3634        -0.3634  (VIOLATED)
   u_ctrl/u_aes/state_reg_61_/QN   8.0000    8.3244        -0.3244  (VIOLATED)
   u_ctrl/u_aes/U393/Y       16.0000        16.3041        -0.3041  (VIOLATED)
   u_ctrl/u_aes/state_reg_86_/QN   8.0000    8.2883        -0.2883  (VIOLATED)
   u_ctrl/u_aes/U1682/Y       8.0000         8.2721        -0.2721  (VIOLATED)
   u_ctrl/u_aes/U2770/Y       8.0000         8.2578        -0.2578  (VIOLATED)
   u_ctrl/u_aes/state_reg_107_/Q   8.0000    8.2026        -0.2026  (VIOLATED)
   u_ctrl/u_aes/U956/Y        8.0000         8.2022        -0.2022  (VIOLATED)
   u_ctrl/u_aes/U279/Y       16.0000        16.1964        -0.1964  (VIOLATED)
   u_ctrl/u_aes/U2292/Y       8.0000         8.1900        -0.1900  (VIOLATED)
   u_ctrl/U4/Y                8.0000         8.1884        -0.1884  (VIOLATED)
   u_ctrl/u_aes/state_reg_103_/QN   8.0000   8.1404        -0.1404  (VIOLATED)
   u_ctrl/u_aes/busy_reg/QN   8.0000         8.1380        -0.1380  (VIOLATED)
   u_ctrl/u_aes/state_reg_62_/Q  16.0000    16.1256        -0.1256  (VIOLATED)
   u_ctrl/u_aes/state_reg_53_/Q   8.0000     8.1032        -0.1032  (VIOLATED)
   u_ctrl/u_aes/state_reg_0_/QN   8.0000     8.0824        -0.0824  (VIOLATED)
   u_ctrl/u_aes/state_reg_100_/QN   8.0000   8.0588        -0.0588  (VIOLATED)
   u_ctrl/crc_dv_reg/QN       8.0000         8.0419        -0.0419  (VIOLATED)
   u_ctrl/u_aes/U396/Y       64.0000        64.0023        -0.0023  (VIOLATED)
   u_ctrl/u_aes/U95/Y         8.0000         8.0018        -0.0018  (VIOLATED)


1
