****************************************
Report : timing
	-path_type full_clock_expanded
	-delay_type max
	-nosplit
	-input_pins
	-slack_lesser_than 0.0000
	-max_paths 25
	-sort_by slack
Design : top_mcu_pll_sram_multiclk_soc
Version: W-2024.09-SP5-3
Date   : Tue Apr 14 23:21:26 2026
****************************************


  Startpoint: u_ctrl/u_aes/state_q_reg_106_ (rising edge-triggered flip-flop clocked by clk_fast_aes)
  Endpoint: u_ctrl/u_aes/state_q_reg_108_ (rising edge-triggered flip-flop clocked by clk_fast_aes)
  Path Group: clk_fast_aes
  Path Type: max

  Point                                                            Incr       Path
  ---------------------------------------------------------------------------------------
  clock clk_fast_aes (rise edge)                                 0.0000     0.0000
  clock network delay (ideal)                                    0.0000     0.0000
  u_ctrl/u_aes/state_q_reg_106_/CLK (SDFFARX1_RVT)               0.0000     0.0000 r
  u_ctrl/u_aes/state_q_reg_106_/Q (SDFFARX1_RVT)                 0.0719     0.0719 f
  u_ctrl/u_aes/U12949/A1 (NAND2X0_RVT)                           0.4052     0.4770 f
  u_ctrl/u_aes/U12949/Y (NAND2X0_RVT)                            0.0310     0.5080 r
  u_ctrl/u_aes/U2556/A (INVX0_RVT)                               0.1353     0.6433 r
  u_ctrl/u_aes/U2556/Y (INVX0_RVT)                               0.0325     0.6757 f
  u_ctrl/u_aes/U12964/A2 (NAND2X0_RVT)                           0.5670     1.2428 f
  u_ctrl/u_aes/U12964/Y (NAND2X0_RVT)                            0.0449     1.2876 r
  u_ctrl/u_aes/U13151/A4 (OA22X1_RVT)                            0.3910     1.6786 r
  u_ctrl/u_aes/U13151/Y (OA22X1_RVT)                             0.0298     1.7084 r
  u_ctrl/u_aes/U13152/A5 (OA221X1_RVT)                           0.0115     1.7199 r
  u_ctrl/u_aes/U13152/Y (OA221X1_RVT)                            0.0261     1.7460 r
  u_ctrl/u_aes/U5496/A1 (AND3X1_RVT)                             0.0116     1.7576 r
  u_ctrl/u_aes/U5496/Y (AND3X1_RVT)                              0.0231     1.7807 r
  u_ctrl/u_aes/U3782/A1 (NAND4X0_RVT)                            0.0132     1.7940 r
  u_ctrl/u_aes/U3782/Y (NAND4X0_RVT)                             0.0205     1.8144 f
  u_ctrl/u_aes/U13163/A2 (NAND2X0_RVT)                           0.0104     1.8248 f
  u_ctrl/u_aes/U13163/Y (NAND2X0_RVT)                            0.0212     1.8461 r
  u_ctrl/u_aes/U13164/A3 (NAND3X0_RVT)                           0.0113     1.8574 r
  u_ctrl/u_aes/U13164/Y (NAND3X0_RVT)                            0.0190     1.8763 f
  u_ctrl/u_aes/U13165/A4 (AO22X1_RVT)                            0.0119     1.8882 f
  u_ctrl/u_aes/U13165/Y (AO22X1_RVT)                             0.0223     1.9105 f
  u_ctrl/u_aes/state_q_reg_108_/D (SDFFARX1_RVT)                 0.0109     1.9214 f
  data arrival time                                                         1.9214

  clock clk_fast_aes (rise edge)                                 2.0000     2.0000
  clock network delay (ideal)                                    0.0000     2.0000
  u_ctrl/u_aes/state_q_reg_108_/CLK (SDFFARX1_RVT)                          2.0000 r
  clock reconvergence pessimism                                  0.0000     2.0000
  clock uncertainty                                             -0.0400     1.9600
  library setup time                                            -0.0391     1.9209
  data required time                                                        1.9209
  ---------------------------------------------------------------------------------------
  data required time                                                        1.9209
  data arrival time                                                        -1.9214
  ---------------------------------------------------------------------------------------
  slack (VIOLATED)                                                         -0.0006


  Startpoint: u_ctrl/u_aes/state_q_reg_99_ (rising edge-triggered flip-flop clocked by clk_fast_aes)
  Endpoint: u_ctrl/u_aes/state_q_reg_103_ (rising edge-triggered flip-flop clocked by clk_fast_aes)
  Path Group: clk_fast_aes
  Path Type: max

  Point                                                           Incr       Path
  --------------------------------------------------------------------------------------
  clock clk_fast_aes (rise edge)                                0.0000     0.0000
  clock network delay (ideal)                                   0.0000     0.0000
  u_ctrl/u_aes/state_q_reg_99_/CLK (SDFFARX1_RVT)               0.0000     0.0000 r
  u_ctrl/u_aes/state_q_reg_99_/Q (SDFFARX1_RVT)                 0.0659     0.0659 f
  u_ctrl/u_aes/U6247/A (NBUFFX2_RVT)                            0.1267     0.1926 f
  u_ctrl/u_aes/U6247/Y (NBUFFX2_RVT)                            0.0246     0.2173 f
  u_ctrl/u_aes/U7784/A1 (NAND2X0_RVT)                           0.4198     0.6370 f
  u_ctrl/u_aes/U7784/Y (NAND2X0_RVT)                            0.0299     0.6670 r
  u_ctrl/u_aes/U7905/A2 (AND2X1_RVT)                            0.2403     0.9072 r
  u_ctrl/u_aes/U7905/Y (AND2X1_RVT)                             0.0232     0.9305 r
  u_ctrl/u_aes/U2056/A (INVX0_RVT)                              0.1388     1.0692 r
  u_ctrl/u_aes/U2056/Y (INVX0_RVT)                              0.0228     1.0920 f
  u_ctrl/u_aes/U12838/A2 (NAND2X0_RVT)                          0.2401     1.3321 f
  u_ctrl/u_aes/U12838/Y (NAND2X0_RVT)                           0.0311     1.3632 r
  u_ctrl/u_aes/U1352/A (INVX0_RVT)                              0.1322     1.4953 r
  u_ctrl/u_aes/U1352/Y (INVX0_RVT)                              0.0223     1.5177 f
  u_ctrl/u_aes/U1007/A1 (OAI22X1_RVT)                           0.1323     1.6500 f
  u_ctrl/u_aes/U1007/Y (OAI22X1_RVT)                            0.0362     1.6862 r
  u_ctrl/u_aes/U3471/A1 (OR2X1_RVT)                             0.0126     1.6988 r
  u_ctrl/u_aes/U3471/Y (OR2X1_RVT)                              0.0239     1.7227 r
  u_ctrl/u_aes/U6707/A2 (NOR2X0_RVT)                            0.0138     1.7365 r
  u_ctrl/u_aes/U6707/Y (NOR2X0_RVT)                             0.0285     1.7650 f
  u_ctrl/u_aes/U6667/A4 (NAND4X0_RVT)                           0.0119     1.7769 f
  u_ctrl/u_aes/U6667/Y (NAND4X0_RVT)                            0.0157     1.7926 r
  u_ctrl/u_aes/U3178/A4 (AOI22X1_RVT)                           0.0118     1.8044 r
  u_ctrl/u_aes/U3178/Y (AOI22X1_RVT)                            0.0327     1.8371 f
  u_ctrl/u_aes/U5085/A3 (NAND3X0_RVT)                           0.0112     1.8483 f
  u_ctrl/u_aes/U5085/Y (NAND3X0_RVT)                            0.0135     1.8618 r
  u_ctrl/u_aes/U12942/A3 (AO22X1_RVT)                           0.0116     1.8733 r
  u_ctrl/u_aes/U12942/Y (AO22X1_RVT)                            0.0245     1.8978 r
  u_ctrl/u_aes/state_q_reg_103_/D (SDFFARX1_RVT)                0.0109     1.9087 r
  data arrival time                                                        1.9087

  clock clk_fast_aes (rise edge)                                2.0000     2.0000
  clock network delay (ideal)                                   0.0000     2.0000
  u_ctrl/u_aes/state_q_reg_103_/CLK (SDFFARX1_RVT)                         2.0000 r
  clock reconvergence pessimism                                 0.0000     2.0000
  clock uncertainty                                            -0.0400     1.9600
  library setup time                                           -0.0518     1.9082
  data required time                                                       1.9082
  --------------------------------------------------------------------------------------
  data required time                                                       1.9082
  data arrival time                                                       -1.9087
  --------------------------------------------------------------------------------------
  slack (VIOLATED)                                                        -0.0005


  Startpoint: u_ctrl/u_aes/state_q_reg_30_ (rising edge-triggered flip-flop clocked by clk_fast_aes)
  Endpoint: u_ctrl/u_aes/state_q_reg_29_ (rising edge-triggered flip-flop clocked by clk_fast_aes)
  Path Group: clk_fast_aes
  Path Type: max

  Point                                                           Incr       Path
  --------------------------------------------------------------------------------------
  clock clk_fast_aes (rise edge)                                0.0000     0.0000
  clock network delay (ideal)                                   0.0000     0.0000
  u_ctrl/u_aes/state_q_reg_30_/CLK (SDFFARX1_RVT)               0.0000     0.0000 r
  u_ctrl/u_aes/state_q_reg_30_/Q (SDFFARX1_RVT)                 0.0633     0.0633 f
  u_ctrl/u_aes/U7292/A (NBUFFX2_RVT)                            0.0547     0.1180 f
  u_ctrl/u_aes/U7292/Y (NBUFFX2_RVT)                            0.0210     0.1390 f
  u_ctrl/u_aes/U2633/A1 (NAND2X4_RVT)                           0.1282     0.2672 f
  u_ctrl/u_aes/U2633/Y (NAND2X4_RVT)                            0.0339     0.3012 r
  u_ctrl/u_aes/U7321/A1 (NAND2X0_RVT)                           0.8581     1.1593 r
  u_ctrl/u_aes/U7321/Y (NAND2X0_RVT)                            0.0320     1.1913 f
  u_ctrl/u_aes/U7376/A2 (NAND2X0_RVT)                           0.2378     1.4291 f
  u_ctrl/u_aes/U7376/Y (NAND2X0_RVT)                            0.0367     1.4658 r
  u_ctrl/u_aes/U11181/A5 (OA221X1_RVT)                          0.1311     1.5969 r
  u_ctrl/u_aes/U11181/Y (OA221X1_RVT)                           0.0299     1.6267 r
  u_ctrl/u_aes/U888/A1 (AOI221X1_RVT)                           0.0538     1.6805 r
  u_ctrl/u_aes/U888/Y (AOI221X1_RVT)                            0.0613     1.7418 f
  u_ctrl/u_aes/U2786/A2 (NOR2X0_RVT)                            0.0138     1.7556 f
  u_ctrl/u_aes/U2786/Y (NOR2X0_RVT)                             0.0249     1.7805 r
  u_ctrl/u_aes/U2785/A3 (NAND3X0_RVT)                           0.0113     1.7918 r
  u_ctrl/u_aes/U2785/Y (NAND3X0_RVT)                            0.0182     1.8100 f
  u_ctrl/u_aes/U11182/A2 (NAND2X0_RVT)                          0.0104     1.8204 f
  u_ctrl/u_aes/U11182/Y (NAND2X0_RVT)                           0.0204     1.8408 r
  u_ctrl/u_aes/U4379/A2 (NAND4X0_RVT)                           0.0121     1.8529 r
  u_ctrl/u_aes/U4379/Y (NAND4X0_RVT)                            0.0230     1.8758 f
  u_ctrl/u_aes/U3797/A2 (AO21X1_RVT)                            0.0109     1.8868 f
  u_ctrl/u_aes/U3797/Y (AO21X1_RVT)                             0.0275     1.9142 f
  u_ctrl/u_aes/state_q_reg_29_/D (SDFFARX2_RVT)                 0.0109     1.9251 f
  data arrival time                                                        1.9251

  clock clk_fast_aes (rise edge)                                2.0000     2.0000
  clock network delay (ideal)                                   0.0000     2.0000
  u_ctrl/u_aes/state_q_reg_29_/CLK (SDFFARX2_RVT)                          2.0000 r
  clock reconvergence pessimism                                 0.0000     2.0000
  clock uncertainty                                            -0.0400     1.9600
  library setup time                                           -0.0350     1.9250
  data required time                                                       1.9250
  --------------------------------------------------------------------------------------
  data required time                                                       1.9250
  data arrival time                                                       -1.9251
  --------------------------------------------------------------------------------------
  slack (VIOLATED)                                                        -0.0001


1
