 
****************************************
Report : area
Design : top_mcu_pll_sram_multiclk_soc
Version: W-2024.09-SP5-5
Date   : Mon Apr 13 11:30:32 2026
****************************************

Library(s) Used:

    saed32rvt_ss0p95v125c (File: /DATA/home/edu135/aes128_core/SAED32_EDK/lib/stdcell_rvt/db_nldm/saed32rvt_ss0p95v125c.db)
    saed32sram_ss0p95v125c (File: /DATA/home/edu135/aes128_core/SAED32_EDK/lib/sram/db_nldm/saed32sram_ss0p95v125c.db)
    saed32pll_ss0p95v125c_2p25v (File: /DATA/home/edu135/aes128_core/SAED32_EDK/lib/pll/db_nldm/saed32pll_ss0p95v125c_2p25v.db)

Number of ports:                          968
Number of nets:                         13398
Number of cells:                        12885
Number of combinational cells:          11338
Number of sequential cells:              1533
Number of macros/black boxes:               2
Number of buf/inv:                       1436
Number of references:                       6

Combinational area:              24585.636618
Buf/Inv area:                     2001.892304
Noncombinational area:           14000.285003
Macro/Black Box area:            31230.701660
Net Interconnect area:           19844.872094

Total cell area:                 69816.623282
Total area:                      89661.495376

Hierarchical area distribution
------------------------------

                                  Global cell area              Local cell area
                                  -------------------  ---------------------------------- 
Hierarchical cell                 Absolute    Percent  Combi-      Noncombi-   Black-
                                  Total       Total    national    national    boxes       Design
--------------------------------  ----------  -------  ----------  ----------  ----------  ---------------------
top_mcu_pll_sram_multiclk_soc     69816.6233    100.0     12.7072      0.0000  31230.7017  top_mcu_pll_sram_multiclk_soc
u_ctrl                            38564.0652     55.2   3049.2197   4980.2059      0.0000  soc_ctrl_multiclk_soc
u_ctrl/u_aes                      30524.2197     43.7  21518.3727   9005.8470      0.0000  aes128_core
u_ctrl/u_icg_aes                     10.4199      0.0      5.3370      5.0829      0.0000  icg_latch
u_div8                                9.1492      0.0      0.0000      9.1492      0.0000  clk_div2_toggle
--------------------------------  ----------  -------  ----------  ----------  ----------  ---------------------
Total                                                  24585.6366  14000.2850  31230.7017

1
