****************************************
Report : constraint
	-all_violators
	-path slack_only
Design : top_mcu_pll_sram_multiclk_soc
Version: W-2024.09-SP5-3
Date   : Thu Apr 16 10:25:41 2026
****************************************






   max_capacitance

                             Required        Actual
   Pin                      Capacitance    Capacitance       Slack
   -----------------------------------------------------------------
   DFTC_8/Y                  32.0000       179.0828       -147.0828 (VIOLATED)
   u_ctrl/DFTC_14/Y          64.0000       186.3685       -122.3685 (VIOLATED)
   u_ctrl/U848/Y             16.0000       105.6743       -89.6743  (VIOLATED)
   u_ctrl/DFTC_4/Y           64.0000       139.8114       -75.8114  (VIOLATED)
   u_ctrl/DFTC_5/Y           64.0000       135.0992       -71.0992  (VIOLATED)
   u_ctrl/DFTC_6/Y           64.0000       131.1851       -67.1851  (VIOLATED)
   u_ctrl/u_aes/state_reg_16_/QN  16.0000   29.7591       -13.7591  (VIOLATED)
   u_ctrl/u_aes/U8842/Y       8.0000        17.1418        -9.1418  (VIOLATED)
   u_ctrl/u_aes/state_reg_89_/Q   8.0000    17.1108        -9.1108  (VIOLATED)
   u_ctrl/u_aes/U4683/Y       8.0000        16.5234        -8.5234  (VIOLATED)
   u_ctrl/u_aes/U8944/Y       8.0000        16.1329        -8.1329  (VIOLATED)
   u_ctrl/u_aes/U3678/Y       8.0000        15.9327        -7.9327  (VIOLATED)
   u_ctrl/u_aes/U6941/Y       8.0000        15.9326        -7.9326  (VIOLATED)
   u_ctrl/u_aes/U9200/Y       8.0000        15.5758        -7.5758  (VIOLATED)
   u_ctrl/u_aes/ct_out_reg_110_/Q   8.0000  14.7321        -6.7321  (VIOLATED)
   u_ctrl/u_aes/U1694/Y      32.0000        38.6199        -6.6199  (VIOLATED)
   u_ctrl/u_aes/U1401/Y      16.0000        22.6090        -6.6090  (VIOLATED)
   u_ctrl/u_aes/U8900/Y       8.0000        14.4458        -6.4458  (VIOLATED)
   u_ctrl/u_aes/state_reg_110_/Q  16.0000   22.0804        -6.0804  (VIOLATED)
   u_ctrl/u_aes/U5380/Y       8.0000        13.5079        -5.5079  (VIOLATED)
   u_ctrl/u_aes/state_reg_78_/Q  16.0000    20.7166        -4.7166  (VIOLATED)
   u_ctrl/u_aes/state_reg_39_/Q  16.0000    20.6474        -4.6474  (VIOLATED)
   u_ctrl/u_aes/U6967/Y      16.0000        20.4951        -4.4951  (VIOLATED)
   u_ctrl/u_aes/state_reg_117_/QN   8.0000  12.4634        -4.4634  (VIOLATED)
   u_ctrl/u_aes/U76/Y        16.0000        20.2848        -4.2848  (VIOLATED)
   u_ctrl/u_aes/U25/Y        16.0000        20.2152        -4.2152  (VIOLATED)
   u_ctrl/u_aes/U4657/Y       8.0000        12.2040        -4.2040  (VIOLATED)
   u_ctrl/u_aes/state_reg_86_/Q   8.0000    12.1654        -4.1654  (VIOLATED)
   u_ctrl/u_aes/state_reg_7_/Q  16.0000     20.0872        -4.0872  (VIOLATED)
   u_ctrl/u_aes/state_reg_12_/Q   8.0000    12.0142        -4.0142  (VIOLATED)
   u_ctrl/u_aes/state_reg_46_/Q  16.0000    20.0024        -4.0024  (VIOLATED)
   u_ctrl/u_aes/state_reg_121_/Q   8.0000   11.8686        -3.8686  (VIOLATED)
   u_ctrl/u_aes/state_reg_126_/Q   8.0000   11.8456        -3.8456  (VIOLATED)
   u_ctrl/u_aes/state_reg_67_/Q   8.0000    11.8325        -3.8325  (VIOLATED)
   u_ctrl/u_aes/state_reg_94_/Q   8.0000    11.7540        -3.7540  (VIOLATED)
   u_ctrl/u_aes/state_reg_83_/Q  16.0000    19.7530        -3.7530  (VIOLATED)
   u_ctrl/u_aes/state_reg_65_/Q   8.0000    11.6980        -3.6980  (VIOLATED)
   u_ctrl/u_aes/state_reg_108_/Q   8.0000   11.5258        -3.5258  (VIOLATED)
   u_ctrl/u_aes/U281/Y       16.0000        19.3653        -3.3653  (VIOLATED)
   u_ctrl/u_aes/U23/Y         8.0000        11.3390        -3.3390  (VIOLATED)
   u_ctrl/u_aes/state_reg_19_/QN   8.0000   11.3041        -3.3041  (VIOLATED)
   u_ctrl/u_aes/U5796/Y      16.0000        19.2868        -3.2868  (VIOLATED)
   u_ctrl/u_aes/U6978/Y      64.0000        67.2414        -3.2414  (VIOLATED)
   u_ctrl/u_aes/state_reg_8_/Q  16.0000     19.2101        -3.2101  (VIOLATED)
   u_ctrl/u_aes/state_reg_87_/Q   8.0000    11.1072        -3.1072  (VIOLATED)
   u_ctrl/u_aes/state_reg_81_/Q   8.0000    11.0400        -3.0400  (VIOLATED)
   u_ctrl/u_aes/state_reg_100_/Q  16.0000   19.0093        -3.0093  (VIOLATED)
   u_ctrl/u_aes/state_reg_118_/Q  16.0000   18.8446        -2.8446  (VIOLATED)
   u_ctrl/U16/Y              32.0000        34.7197        -2.7197  (VIOLATED)
   u_ctrl/u_aes/U8666/Y       8.0000        10.7178        -2.7178  (VIOLATED)
   u_ctrl/u_aes/state_reg_99_/Q  16.0000    18.7061        -2.7061  (VIOLATED)
   u_ctrl/u_aes/U1048/Y      32.0000        34.6837        -2.6837  (VIOLATED)
   u_ctrl/u_aes/U19/Y        16.0000        18.6735        -2.6735  (VIOLATED)
   u_ctrl/u_aes/U2064/Y      32.0000        34.5685        -2.5685  (VIOLATED)
   u_ctrl/U50/Y               8.0000        10.4942        -2.4942  (VIOLATED)
   u_ctrl/u_aes/state_reg_43_/Q   8.0000    10.4249        -2.4249  (VIOLATED)
   u_ctrl/U28/Y              32.0000        34.4215        -2.4215  (VIOLATED)
   u_ctrl/u_aes/U272/Y       16.0000        18.3944        -2.3944  (VIOLATED)
   u_ctrl/u_aes/U9258/Y       8.0000        10.3666        -2.3666  (VIOLATED)
   u_ctrl/u_aes/U290/Y       16.0000        18.3644        -2.3644  (VIOLATED)
   u_ctrl/u_aes/U944/Y       16.0000        18.3221        -2.3221  (VIOLATED)
   u_ctrl/u_aes/U11/Y        16.0000        18.2775        -2.2775  (VIOLATED)
   u_ctrl/u_aes/U4792/Y       8.0000        10.2628        -2.2628  (VIOLATED)
   u_ctrl/u_aes/U3093/Y      16.0000        18.0946        -2.0946  (VIOLATED)
   u_ctrl/U48/Y               8.0000        10.0775        -2.0775  (VIOLATED)
   u_ctrl/u_aes/U8227/Y       8.0000        10.0618        -2.0618  (VIOLATED)
   u_ctrl/u_aes/state_reg_6_/Q  16.0000     17.9925        -1.9925  (VIOLATED)
   u_ctrl/u_aes/U2946/Y      16.0000        17.9344        -1.9344  (VIOLATED)
   u_ctrl/u_aes/U6282/Y      16.0000        17.8870        -1.8870  (VIOLATED)
   u_ctrl/u_aes/U8208/Y      16.0000        17.8784        -1.8784  (VIOLATED)
   u_ctrl/u_aes/U1391/Y       8.0000         9.8326        -1.8326  (VIOLATED)
   u_ctrl/u_aes/state_reg_3_/Q   8.0000      9.6973        -1.6973  (VIOLATED)
   u_ctrl/u_aes/state_reg_47_/Q  16.0000    17.6674        -1.6674  (VIOLATED)
   u_ctrl/u_aes/U9206/Y      16.0000        17.6585        -1.6585  (VIOLATED)
   u_ctrl/u_aes/U6519/Y      16.0000        17.6493        -1.6493  (VIOLATED)
   u_ctrl/u_crc/U9/Y         16.0000        17.6412        -1.6412  (VIOLATED)
   u_ctrl/u_aes/state_reg_123_/Q   8.0000    9.5935        -1.5935  (VIOLATED)
   u_ctrl/u_crc/U11/Y        16.0000        17.5278        -1.5278  (VIOLATED)
   u_ctrl/u_aes/U3142/Y      16.0000        17.4478        -1.4478  (VIOLATED)
   u_ctrl/u_aes/U1823/Y      32.0000        33.4395        -1.4395  (VIOLATED)
   u_ctrl/u_aes/U2927/Y      16.0000        17.4089        -1.4089  (VIOLATED)
   u_ctrl/u_aes/U1619/Y       8.0000         9.4031        -1.4031  (VIOLATED)
   u_ctrl/u_aes/U6286/Y      16.0000        17.3827        -1.3827  (VIOLATED)
   u_ctrl/u_aes/U9327/Y      16.0000        17.3707        -1.3707  (VIOLATED)
   u_ctrl/u_aes/state_reg_40_/Q   8.0000     9.3154        -1.3154  (VIOLATED)
   u_ctrl/U411/Y              8.0000         9.3083        -1.3083  (VIOLATED)
   u_ctrl/u_aes/U5565/Y      16.0000        17.2347        -1.2347  (VIOLATED)
   u_ctrl/u_aes/U4157/Y      16.0000        17.1855        -1.1855  (VIOLATED)
   u_ctrl/u_aes/U1397/Y       8.0000         9.1696        -1.1696  (VIOLATED)
   u_ctrl/u_aes/U6955/Y      16.0000        17.1641        -1.1641  (VIOLATED)
   u_ctrl/u_aes/state_reg_64_/Q   8.0000     9.1565        -1.1565  (VIOLATED)
   u_ctrl/u_aes/U5930/Y       8.0000         9.1523        -1.1523  (VIOLATED)
   u_ctrl/u_aes/U8638/Y       8.0000         9.1371        -1.1371  (VIOLATED)
   u_ctrl/u_aes/state_reg_14_/Q  16.0000    17.1351        -1.1351  (VIOLATED)
   u_ctrl/u_aes/U1205/Y       8.0000         9.1303        -1.1303  (VIOLATED)
   u_ctrl/u_aes/U3084/Y       8.0000         9.1240        -1.1240  (VIOLATED)
   u_ctrl/u_aes/U2282/Y       8.0000         9.1153        -1.1153  (VIOLATED)
   u_ctrl/u_aes/U1898/Y       8.0000         9.0889        -1.0889  (VIOLATED)
   u_ctrl/u_aes/U4159/Y       8.0000         9.0813        -1.0813  (VIOLATED)
   u_ctrl/u_aes/U860/Y        8.0000         9.0764        -1.0764  (VIOLATED)
   u_ctrl/u_aes/U1133/Y       8.0000         9.0751        -1.0751  (VIOLATED)
   u_ctrl/u_aes/U6957/Y      16.0000        17.0425        -1.0425  (VIOLATED)
   u_ctrl/u_aes/state_reg_17_/QN   8.0000    9.0281        -1.0281  (VIOLATED)
   u_ctrl/u_aes/U2159/Y       8.0000         9.0264        -1.0264  (VIOLATED)
   u_ctrl/U378/Y              8.0000         9.0134        -1.0134  (VIOLATED)
   u_ctrl/u_aes/U5615/Y      16.0000        16.9941        -0.9941  (VIOLATED)
   u_ctrl/u_aes/U9428/Y      16.0000        16.9666        -0.9666  (VIOLATED)
   u_ctrl/u_aes/state_reg_70_/Q   8.0000     8.9314        -0.9314  (VIOLATED)
   u_ctrl/u_aes/U2300/Y       8.0000         8.8820        -0.8820  (VIOLATED)
   u_ctrl/u_aes/DFTC_17/Y    16.0000        16.8765        -0.8765  (VIOLATED)
   u_ctrl/u_aes/state_reg_65_/QN   8.0000    8.8643        -0.8643  (VIOLATED)
   u_ctrl/U156/Y              8.0000         8.8218        -0.8218  (VIOLATED)
   u_ctrl/u_aes/U1237/Y       8.0000         8.8153        -0.8153  (VIOLATED)
   u_ctrl/u_aes/state_reg_67_/QN   8.0000    8.8114        -0.8114  (VIOLATED)
   u_ctrl/u_aes/U8881/Y       8.0000         8.8023        -0.8023  (VIOLATED)
   u_ctrl/u_aes/state_reg_11_/Q  16.0000    16.8005        -0.8005  (VIOLATED)
   u_ctrl/u_aes/U9331/Y       8.0000         8.7927        -0.7927  (VIOLATED)
   u_ctrl/u_aes/U3268/Y       8.0000         8.7755        -0.7755  (VIOLATED)
   u_ctrl/U61/Y               8.0000         8.7687        -0.7687  (VIOLATED)
   u_ctrl/u_aes/U591/Y        8.0000         8.7684        -0.7684  (VIOLATED)
   u_ctrl/u_aes/U4681/Y       8.0000         8.7633        -0.7633  (VIOLATED)
   u_ctrl/u_aes/U3102/Y      16.0000        16.7629        -0.7629  (VIOLATED)
   u_ctrl/u_rx/U51/Y         16.0000        16.7587        -0.7587  (VIOLATED)
   u_ctrl/u_aes/U4545/Y       8.0000         8.7533        -0.7533  (VIOLATED)
   u_ctrl/u_aes/U2517/Y       8.0000         8.7471        -0.7471  (VIOLATED)
   u_ctrl/u_aes/U1489/Y       8.0000         8.7470        -0.7470  (VIOLATED)
   u_ctrl/u_aes/U1812/Y       8.0000         8.7375        -0.7375  (VIOLATED)
   u_ctrl/u_aes/U6752/Y       8.0000         8.7370        -0.7370  (VIOLATED)
   u_ctrl/u_aes/U5253/Y      16.0000        16.7083        -0.7083  (VIOLATED)
   u_ctrl/u_aes/state_reg_111_/Q  16.0000   16.7040        -0.7040  (VIOLATED)
   u_ctrl/u_aes/U5959/Y      16.0000        16.6948        -0.6948  (VIOLATED)
   u_ctrl/u_aes/state_reg_15_/Q   8.0000     8.6719        -0.6719  (VIOLATED)
   u_ctrl/u_tx/U43/Y          8.0000         8.6667        -0.6667  (VIOLATED)
   u_ctrl/u_aes/U3315/Y       8.0000         8.6636        -0.6636  (VIOLATED)
   u_ctrl/u_aes/U374/Y        8.0000         8.6443        -0.6443  (VIOLATED)
   u_ctrl/u_aes/U1940/Y       8.0000         8.6319        -0.6319  (VIOLATED)
   u_ctrl/U437/Y              8.0000         8.6013        -0.6013  (VIOLATED)
   u_ctrl/u_aes/U623/Y        8.0000         8.5950        -0.5950  (VIOLATED)
   u_ctrl/U60/Y               8.0000         8.5812        -0.5812  (VIOLATED)
   u_ctrl/U468/Y              8.0000         8.5554        -0.5554  (VIOLATED)
   u_ctrl/u_aes/U3557/Y       8.0000         8.5326        -0.5326  (VIOLATED)
   u_ctrl/u_aes/U1387/Y       8.0000         8.5148        -0.5148  (VIOLATED)
   u_ctrl/u_aes/U9312/Y      16.0000        16.4929        -0.4929  (VIOLATED)
   u_ctrl/u_aes/U9586/Y      16.0000        16.4869        -0.4869  (VIOLATED)
   u_ctrl/u_aes/U2799/Y       8.0000         8.4860        -0.4860  (VIOLATED)
   u_ctrl/U111/Y              8.0000         8.4860        -0.4860  (VIOLATED)
   u_ctrl/U438/Y              8.0000         8.4829        -0.4829  (VIOLATED)
   u_ctrl/U96/Y               8.0000         8.4813        -0.4813  (VIOLATED)
   u_ctrl/u_aes/U700/Y        8.0000         8.4806        -0.4806  (VIOLATED)
   u_ctrl/u_crc/U28/Y         8.0000         8.4746        -0.4746  (VIOLATED)
   u_ctrl/u_aes/U43/Y         8.0000         8.4650        -0.4650  (VIOLATED)
   u_ctrl/u_aes/U3012/Y       8.0000         8.4594        -0.4594  (VIOLATED)
   u_ctrl/u_aes/U2226/Y       8.0000         8.4257        -0.4257  (VIOLATED)
   u_ctrl/u_aes/U1386/Y       8.0000         8.4125        -0.4125  (VIOLATED)
   u_ctrl/U80/Y               8.0000         8.4097        -0.4097  (VIOLATED)
   u_ctrl/u_aes/U3332/Y       8.0000         8.4030        -0.4030  (VIOLATED)
   u_ctrl/u_aes/U936/Y        8.0000         8.3870        -0.3870  (VIOLATED)
   u_ctrl/U577/Y              8.0000         8.3832        -0.3832  (VIOLATED)
   u_ctrl/u_aes/U8423/Y       8.0000         8.3823        -0.3823  (VIOLATED)
   u_ctrl/U539/Y              8.0000         8.3737        -0.3737  (VIOLATED)
   u_ctrl/u_aes/U464/Y        8.0000         8.3156        -0.3156  (VIOLATED)
   u_ctrl/u_aes/U3314/Y      16.0000        16.3143        -0.3143  (VIOLATED)
   u_ctrl/u_aes/U2048/Y       8.0000         8.2933        -0.2933  (VIOLATED)
   u_ctrl/u_aes/U1679/Y       8.0000         8.2916        -0.2916  (VIOLATED)
   u_ctrl/u_aes/U3365/Y       8.0000         8.2856        -0.2856  (VIOLATED)
   u_ctrl/u_aes/U8470/Y       8.0000         8.2737        -0.2737  (VIOLATED)
   u_ctrl/u_aes/U8546/Y      16.0000        16.2707        -0.2707  (VIOLATED)
   u_ctrl/u_aes/U4719/Y      16.0000        16.2690        -0.2690  (VIOLATED)
   u_ctrl/u_aes/U3156/Y       8.0000         8.2610        -0.2610  (VIOLATED)
   u_ctrl/U29/Y               8.0000         8.2512        -0.2512  (VIOLATED)
   u_ctrl/u_aes/U3548/Y       8.0000         8.2469        -0.2469  (VIOLATED)
   u_ctrl/u_aes/U1583/Y       8.0000         8.2370        -0.2370  (VIOLATED)
   u_ctrl/u_aes/state_reg_80_/Q   8.0000     8.2291        -0.2291  (VIOLATED)
   u_ctrl/u_aes/U4274/Y       8.0000         8.2232        -0.2232  (VIOLATED)
   u_ctrl/u_aes/U1617/Y       8.0000         8.2124        -0.2124  (VIOLATED)
   u_ctrl/u_aes/U2556/Y       8.0000         8.2111        -0.2111  (VIOLATED)
   u_ctrl/u_aes/U3549/Y       8.0000         8.1948        -0.1948  (VIOLATED)
   u_ctrl/u_aes/U1541/Y       8.0000         8.1945        -0.1945  (VIOLATED)
   u_ctrl/u_aes/U8146/Y       8.0000         8.1775        -0.1775  (VIOLATED)
   u_ctrl/u_aes/U5851/Y      16.0000        16.1743        -0.1743  (VIOLATED)
   u_ctrl/U55/Y               8.0000         8.1635        -0.1635  (VIOLATED)
   u_ctrl/u_aes/U2498/Y       8.0000         8.1545        -0.1545  (VIOLATED)
   u_ctrl/u_aes/U2646/Y       8.0000         8.1511        -0.1511  (VIOLATED)
   u_ctrl/u_aes/U970/Y        8.0000         8.1412        -0.1412  (VIOLATED)
   u_ctrl/u_aes/U2108/Y       8.0000         8.1355        -0.1355  (VIOLATED)
   u_ctrl/U678/Y             16.0000        16.1354        -0.1354  (VIOLATED)
   u_ctrl/u_aes/U6803/Y       8.0000         8.1331        -0.1331  (VIOLATED)
   u_ctrl/u_aes/U1224/Y       8.0000         8.1315        -0.1315  (VIOLATED)
   u_ctrl/u_aes/U6189/Y       8.0000         8.1259        -0.1259  (VIOLATED)
   u_ctrl/u_aes/U1169/Y       8.0000         8.1257        -0.1257  (VIOLATED)
   u_ctrl/u_aes/U1441/Y       8.0000         8.1231        -0.1231  (VIOLATED)
   u_ctrl/u_aes/U154/Y        8.0000         8.1096        -0.1096  (VIOLATED)
   u_ctrl/u_aes/U8743/Y      16.0000        16.1068        -0.1068  (VIOLATED)
   u_ctrl/u_aes/U8647/Y      16.0000        16.1013        -0.1013  (VIOLATED)
   u_ctrl/U635/Y              8.0000         8.0917        -0.0917  (VIOLATED)
   u_ctrl/u_aes/U821/Y        8.0000         8.0837        -0.0837  (VIOLATED)
   u_ctrl/u_aes/U940/Y       32.0000        32.0724        -0.0724  (VIOLATED)
   u_ctrl/u_aes/U9303/Y      16.0000        16.0640        -0.0640  (VIOLATED)
   u_ctrl/u_tx/U42/Y         16.0000        16.0640        -0.0640  (VIOLATED)
   u_ctrl/u_aes/U9038/Y      16.0000        16.0595        -0.0595  (VIOLATED)
   u_ctrl/u_aes/U618/Y        8.0000         8.0526        -0.0526  (VIOLATED)
   u_ctrl/u_aes/U9640/Y      16.0000        16.0494        -0.0494  (VIOLATED)
   u_ctrl/U58/Y               8.0000         8.0459        -0.0459  (VIOLATED)
   u_ctrl/u_tx/U70/Y         16.0000        16.0402        -0.0402  (VIOLATED)
   u_ctrl/u_aes/U6123/Y      16.0000        16.0352        -0.0352  (VIOLATED)
   u_ctrl/u_aes/U1228/Y       8.0000         8.0343        -0.0343  (VIOLATED)
   u_ctrl/u_aes/U6586/Y       8.0000         8.0269        -0.0269  (VIOLATED)
   u_ctrl/u_aes/U3799/Y       8.0000         8.0262        -0.0262  (VIOLATED)
   u_ctrl/u_aes/U2317/Y       8.0000         8.0202        -0.0202  (VIOLATED)
   u_ctrl/u_aes/U8886/Y       8.0000         8.0136        -0.0136  (VIOLATED)
   u_ctrl/u_aes/U9402/Y      16.0000        16.0128        -0.0128  (VIOLATED)


Warning: Transition times on not annotated delay arcs havebeen set to zero. Cannot perform max_transition checking. (PTE-057)
1
