****************************************
Report : qor
Design : top_mcu_pll_sram_multiclk_soc
Version: W-2024.09-SP5-3
Date   : Mon Apr 13 15:15:04 2026
****************************************

  Timing Path Group '**clock_gating_default**' (max_delay/setup)
  ---------------------------------------------
  Levels of Logic:                            1
  Critical Path Length:                  0.0469
  Critical Path Slack:                   0.6656
  Total Negative Slack:                  0.0000
  No. of Violating Paths:                     0
  ---------------------------------------------

  Timing Path Group 'INS' (max_delay/setup)
  ---------------------------------------------
  Levels of Logic:                            5
  Critical Path Length:                107.1394
  Critical Path Slack:                -100.0914
  Total Negative Slack:              -1927.6709
  No. of Violating Paths:                    43
  ---------------------------------------------

  Timing Path Group 'OUTS' (max_delay/setup)
  ---------------------------------------------
  Levels of Logic:                            1
  Critical Path Length:                  0.0978
  Critical Path Slack:                   0.5272
  Total Negative Slack:                  0.0000
  No. of Violating Paths:                     0
  ---------------------------------------------

  Timing Path Group 'clk_div2' (max_delay/setup)
  ---------------------------------------------
  Levels of Logic:                            4
  Critical Path Length:               2917.1917
  Critical Path Slack:               -2913.7942
  Total Negative Slack:            -302422.5625
  No. of Violating Paths:                   245
  ---------------------------------------------

  Timing Path Group 'clk_div4' (max_delay/setup)
  ---------------------------------------------
  Levels of Logic:                           10
  Critical Path Length:               1285.8406
  Critical Path Slack:               -1278.7797
  Total Negative Slack:             -65625.4375
  No. of Violating Paths:                   129
  ---------------------------------------------

  Timing Path Group 'clk_fast' (max_delay/setup)
  ---------------------------------------------
  Levels of Logic:                            5
  Critical Path Length:               9008.5322
  Critical Path Slack:               -9006.9590
  Total Negative Slack:           -1117443.1250
  No. of Violating Paths:                   136
  ---------------------------------------------

  Timing Path Group 'clk_fast_aes' (max_delay/setup)
  ---------------------------------------------
  Levels of Logic:                            7
  Critical Path Length:               1993.8352
  Critical Path Slack:               -1992.2627
  Total Negative Slack:            -698777.6250
  No. of Violating Paths:                   983
  ---------------------------------------------

  Timing Path Group '**clock_gating_default**' (min_delay/hold)
  ---------------------------------------------
  Levels of Logic:                            1
  Critical Path Length:                  0.0395
  Critical Path Slack:                  -0.0105
  Total Negative Slack:                 -0.0105
  No. of Violating Paths:                     1
  ---------------------------------------------

  Timing Path Group 'INS' (min_delay/hold)
  ---------------------------------------------
  Levels of Logic:                            2
  Critical Path Length:                  1.0980
  Critical Path Slack:                   1.0622
  Total Negative Slack:                  0.0000
  No. of Violating Paths:                     0
  ---------------------------------------------

  Timing Path Group 'OUTS' (min_delay/hold)
  ---------------------------------------------
  Levels of Logic:                            1
  Critical Path Length:                  0.0619
  Critical Path Slack:                   0.2119
  Total Negative Slack:                  0.0000
  No. of Violating Paths:                     0
  ---------------------------------------------

  Timing Path Group 'clk_div2' (min_delay/hold)
  ---------------------------------------------
  Levels of Logic:                            1
  Critical Path Length:                  0.0897
  Critical Path Slack:                  -0.0148
  Total Negative Slack:                 -0.1751
  No. of Violating Paths:                    12
  ---------------------------------------------

  Timing Path Group 'clk_div4' (min_delay/hold)
  ---------------------------------------------
  Levels of Logic:                            1
  Critical Path Length:                  0.0492
  Critical Path Slack:                   0.0148
  Total Negative Slack:                  0.0000
  No. of Violating Paths:                     0
  ---------------------------------------------

  Timing Path Group 'clk_fast' (min_delay/hold)
  ---------------------------------------------
  Levels of Logic:                            1
  Critical Path Length:                  0.1388
  Critical Path Slack:                   0.0893
  Total Negative Slack:                  0.0000
  No. of Violating Paths:                     0
  ---------------------------------------------

  Timing Path Group 'clk_fast_aes' (min_delay/hold)
  ---------------------------------------------
  Levels of Logic:                            2
  Critical Path Length:                  0.0675
  Critical Path Slack:                   0.0333
  Total Negative Slack:                  0.0000
  No. of Violating Paths:                     0
  ---------------------------------------------

  Area
  ---------------------------------------------
  Net Interconnect area:             14505.4229
  Total cell area:                   69816.4844
  Design Area:                       84321.9062
  ---------------------------------------------


  Cell & Pin Count
  ---------------------------------------------
  Pin Count:                              53785
  Hierarchical Cell Count:                    4
  Hierarchical Port Count:                  696
  Leaf Cell Count:                        12873
  ---------------------------------------------


  Design Rule Violations
  ---------------------------------------------
  Total No. of Pins in Design:            53785
  clock_gating_hold Count:                    1
  max_capacitance Count:                    206
  clock_gating_hold Cost:                0.0105
  max_capacitance Cost:                321.8512
  Total DRC Cost:                      321.8618
  ---------------------------------------------

1
