****************************************
Report : analysis_coverage
Design : top_mcu_pll_sram_multiclk_soc
Version: W-2024.09-SP5-3
Date   : Wed Apr 15 09:36:31 2026
****************************************

Type of Check         Total              Met         Violated         Untested
--------------------------------------------------------------------------------
setup                  3309      1122 ( 34%)         0 (  0%)      2187 ( 66%)
hold                   3307      1108 ( 34%)        12 (  0%)      2187 ( 66%)
recovery               1108      1108 (100%)         0 (  0%)         0 (  0%)
removal                1108      1108 (100%)         0 (  0%)         0 (  0%)
min_pulse_width        3325      2217 ( 67%)         0 (  0%)      1108 ( 33%)
clock_gating_setup        1         1 (100%)         0 (  0%)         0 (  0%)
clock_gating_hold         1         1 (100%)         0 (  0%)         0 (  0%)
out_setup                 4         3 ( 75%)         0 (  0%)         1 ( 25%)
out_hold                  4         3 ( 75%)         0 (  0%)         1 ( 25%)
--------------------------------------------------------------------------------
All Checks            12167      6671 ( 55%)        12 (  0%)      5484 ( 45%)

1
