 
****************************************
Report : area
Design : top_mcu_pll_sram_multiclk_soc
Version: W-2024.09-SP5-5
Date   : Sat Apr 11 20:36:23 2026
****************************************

Library(s) Used:

    saed32rvt_ss0p95v125c (File: /DATA/home/edu135/aes128_core/SAED32_EDK/lib/stdcell_rvt/db_nldm/saed32rvt_ss0p95v125c.db)
    gtech (File: /tools/synopsys/syn/W-2024.09-SP5-5/libraries/syn/gtech.db)
    saed32sram_ss0p95v125c (File: /DATA/home/edu135/aes128_core/SAED32_EDK/lib/sram/db_nldm/saed32sram_ss0p95v125c.db)
    saed32pll_ss0p95v125c_2p25v (File: /DATA/home/edu135/aes128_core/SAED32_EDK/lib/pll/db_nldm/saed32pll_ss0p95v125c_2p25v.db)

Number of ports:                          994
Number of nets:                         16395
Number of cells:                        15650
Number of combinational cells:          14091
Number of sequential cells:              1533
Number of macros/black boxes:               2
Number of buf/inv:                       1812
Number of references:                       6

Combinational area:              33206.455498
Buf/Inv area:                     2653.263391
Noncombinational area:           10943.440823
Macro/Black Box area:            31230.701660
Net Interconnect area:           14098.597463

Total cell area:                 75380.597981
Total area:                      89479.195444

Information: This design contains unmapped logic. (RPT-7)

Hierarchical area distribution
------------------------------

                                  Global cell area              Local cell area
                                  -------------------  ---------------------------------- 
Hierarchical cell                 Absolute    Percent  Combi-      Noncombi-   Black-
                                  Total       Total    national    national    boxes       Design
--------------------------------  ----------  -------  ----------  ----------  ----------  ---------------------
top_mcu_pll_sram_multiclk_soc     75380.5980    100.0     12.7072      0.0000   5446.9321  top_mcu_pll_sram_multiclk_soc
u_ctrl                            44130.0731     58.5   3018.7224   3912.2928      0.0000  soc_ctrl_multiclk_soc
u_ctrl/u_aes                      37199.0578     49.3  30175.0259   7024.0320      0.0000  aes128_core
u_div8                                7.1160      0.0      0.0000      7.1160      0.0000  clk_div2_toggle
u_mem                             25783.7695     34.2      0.0000      0.0000  25783.7695  sram_wrap_1rw1024x8
--------------------------------  ----------  -------  ----------  ----------  ----------  ---------------------
Total                                                  33206.4555  10943.4408  31230.7017

1
