Warning: Reference PLL contains internal pins with clock attribute. (TIM-103)
Information: Updating design information... (UID-85)
Warning: Design 'top_mcu_pll_sram_multiclk_soc' contains 1 high-fanout nets. A fanout number of 1000 will be used for delay calculations involving these nets. (TIM-134)
 
****************************************
Report : qor
Design : top_mcu_pll_sram_multiclk_soc
Version: W-2024.09-SP5-5
Date   : Sat Apr 11 20:36:23 2026
****************************************


  Timing Path Group 'INS'
  -----------------------------------
  Levels of Logic:               3.00
  Critical Path Length:          0.19
  Critical Path Slack:           0.01
  Critical Path Clk Period:      1.45
  Total Negative Slack:          0.00
  No. of Violating Paths:        0.00
  Worst Hold Violation:          0.00
  Total Hold Violation:          0.00
  No. of Hold Violations:        0.00
  -----------------------------------

  Timing Path Group 'OUTS'
  -----------------------------------
  Levels of Logic:               0.00
  Critical Path Length:          0.18
  Critical Path Slack:           0.07
  Critical Path Clk Period:      5.80
  Total Negative Slack:          0.00
  No. of Violating Paths:        0.00
  Worst Hold Violation:          0.00
  Total Hold Violation:          0.00
  No. of Hold Violations:        0.00
  -----------------------------------

  Timing Path Group 'clk_div2'
  -----------------------------------
  Levels of Logic:               1.00
  Critical Path Length:          0.25
  Critical Path Slack:           0.94
  Critical Path Clk Period:      2.90
  Total Negative Slack:          0.00
  No. of Violating Paths:        0.00
  Worst Hold Violation:         -0.02
  Total Hold Violation:         -0.21
  No. of Hold Violations:       12.00
  -----------------------------------

  Timing Path Group 'clk_div4'
  -----------------------------------
  Levels of Logic:               1.00
  Critical Path Length:          0.20
  Critical Path Slack:           0.99
  Critical Path Clk Period:      5.80
  Total Negative Slack:          0.00
  No. of Violating Paths:        0.00
  Worst Hold Violation:          0.00
  Total Hold Violation:          0.00
  No. of Hold Violations:        0.00
  -----------------------------------

  Timing Path Group 'clk_fast'
  -----------------------------------
  Levels of Logic:              12.00
  Critical Path Length:          1.20
  Critical Path Slack:          -0.01
  Critical Path Clk Period:      1.45
  Total Negative Slack:         -0.24
  No. of Violating Paths:       57.00
  Worst Hold Violation:          0.00
  Total Hold Violation:          0.00
  No. of Hold Violations:        0.00
  -----------------------------------


  Cell Count
  -----------------------------------
  Hierarchical Cell Count:          4
  Hierarchical Port Count:        722
  Leaf Cell Count:              15626
  Buf/Inv Cell Count:            1812
  Buf Cell Count:                 284
  Inv Cell Count:                1528
  CT Buf/Inv Cell Count:            1
  Combinational Cell Count:     14091
  Sequential Cell Count:         1535
  Macro Count:                      0
  -----------------------------------


  Area
  -----------------------------------
  Combinational Area:    33206.455498
  Noncombinational Area: 10943.440823
  Buf/Inv Area:           2653.263391
  Total Buffer Area:           624.69
  Total Inverter Area:        2028.58
  Macro/Black Box Area:  31230.701660
  Net Area:              14098.597463
  -----------------------------------
  Cell Area:             75380.597981
  Design Area:           89479.195444


  Design Rules
  -----------------------------------
  Total Number of Nets:         16195
  Nets With Violations:             0
  Max Trans Violations:             0
  Max Cap Violations:               0
  -----------------------------------


  Hostname: SGP3

  Compile CPU Statistics
  -----------------------------------------
  Resource Sharing:                    0.00
  Logic Optimization:                  0.19
  Mapping Optimization:                8.29
  -----------------------------------------
  Overall Compile Time:               15.49
  Overall Compile Wall Clock Time:    16.20

  --------------------------------------------------------------------

  Design  WNS: 0.01  TNS: 0.24  Number of Violating Paths: 57


  Design (Hold)  WNS: 0.02  TNS: 0.21  Number of Violating Paths: 12

  --------------------------------------------------------------------


1
