****************************************
Report : qor
Design : top_mcu_pll_sram_multiclk_soc
Version: W-2024.09-SP5-3
Date   : Mon Apr 13 15:15:04 2026
****************************************

  Timing Path Group '**clock_gating_default**' (max_delay/setup)
  ---------------------------------------------
  Levels of Logic:                            1
  Critical Path Length:                  0.0469
  Critical Path Slack:                   0.6656
  Total Negative Slack:                  0.0000
  No. of Violating Paths:                     0
  ---------------------------------------------

  Timing Path Group 'INS' (max_delay/setup)
  ---------------------------------------------
  Levels of Logic:                            5
  Critical Path Length:                  2.8080
  Critical Path Slack:                  -1.2291
  Total Negative Slack:                 -4.1446
  No. of Violating Paths:                     5
  ---------------------------------------------

  Timing Path Group 'OUTS' (max_delay/setup)
  ---------------------------------------------
  Levels of Logic:                            1
  Critical Path Length:                  0.0978
  Critical Path Slack:                   0.5272
  Total Negative Slack:                  0.0000
  No. of Violating Paths:                     0
  ---------------------------------------------

  Timing Path Group 'clk_div2' (max_delay/setup)
  ---------------------------------------------
  Levels of Logic:                           10
  Critical Path Length:                  8.5261
  Critical Path Slack:                  -5.1277
  Total Negative Slack:               -930.6601
  No. of Violating Paths:                   245
  ---------------------------------------------

  Timing Path Group 'clk_div4' (max_delay/setup)
  ---------------------------------------------
  Levels of Logic:                           14
  Critical Path Length:                  8.5025
  Critical Path Slack:                  -1.4416
  Total Negative Slack:                -63.3779
  No. of Violating Paths:                    94
  ---------------------------------------------

  Timing Path Group 'clk_fast' (max_delay/setup)
  ---------------------------------------------
  Levels of Logic:                            9
  Critical Path Length:                  5.5581
  Critical Path Slack:                  -3.9723
  Total Negative Slack:               -468.4266
  No. of Violating Paths:                   136
  ---------------------------------------------

  Timing Path Group 'clk_fast_aes' (max_delay/setup)
  ---------------------------------------------
  Levels of Logic:                            7
  Critical Path Length:                  9.1862
  Critical Path Slack:                  -7.6001
  Total Negative Slack:              -5103.9155
  No. of Violating Paths:                   982
  ---------------------------------------------

  Timing Path Group '**clock_gating_default**' (min_delay/hold)
  ---------------------------------------------
  Levels of Logic:                            1
  Critical Path Length:                  0.0395
  Critical Path Slack:                  -0.0105
  Total Negative Slack:                 -0.0105
  No. of Violating Paths:                     1
  ---------------------------------------------

  Timing Path Group 'INS' (min_delay/hold)
  ---------------------------------------------
  Levels of Logic:                            3
  Critical Path Length:                  0.9260
  Critical Path Slack:                   0.8956
  Total Negative Slack:                  0.0000
  No. of Violating Paths:                     0
  ---------------------------------------------

  Timing Path Group 'OUTS' (min_delay/hold)
  ---------------------------------------------
  Levels of Logic:                            1
  Critical Path Length:                  0.0598
  Critical Path Slack:                   0.2098
  Total Negative Slack:                  0.0000
  No. of Violating Paths:                     0
  ---------------------------------------------

  Timing Path Group 'clk_div2' (min_delay/hold)
  ---------------------------------------------
  Levels of Logic:                            1
  Critical Path Length:                  0.0897
  Critical Path Slack:                  -0.0148
  Total Negative Slack:                 -0.1751
  No. of Violating Paths:                    12
  ---------------------------------------------

  Timing Path Group 'clk_div4' (min_delay/hold)
  ---------------------------------------------
  Levels of Logic:                            1
  Critical Path Length:                  0.0492
  Critical Path Slack:                   0.0148
  Total Negative Slack:                  0.0000
  No. of Violating Paths:                     0
  ---------------------------------------------

  Timing Path Group 'clk_fast' (min_delay/hold)
  ---------------------------------------------
  Levels of Logic:                            1
  Critical Path Length:                  0.1388
  Critical Path Slack:                   0.0893
  Total Negative Slack:                  0.0000
  No. of Violating Paths:                     0
  ---------------------------------------------

  Timing Path Group 'clk_fast_aes' (min_delay/hold)
  ---------------------------------------------
  Levels of Logic:                            2
  Critical Path Length:                  0.0921
  Critical Path Slack:                   0.0563
  Total Negative Slack:                  0.0000
  No. of Violating Paths:                     0
  ---------------------------------------------

  Area
  ---------------------------------------------
  Net Interconnect area:             11194.3848
  Total cell area:                   72617.8281
  Design Area:                       83812.2109
  ---------------------------------------------


  Cell & Pin Count
  ---------------------------------------------
  Pin Count:                              56631
  Hierarchical Cell Count:                    4
  Hierarchical Port Count:                  696
  Leaf Cell Count:                        14213
  ---------------------------------------------


  Design Rule Violations
  ---------------------------------------------
  Total No. of Pins in Design:            56631
  clock_gating_hold Count:                    1
  max_capacitance Count:                     67
  clock_gating_hold Cost:                0.0105
  max_capacitance Cost:                 33.3567
  Total DRC Cost:                       33.3673
  ---------------------------------------------

1
