****************************************
Report : qor
Design : top_mcu_pll_sram_multiclk_soc
Version: W-2024.09-SP5-3
Date   : Wed Apr 15 19:10:24 2026
****************************************

  Timing Path Group '**clock_gating_default**' (max_delay/setup)
  ---------------------------------------------
  Levels of Logic:                            1
  Critical Path Length:                  0.0987
  Critical Path Slack:                   0.8613
  Total Negative Slack:                  0.0000
  No. of Violating Paths:                     0
  ---------------------------------------------

  Timing Path Group 'INS' (max_delay/setup)
  ---------------------------------------------
  Levels of Logic:                            4
  Critical Path Length:                  1.2964
  Critical Path Slack:                   0.5335
  Total Negative Slack:                  0.0000
  No. of Violating Paths:                     0
  ---------------------------------------------

  Timing Path Group 'OUTS' (max_delay/setup)
  ---------------------------------------------
  Levels of Logic:                            1
  Critical Path Length:                  0.1946
  Critical Path Slack:                   0.6454
  Total Negative Slack:                  0.0000
  No. of Violating Paths:                     0
  ---------------------------------------------

  Timing Path Group 'clk_div2' (max_delay/setup)
  ---------------------------------------------
  Levels of Logic:                            2
  Critical Path Length:                  0.2962
  Critical Path Slack:                   1.4939
  Total Negative Slack:                  0.0000
  No. of Violating Paths:                     0
  ---------------------------------------------

  Timing Path Group 'clk_div4' (max_delay/setup)
  ---------------------------------------------
  Levels of Logic:                            3
  Critical Path Length:                  0.3306
  Critical Path Slack:                   1.3806
  Total Negative Slack:                  0.0000
  No. of Violating Paths:                     0
  ---------------------------------------------

  Timing Path Group 'clk_fast' (max_delay/setup)
  ---------------------------------------------
  Levels of Logic:                            9
  Critical Path Length:                  1.0344
  Critical Path Slack:                   0.7855
  Total Negative Slack:                  0.0000
  No. of Violating Paths:                     0
  ---------------------------------------------

  Timing Path Group 'clk_fast_aes' (max_delay/setup)
  ---------------------------------------------
  Levels of Logic:                           18
  Critical Path Length:                  1.8214
  Critical Path Slack:                   0.0108
  Total Negative Slack:                  0.0000
  No. of Violating Paths:                     0
  ---------------------------------------------

  Timing Path Group '**clock_gating_default**' (min_delay/hold)
  ---------------------------------------------
  Levels of Logic:                            1
  Critical Path Length:                  0.0863
  Critical Path Slack:                   0.0763
  Total Negative Slack:                  0.0000
  No. of Violating Paths:                     0
  ---------------------------------------------

  Timing Path Group 'INS' (min_delay/hold)
  ---------------------------------------------
  Levels of Logic:                            1
  Critical Path Length:                  0.3047
  Critical Path Slack:                   0.3283
  Total Negative Slack:                  0.0000
  No. of Violating Paths:                     0
  ---------------------------------------------

  Timing Path Group 'OUTS' (min_delay/hold)
  ---------------------------------------------
  Levels of Logic:                            1
  Critical Path Length:                  0.1657
  Critical Path Slack:                   0.3257
  Total Negative Slack:                  0.0000
  No. of Violating Paths:                     0
  ---------------------------------------------

  Timing Path Group 'clk_div2' (min_delay/hold)
  ---------------------------------------------
  Levels of Logic:                            1
  Critical Path Length:                  0.1579
  Critical Path Slack:                   0.0093
  Total Negative Slack:                  0.0000
  No. of Violating Paths:                     0
  ---------------------------------------------

  Timing Path Group 'clk_div4' (min_delay/hold)
  ---------------------------------------------
  Levels of Logic:                            1
  Critical Path Length:                  0.1542
  Critical Path Slack:                   0.1290
  Total Negative Slack:                  0.0000
  No. of Violating Paths:                     0
  ---------------------------------------------

  Timing Path Group 'clk_fast' (min_delay/hold)
  ---------------------------------------------
  Levels of Logic:                            1
  Critical Path Length:                  0.1577
  Critical Path Slack:                   0.1635
  Total Negative Slack:                  0.0000
  No. of Violating Paths:                     0
  ---------------------------------------------

  Timing Path Group 'clk_fast_aes' (min_delay/hold)
  ---------------------------------------------
  Levels of Logic:                            2
  Critical Path Length:                  0.1598
  Critical Path Slack:                   0.2176
  Total Negative Slack:                  0.0000
  No. of Violating Paths:                     0
  ---------------------------------------------

  Area
  ---------------------------------------------
  Net Interconnect area:              4118.6938
  Total cell area:                   67508.2734
  Design Area:                       71626.9688
  ---------------------------------------------


  Cell & Pin Count
  ---------------------------------------------
  Pin Count:                              49328
  Hierarchical Cell Count:                   10
  Hierarchical Port Count:                  848
  Leaf Cell Count:                        11945
  ---------------------------------------------


  Design Rule Violations
  ---------------------------------------------
  Total No. of Pins in Design:            49328
  max_capacitance Count:                    150
  max_capacitance Cost:                750.8111
  Total DRC Cost:                      750.8111
  ---------------------------------------------

1
