****************************************
Report : qor
Design : top_mcu_pll_sram_multiclk_soc
Version: W-2024.09-SP5-3
Date   : Tue Apr 14 23:21:26 2026
****************************************

  Timing Path Group '**clock_gating_default**' (max_delay/setup)
  ---------------------------------------------
  Levels of Logic:                            1
  Critical Path Length:                  0.0469
  Critical Path Slack:                   0.9131
  Total Negative Slack:                  0.0000
  No. of Violating Paths:                     0
  ---------------------------------------------

  Timing Path Group 'INS' (max_delay/setup)
  ---------------------------------------------
  Levels of Logic:                            4
  Critical Path Length:                  1.4700
  Critical Path Slack:                   0.4509
  Total Negative Slack:                  0.0000
  No. of Violating Paths:                     0
  ---------------------------------------------

  Timing Path Group 'OUTS' (max_delay/setup)
  ---------------------------------------------
  Levels of Logic:                            1
  Critical Path Length:                  0.0978
  Critical Path Slack:                   0.7422
  Total Negative Slack:                  0.0000
  No. of Violating Paths:                     0
  ---------------------------------------------

  Timing Path Group 'clk_div2' (max_delay/setup)
  ---------------------------------------------
  Levels of Logic:                           10
  Critical Path Length:                  3.8669
  Critical Path Slack:                   0.0140
  Total Negative Slack:                  0.0000
  No. of Violating Paths:                     0
  ---------------------------------------------

  Timing Path Group 'clk_div4' (max_delay/setup)
  ---------------------------------------------
  Levels of Logic:                           11
  Critical Path Length:                  7.5183
  Critical Path Slack:                   0.2683
  Total Negative Slack:                  0.0000
  No. of Violating Paths:                     0
  ---------------------------------------------

  Timing Path Group 'clk_fast' (max_delay/setup)
  ---------------------------------------------
  Levels of Logic:                           10
  Critical Path Length:                  1.5189
  Critical Path Slack:                   0.4020
  Total Negative Slack:                  0.0000
  No. of Violating Paths:                     0
  ---------------------------------------------

  Timing Path Group 'clk_fast_aes' (max_delay/setup)
  ---------------------------------------------
  Levels of Logic:                           11
  Critical Path Length:                  1.9214
  Critical Path Slack:                  -0.0006
  Total Negative Slack:                 -0.0012
  No. of Violating Paths:                     3
  ---------------------------------------------

  Timing Path Group '**clock_gating_default**' (min_delay/hold)
  ---------------------------------------------
  Levels of Logic:                            1
  Critical Path Length:                  0.0395
  Critical Path Slack:                   0.0295
  Total Negative Slack:                  0.0000
  No. of Violating Paths:                     0
  ---------------------------------------------

  Timing Path Group 'INS' (min_delay/hold)
  ---------------------------------------------
  Levels of Logic:                            2
  Critical Path Length:                  0.3747
  Critical Path Slack:                   0.3792
  Total Negative Slack:                  0.0000
  No. of Violating Paths:                     0
  ---------------------------------------------

  Timing Path Group 'OUTS' (min_delay/hold)
  ---------------------------------------------
  Levels of Logic:                            1
  Critical Path Length:                  0.0889
  Critical Path Slack:                   0.2489
  Total Negative Slack:                  0.0000
  No. of Violating Paths:                     0
  ---------------------------------------------

  Timing Path Group 'clk_div2' (min_delay/hold)
  ---------------------------------------------
  Levels of Logic:                            1
  Critical Path Length:                  0.0887
  Critical Path Slack:                   0.0142
  Total Negative Slack:                  0.0000
  No. of Violating Paths:                     0
  ---------------------------------------------

  Timing Path Group 'clk_div4' (min_delay/hold)
  ---------------------------------------------
  Levels of Logic:                            1
  Critical Path Length:                  0.0492
  Critical Path Slack:                   0.0248
  Total Negative Slack:                  0.0000
  No. of Violating Paths:                     0
  ---------------------------------------------

  Timing Path Group 'clk_fast' (min_delay/hold)
  ---------------------------------------------
  Levels of Logic:                            1
  Critical Path Length:                  0.0702
  Critical Path Slack:                   0.0610
  Total Negative Slack:                  0.0000
  No. of Violating Paths:                     0
  ---------------------------------------------

  Timing Path Group 'clk_fast_aes' (min_delay/hold)
  ---------------------------------------------
  Levels of Logic:                            2
  Critical Path Length:                  0.0841
  Critical Path Slack:                   0.0917
  Total Negative Slack:                  0.0000
  No. of Violating Paths:                     0
  ---------------------------------------------

  Area
  ---------------------------------------------
  Net Interconnect area:              4417.0015
  Total cell area:                   73314.7344
  Design Area:                       77731.7344
  ---------------------------------------------


  Cell & Pin Count
  ---------------------------------------------
  Pin Count:                              62151
  Hierarchical Cell Count:                    4
  Hierarchical Port Count:                  696
  Leaf Cell Count:                        16664
  ---------------------------------------------


  Design Rule Violations
  ---------------------------------------------
  Total No. of Pins in Design:            62151
  max_capacitance Count:                    101
  max_capacitance Cost:                102.1888
  Total DRC Cost:                      102.1888
  ---------------------------------------------

1
