Warning: Reference PLL contains internal pins with clock attribute. (TIM-103)
Information: Updating design information... (UID-85)
Warning: Design 'top_mcu_pll_sram_multiclk_soc' contains 1 high-fanout nets. A fanout number of 1000 will be used for delay calculations involving these nets. (TIM-134)
 
****************************************
Report : qor
Design : top_mcu_pll_sram_multiclk_soc
Version: W-2024.09-SP5-5
Date   : Wed Apr 15 09:18:23 2026
****************************************


  Timing Path Group 'INS'
  -----------------------------------
  Levels of Logic:               4.00
  Critical Path Length:          0.46
  Critical Path Slack:           0.46
  Critical Path Clk Period:      2.00
  Total Negative Slack:          0.00
  No. of Violating Paths:        0.00
  Worst Hold Violation:          0.00
  Total Hold Violation:          0.00
  No. of Hold Violations:        0.00
  -----------------------------------

  Timing Path Group 'OUTS'
  -----------------------------------
  Levels of Logic:               0.00
  Critical Path Length:          0.10
  Critical Path Slack:           0.74
  Critical Path Clk Period:      8.00
  Total Negative Slack:          0.00
  No. of Violating Paths:        0.00
  Worst Hold Violation:          0.00
  Total Hold Violation:          0.00
  No. of Hold Violations:        0.00
  -----------------------------------

  Timing Path Group 'clk_div2'
  -----------------------------------
  Levels of Logic:               8.00
  Critical Path Length:          3.84
  Critical Path Slack:           0.02
  Critical Path Clk Period:      4.00
  Total Negative Slack:          0.00
  No. of Violating Paths:        0.00
  Worst Hold Violation:          0.00
  Total Hold Violation:          0.00
  No. of Hold Violations:        0.00
  -----------------------------------

  Timing Path Group 'clk_div4'
  -----------------------------------
  Levels of Logic:              10.00
  Critical Path Length:          7.52
  Critical Path Slack:           0.27
  Critical Path Clk Period:      8.00
  Total Negative Slack:          0.00
  No. of Violating Paths:        0.00
  Worst Hold Violation:          0.00
  Total Hold Violation:          0.00
  No. of Hold Violations:        0.00
  -----------------------------------

  Timing Path Group 'clk_fast'
  -----------------------------------
  Levels of Logic:               8.00
  Critical Path Length:          1.34
  Critical Path Slack:           0.58
  Critical Path Clk Period:      2.00
  Total Negative Slack:          0.00
  No. of Violating Paths:        0.00
  Worst Hold Violation:          0.00
  Total Hold Violation:          0.00
  No. of Hold Violations:        0.00
  -----------------------------------

  Timing Path Group 'clk_fast_aes'
  -----------------------------------
  Levels of Logic:              18.00
  Critical Path Length:          1.90
  Critical Path Slack:           0.00
  Critical Path Clk Period:      2.00
  Total Negative Slack:          0.00
  No. of Violating Paths:        0.00
  Worst Hold Violation:          0.00
  Total Hold Violation:          0.00
  No. of Hold Violations:        0.00
  -----------------------------------


  Cell Count
  -----------------------------------
  Hierarchical Cell Count:          4
  Hierarchical Port Count:        696
  Leaf Cell Count:              17091
  Buf/Inv Cell Count:            5305
  Buf Cell Count:                2011
  Inv Cell Count:                3294
  CT Buf/Inv Cell Count:            1
  Combinational Cell Count:     15980
  Sequential Cell Count:         1111
  Macro Count:                      0
  -----------------------------------


  Area
  -----------------------------------
  Combinational Area:    32641.747332
  Noncombinational Area: 10115.439727
  Buf/Inv Area:           8297.801824
  Total Buffer Area:          4105.95
  Total Inverter Area:        4191.85
  Macro/Black Box Area:  31230.701660
  Net Area:               5053.460794
  -----------------------------------
  Cell Area:             73987.888719
  Design Area:           79041.349513


  Design Rules
  -----------------------------------
  Total Number of Nets:         17922
  Nets With Violations:             0
  Max Trans Violations:             0
  Max Cap Violations:               0
  -----------------------------------


  Hostname: SGP3

  Compile CPU Statistics
  -----------------------------------------
  Resource Sharing:                    0.00
  Logic Optimization:                  0.22
  Mapping Optimization:               33.05
  -----------------------------------------
  Overall Compile Time:               40.89
  Overall Compile Wall Clock Time:    41.68

  --------------------------------------------------------------------

  Design  WNS: 0.00  TNS: 0.00  Number of Violating Paths: 0


  Design (Hold)  WNS: 0.00  TNS: 0.00  Number of Violating Paths: 0

  --------------------------------------------------------------------


1
