 
****************************************
Report : area
Design : top_mcu_pll_sram_multiclk_soc
Version: W-2024.09-SP5-5
Date   : Sat Apr 11 22:38:31 2026
****************************************

Library(s) Used:

    saed32rvt_ss0p95v125c (File: /DATA/home/edu135/aes128_core/SAED32_EDK/lib/stdcell_rvt/db_nldm/saed32rvt_ss0p95v125c.db)
    gtech (File: /tools/synopsys/syn/W-2024.09-SP5-5/libraries/syn/gtech.db)
    saed32sram_ss0p95v125c (File: /DATA/home/edu135/aes128_core/SAED32_EDK/lib/sram/db_nldm/saed32sram_ss0p95v125c.db)
    saed32pll_ss0p95v125c_2p25v (File: /DATA/home/edu135/aes128_core/SAED32_EDK/lib/pll/db_nldm/saed32pll_ss0p95v125c_2p25v.db)

Number of ports:                          994
Number of nets:                         12919
Number of cells:                        12383
Number of combinational cells:          10837
Number of sequential cells:              1533
Number of macros/black boxes:               2
Number of buf/inv:                       1258
Number of references:                       7

Combinational area:              22963.181254
Buf/Inv area:                     1730.974798
Noncombinational area:           13995.202129
Macro/Black Box area:            31230.701660
Net Interconnect area:           16745.864060

Total cell area:                 68189.085043
Total area:                      84934.949103

Information: This design contains unmapped logic. (RPT-7)

Hierarchical area distribution
------------------------------

                                  Global cell area              Local cell area
                                  -------------------  ---------------------------------- 
Hierarchical cell                 Absolute    Percent  Combi-      Noncombi-   Black-
                                  Total       Total    national    national    boxes       Design
--------------------------------  ----------  -------  ----------  ----------  ----------  ---------------------
top_mcu_pll_sram_multiclk_soc     68189.0850    100.0     22.3647      0.0000   5446.9321  top_mcu_pll_sram_multiclk_soc
u_ctrl                            36926.8695     54.2   3015.4186   4984.2723      0.0000  soc_ctrl_multiclk_soc
u_ctrl/u_aes                      28927.1787     42.4  19925.3980   9001.7807      0.0000  aes128_core
u_div8                                9.1492      0.0      0.0000      9.1492      0.0000  clk_div2_toggle
u_mem                             25783.7695     37.8      0.0000      0.0000  25783.7695  sram_wrap_1rw1024x8
--------------------------------  ----------  -------  ----------  ----------  ----------  ---------------------
Total                                                  22963.1813  13995.2021  31230.7017

1
