 
****************************************
Report : clocks
Design : top_mcu_pll_sram_multiclk_soc
Version: W-2024.09-SP5-5
Date   : Sat Apr 11 22:38:32 2026
****************************************

Attributes:
    d - dont_touch_network
    f - fix_hold
    p - propagated_clock
    G - generated_clock
    g - lib_generated_clock

Clock          Period   Waveform            Attrs     Sources
--------------------------------------------------------------------------------
clk_div2         3.50   {0 1.75}            G         {u_pll/CLK_2X}
clk_div4         7.00   {0 3.5}             G         {u_pll/CLK_1X}
clk_div8        14.00   {0 7}               G         {u_div8/clk_out}
ref_clk          7.00   {0 3.5}                       {ref_clk}
--------------------------------------------------------------------------------

Generated     Master         Generated      Master         Waveform
Clock         Source         Source         Clock          Modification
--------------------------------------------------------------------------------
clk_div2      u_pll/REF_CLK  {u_pll/CLK_2X} ref_clk        multiply_by(2)
clk_div4      u_pll/REF_CLK  {u_pll/CLK_1X} ref_clk        multiply_by(1)
clk_div8      u_div8/clk_in  {u_div8/clk_out}
                                            clk_div4       divide_by(2)
--------------------------------------------------------------------------------
1
