 
****************************************
Report : timing
        -path full
        -delay max
        -max_paths 1
Design : top_mcu_pll_sram_multiclk_soc
Version: W-2024.09-SP5-5
Date   : Sun Apr 12 10:15:46 2026
****************************************

 # A fanout number of 1000 was used for high fanout net computations.

Operating Conditions: ss0p95v125c   Library: saed32rvt_ss0p95v125c
Wire Load Model Mode: enclosed

  Startpoint: start (input port clocked by ref_clk)
  Endpoint: u_ctrl/done_reg
            (rising edge-triggered flip-flop clocked by clk_fast)
  Path Group: INS
  Path Type: max

  Des/Clust/Port     Wire Load Model       Library
  ------------------------------------------------
  top_mcu_pll_sram_multiclk_soc
                     ForQA                 saed32rvt_ss0p95v125c
  soc_ctrl_multiclk_soc
                     70000                 saed32rvt_ss0p95v125c

  Point                                                   Incr       Path
  --------------------------------------------------------------------------
  clock ref_clk (rise edge)                               0.00       0.00
  clock network delay (ideal)                             0.00       0.00
  input external delay                                    1.00       1.00 f
  start (in)                                              0.00       1.00 f
  u_ctrl/start_ext (soc_ctrl_multiclk_soc)                0.00       1.00 f
  u_ctrl/U87/Y (OR2X1_RVT)                                0.07       1.07 f
  u_ctrl/U88/Y (AND2X1_RVT)                               0.07       1.14 f
  u_ctrl/U90/Y (OAI21X1_RVT)                              0.12       1.26 r
  u_ctrl/done_reg/D (SDFFARX1_RVT)                        0.00       1.26 r
  data arrival time                                                  1.26

  clock clk_fast (rise edge)                              1.75       1.75
  clock network delay (ideal)                             0.00       1.75
  clock uncertainty                                      -0.20       1.55
  u_ctrl/done_reg/CLK (SDFFARX1_RVT)                      0.00       1.55 r
  library setup time                                     -0.13       1.42
  data required time                                                 1.42
  --------------------------------------------------------------------------
  data required time                                                 1.42
  data arrival time                                                 -1.26
  --------------------------------------------------------------------------
  slack (MET)                                                        0.16


  Startpoint: u_ctrl/pass_reg
              (rising edge-triggered flip-flop clocked by clk_fast)
  Endpoint: pass (output port clocked by ref_clk)
  Path Group: OUTS
  Path Type: max

  Des/Clust/Port     Wire Load Model       Library
  ------------------------------------------------
  top_mcu_pll_sram_multiclk_soc
                     ForQA                 saed32rvt_ss0p95v125c

  Point                                    Incr       Path
  -----------------------------------------------------------
  clock clk_fast (rise edge)               5.25       5.25
  clock network delay (ideal)              0.00       5.25
  u_ctrl/pass_reg/CLK (SDFFARX1_RVT)       0.00       5.25 r
  u_ctrl/pass_reg/Q (SDFFARX1_RVT)         0.17       5.42 r
  u_ctrl/pass (soc_ctrl_multiclk_soc)      0.00       5.42 r
  pass (out)                               0.00       5.42 r
  data arrival time                                   5.42

  clock ref_clk (rise edge)                7.00       7.00
  clock network delay (ideal)              0.00       7.00
  clock uncertainty                       -0.20       6.80
  output external delay                   -1.00       5.80
  data required time                                  5.80
  -----------------------------------------------------------
  data required time                                  5.80
  data arrival time                                  -5.42
  -----------------------------------------------------------
  slack (MET)                                         0.38


  Startpoint: u_ctrl/ct_hold_fast_reg[30]
              (rising edge-triggered flip-flop clocked by clk_fast)
  Endpoint: u_ctrl/ct_hold_div2_reg[30]
            (rising edge-triggered flip-flop clocked by clk_div2)
  Path Group: clk_div2
  Path Type: max

  Des/Clust/Port     Wire Load Model       Library
  ------------------------------------------------
  top_mcu_pll_sram_multiclk_soc
                     ForQA                 saed32rvt_ss0p95v125c
  soc_ctrl_multiclk_soc
                     70000                 saed32rvt_ss0p95v125c

  Point                                                   Incr       Path
  --------------------------------------------------------------------------
  clock clk_fast (rise edge)                              1.75       1.75
  clock network delay (ideal)                             0.00       1.75
  u_ctrl/ct_hold_fast_reg[30]/CLK (SDFFARX1_RVT)          0.00       1.75 r
  u_ctrl/ct_hold_fast_reg[30]/Q (SDFFARX1_RVT)            0.17       1.92 r
  u_ctrl/U1067/Y (AO22X1_RVT)                             0.08       2.00 r
  u_ctrl/ct_hold_div2_reg[30]/D (SDFFARX1_RVT)            0.00       2.00 r
  data arrival time                                                  2.00

  clock clk_div2 (rise edge)                              3.50       3.50
  clock network delay (ideal)                             0.00       3.50
  clock uncertainty                                      -0.20       3.30
  u_ctrl/ct_hold_div2_reg[30]/CLK (SDFFARX1_RVT)          0.00       3.30 r
  library setup time                                     -0.13       3.17
  data required time                                                 3.17
  --------------------------------------------------------------------------
  data required time                                                 3.17
  data arrival time                                                 -2.00
  --------------------------------------------------------------------------
  slack (MET)                                                        1.17


  Startpoint: u_ctrl/done_reg
              (rising edge-triggered flip-flop clocked by clk_fast)
  Endpoint: u_ctrl/start_uart_cmd_reg
            (rising edge-triggered flip-flop clocked by clk_div4)
  Path Group: clk_div4
  Path Type: max

  Des/Clust/Port     Wire Load Model       Library
  ------------------------------------------------
  top_mcu_pll_sram_multiclk_soc
                     ForQA                 saed32rvt_ss0p95v125c
  soc_ctrl_multiclk_soc
                     70000                 saed32rvt_ss0p95v125c

  Point                                                   Incr       Path
  --------------------------------------------------------------------------
  clock clk_fast (rise edge)                              5.25       5.25
  clock network delay (ideal)                             0.00       5.25
  u_ctrl/done_reg/CLK (SDFFARX1_RVT)                      0.00       5.25 r
  u_ctrl/done_reg/QN (SDFFARX1_RVT)                       0.13       5.38 r
  u_ctrl/U411/Y (AO22X1_RVT)                              0.07       5.45 r
  u_ctrl/start_uart_cmd_reg/D (SDFFARX1_RVT)              0.00       5.45 r
  data arrival time                                                  5.45

  clock clk_div4 (rise edge)                              7.00       7.00
  clock network delay (ideal)                             0.00       7.00
  clock uncertainty                                      -0.20       6.80
  u_ctrl/start_uart_cmd_reg/CLK (SDFFARX1_RVT)            0.00       6.80 r
  library setup time                                     -0.13       6.67
  data required time                                                 6.67
  --------------------------------------------------------------------------
  data required time                                                 6.67
  data arrival time                                                 -5.45
  --------------------------------------------------------------------------
  slack (MET)                                                        1.22


  Startpoint: u_ctrl/aes_clk_req_reg
              (rising edge-triggered flip-flop clocked by clk_fast)
  Endpoint: u_ctrl/u_icg_aes/en_lat_reg
            (positive level-sensitive latch clocked by clk_fast')
  Path Group: clk_fast
  Path Type: max

  Des/Clust/Port     Wire Load Model       Library
  ------------------------------------------------
  top_mcu_pll_sram_multiclk_soc
                     ForQA                 saed32rvt_ss0p95v125c
  soc_ctrl_multiclk_soc
                     70000                 saed32rvt_ss0p95v125c
  icg_latch          ForQA                 saed32rvt_ss0p95v125c

  Point                                                   Incr       Path
  --------------------------------------------------------------------------
  clock clk_fast (rise edge)                              0.00       0.00
  clock network delay (ideal)                             0.00       0.00
  u_ctrl/aes_clk_req_reg/CLK (SDFFARX1_RVT)               0.00       0.00 r
  u_ctrl/aes_clk_req_reg/Q (SDFFARX1_RVT)                 0.17       0.17 r
  u_ctrl/u_icg_aes/en (icg_latch)                         0.00       0.17 r
  u_ctrl/u_icg_aes/U2/Y (OR2X1_RVT)                       0.06       0.23 r
  u_ctrl/u_icg_aes/en_lat_reg/D (LATCHX1_RVT)             0.00       0.23 r
  data arrival time                                                  0.23

  clock clk_fast' (rise edge)                             0.88       0.88
  clock network delay (ideal)                             0.00       0.88
  clock uncertainty                                      -0.20       0.68
  u_ctrl/u_icg_aes/en_lat_reg/CLK (LATCHX1_RVT)           0.00       0.68 r
  time borrowed from endpoint                             0.00       0.68
  data required time                                                 0.68
  --------------------------------------------------------------------------
  data required time                                                 0.68
  data arrival time                                                 -0.23
  --------------------------------------------------------------------------
  slack (MET)                                                        0.45

  Time Borrowing Information
  --------------------------------------------------------------
  clk_fast' nominal pulse width                           0.88   
  library setup time                                     -0.06   
  --------------------------------------------------------------
  max time borrow                                         0.81   
  actual time borrow                                      0.00   
  --------------------------------------------------------------


  Startpoint: u_ctrl/u_aes/state_reg[65]
              (rising edge-triggered flip-flop clocked by clk_fast_aes)
  Endpoint: u_ctrl/u_aes/state_reg[51]
            (rising edge-triggered flip-flop clocked by clk_fast_aes)
  Path Group: clk_fast_aes
  Path Type: max

  Des/Clust/Port     Wire Load Model       Library
  ------------------------------------------------
  soc_ctrl_multiclk_soc
                     70000                 saed32rvt_ss0p95v125c
  aes128_core        35000                 saed32rvt_ss0p95v125c

  Point                                                   Incr       Path
  --------------------------------------------------------------------------
  clock clk_fast_aes (rise edge)                          0.00       0.00
  clock network delay (ideal)                             0.00       0.00
  u_ctrl/u_aes/state_reg[65]/CLK (SDFFARX1_RVT)           0.00       0.00 r
  u_ctrl/u_aes/state_reg[65]/QN (SDFFARX1_RVT)            0.13       0.13 r
  u_ctrl/u_aes/U352/Y (NBUFFX2_RVT)                       0.09       0.21 r
  u_ctrl/u_aes/U2631/Y (INVX4_RVT)                        0.05       0.26 f
  u_ctrl/u_aes/U2701/Y (OR2X1_RVT)                        0.07       0.33 f
  u_ctrl/u_aes/U313/Y (INVX1_RVT)                         0.06       0.39 r
  u_ctrl/u_aes/U7306/Y (NAND2X0_RVT)                      0.06       0.45 f
  u_ctrl/u_aes/U9494/Y (NAND2X0_RVT)                      0.06       0.51 r
  u_ctrl/u_aes/U9495/Y (AO22X1_RVT)                       0.07       0.57 r
  u_ctrl/u_aes/U9496/Y (AO21X1_RVT)                       0.05       0.62 r
  u_ctrl/u_aes/U9497/Y (AO21X1_RVT)                       0.05       0.67 r
  u_ctrl/u_aes/U9502/Y (NOR3X0_RVT)                       0.09       0.75 f
  u_ctrl/u_aes/U9503/Y (NOR2X0_RVT)                       0.07       0.82 r
  u_ctrl/u_aes/U1249/Y (AOI22X1_RVT)                      0.13       0.95 f
  u_ctrl/u_aes/U9573/Y (XNOR2X2_RVT)                      0.11       1.06 r
  u_ctrl/u_aes/U441/Y (XOR3X1_RVT)                        0.07       1.13 f
  u_ctrl/u_aes/U214/Y (INVX0_RVT)                         0.03       1.16 r
  u_ctrl/u_aes/U9575/Y (NAND2X0_RVT)                      0.03       1.19 f
  u_ctrl/u_aes/U9576/Y (NAND2X0_RVT)                      0.06       1.25 r
  u_ctrl/u_aes/U9577/Y (XNOR2X2_RVT)                      0.10       1.34 r
  u_ctrl/u_aes/U9578/Y (OAI222X1_RVT)                     0.09       1.43 f
  u_ctrl/u_aes/state_reg[51]/D (SDFFARX1_RVT)             0.00       1.43 f
  data arrival time                                                  1.43

  clock clk_fast_aes (rise edge)                          1.75       1.75
  clock network delay (ideal)                             0.00       1.75
  clock uncertainty                                      -0.20       1.55
  u_ctrl/u_aes/state_reg[51]/CLK (SDFFARX1_RVT)           0.00       1.55 r
  library setup time                                     -0.12       1.43
  data required time                                                 1.43
  --------------------------------------------------------------------------
  data required time                                                 1.43
  data arrival time                                                 -1.43
  --------------------------------------------------------------------------
  slack (MET)                                                        0.00


1
