****************************************
Report : qor
Design : top_mcu_pll_sram_multiclk_soc
Version: W-2024.09-SP5-3
Date   : Thu Apr 16 09:47:53 2026
****************************************

  Timing Path Group '**clock_gating_default**' (max_delay/setup)
  ---------------------------------------------
  Levels of Logic:                            1
  Critical Path Length:                  0.0890
  Critical Path Slack:                   0.8710
  Total Negative Slack:                  0.0000
  No. of Violating Paths:                     0
  ---------------------------------------------

  Timing Path Group 'INS' (max_delay/setup)
  ---------------------------------------------
  Levels of Logic:                            4
  Critical Path Length:                  1.3310
  Critical Path Slack:                   0.4990
  Total Negative Slack:                  0.0000
  No. of Violating Paths:                     0
  ---------------------------------------------

  Timing Path Group 'OUTS' (max_delay/setup)
  ---------------------------------------------
  Levels of Logic:                            1
  Critical Path Length:                  0.1831
  Critical Path Slack:                   0.6569
  Total Negative Slack:                  0.0000
  No. of Violating Paths:                     0
  ---------------------------------------------

  Timing Path Group 'clk_div2' (max_delay/setup)
  ---------------------------------------------
  Levels of Logic:                            2
  Critical Path Length:                  0.3030
  Critical Path Slack:                   1.4870
  Total Negative Slack:                  0.0000
  No. of Violating Paths:                     0
  ---------------------------------------------

  Timing Path Group 'clk_div4' (max_delay/setup)
  ---------------------------------------------
  Levels of Logic:                            3
  Critical Path Length:                  0.3170
  Critical Path Slack:                   1.3950
  Total Negative Slack:                  0.0000
  No. of Violating Paths:                     0
  ---------------------------------------------

  Timing Path Group 'clk_fast' (max_delay/setup)
  ---------------------------------------------
  Levels of Logic:                            7
  Critical Path Length:                  1.2060
  Critical Path Slack:                   0.6260
  Total Negative Slack:                  0.0000
  No. of Violating Paths:                     0
  ---------------------------------------------

  Timing Path Group 'clk_fast_aes' (max_delay/setup)
  ---------------------------------------------
  Levels of Logic:                           18
  Critical Path Length:                  1.8260
  Critical Path Slack:                   0.0100
  Total Negative Slack:                  0.0000
  No. of Violating Paths:                     0
  ---------------------------------------------

  Timing Path Group '**clock_gating_default**' (min_delay/hold)
  ---------------------------------------------
  Levels of Logic:                            1
  Critical Path Length:                  0.0790
  Critical Path Slack:                   0.0690
  Total Negative Slack:                  0.0000
  No. of Violating Paths:                     0
  ---------------------------------------------

  Timing Path Group 'INS' (min_delay/hold)
  ---------------------------------------------
  Levels of Logic:                            1
  Critical Path Length:                  0.3070
  Critical Path Slack:                   0.3320
  Total Negative Slack:                  0.0000
  No. of Violating Paths:                     0
  ---------------------------------------------

  Timing Path Group 'OUTS' (min_delay/hold)
  ---------------------------------------------
  Levels of Logic:                            1
  Critical Path Length:                  0.1550
  Critical Path Slack:                   0.3150
  Total Negative Slack:                  0.0000
  No. of Violating Paths:                     0
  ---------------------------------------------

  Timing Path Group 'clk_div2' (min_delay/hold)
  ---------------------------------------------
  Levels of Logic:                            1
  Critical Path Length:                  0.1650
  Critical Path Slack:                   0.0200
  Total Negative Slack:                  0.0000
  No. of Violating Paths:                     0
  ---------------------------------------------

  Timing Path Group 'clk_div4' (min_delay/hold)
  ---------------------------------------------
  Levels of Logic:                            1
  Critical Path Length:                  0.1560
  Critical Path Slack:                   0.1300
  Total Negative Slack:                  0.0000
  No. of Violating Paths:                     0
  ---------------------------------------------

  Timing Path Group 'clk_fast' (min_delay/hold)
  ---------------------------------------------
  Levels of Logic:                            1
  Critical Path Length:                  0.1560
  Critical Path Slack:                   0.1630
  Total Negative Slack:                  0.0000
  No. of Violating Paths:                     0
  ---------------------------------------------

  Timing Path Group 'clk_fast_aes' (min_delay/hold)
  ---------------------------------------------
  Levels of Logic:                            2
  Critical Path Length:                  0.1690
  Critical Path Slack:                   0.2360
  Total Negative Slack:                  0.0000
  No. of Violating Paths:                     0
  ---------------------------------------------

  Area
  ---------------------------------------------
  Net Interconnect area:              4150.6260
  Total cell area:                   68058.0391
  Design Area:                       72208.6641
  ---------------------------------------------


  Cell & Pin Count
  ---------------------------------------------
  Pin Count:                              49969
  Hierarchical Cell Count:                   10
  Hierarchical Port Count:                  846
  Leaf Cell Count:                        12201
  ---------------------------------------------


  Design Rule Violations
  ---------------------------------------------
  Total No. of Pins in Design:            49969
  max_capacitance Count:                    172
  max_capacitance Cost:                744.6962
  Total DRC Cost:                      744.6962
  ---------------------------------------------

1
