****************************************
Report : qor
Design : top_mcu_pll_sram_multiclk_soc
Version: W-2024.09-SP5-3
Date   : Thu Apr 16 10:26:05 2026
****************************************

  Timing Path Group '**clock_gating_default**' (max_delay/setup)
  ---------------------------------------------
  Levels of Logic:                            1
  Critical Path Length:                  0.0910
  Critical Path Slack:                   3.7490
  Total Negative Slack:                  0.0000
  No. of Violating Paths:                     0
  ---------------------------------------------

  Timing Path Group 'INS' (max_delay/setup)
  ---------------------------------------------
  Levels of Logic:                            0
  Critical Path Length:                  1.0040
  Critical Path Slack:                   6.7224
  Total Negative Slack:                  0.0000
  No. of Violating Paths:                     0
  ---------------------------------------------

  Timing Path Group 'OUTS' (max_delay/setup)
  ---------------------------------------------
  Levels of Logic:                            1
  Critical Path Length:                  0.1860
  Critical Path Slack:                   6.6540
  Total Negative Slack:                  0.0000
  No. of Violating Paths:                     0
  ---------------------------------------------

  Timing Path Group 'clk_fast_aes' (max_delay/setup)
  ---------------------------------------------
  Levels of Logic:                            3
  Critical Path Length:                  0.3660
  Critical Path Slack:                   7.4615
  Total Negative Slack:                  0.0000
  No. of Violating Paths:                     0
  ---------------------------------------------

  Timing Path Group 'ref_clk' (max_delay/setup)
  ---------------------------------------------
  Levels of Logic:                            3
  Critical Path Length:                  0.3550
  Critical Path Slack:                   7.3714
  Total Negative Slack:                  0.0000
  No. of Violating Paths:                     0
  ---------------------------------------------

  Timing Path Group '**clock_gating_default**' (min_delay/hold)
  ---------------------------------------------
  Levels of Logic:                            1
  Critical Path Length:                  0.0800
  Critical Path Slack:                   0.0400
  Total Negative Slack:                  0.0000
  No. of Violating Paths:                     0
  ---------------------------------------------

  Timing Path Group 'INS' (min_delay/hold)
  ---------------------------------------------
  Levels of Logic:                            0
  Critical Path Length:                  0.2040
  Critical Path Slack:                   0.2177
  Total Negative Slack:                  0.0000
  No. of Violating Paths:                     0
  ---------------------------------------------

  Timing Path Group 'OUTS' (min_delay/hold)
  ---------------------------------------------
  Levels of Logic:                            1
  Critical Path Length:                  0.1670
  Critical Path Slack:                   0.3270
  Total Negative Slack:                  0.0000
  No. of Violating Paths:                     0
  ---------------------------------------------

  Timing Path Group 'clk_fast_aes' (min_delay/hold)
  ---------------------------------------------
  Levels of Logic:                            1
  Critical Path Length:                  0.1650
  Critical Path Slack:                   0.2087
  Total Negative Slack:                  0.0000
  No. of Violating Paths:                     0
  ---------------------------------------------

  Timing Path Group 'ref_clk' (min_delay/hold)
  ---------------------------------------------
  Levels of Logic:                            1
  Critical Path Length:                  0.1700
  Critical Path Slack:                   0.0070
  Total Negative Slack:                  0.0000
  No. of Violating Paths:                     0
  ---------------------------------------------

  Area
  ---------------------------------------------
  Net Interconnect area:              4799.3628
  Total cell area:                   68076.5938
  Design Area:                       72875.9531
  ---------------------------------------------


  Cell & Pin Count
  ---------------------------------------------
  Pin Count:                              49971
  Hierarchical Cell Count:                   10
  Hierarchical Port Count:                  964
  Leaf Cell Count:                        12202
  ---------------------------------------------


  Design Rule Violations
  ---------------------------------------------
  Total No. of Pins in Design:            49971
  max_capacitance Count:                    211
  max_capacitance Cost:                928.4246
  Total DRC Cost:                      928.4246
  ---------------------------------------------

1
