 A lockup latch is missing between scan cells u_ctrl/tx_byte_ff2_reg_3_(20340) clocked by ref_clk(0) (through U5/Y(328) LE(45ns) and u_ctrl/txdone_ff1_reg(20182) clocked by ref_clk(0) (through U3/Y(320) LE(45ns) (M831)
 A lockup latch is missing between scan cells u_ctrl/txdone_ff2_reg(20341) clocked by ref_clk(0) (through U3/Y(320) LE(45ns) and u_ctrl/u_send_cdc/ack_ff1_reg(20008) clocked by ref_clk(0) (through U4/Y(324) LE(45ns) (M831)
 A lockup latch is missing between scan cells u_ctrl/u_send_cdc/ack_ff2_reg(20010) clocked by ref_clk(0) (through U4/Y(324) LE(45ns) and u_ctrl/u_send_cdc/req_ff1_reg(20006) clocked by ref_clk(0) (through U5/Y(328) LE(45ns) (M831)
 A lockup latch is missing between scan cells u_ctrl/u_send_cdc/req_ff2_reg(20011) clocked by ref_clk(0) (through U5/Y(328) LE(45ns) and u_ctrl/su_ff1_reg(20015) clocked by ref_clk(0) (through U3/Y(320) LE(45ns) (M831)
 A lockup latch is missing between scan cells u_ctrl/su_ff2_reg(20337) clocked by ref_clk(0) (through U3/Y(320) LE(45ns) and u_ctrl/tx_byte_ff1_reg_7_(20170) clocked by ref_clk(0) (through U5/Y(328) LE(45ns) (M831)
 A lockup latch is missing between scan cells u_ctrl/tx_byte_ff2_reg_6_(20364) clocked by ref_clk(0) (through U5/Y(328) LE(45ns) and u_ctrl/crc_ff1_reg(20155) clocked by ref_clk(0) (through U3/Y(320) LE(45ns) (M831)
 A lockup latch is missing between scan cells u_ctrl/u_ct_cdc/ack_ff2_reg(19938) clocked by ref_clk(0) (through U3/Y(320) LE(45ns) and u_ctrl/u_ct_cdc/req_ff1_reg(19934) clocked by ref_clk(0) (through U4/Y(324) LE(45ns) (M831)
 A lockup latch is missing between scan cells u_ctrl/u_ct_cdc/req_ff2_reg(19939) clocked by ref_clk(0) (through U4/Y(324) LE(45ns) and u_ctrl/tx_byte_ff1_reg_0_(20173) clocked by ref_clk(0) (through U5/Y(328) LE(45ns) (M831)
 A lockup latch is missing between scan cells u_ctrl/tx_byte_ff2_reg_4_(20352) clocked by ref_clk(0) (through U5/Y(328) LE(45ns) and u_ctrl/ct_hold_fast_reg_19_(20027) clocked by ref_clk(0) (through U3/Y(320) LE(45ns) (M831)
 A lockup latch is missing between scan cells u_ctrl/ct_hold_fast_reg_16_(20030) clocked by ref_clk(0) (through U3/Y(320) LE(45ns) and u_ctrl/ct_hold_div2_reg_20_(20372) clocked by ref_clk(0) (through U4/Y(324) LE(45ns) (M831)
 A lockup latch is missing between scan cells u_ctrl/tx_idx_div2_reg_0_(20346) clocked by ref_clk(0) (through U4/Y(324) LE(45ns) and u_ctrl/start_seen_reg(20016) clocked by ref_clk(0) (through U3/Y(320) LE(45ns) (M831)
 A lockup latch is missing between scan cells u_ctrl/start_seen_reg(20016) clocked by ref_clk(0) (through U3/Y(320) LE(45ns) and u_ctrl/tx_idx_div2_reg_2_(20362) clocked by ref_clk(0) (through U4/Y(324) LE(45ns) (M831)
 A lockup latch is missing between scan cells u_ctrl/tx_idx_div2_reg_2_(20362) clocked by ref_clk(0) (through U4/Y(324) LE(45ns) and u_ctrl/pass_reg(20185) clocked by ref_clk(0) (through U3/Y(320) LE(45ns) (M831)
 A lockup latch is missing between scan cells u_ctrl/done_reg(20013) clocked by ref_clk(0) (through U3/Y(320) LE(45ns) and u_ctrl/ct_hold_div2_reg_72_(20269) clocked by ref_clk(0) (through U4/Y(324) LE(45ns) (M831)
 A lockup latch is missing between scan cells u_ctrl/u_send_cdc/req_tog_src_reg(20009) clocked by ref_clk(0) (through U4/Y(324) LE(45ns) and u_ctrl/u_send_cdc/ack_tog_dst_reg(20007) clocked by ref_clk(0) (through U5/Y(328) LE(45ns) (M831)
 A lockup latch is missing between scan cells u_ctrl/u_tx/shifter_reg_1_(18946) clocked by ref_clk(0) (through U5/Y(328) LE(45ns) and u_ctrl/u_aes/ct_out_reg_57_(19684) clocked by ref_clk(0) (through U3/Y(320) LE(45ns) (M831)
 A lockup latch is missing between scan cells u_ctrl/u_aes/ct_out_reg_57_(19684) clocked by ref_clk(0) (through U3/Y(320) LE(45ns) and u_ctrl/u_tx/shifter_reg_3_(18944) clocked by ref_clk(0) (through U5/Y(328) LE(45ns) (M831)
 A lockup latch is missing between scan cells u_ctrl/u_tx/shifter_reg_6_(18941) clocked by ref_clk(0) (through U5/Y(328) LE(45ns) and u_ctrl/ct_hold_fast_reg_59_(20111) clocked by ref_clk(0) (through U3/Y(320) LE(45ns) (M831)
 A lockup latch is missing between scan cells u_ctrl/ct_hold_fast_reg_61_(20109) clocked by ref_clk(0) (through U3/Y(320) LE(45ns) and u_ctrl/tx_data_reg_5_(20327) clocked by ref_clk(0) (through U5/Y(328) LE(45ns) (M831)
 A lockup latch is missing between scan cells u_ctrl/tx_data_reg_5_(20327) clocked by ref_clk(0) (through U5/Y(328) LE(45ns) and u_ctrl/ct_hold_fast_reg_52_(20118) clocked by ref_clk(0) (through U3/Y(320) LE(45ns) (M831)
 A lockup latch is missing between scan cells u_ctrl/ct_hold_fast_reg_52_(20118) clocked by ref_clk(0) (through U3/Y(320) LE(45ns) and u_ctrl/tx_data_reg_4_(20328) clocked by ref_clk(0) (through U5/Y(328) LE(45ns) (M831)
 A lockup latch is missing between scan cells u_ctrl/tx_buf_data_reg_2_(20322) clocked by ref_clk(0) (through U5/Y(328) LE(45ns) and u_ctrl/ct_hold_div2_reg_48_(20291) clocked by ref_clk(0) (through U4/Y(324) LE(45ns) (M831)
 A lockup latch is missing between scan cells u_ctrl/ct_hold_div2_reg_58_(20283) clocked by ref_clk(0) (through U4/Y(324) LE(45ns) and u_ctrl/tx_active_div4_reg(20180) clocked by ref_clk(0) (through U5/Y(328) LE(45ns) (M831)
 A lockup latch is missing between scan cells u_ctrl/tx_cnt_div4_reg_0_(20368) clocked by ref_clk(0) (through U5/Y(328) LE(45ns) and u_ctrl/ct_hold_div2_reg_55_(20286) clocked by ref_clk(0) (through U4/Y(324) LE(45ns) (M831)
 A lockup latch is missing between scan cells u_ctrl/ct_hold_div2_reg_55_(20286) clocked by ref_clk(0) (through U4/Y(324) LE(45ns) and u_ctrl/u_send_cdc/pulse_dst_reg(20012) clocked by ref_clk(0) (through U5/Y(328) LE(45ns) (M831)
 A lockup latch is missing between scan cells u_ctrl/u_send_cdc/pulse_dst_reg(20012) clocked by ref_clk(0) (through U5/Y(328) LE(45ns) and u_ctrl/ct_hold_div2_reg_52_(20377) clocked by ref_clk(0) (through U4/Y(324) LE(45ns) (M831)
 A lockup latch is missing between scan cells u_ctrl/ct_hold_div2_reg_46_(20365) clocked by ref_clk(0) (through U4/Y(324) LE(45ns) and u_ctrl/ct_hold_fast_reg_64_(20106) clocked by ref_clk(0) (through U3/Y(320) LE(45ns) (M831)
 A lockup latch is missing between scan cells u_ctrl/ct_hold_fast_reg_51_(20119) clocked by ref_clk(0) (through U3/Y(320) LE(45ns) and u_ctrl/ct_hold_div2_reg_43_(20295) clocked by ref_clk(0) (through U4/Y(324) LE(45ns) (M831)
 A lockup latch is missing between scan cells u_ctrl/ct_hold_div2_reg_41_(20297) clocked by ref_clk(0) (through U4/Y(324) LE(45ns) and u_ctrl/ct_hold_fast_reg_97_(20076) clocked by ref_clk(0) (through U3/Y(320) LE(45ns) (M831)
 A lockup latch is missing between scan cells u_ctrl/ct_hold_fast_reg_100_(20073) clocked by ref_clk(0) (through U3/Y(320) LE(45ns) and u_ctrl/ct_hold_div2_reg_40_(20298) clocked by ref_clk(0) (through U4/Y(324) LE(45ns) (M831)
 A lockup latch is missing between scan cells u_ctrl/ct_hold_div2_reg_35_(20302) clocked by ref_clk(0) (through U4/Y(324) LE(45ns) and u_ctrl/ct_hold_fast_reg_29_(20141) clocked by ref_clk(0) (through U3/Y(320) LE(45ns) (M831)
 A lockup latch is missing between scan cells u_ctrl/ct_hold_fast_reg_32_(20138) clocked by ref_clk(0) (through U3/Y(320) LE(45ns) and u_ctrl/ct_hold_div2_reg_102_(20239) clocked by ref_clk(0) (through U4/Y(324) LE(45ns) (M831)
 A lockup latch is missing between scan cells u_ctrl/ct_hold_div2_reg_114_(20227) clocked by ref_clk(0) (through U4/Y(324) LE(45ns) and u_ctrl/ct_hold_fast_reg_99_(20074) clocked by ref_clk(0) (through U3/Y(320) LE(45ns) (M831)
 A lockup latch is missing between scan cells u_ctrl/ct_hold_fast_reg_99_(20074) clocked by ref_clk(0) (through U3/Y(320) LE(45ns) and u_ctrl/ct_hold_div2_reg_110_(20231) clocked by ref_clk(0) (through U4/Y(324) LE(45ns) (M831)
 A lockup latch is missing between scan cells u_ctrl/ct_hold_div2_reg_123_(20218) clocked by ref_clk(0) (through U4/Y(324) LE(45ns) and u_ctrl/ct_hold_fast_reg_30_(20140) clocked by ref_clk(0) (through U3/Y(320) LE(45ns) (M831)
 A lockup latch is missing between scan cells u_ctrl/ct_hold_fast_reg_123_(20050) clocked by ref_clk(0) (through U3/Y(320) LE(45ns) and u_ctrl/ct_hold_div2_reg_120_(20221) clocked by ref_clk(0) (through U4/Y(324) LE(45ns) (M831)
 A lockup latch is missing between scan cells u_ctrl/ct_hold_div2_reg_116_(20225) clocked by ref_clk(0) (through U4/Y(324) LE(45ns) and u_ctrl/ct_hold_fast_reg_127_(20046) clocked by ref_clk(0) (through U3/Y(320) LE(45ns) (M831)
 A lockup latch is missing between scan cells u_ctrl/ct_hold_fast_reg_126_(20047) clocked by ref_clk(0) (through U3/Y(320) LE(45ns) and u_ctrl/ct_hold_div2_reg_119_(20222) clocked by ref_clk(0) (through U4/Y(324) LE(45ns) (M831)
 A lockup latch is missing between scan cells u_ctrl/ct_hold_div2_reg_70_(20271) clocked by ref_clk(0) (through U4/Y(324) LE(45ns) and u_ctrl/ct_hold_fast_reg_4_(20042) clocked by ref_clk(0) (through U3/Y(320) LE(45ns) (M831)
 A lockup latch is missing between scan cells u_ctrl/ct_hold_fast_reg_5_(20041) clocked by ref_clk(0) (through U3/Y(320) LE(45ns) and u_ctrl/start_uart_cmd_reg(20014) clocked by ref_clk(0) (through U5/Y(328) LE(45ns) (M831)
 A lockup latch is missing between scan cells u_ctrl/start_uart_cmd_reg(20014) clocked by ref_clk(0) (through U5/Y(328) LE(45ns) and u_ctrl/ct_hold_fast_reg_70_(20100) clocked by ref_clk(0) (through U3/Y(320) LE(45ns) (M831)
 A lockup latch is missing between scan cells u_ctrl/u_aes/state_reg_70_(19816) clocked by ref_clk(0) (through U3/Y(320) LE(45ns) and u_ctrl/u_tx/bitpos_reg_0_(18935) clocked by ref_clk(0) (through U5/Y(328) LE(45ns) (M831)
 A lockup latch is missing between scan cells u_ctrl/u_aes/rkeys_reg_704_(19305) clocked by ref_clk(0) (through U3/Y(320) LE(45ns) and u_ctrl/u_crc/crc_reg_18_(19971) clocked by ref_clk(0) (through U4/Y(324) LE(45ns) (M831)
 A lockup latch is missing between scan cells u_ctrl/crc_start_reg(20345) clocked by ref_clk(0) (through U4/Y(324) LE(45ns) and u_div8/clk_out_reg(18849) clocked by ref_clk(0) (through U5/Y(328) LE(45ns) (M831)
 A lockup latch is missing between scan cells u_div8/clk_out_reg(18849) clocked by ref_clk(0) (through U5/Y(328) LE(45ns) and u_ctrl/u_ct_cdc/ack_tog_dst_reg(19935) clocked by ref_clk(0) (through U4/Y(324) LE(45ns) (M831)
 A lockup latch is missing between scan cells u_ctrl/u_ct_cdc/pulse_dst_reg(19940) clocked by ref_clk(0) (through U4/Y(324) LE(45ns) and u_ctrl/aes_clk_req_reg(20186) clocked by ref_clk(0) (through U3/Y(320) LE(45ns) (M831)
 A lockup latch is missing between scan cells u_ctrl/aes_clk_req_reg(20186) clocked by ref_clk(0) (through U3/Y(320) LE(45ns) and u_ctrl/sst_reg_2_(20144) clocked by ref_clk(0) (through U4/Y(324) LE(45ns) (M831)
 A lockup latch is missing between scan cells u_ctrl/mem_cs_reg(20159) clocked by ref_clk(0) (through U4/Y(324) LE(45ns) and u_ctrl/ct_hold_fast_reg_1_(20017) clocked by ref_clk(0) (through U3/Y(320) LE(45ns) (M831)
 A lockup latch is missing between scan cells u_ctrl/ct_hold_fast_reg_1_(20017) clocked by ref_clk(0) (through U3/Y(320) LE(45ns) and u_ctrl/ct_hold_div2_reg_16_(20199) clocked by ref_clk(0) (through U4/Y(324) LE(45ns) (M831)
 A lockup latch is missing between scan cells u_ctrl/ct_hold_div2_reg_3_(20211) clocked by ref_clk(0) (through U4/Y(324) LE(45ns) and u_ctrl/ct_hold_fast_reg_25_(20021) clocked by ref_clk(0) (through U3/Y(320) LE(45ns) (M831)
 A lockup latch is missing between scan cells u_ctrl/u_aes/ct_out_reg_126_(19741) clocked by ref_clk(0) (through U3/Y(320) LE(45ns) and u_ctrl/u_rx/bitpos_reg_0_(18880) clocked by ref_clk(0) (through U5/Y(328) LE(45ns) (M831)
 A lockup latch is missing between scan cells u_ctrl/u_rx/rx_data_reg_6_(18887) clocked by ref_clk(0) (through U5/Y(328) LE(45ns) and u_ctrl/u_aes/ct_out_reg_86_(19735) clocked by ref_clk(0) (through U3/Y(320) LE(45ns) (M831)
 A lockup latch is missing between scan cells u_ctrl/u_aes/rkeys_reg_121_(19593) clocked by ref_clk(0) (through U3/Y(320) LE(45ns) and u_ctrl/u_rx/rx_data_reg_5_(18889) clocked by ref_clk(0) (through U5/Y(328) LE(45ns) (M831)
 A lockup latch is missing between scan cells u_ctrl/u_rx/rx_valid_reg(18883) clocked by ref_clk(0) (through U5/Y(328) LE(45ns) and u_ctrl/u_aes/rkeys_reg_124_(19723) clocked by ref_clk(0) (through U3/Y(320) LE(45ns) (M831)
 A lockup latch is missing between scan cells u_ctrl/u_aes/state_reg_125_(19740) clocked by ref_clk(0) (through U3/Y(320) LE(45ns) and u_ctrl/u_rx/rx_data_reg_0_(18899) clocked by ref_clk(0) (through U5/Y(328) LE(45ns) (M831)
 A lockup latch is missing between scan cells u_ctrl/u_rx/rx_data_reg_0_(18899) clocked by ref_clk(0) (through U5/Y(328) LE(45ns) and u_ctrl/u_aes/rkeys_reg_101_(19598) clocked by ref_clk(0) (through U3/Y(320) LE(45ns) (M831)
 A lockup latch is missing between scan cells u_ctrl/u_aes/state_reg_87_(19720) clocked by ref_clk(0) (through U3/Y(320) LE(45ns) and u_ctrl/u_rx/data_shift_reg_0_(18898) clocked by ref_clk(0) (through U5/Y(328) LE(45ns) (M831)
 A lockup latch is missing between scan cells u_ctrl/u_rx/data_shift_reg_1_(18896) clocked by ref_clk(0) (through U5/Y(328) LE(45ns) and u_ctrl/u_aes/state_reg_99_(19752) clocked by ref_clk(0) (through U3/Y(320) LE(45ns) (M831)
 A lockup latch is missing between scan cells u_ctrl/u_aes/rkeys_reg_1098_(19088) clocked by ref_clk(0) (through U3/Y(320) LE(45ns) and u_ctrl/u_crc/crc_reg_2_(19960) clocked by ref_clk(0) (through U4/Y(324) LE(45ns) (M831)
 A lockup latch is missing between scan cells u_ctrl/crc_byte_reg_3_(20149) clocked by ref_clk(0) (through U4/Y(324) LE(45ns) and u_ctrl/u_aes/ct_out_reg_19_(19703) clocked by ref_clk(0) (through U3/Y(320) LE(45ns) (M831)
 A lockup latch is missing between scan cells u_ctrl/ct_hold_fast_reg_13_(20033) clocked by ref_clk(0) (through U3/Y(320) LE(45ns) and u_ctrl/ct_hold_div2_reg_6_(20208) clocked by ref_clk(0) (through U4/Y(324) LE(45ns) (M831)
 A lockup latch is missing between scan cells u_ctrl/mem_wdata_reg_2_(20163) clocked by ref_clk(0) (through U4/Y(324) LE(45ns) and u_ctrl/ct_hold_fast_reg_9_(20037) clocked by ref_clk(0) (through U3/Y(320) LE(45ns) (M831)
 A lockup latch is missing between scan cells u_ctrl/ct_hold_fast_reg_9_(20037) clocked by ref_clk(0) (through U3/Y(320) LE(45ns) and u_ctrl/ct_hold_div2_reg_10_(20204) clocked by ref_clk(0) (through U4/Y(324) LE(45ns) (M831)
 A lockup latch is missing between scan cells u_ctrl/ct_hold_div2_reg_11_(20203) clocked by ref_clk(0) (through U4/Y(324) LE(45ns) and u_ctrl/ct_hold_fast_reg_27_(20019) clocked by ref_clk(0) (through U3/Y(320) LE(45ns) (M831)
 A lockup latch is missing between scan cells u_ctrl/ct_hold_fast_reg_26_(20020) clocked by ref_clk(0) (through U3/Y(320) LE(45ns) and u_ctrl/ct_hold_div2_reg_9_(20205) clocked by ref_clk(0) (through U4/Y(324) LE(45ns) (M831)
 A lockup latch is missing between scan cells u_ctrl/ct_hold_div2_reg_9_(20205) clocked by ref_clk(0) (through U4/Y(324) LE(45ns) and u_ctrl/ct_hold_fast_reg_10_(20036) clocked by ref_clk(0) (through U3/Y(320) LE(45ns) (M831)
 A lockup latch is missing between scan cells u_ctrl/ct_hold_fast_reg_11_(20035) clocked by ref_clk(0) (through U3/Y(320) LE(45ns) and u_ctrl/mem_wdata_reg_6_(20167) clocked by ref_clk(0) (through U4/Y(324) LE(45ns) (M831)
 A lockup latch is missing between scan cells u_ctrl/mem_wdata_reg_3_(20164) clocked by ref_clk(0) (through U4/Y(324) LE(45ns) and u_ctrl/ct_hold_fast_reg_7_(20039) clocked by ref_clk(0) (through U3/Y(320) LE(45ns) (M831)
 A lockup latch is missing between scan cells u_ctrl/ct_hold_fast_reg_7_(20039) clocked by ref_clk(0) (through U3/Y(320) LE(45ns) and u_ctrl/mem_wdata_reg_4_(20165) clocked by ref_clk(0) (through U4/Y(324) LE(45ns) (M831)
 A lockup latch is missing between scan cells u_ctrl/mem_wdata_reg_4_(20165) clocked by ref_clk(0) (through U4/Y(324) LE(45ns) and u_ctrl/aes_start_reg(20344) clocked by ref_clk(0) (through U3/Y(320) LE(45ns) (M831)
 A lockup latch is missing between scan cells u_ctrl/crc_done_hold_reg(20184) clocked by ref_clk(0) (through U3/Y(320) LE(45ns) and u_ctrl/allow_send_div2_d_reg(20179) clocked by ref_clk(0) (through U4/Y(324) LE(45ns) (M831)
 A lockup latch is missing between scan cells u_ctrl/stream_sent_div2_reg(20177) clocked by ref_clk(0) (through U4/Y(324) LE(45ns) and u_ctrl/u_ct_cdc/req_tog_src_reg(19937) clocked by ref_clk(0) (through U3/Y(320) LE(45ns) (M831)
 A lockup latch is missing between scan cells u_ctrl/u_ct_cdc/req_tog_src_reg(19937) clocked by ref_clk(0) (through U3/Y(320) LE(45ns) and u_ctrl/fail_reg(20157) clocked by ref_clk(0) (through U4/Y(324) LE(45ns) (M831)
 A lockup latch is missing between scan cells u_ctrl/fail_reg(20157) clocked by ref_clk(0) (through U4/Y(324) LE(45ns) and u_ctrl/ct_hold_fast_reg_23_(20023) clocked by ref_clk(0) (through U3/Y(320) LE(45ns) (M831)
 A lockup latch is missing between scan cells u_ctrl/ct_hold_fast_reg_23_(20023) clocked by ref_clk(0) (through U3/Y(320) LE(45ns) and u_ctrl/ct_hold_div2_reg_12_(20202) clocked by ref_clk(0) (through U4/Y(324) LE(45ns) (M831)
 A lockup latch is missing between scan cells u_ctrl/ct_hold_div2_reg_22_(20194) clocked by ref_clk(0) (through U4/Y(324) LE(45ns) and u_ctrl/ct_hold_fast_reg_21_(20025) clocked by ref_clk(0) (through U3/Y(320) LE(45ns) (M831)
 A lockup latch is missing between scan cells u_ctrl/ct_hold_fast_reg_21_(20025) clocked by ref_clk(0) (through U3/Y(320) LE(45ns) and u_ctrl/mem_wdata_reg_1_(20162) clocked by ref_clk(0) (through U4/Y(324) LE(45ns) (M831)
 A lockup latch is missing between scan cells u_ctrl/mem_wdata_reg_5_(20166) clocked by ref_clk(0) (through U4/Y(324) LE(45ns) and u_ctrl/ct_hold_fast_reg_15_(20031) clocked by ref_clk(0) (through U3/Y(320) LE(45ns) (M831)
 A lockup latch is missing between scan cells u_ctrl/u_aes/ct_out_reg_21_(19702) clocked by ref_clk(0) (through U3/Y(320) LE(45ns) and u_ctrl/crc_byte_reg_5_(20148) clocked by ref_clk(0) (through U4/Y(324) LE(45ns) (M831)
 A lockup latch is missing between scan cells u_ctrl/crc_byte_reg_4_(20366) clocked by ref_clk(0) (through U4/Y(324) LE(45ns) and u_ctrl/u_aes/ct_out_reg_67_(19820) clocked by ref_clk(0) (through U3/Y(320) LE(45ns) (M831)
 A lockup latch is missing between scan cells u_ctrl/u_aes/ct_out_reg_67_(19820) clocked by ref_clk(0) (through U3/Y(320) LE(45ns) and u_ctrl/crc_byte_reg_1_(20151) clocked by ref_clk(0) (through U4/Y(324) LE(45ns) (M831)
 A lockup latch is missing between scan cells u_ctrl/u_crc/crc_out_reg_28_(19976) clocked by ref_clk(0) (through U4/Y(324) LE(45ns) and u_ctrl/u_aes/ct_out_reg_13_(19859) clocked by ref_clk(0) (through U3/Y(320) LE(45ns) (M831)
 A lockup latch is missing between scan cells u_ctrl/u_aes/rkeys_reg_1099_(19087) clocked by ref_clk(0) (through U3/Y(320) LE(45ns) and u_ctrl/u_crc/crc_out_reg_20_(19984) clocked by ref_clk(0) (through U4/Y(324) LE(45ns) (M831)
 A lockup latch is missing between scan cells u_ctrl/u_crc/crc_reg_28_(19948) clocked by ref_clk(0) (through U4/Y(324) LE(45ns) and u_ctrl/u_aes/rkeys_reg_1221_(19016) clocked by ref_clk(0) (through U3/Y(320) LE(45ns) (M831)
 A lockup latch is missing between scan cells u_ctrl/u_aes/rkeys_reg_954_(19167) clocked by ref_clk(0) (through U3/Y(320) LE(45ns) and u_ctrl/u_crc/crc_reg_3_(19963) clocked by ref_clk(0) (through U4/Y(324) LE(45ns) (M831)
 A lockup latch is missing between scan cells u_ctrl/u_crc/crc_reg_12_(19946) clocked by ref_clk(0) (through U4/Y(324) LE(45ns) and u_ctrl/u_aes/rkeys_reg_1082_(19099) clocked by ref_clk(0) (through U3/Y(320) LE(45ns) (M831)
 A lockup latch is missing between scan cells u_ctrl/u_aes/rkeys_reg_1082_(19099) clocked by ref_clk(0) (through U3/Y(320) LE(45ns) and u_ctrl/u_crc/crc_reg_23_(19955) clocked by ref_clk(0) (through U4/Y(324) LE(45ns) (M831)
 A lockup latch is missing between scan cells u_ctrl/u_crc/crc_reg_23_(19955) clocked by ref_clk(0) (through U4/Y(324) LE(45ns) and u_ctrl/u_aes/rkeys_reg_833_(19229) clocked by ref_clk(0) (through U3/Y(320) LE(45ns) (M831)
 A lockup latch is missing between scan cells u_ctrl/u_aes/rkeys_reg_710_(19301) clocked by ref_clk(0) (through U3/Y(320) LE(45ns) and u_ctrl/u_crc/crc_reg_4_(19972) clocked by ref_clk(0) (through U4/Y(324) LE(45ns) (M831)
 A lockup latch is missing between scan cells u_ctrl/u_crc/crc_reg_0_(19941) clocked by ref_clk(0) (through U4/Y(324) LE(45ns) and u_ctrl/u_aes/rkeys_reg_330_(19494) clocked by ref_clk(0) (through U3/Y(320) LE(45ns) (M831)
 A lockup latch is missing between scan cells u_ctrl/u_aes/rkeys_reg_1094_(19091) clocked by ref_clk(0) (through U3/Y(320) LE(45ns) and u_ctrl/u_crc/crc_reg_5_(19962) clocked by ref_clk(0) (through U4/Y(324) LE(45ns) (M831)
 A lockup latch is missing between scan cells u_ctrl/u_crc/crc_reg_10_(19961) clocked by ref_clk(0) (through U4/Y(324) LE(45ns) and u_ctrl/u_aes/rkeys_reg_202_(19561) clocked by ref_clk(0) (through U3/Y(320) LE(45ns) (M831)
 A lockup latch is missing between scan cells u_ctrl/u_aes/state_reg_106_(19832) clocked by ref_clk(0) (through U3/Y(320) LE(45ns) and u_ctrl/u_tx/divcnt_reg_15_(18919) clocked by ref_clk(0) (through U5/Y(328) LE(45ns) (M831)
 A lockup latch is missing between scan cells u_ctrl/u_tx/divcnt_reg_14_(18950) clocked by ref_clk(0) (through U5/Y(328) LE(45ns) and u_ctrl/u_aes/state_reg_53_(19729) clocked by ref_clk(0) (through U3/Y(320) LE(45ns) (M831)
 A lockup latch is missing between scan cells u_ctrl/u_aes/state_reg_61_(19766) clocked by ref_clk(0) (through U3/Y(320) LE(45ns) and u_ctrl/u_tx/shifter_reg_0_(18947) clocked by ref_clk(0) (through U5/Y(328) LE(45ns) (M831)
 A lockup latch is missing between scan cells u_ctrl/u_tx/shifter_reg_0_(18947) clocked by ref_clk(0) (through U5/Y(328) LE(45ns) and u_ctrl/u_aes/state_reg_45_(19920) clocked by ref_clk(0) (through U3/Y(320) LE(45ns) (M831)
 A lockup latch is missing between scan cells u_ctrl/u_aes/state_reg_45_(19920) clocked by ref_clk(0) (through U3/Y(320) LE(45ns) and u_ctrl/ct_hold_div2_reg_111_(20230) clocked by ref_clk(0) (through U4/Y(324) LE(45ns) (M831)
 97 lockup latch violations were detected.
