 #faults          #DT(#DS/#DI)          #PT(#AP/#NP)  #UD(#UU/#UO/#UT/#UB/#UR)     #AU          #ND(#NC/#NO)  testcov  instance name (type)
 ------- --------------------- --------------------- ------------------------- ------- ---------------------  -------  -----------------------
   58765    58055(45744/12311)                3(3/0)         521(514/0/6/0/1)     186                0(0/0)   99.68%  /  (top_module)
   58110    57988(45720/12268)                0(0/0)             1(0/0/0/0/1)     121                0(0/0)   99.79%     /u_ctrl  (soc_ctrl_multiclk_soc)
    1571        1571(1139/432)                0(0/0)             0(0/0/0/0/0)       0                0(0/0)  100.00%        /u_ctrl/u_rx  (uart_rx_CLK_HZ100000000_BAUD115200)
    1407        1407(1028/379)                0(0/0)             0(0/0/0/0/0)       0                0(0/0)  100.00%        /u_ctrl/u_tx  (uart_tx_CLK_HZ100000000_BAUD115200)
   44872     44871(36965/7906)                0(0/0)             1(0/0/0/0/1)       0                0(0/0)  100.00%        /u_ctrl/u_aes  (aes128_core)
      93             93(43/50)                0(0/0)             0(0/0/0/0/0)       0                0(0/0)  100.00%        /u_ctrl/u_ct_cdc  (cdc_toggle_sync_0)
    1685        1685(1165/520)                0(0/0)             0(0/0/0/0/0)       0                0(0/0)  100.00%        /u_ctrl/u_crc  (crc32_byte)
     102            102(52/50)                0(0/0)             0(0/0/0/0/0)       0                0(0/0)  100.00%        /u_ctrl/u_send_cdc  (cdc_toggle_sync_1)
