 Fault analysis summary: #analyzed=186, #unexplained=8.
 62 faults are untestable due to constrain values.
    sa1   AN   test_mode
    sa0   AN   u_mem/u_sram/O[7]
    sa1   AN   u_mem/u_sram/O[7]
    sa0   AN   u_mem/u_sram/O[6]
    sa1   AN   u_mem/u_sram/O[6]
    sa0   AN   u_mem/u_sram/O[5]
    sa1   AN   u_mem/u_sram/O[5]
    sa0   AN   u_mem/u_sram/O[4]
    sa1   AN   u_mem/u_sram/O[4]
    sa0   AN   u_mem/u_sram/O[3]
    sa1   AN   u_mem/u_sram/O[3]
    sa0   AN   u_mem/u_sram/O[2]
    sa1   AN   u_mem/u_sram/O[2]
    sa0   AN   u_mem/u_sram/O[1]
    sa1   AN   u_mem/u_sram/O[1]
    sa0   AN   u_mem/u_sram/O[0]
    sa1   AN   u_mem/u_sram/O[0]
    sa0   AN   U3/A3
    sa1   AN   U3/A1
    sa1   AN   u_pll/CLK_4X
    sa0   AN   U4/A3
    sa1   AN   U4/A1
    sa1   AN   u_pll/CLK_2X
    sa0   AN   U5/A3
    sa1   AN   U5/A1
    sa1   AN   u_pll/CLK_1X
    sa1   AN   u_ctrl/u_icg_aes/U3/Y
    sa1   AN   u_ctrl/u_icg_aes/en_lat_reg/Q
    sa1   AN   u_ctrl/U369/A2
    sa1   AN   u_ctrl/U370/A2
    sa1   AN   u_ctrl/U371/A2
    sa1   AN   u_ctrl/U373/A2
    sa1   AN   u_ctrl/U374/A2
    sa1   AN   u_ctrl/U375/A2
    sa1   AN   u_ctrl/U376/A2
    sa1   AN   u_ctrl/U534/Y
    sa0   AN   u_ctrl/U534/A4
    sa0   AN   u_ctrl/U534/A2
    sa1   AN   u_ctrl/U533/Y
    sa1   AN   u_ctrl/U533/A4
    sa1   AN   u_ctrl/U533/A2
    sa1   AN   u_ctrl/U508/Y
    sa0   AN   u_ctrl/U508/A4
    sa0   AN   u_ctrl/U508/A2
    sa1   AN   u_ctrl/U507/Y
    sa1   AN   u_ctrl/U507/A4
    sa1   AN   u_ctrl/U507/A2
    sa1   AN   u_ctrl/U482/Y
    sa0   AN   u_ctrl/U482/A4
    sa0   AN   u_ctrl/U482/A2
    sa1   AN   u_ctrl/U481/Y
    sa1   AN   u_ctrl/U481/A4
    sa1   AN   u_ctrl/U481/A2
    sa1   AN   u_ctrl/U456/Y
    sa0   AN   u_ctrl/U456/A4
    sa0   AN   u_ctrl/U456/A2
    sa1   AN   u_ctrl/U455/Y
    sa1   AN   u_ctrl/U455/A4
    sa1   AN   u_ctrl/U455/A2
    sa1   AN   u_ctrl/U372/A2
    sa1   AN   U6/A1
    sa0   AN   U2/Y
 110 faults are untestable due to constrain value blockage.
    sa0   AN   u_mem/u_sram/I[7]
    sa1   AN   u_ctrl/mem_oe_reg/QN
    sa0   AN   u_ctrl/mem_oe_reg/QN
    sa1   AN   u_ctrl/mem_we_reg/QN
    sa0   AN   u_ctrl/mem_we_reg/QN
    sa1   AN   u_ctrl/mem_cs_reg/QN
    sa0   AN   u_ctrl/mem_cs_reg/QN
    sa1   AN   u_mem/u_sram/CE
    sa0   AN   u_mem/u_sram/CE
    sa1   AN   u_ctrl/U825/Y
    sa0   AN   u_ctrl/U825/Y
    sa1   AN   u_mem/u_sram/A[1]
    sa0   AN   u_mem/u_sram/A[1]
    sa1   AN   u_mem/u_sram/A[2]
    sa0   AN   u_mem/u_sram/A[2]
    sa1   AN   u_mem/u_sram/A[3]
    sa0   AN   u_mem/u_sram/A[3]
    sa1   AN   u_mem/u_sram/A[4]
    sa1   AN   u_mem/u_sram/A[5]
    sa1   AN   u_mem/u_sram/A[6]
    sa1   AN   u_mem/u_sram/A[7]
    sa1   AN   u_mem/u_sram/A[8]
    sa1   AN   u_mem/u_sram/A[9]
    sa1   AN   u_mem/u_sram/I[0]
    sa0   AN   u_mem/u_sram/I[0]
    sa1   AN   u_mem/u_sram/I[1]
    sa0   AN   u_mem/u_sram/I[1]
    sa1   AN   u_mem/u_sram/I[2]
    sa0   AN   u_mem/u_sram/I[2]
    sa1   AN   u_mem/u_sram/I[3]
    sa0   AN   u_mem/u_sram/I[3]
    sa1   AN   u_mem/u_sram/I[4]
    sa0   AN   u_mem/u_sram/I[4]
    sa1   AN   u_mem/u_sram/I[5]
    sa0   AN   u_mem/u_sram/I[5]
    sa1   AN   u_mem/u_sram/I[6]
    sa0   AN   u_mem/u_sram/I[6]
    sa1   AN   u_mem/u_sram/I[7]
    sa0   AN   u_ctrl/u_icg_aes/U2/Y
    sa0   AN   u_ctrl/U203/A2
    sa0   AN   u_ctrl/u_icg_aes/U3/A1
    sa1   AN   u_ctrl/u_icg_aes/U2/Y
    sa1   AN   u_ctrl/U369/A1
    sa0   AN   u_ctrl/U369/A1
    sa1   AN   u_ctrl/U370/A1
    sa0   AN   u_ctrl/U370/A1
    sa1   AN   u_ctrl/U371/A1
    sa0   AN   u_ctrl/U371/A1
    sa1   AN   u_ctrl/U373/A1
    sa0   AN   u_ctrl/U373/A1
    sa1   AN   u_ctrl/U374/A1
    sa0   AN   u_ctrl/U374/A1
    sa1   AN   u_ctrl/U375/A1
    sa0   AN   u_ctrl/U375/A1
    sa1   AN   u_ctrl/U376/A1
    sa0   AN   u_ctrl/U376/A1
    sa1   AN   u_ctrl/U536/A1
    sa0   AN   u_ctrl/U536/A1
    sa1   AN   u_ctrl/U534/A3
    sa0   AN   u_ctrl/U534/A3
    sa0   AN   u_ctrl/U534/A1
    sa1   AN   u_ctrl/U534/A1
    sa1   AN   u_ctrl/U533/A3
    sa0   AN   u_ctrl/U533/A3
    sa1   AN   u_ctrl/U533/A1
    sa0   AN   u_ctrl/U533/A1
    sa1   AN   u_ctrl/U508/A3
    sa0   AN   u_ctrl/U508/A3
    sa0   AN   u_ctrl/U508/A1
    sa1   AN   u_ctrl/U508/A1
    sa1   AN   u_ctrl/U507/A3
    sa0   AN   u_ctrl/U507/A3
    sa1   AN   u_ctrl/U507/A1
    sa0   AN   u_ctrl/U507/A1
    sa1   AN   u_ctrl/U482/A3
    sa0   AN   u_ctrl/U482/A3
    sa0   AN   u_ctrl/U482/A1
    sa1   AN   u_ctrl/U482/A1
    sa1   AN   u_ctrl/U481/A3
    sa0   AN   u_ctrl/U481/A3
    sa1   AN   u_ctrl/U481/A1
    sa0   AN   u_ctrl/U481/A1
    sa1   AN   u_ctrl/U456/A3
    sa0   AN   u_ctrl/U456/A3
    sa0   AN   u_ctrl/U456/A1
    sa1   AN   u_ctrl/U456/A1
    sa1   AN   u_ctrl/U455/A3
    sa0   AN   u_ctrl/U455/A3
    sa1   AN   u_ctrl/U455/A1
    sa0   AN   u_ctrl/U455/A1
    sa0   AN   u_ctrl/U372/A1
    sa1   AN   u_ctrl/U372/A1
    sa0   AN   u_ctrl/U494/Y
    sa1   AN   u_ctrl/U494/Y
    sa0   AN   u_ctrl/U506/Y
    sa1   AN   u_ctrl/U506/Y
    sa0   AN   u_ctrl/U811/Y
    sa1   AN   u_ctrl/U811/Y
    sa0   AN   u_ctrl/U812/Y
    sa1   AN   u_ctrl/U812/Y
    sa0   AN   u_ctrl/U813/Y
    sa1   AN   u_ctrl/U813/Y
    sa0   AN   u_ctrl/U814/Y
    sa1   AN   u_ctrl/U814/Y
    sa0   AN   u_ctrl/U815/Y
    sa1   AN   u_ctrl/U815/Y
    sa0   AN   u_ctrl/U816/Y
    sa1   AN   u_ctrl/U816/Y
    sa1   AN   U6/A4
    sa0   AN   U6/A4
 19 faults are connected to CLKPO.
    sa1   AN   test_mode
    sa0   AN   U3/A3
    sa1   AN   U3/A1
    sa1   AN   u_pll/CLK_4X
    sa0   AN   U4/A3
    sa1   AN   U4/A1
    sa1   AN   u_pll/CLK_2X
    sa0   AN   U5/A3
    sa1   AN   U5/A1
    sa1   AN   u_pll/CLK_1X
    sa1   AN   U6/A1
    sa0   AN   U6/A2
    sa0   AN   clk_div8
    sa1   AN   U6/A4
    sa0   AN   U6/A4
    sa0   AN   U2/Y
    sa0   AN   clk_fast
    sa0   AN   clk_div2
    sa0   AN   clk_div4
 45 faults are connected to TIEX.
    sa1   AN   test_mode
    sa0   AN   u_mem/u_sram/I[7]
    sa1   AN   u_ctrl/mem_oe_reg/QN
    sa0   AN   u_ctrl/mem_oe_reg/QN
    sa1   AN   u_ctrl/mem_we_reg/QN
    sa0   AN   u_ctrl/mem_we_reg/QN
    sa1   AN   u_ctrl/mem_cs_reg/QN
    sa0   AN   u_ctrl/mem_cs_reg/QN
    sa1   AN   u_mem/u_sram/CE
    sa0   AN   u_mem/u_sram/CE
    sa1   AN   u_ctrl/U825/Y
    sa0   AN   u_ctrl/U825/Y
    sa1   AN   u_mem/u_sram/A[1]
    sa0   AN   u_mem/u_sram/A[1]
    sa1   AN   u_mem/u_sram/A[2]
    sa0   AN   u_mem/u_sram/A[2]
    sa1   AN   u_mem/u_sram/A[3]
    sa0   AN   u_mem/u_sram/A[3]
    sa1   AN   u_mem/u_sram/A[4]
    sa1   AN   u_mem/u_sram/A[5]
    sa1   AN   u_mem/u_sram/A[6]
    sa1   AN   u_mem/u_sram/A[7]
    sa1   AN   u_mem/u_sram/A[8]
    sa1   AN   u_mem/u_sram/A[9]
    sa1   AN   u_mem/u_sram/I[0]
    sa0   AN   u_mem/u_sram/I[0]
    sa1   AN   u_mem/u_sram/I[1]
    sa0   AN   u_mem/u_sram/I[1]
    sa1   AN   u_mem/u_sram/I[2]
    sa0   AN   u_mem/u_sram/I[2]
    sa1   AN   u_mem/u_sram/I[3]
    sa0   AN   u_mem/u_sram/I[3]
    sa1   AN   u_mem/u_sram/I[4]
    sa0   AN   u_mem/u_sram/I[4]
    sa1   AN   u_mem/u_sram/I[5]
    sa0   AN   u_mem/u_sram/I[5]
    sa1   AN   u_mem/u_sram/I[6]
    sa0   AN   u_mem/u_sram/I[6]
    sa1   AN   u_mem/u_sram/I[7]
    sa1   AN   u_pll/CLK_4X
    sa0   AN   U4/A3
    sa1   AN   U4/A1
    sa1   AN   u_pll/CLK_2X
    sa1   AN   u_pll/CLK_1X
    sa0   AN   U2/Y
 10 faults are connected to TLA.
    sa1   AN   test_mode
    sa0   AN   U3/A3
    sa1   AN   U3/A1
    sa1   AN   u_pll/CLK_4X
    sa0   AN   u_ctrl/u_icg_aes/U2/Y
    sa0   AN   u_ctrl/U203/A2
    sa0   AN   u_ctrl/u_icg_aes/U3/A1
    sa1   AN   u_ctrl/u_icg_aes/U3/Y
    sa1   AN   u_ctrl/u_icg_aes/U2/Y
    sa0   AN   U2/Y
 14 faults are connected to CLOCK.
    sa1   AN   test_mode
    sa0   AN   U3/A3
    sa1   AN   U3/A1
    sa1   AN   u_pll/CLK_4X
    sa0   AN   U4/A3
    sa1   AN   U4/A1
    sa1   AN   u_pll/CLK_2X
    sa0   AN   U5/A3
    sa1   AN   U5/A1
    sa1   AN   u_pll/CLK_1X
    sa0   AN   u_ctrl/u_icg_aes/U2/Y
    sa1   AN   u_ctrl/u_icg_aes/U2/Y
    sa1   AN   u_ctrl/u_icg_aes/en_lat_reg/Q
    sa0   AN   U2/Y
 11 faults are connected from CLOCK.
    sa1   AN   U3/A1
    sa1   AN   U4/A1
    sa1   AN   U5/A1
    sa0   AN   u_ctrl/u_icg_aes/U2/Y
    sa1   AN   u_ctrl/u_icg_aes/U2/Y
    sa1   AN   U6/A1
    sa0   AN   U6/A2
    sa0   AN   clk_div8
    sa0   AN   clk_fast
    sa0   AN   clk_div2
    sa0   AN   clk_div4
 138 faults are connected from TIEX.
    sa0   AN   u_mem/u_sram/I[7]
    sa1   AN   u_mem/u_sram/CE
    sa0   AN   u_mem/u_sram/CE
    sa1   AN   u_mem/u_sram/A[1]
    sa0   AN   u_mem/u_sram/A[1]
    sa1   AN   u_mem/u_sram/A[2]
    sa0   AN   u_mem/u_sram/A[2]
    sa1   AN   u_mem/u_sram/A[3]
    sa0   AN   u_mem/u_sram/A[3]
    sa1   AN   u_mem/u_sram/A[4]
    sa1   AN   u_mem/u_sram/A[5]
    sa1   AN   u_mem/u_sram/A[6]
    sa1   AN   u_mem/u_sram/A[7]
    sa1   AN   u_mem/u_sram/A[8]
    sa1   AN   u_mem/u_sram/A[9]
    sa1   AN   u_mem/u_sram/I[0]
    sa0   AN   u_mem/u_sram/I[0]
    sa1   AN   u_mem/u_sram/I[1]
    sa0   AN   u_mem/u_sram/I[1]
    sa1   AN   u_mem/u_sram/I[2]
    sa0   AN   u_mem/u_sram/I[2]
    sa1   AN   u_mem/u_sram/I[3]
    sa0   AN   u_mem/u_sram/I[3]
    sa1   AN   u_mem/u_sram/I[4]
    sa0   AN   u_mem/u_sram/I[4]
    sa1   AN   u_mem/u_sram/I[5]
    sa0   AN   u_mem/u_sram/I[5]
    sa1   AN   u_mem/u_sram/I[6]
    sa0   AN   u_mem/u_sram/I[6]
    sa1   AN   u_mem/u_sram/I[7]
    sa0   AN   u_mem/u_sram/O[7]
    sa1   AN   u_mem/u_sram/O[7]
    sa0   AN   u_mem/u_sram/O[6]
    sa1   AN   u_mem/u_sram/O[6]
    sa0   AN   u_mem/u_sram/O[5]
    sa1   AN   u_mem/u_sram/O[5]
    sa0   AN   u_mem/u_sram/O[4]
    sa1   AN   u_mem/u_sram/O[4]
    sa0   AN   u_mem/u_sram/O[3]
    sa1   AN   u_mem/u_sram/O[3]
    sa0   AN   u_mem/u_sram/O[2]
    sa1   AN   u_mem/u_sram/O[2]
    sa0   AN   u_mem/u_sram/O[1]
    sa1   AN   u_mem/u_sram/O[1]
    sa0   AN   u_mem/u_sram/O[0]
    sa1   AN   u_mem/u_sram/O[0]
    sa0   AN   U3/A3
    sa0   AN   U4/A3
    sa0   AN   U5/A3
    sa0   AN   u_ctrl/u_icg_aes/U2/Y
    sa1   AN   u_ctrl/u_icg_aes/U2/Y
    sa1   AN   u_ctrl/u_icg_aes/en_lat_reg/Q
    sa1   AN   u_ctrl/U369/A1
    sa1   AN   u_ctrl/U369/A2
    sa0   AN   u_ctrl/U369/A1
    sa1   AN   u_ctrl/U370/A1
    sa1   AN   u_ctrl/U370/A2
    sa0   AN   u_ctrl/U370/A1
    sa1   AN   u_ctrl/U371/A1
    sa1   AN   u_ctrl/U371/A2
    sa0   AN   u_ctrl/U371/A1
    sa1   AN   u_ctrl/U373/A1
    sa1   AN   u_ctrl/U373/A2
    sa0   AN   u_ctrl/U373/A1
    sa1   AN   u_ctrl/U374/A1
    sa1   AN   u_ctrl/U374/A2
    sa0   AN   u_ctrl/U374/A1
    sa1   AN   u_ctrl/U375/A1
    sa1   AN   u_ctrl/U375/A2
    sa0   AN   u_ctrl/U375/A1
    sa1   AN   u_ctrl/U376/A1
    sa1   AN   u_ctrl/U376/A2
    sa0   AN   u_ctrl/U376/A1
    sa1   AN   u_ctrl/U535/Y
    sa1   AN   u_ctrl/U536/A1
    sa0   AN   u_ctrl/U536/A1
    sa1   AN   u_ctrl/U534/Y
    sa0   AN   u_ctrl/U534/A4
    sa1   AN   u_ctrl/U534/A3
    sa0   AN   u_ctrl/U534/A3
    sa0   AN   u_ctrl/U534/A1
    sa1   AN   u_ctrl/U534/A1
    sa0   AN   u_ctrl/U534/A2
    sa1   AN   u_ctrl/U533/Y
    sa1   AN   u_ctrl/U533/A3
    sa1   AN   u_ctrl/U533/A4
    sa0   AN   u_ctrl/U533/A3
    sa1   AN   u_ctrl/U533/A1
    sa1   AN   u_ctrl/U533/A2
    sa0   AN   u_ctrl/U533/A1
    sa1   AN   u_ctrl/U508/Y
    sa0   AN   u_ctrl/U508/A4
    sa1   AN   u_ctrl/U508/A3
    sa0   AN   u_ctrl/U508/A3
    sa0   AN   u_ctrl/U508/A1
    sa1   AN   u_ctrl/U508/A1
    sa0   AN   u_ctrl/U508/A2
    sa1   AN   u_ctrl/U507/Y
    sa1   AN   u_ctrl/U507/A3
    sa1   AN   u_ctrl/U507/A4
    sa0   AN   u_ctrl/U507/A3
    sa1   AN   u_ctrl/U507/A1
    sa1   AN   u_ctrl/U507/A2
    sa0   AN   u_ctrl/U507/A1
    sa1   AN   u_ctrl/U482/Y
    sa0   AN   u_ctrl/U482/A4
    sa1   AN   u_ctrl/U482/A3
    sa0   AN   u_ctrl/U482/A3
    sa0   AN   u_ctrl/U482/A1
    sa1   AN   u_ctrl/U482/A1
    sa0   AN   u_ctrl/U482/A2
    sa1   AN   u_ctrl/U481/Y
    sa1   AN   u_ctrl/U481/A3
    sa1   AN   u_ctrl/U481/A4
    sa0   AN   u_ctrl/U481/A3
    sa1   AN   u_ctrl/U481/A1
    sa1   AN   u_ctrl/U481/A2
    sa0   AN   u_ctrl/U481/A1
    sa1   AN   u_ctrl/U456/Y
    sa0   AN   u_ctrl/U456/A4
    sa1   AN   u_ctrl/U456/A3
    sa0   AN   u_ctrl/U456/A3
    sa0   AN   u_ctrl/U456/A1
    sa1   AN   u_ctrl/U456/A1
    sa0   AN   u_ctrl/U456/A2
    sa1   AN   u_ctrl/U455/Y
    sa1   AN   u_ctrl/U455/A3
    sa1   AN   u_ctrl/U455/A4
    sa0   AN   u_ctrl/U455/A3
    sa1   AN   u_ctrl/U455/A1
    sa1   AN   u_ctrl/U455/A2
    sa0   AN   u_ctrl/U455/A1
    sa0   AN   u_ctrl/U372/A1
    sa1   AN   u_ctrl/U372/A1
    sa1   AN   u_ctrl/U372/A2
    sa0   AN   clk_fast
    sa0   AN   clk_div2
    sa0   AN   clk_div4
