****************************************
Report : qor
Design : top_mcu_pll_sram_multiclk_soc
Version: W-2024.09-SP5-3
Date   : Mon Apr 13 20:10:23 2026
****************************************

  Timing Path Group '**clock_gating_default**' (max_delay/setup)
  ---------------------------------------------
  Levels of Logic:                            1
  Critical Path Length:                  0.0469
  Critical Path Slack:                   0.6656
  Total Negative Slack:                  0.0000
  No. of Violating Paths:                     0
  ---------------------------------------------

  Timing Path Group 'INS' (max_delay/setup)
  ---------------------------------------------
  Levels of Logic:                            4
  Critical Path Length:                 12.2430
  Critical Path Slack:                  -5.1972
  Total Negative Slack:               -124.7437
  No. of Violating Paths:                    29
  ---------------------------------------------

  Timing Path Group 'OUTS' (max_delay/setup)
  ---------------------------------------------
  Levels of Logic:                            1
  Critical Path Length:                  0.0978
  Critical Path Slack:                   0.5272
  Total Negative Slack:                  0.0000
  No. of Violating Paths:                     0
  ---------------------------------------------

  Timing Path Group 'clk_div2' (max_delay/setup)
  ---------------------------------------------
  Levels of Logic:                            5
  Critical Path Length:               7174.3721
  Critical Path Slack:               -7170.9746
  Total Negative Slack:            -977101.8125
  No. of Violating Paths:                   245
  ---------------------------------------------

  Timing Path Group 'clk_div4' (max_delay/setup)
  ---------------------------------------------
  Levels of Logic:                            4
  Critical Path Length:                212.9394
  Critical Path Slack:                -205.8934
  Total Negative Slack:             -13434.0508
  No. of Violating Paths:                   107
  ---------------------------------------------

  Timing Path Group 'clk_fast' (max_delay/setup)
  ---------------------------------------------
  Levels of Logic:                            5
  Critical Path Length:                 23.4940
  Critical Path Slack:                 -21.9082
  Total Negative Slack:               -110.7998
  No. of Violating Paths:                     8
  ---------------------------------------------

  Timing Path Group 'clk_fast_aes' (max_delay/setup)
  ---------------------------------------------
  Levels of Logic:                            6
  Critical Path Length:                438.0730
  Critical Path Slack:                -436.4997
  Total Negative Slack:            -175296.0469
  No. of Violating Paths:                   983
  ---------------------------------------------

  Timing Path Group '**clock_gating_default**' (min_delay/hold)
  ---------------------------------------------
  Levels of Logic:                            1
  Critical Path Length:                  0.0395
  Critical Path Slack:                  -0.0105
  Total Negative Slack:                 -0.0105
  No. of Violating Paths:                     1
  ---------------------------------------------

  Timing Path Group 'INS' (min_delay/hold)
  ---------------------------------------------
  Levels of Logic:                            2
  Critical Path Length:                  1.0602
  Critical Path Slack:                   1.0243
  Total Negative Slack:                  0.0000
  No. of Violating Paths:                     0
  ---------------------------------------------

  Timing Path Group 'OUTS' (min_delay/hold)
  ---------------------------------------------
  Levels of Logic:                            1
  Critical Path Length:                  0.0892
  Critical Path Slack:                   0.2392
  Total Negative Slack:                  0.0000
  No. of Violating Paths:                     0
  ---------------------------------------------

  Timing Path Group 'clk_div2' (min_delay/hold)
  ---------------------------------------------
  Levels of Logic:                            1
  Critical Path Length:                  0.0897
  Critical Path Slack:                  -0.0148
  Total Negative Slack:                 -0.1751
  No. of Violating Paths:                    12
  ---------------------------------------------

  Timing Path Group 'clk_div4' (min_delay/hold)
  ---------------------------------------------
  Levels of Logic:                            1
  Critical Path Length:                  0.0492
  Critical Path Slack:                   0.0148
  Total Negative Slack:                  0.0000
  No. of Violating Paths:                     0
  ---------------------------------------------

  Timing Path Group 'clk_fast' (min_delay/hold)
  ---------------------------------------------
  Levels of Logic:                            1
  Critical Path Length:                  0.0702
  Critical Path Slack:                   0.0210
  Total Negative Slack:                  0.0000
  No. of Violating Paths:                     0
  ---------------------------------------------

  Timing Path Group 'clk_fast_aes' (min_delay/hold)
  ---------------------------------------------
  Levels of Logic:                            2
  Critical Path Length:                  0.0674
  Critical Path Slack:                   0.0329
  Total Negative Slack:                  0.0000
  No. of Violating Paths:                     0
  ---------------------------------------------

  Area
  ---------------------------------------------
  Net Interconnect area:             10393.6035
  Total cell area:                   72202.0234
  Design Area:                       82595.6250
  ---------------------------------------------


  Cell & Pin Count
  ---------------------------------------------
  Pin Count:                              51073
  Hierarchical Cell Count:                   10
  Hierarchical Port Count:                  813
  Leaf Cell Count:                        13759
  ---------------------------------------------


  Design Rule Violations
  ---------------------------------------------
  Total No. of Pins in Design:            51073
  clock_gating_hold Count:                    1
  max_capacitance Count:                    107
  clock_gating_hold Cost:                0.0105
  max_capacitance Cost:                303.5312
  Total DRC Cost:                      303.5417
  ---------------------------------------------

1
