 
****************************************
Report : DFT signals
Design : top_mcu_pll_sram_multiclk_soc
Version: W-2024.09-SP5-5
Date   : Sat Apr 11 19:15:04 2026
****************************************

========================================
TEST MODE: Internal_scan
VIEW     : Existing DFT
========================================
Port               SignalType          Active    Hookup    Timing    Usage
----------         ----------          ------    ------    ------    -----
scan_en            ScanEnable          1         -
ref_clk            ScanMasterClock     1         -         P 100.0 R 45.0 F 55.0
ref_clk            MasterClock         1         -         P 100.0 R 45.0 F 55.0
rst_n              Reset               0         -         P 100.0 R 55.0 F 45.0

1
 
****************************************
Report : DFT signals
Design : top_mcu_pll_sram_multiclk_soc
Version: W-2024.09-SP5-5
Date   : Sat Apr 11 19:15:04 2026
****************************************

========================================
TEST MODE: Internal_scan
VIEW     : Specification
========================================
Port               SignalType          Active    Hookup    Timing    Usage
----------         ----------          ------    ------    ------    -----
scan_in            ScanDataIn          -         -         Delay 0.0 -
scan_out           ScanDataOut         -         -         -         -

1
