In mode: all_dft...
Information: Performing automatic clock gating circuitry identification in design 'top_mcu_pll_sram_multiclk_soc'. (PWR-757)
Information: No gating element has been automatically identified (PWR-878)
Information: Checking out the license 'DesignWare'. (SEC-104)
  Pre-DFT DRC enabled

Information: Starting test design rule checking. (TEST-222)
Module: DW01_MUX, Ports: 4, Input: 3, Output: 1, Inout: 0
Module: DW01_MUX, Registers: 0, Async set/reset: 0, Sync set/reset: 0
  Building model 'DW01_MUX'
Module: DW01_mmux_width2, Ports: 7, Input: 5, Output: 2, Inout: 0
Module: DW01_mmux_width2, Registers: 0, Async set/reset: 0, Sync set/reset: 0
  Building model 'DW01_mmux_width2'
Module: DW01_mmux_width3, Ports: 10, Input: 7, Output: 3, Inout: 0
Module: DW01_mmux_width3, Registers: 0, Async set/reset: 0, Sync set/reset: 0
  Building model 'DW01_mmux_width3'
Module: DW01_mmux_width4, Ports: 13, Input: 9, Output: 4, Inout: 0
Module: DW01_mmux_width4, Registers: 0, Async set/reset: 0, Sync set/reset: 0
  Building model 'DW01_mmux_width4'
Module: DW01_mmux_width5, Ports: 16, Input: 11, Output: 5, Inout: 0
Module: DW01_mmux_width5, Registers: 0, Async set/reset: 0, Sync set/reset: 0
  Building model 'DW01_mmux_width5'
Information: Changed wire load model for 'alt1' from '(none)' to 'ForQA'. (OPT-170)
Information: Changed wire load model for 'apparch' from '(none)' to 'ForQA'. (OPT-170)
Information: Changed wire load model for 'alt1' from '(none)' to 'ForQA'. (OPT-170)
Information: Changed wire load model for 'apparch' from '(none)' to 'ForQA'. (OPT-170)
Information: Changed wire load model for 'alt1' from '(none)' to 'ForQA'. (OPT-170)
Information: Changed wire load model for 'apparch' from '(none)' to 'ForQA'. (OPT-170)
Information: Changed wire load model for 'alt1' from '(none)' to 'ForQA'. (OPT-170)
Information: Changed wire load model for 'apparch' from '(none)' to 'ForQA'. (OPT-170)
Information: Changed wire load model for 'alt1' from '(none)' to 'ForQA'. (OPT-170)
Information: Changed wire load model for 'apparch' from '(none)' to 'ForQA'. (OPT-170)
  Loading test protocol
  ...checking vector rules...
  ...checking pre-dft rules...

-----------------------------------------------------------------
Begin Pre-DFT violations...

 Warning: Clock input clocked_on of DFF u_div8/clk_out_reg(/DATA/home/edu135/aes128_core/2_synthesis/1_input/rtl/clk_div2_toggle.v 6) was not controlled. (D1-1)
Information: There are 2228 other cells with the same violation. (TEST-171)
 Warning: Clock ref_clk(/DATA/home/edu135/aes128_core/2_synthesis/1_input/rtl/top_mcu_pll_sram_multiclk_soc.v 2) cannot capture data with other clocks off. (D8-1)
 Warning: Clock input clocked_on of DFF u_ctrl/aes_key_reg_127_(/DATA/home/edu135/aes128_core/2_synthesis/1_input/rtl/soc_ctrl_multiclk_soc.v 470) not active when clocks are set on. (D9-1)
Information: There are 255 other cells with the same violation. (TEST-171)
 Warning: Clock input clocked_on of DFF u_ctrl/aes_key_reg_127_(/DATA/home/edu135/aes128_core/2_synthesis/1_input/rtl/soc_ctrl_multiclk_soc.v 470) cannot capture data. (D17-1)
Information: There are 255 other cells with the same violation. (TEST-171)

Pre-DFT violations completed...
-----------------------------------------------------------------

-----------------------------------------------------------------
  DRC Report

  Total violations: 2742

-----------------------------------------------------------------

2742 PRE-DFT VIOLATIONS
  2229 Uncontrollable clock input of flip-flop violations (D1)
     1 Clock not able to capture violation (D8)
   256 Clock_port not active when clocks set to on violations (D9)
   256 Clock_port not capable of capturing data violations (D17)


Warning: Violations occurred during test design rule checking. (TEST-124)
Information: Test design rule checking completed. (TEST-123)
Warning: The current design contains unmapped components. The output netlist might not be read back into the system. (TEST-268)
1
