 
****************************************
Report : area
Design : top_mcu_pll_sram_multiclk_soc
Version: W-2024.09-SP5-5
Date   : Wed Apr 15 20:46:51 2026
****************************************

Library(s) Used:

    saed32rvt_ss0p95v125c (File: /DATA/home/edu135/aes128_core/SAED32_EDK/lib/stdcell_rvt/db_nldm/saed32rvt_ss0p95v125c.db)
    saed32sram_ss0p95v125c (File: /DATA/home/edu135/aes128_core/SAED32_EDK/lib/sram/db_nldm/saed32sram_ss0p95v125c.db)
    saed32pll_ss0p95v125c_2p25v (File: /DATA/home/edu135/aes128_core/SAED32_EDK/lib/pll/db_nldm/saed32pll_ss0p95v125c_2p25v.db)

Number of ports:                         1224
Number of nets:                         12534
Number of cells:                        11999
Number of combinational cells:          10451
Number of sequential cells:              1533
Number of macros/black boxes:               2
Number of buf/inv:                       1658
Number of references:                       7

Combinational area:              22324.517509
Buf/Inv area:                     2594.301979
Noncombinational area:           14066.362371
Macro/Black Box area:            31230.701660
Net Interconnect area:            4699.347110

Total cell area:                 67621.581540
Total area:                      72320.928650

Hierarchical area distribution
------------------------------

                                  Global cell area              Local cell area
                                  -------------------  ---------------------------------- 
Hierarchical cell                 Absolute    Percent  Combi-      Noncombi-   Black-
                                  Total       Total    national    national    boxes       Design
--------------------------------  ----------  -------  ----------  ----------  ----------  ----------------------------------
top_mcu_pll_sram_multiclk_soc     67621.5815    100.0     15.2486      0.0000   5446.9321  top_mcu_pll_sram_multiclk_soc
u_ctrl                            36365.2113     53.8   2042.8095   3347.0766      0.0000  soc_ctrl_multiclk_soc
u_ctrl/u_aes                      27971.5973     41.4  18907.8056   9063.7918      0.0000  aes128_core
u_ctrl/u_crc                       1077.3164      1.6    482.1112    595.2053      0.0000  crc32_byte
u_ctrl/u_ct_cdc                      71.9228      0.1     11.9448     59.9780      0.0000  cdc_toggle_sync_1
u_ctrl/u_icg_aes                     10.4199      0.0      5.3370      5.0829      0.0000  icg_latch
u_ctrl/u_rx                         922.0344      1.4    426.9619    495.0725      0.0000  uart_rx_CLK_HZ100000000_BAUD115200
u_ctrl/u_send_cdc                    78.7846      0.1     18.2984     60.4863      0.0000  cdc_toggle_sync_0
u_ctrl/u_tx                         843.2498      1.2    412.7299    430.5199      0.0000  uart_tx_CLK_HZ100000000_BAUD115200
u_div8                               10.4199      0.0      1.2707      9.1492      0.0000  clk_div2_toggle
u_mem                             25783.7695     38.1      0.0000      0.0000  25783.7695  sram_wrap_1rw1024x8
--------------------------------  ----------  -------  ----------  ----------  ----------  ----------------------------------
Total                                                  22324.5175  14066.3624  31230.7017

1
