Information: Updating design information... (UID-85)
 
****************************************
Report : qor
Design : top_mcu_pll_sram_multiclk_soc
Version: W-2024.09-SP5-5
Date   : Wed Apr 15 20:46:49 2026
****************************************


  Timing Path Group 'INS'
  -----------------------------------
  Levels of Logic:               4.00
  Critical Path Length:          0.30
  Critical Path Slack:           0.53
  Critical Path Clk Period:      2.00
  Total Negative Slack:          0.00
  No. of Violating Paths:        0.00
  Worst Hold Violation:          0.00
  Total Hold Violation:          0.00
  No. of Hold Violations:        0.00
  -----------------------------------

  Timing Path Group 'OUTS'
  -----------------------------------
  Levels of Logic:               0.00
  Critical Path Length:          0.20
  Critical Path Slack:           0.64
  Critical Path Clk Period:      8.00
  Total Negative Slack:          0.00
  No. of Violating Paths:        0.00
  Worst Hold Violation:          0.00
  Total Hold Violation:          0.00
  No. of Hold Violations:        0.00
  -----------------------------------

  Timing Path Group 'clk_div2'
  -----------------------------------
  Levels of Logic:               1.00
  Critical Path Length:          0.31
  Critical Path Slack:           1.48
  Critical Path Clk Period:      4.00
  Total Negative Slack:          0.00
  No. of Violating Paths:        0.00
  Worst Hold Violation:          0.00
  Total Hold Violation:          0.00
  No. of Hold Violations:        0.00
  -----------------------------------

  Timing Path Group 'clk_div4'
  -----------------------------------
  Levels of Logic:               2.00
  Critical Path Length:          0.34
  Critical Path Slack:           1.37
  Critical Path Clk Period:      8.00
  Total Negative Slack:          0.00
  No. of Violating Paths:        0.00
  Worst Hold Violation:          0.00
  Total Hold Violation:          0.00
  No. of Hold Violations:        0.00
  -----------------------------------

  Timing Path Group 'clk_fast'
  -----------------------------------
  Levels of Logic:               1.00
  Critical Path Length:          0.24
  Critical Path Slack:           0.72
  Critical Path Clk Period:      2.00
  Total Negative Slack:          0.00
  No. of Violating Paths:        0.00
  Worst Hold Violation:          0.00
  Total Hold Violation:          0.00
  No. of Hold Violations:        0.00
  -----------------------------------

  Timing Path Group 'clk_fast_aes'
  -----------------------------------
  Levels of Logic:              19.00
  Critical Path Length:          1.81
  Critical Path Slack:           0.00
  Critical Path Clk Period:      2.00
  Total Negative Slack:          0.00
  No. of Violating Paths:        0.00
  Worst Hold Violation:          0.00
  Total Hold Violation:          0.00
  No. of Hold Violations:        0.00
  -----------------------------------


  Cell Count
  -----------------------------------
  Hierarchical Cell Count:         10
  Hierarchical Port Count:        952
  Leaf Cell Count:              11986
  Buf/Inv Cell Count:            1658
  Buf Cell Count:                 346
  Inv Cell Count:                1312
  CT Buf/Inv Cell Count:            1
  Combinational Cell Count:     10451
  Sequential Cell Count:         1535
  Macro Count:                      0
  -----------------------------------


  Area
  -----------------------------------
  Combinational Area:    22324.517509
  Noncombinational Area: 14066.362371
  Buf/Inv Area:           2594.301979
  Total Buffer Area:           871.21
  Total Inverter Area:        1723.10
  Macro/Black Box Area:  31230.701660
  Net Area:               4699.347110
  Net XLength        :      132814.67
  Net YLength        :      134916.58
  -----------------------------------
  Cell Area:             67621.581540
  Design Area:           72320.928650
  Net Length        :       267731.25


  Design Rules
  -----------------------------------
  Total Number of Nets:         12113
  Nets With Violations:            23
  Max Trans Violations:             2
  Max Cap Violations:              23
  -----------------------------------


  Hostname: SGP3

  Compile CPU Statistics
  -----------------------------------------
  Resource Sharing:                    0.00
  Logic Optimization:                  0.00
  Mapping Optimization:                5.00
  -----------------------------------------
  Overall Compile Time:                9.87
  Overall Compile Wall Clock Time:    11.30

  --------------------------------------------------------------------

  Design  WNS: 0.00  TNS: 0.00  Number of Violating Paths: 0


  Design (Hold)  WNS: 0.00  TNS: 0.00  Number of Violating Paths: 0

  --------------------------------------------------------------------


1
