****************************************
Report : timing
	-path_type full_clock_expanded
	-delay_type min
	-nosplit
	-input_pins
	-slack_lesser_than 0.0000
	-max_paths 25
	-sort_by slack
Design : top_mcu_pll_sram_multiclk_soc
Version: W-2024.09-SP5-3
Date   : Wed Apr 15 20:23:39 2026
****************************************


  Startpoint: u_ctrl/mem_wdata_reg_7_ (rising edge-triggered flip-flop clocked by ref_clk)
  Endpoint: u_mem/u_sram (rising edge-triggered flip-flop clocked by ref_clk)
  Path Group: ref_clk
  Path Type: min

  Point                                                      Incr       Path
  ---------------------------------------------------------------------------------
  clock ref_clk (rise edge)                                0.0000     0.0000
  clock network delay (ideal)                              0.0000     0.0000
  u_ctrl/mem_wdata_reg_7_/CLK (SDFFARX1_RVT)               0.0000     0.0000 r
  u_ctrl/mem_wdata_reg_7_/Q (SDFFARX1_RVT)                 0.1644     0.1644 f
  u_mem/u_sram/I[7] (SRAM1RW1024x8)                        0.0000     0.1644 f
  data arrival time                                                   0.1644

  clock ref_clk (rise edge)                                0.0000     0.0000
  clock network delay (ideal)                              0.0000     0.0000
  u_mem/u_sram/CE (SRAM1RW1024x8)                                     0.0000 r
  clock reconvergence pessimism                            0.0000     0.0000
  clock uncertainty                                        0.0400     0.0400
  library hold time                                        0.1255     0.1655
  data required time                                                  0.1655
  ---------------------------------------------------------------------------------
  data required time                                                  0.1655
  data arrival time                                                  -0.1644
  ---------------------------------------------------------------------------------
  slack (VIOLATED)                                                   -0.0012


  Startpoint: u_ctrl/mem_wdata_reg_0_ (rising edge-triggered flip-flop clocked by ref_clk)
  Endpoint: u_mem/u_sram (rising edge-triggered flip-flop clocked by ref_clk)
  Path Group: ref_clk
  Path Type: min

  Point                                                      Incr       Path
  ---------------------------------------------------------------------------------
  clock ref_clk (rise edge)                                0.0000     0.0000
  clock network delay (ideal)                              0.0000     0.0000
  u_ctrl/mem_wdata_reg_0_/CLK (SDFFARX1_RVT)               0.0000     0.0000 r
  u_ctrl/mem_wdata_reg_0_/Q (SDFFARX1_RVT)                 0.1644     0.1644 f
  u_mem/u_sram/I[0] (SRAM1RW1024x8)                        0.0000     0.1644 f
  data arrival time                                                   0.1644

  clock ref_clk (rise edge)                                0.0000     0.0000
  clock network delay (ideal)                              0.0000     0.0000
  u_mem/u_sram/CE (SRAM1RW1024x8)                                     0.0000 r
  clock reconvergence pessimism                            0.0000     0.0000
  clock uncertainty                                        0.0400     0.0400
  library hold time                                        0.1247     0.1647
  data required time                                                  0.1647
  ---------------------------------------------------------------------------------
  data required time                                                  0.1647
  data arrival time                                                  -0.1644
  ---------------------------------------------------------------------------------
  slack (VIOLATED)                                                   -0.0004


  Startpoint: u_ctrl/mem_wdata_reg_1_ (rising edge-triggered flip-flop clocked by ref_clk)
  Endpoint: u_mem/u_sram (rising edge-triggered flip-flop clocked by ref_clk)
  Path Group: ref_clk
  Path Type: min

  Point                                                      Incr       Path
  ---------------------------------------------------------------------------------
  clock ref_clk (rise edge)                                0.0000     0.0000
  clock network delay (ideal)                              0.0000     0.0000
  u_ctrl/mem_wdata_reg_1_/CLK (SDFFARX1_RVT)               0.0000     0.0000 r
  u_ctrl/mem_wdata_reg_1_/Q (SDFFARX1_RVT)                 0.1644     0.1644 f
  u_mem/u_sram/I[1] (SRAM1RW1024x8)                        0.0000     0.1644 f
  data arrival time                                                   0.1644

  clock ref_clk (rise edge)                                0.0000     0.0000
  clock network delay (ideal)                              0.0000     0.0000
  u_mem/u_sram/CE (SRAM1RW1024x8)                                     0.0000 r
  clock reconvergence pessimism                            0.0000     0.0000
  clock uncertainty                                        0.0400     0.0400
  library hold time                                        0.1247     0.1647
  data required time                                                  0.1647
  ---------------------------------------------------------------------------------
  data required time                                                  0.1647
  data arrival time                                                  -0.1644
  ---------------------------------------------------------------------------------
  slack (VIOLATED)                                                   -0.0004


  Startpoint: u_ctrl/mem_wdata_reg_2_ (rising edge-triggered flip-flop clocked by ref_clk)
  Endpoint: u_mem/u_sram (rising edge-triggered flip-flop clocked by ref_clk)
  Path Group: ref_clk
  Path Type: min

  Point                                                      Incr       Path
  ---------------------------------------------------------------------------------
  clock ref_clk (rise edge)                                0.0000     0.0000
  clock network delay (ideal)                              0.0000     0.0000
  u_ctrl/mem_wdata_reg_2_/CLK (SDFFARX1_RVT)               0.0000     0.0000 r
  u_ctrl/mem_wdata_reg_2_/Q (SDFFARX1_RVT)                 0.1644     0.1644 f
  u_mem/u_sram/I[2] (SRAM1RW1024x8)                        0.0000     0.1644 f
  data arrival time                                                   0.1644

  clock ref_clk (rise edge)                                0.0000     0.0000
  clock network delay (ideal)                              0.0000     0.0000
  u_mem/u_sram/CE (SRAM1RW1024x8)                                     0.0000 r
  clock reconvergence pessimism                            0.0000     0.0000
  clock uncertainty                                        0.0400     0.0400
  library hold time                                        0.1247     0.1647
  data required time                                                  0.1647
  ---------------------------------------------------------------------------------
  data required time                                                  0.1647
  data arrival time                                                  -0.1644
  ---------------------------------------------------------------------------------
  slack (VIOLATED)                                                   -0.0004


  Startpoint: u_ctrl/mem_wdata_reg_3_ (rising edge-triggered flip-flop clocked by ref_clk)
  Endpoint: u_mem/u_sram (rising edge-triggered flip-flop clocked by ref_clk)
  Path Group: ref_clk
  Path Type: min

  Point                                                      Incr       Path
  ---------------------------------------------------------------------------------
  clock ref_clk (rise edge)                                0.0000     0.0000
  clock network delay (ideal)                              0.0000     0.0000
  u_ctrl/mem_wdata_reg_3_/CLK (SDFFARX1_RVT)               0.0000     0.0000 r
  u_ctrl/mem_wdata_reg_3_/Q (SDFFARX1_RVT)                 0.1644     0.1644 f
  u_mem/u_sram/I[3] (SRAM1RW1024x8)                        0.0000     0.1644 f
  data arrival time                                                   0.1644

  clock ref_clk (rise edge)                                0.0000     0.0000
  clock network delay (ideal)                              0.0000     0.0000
  u_mem/u_sram/CE (SRAM1RW1024x8)                                     0.0000 r
  clock reconvergence pessimism                            0.0000     0.0000
  clock uncertainty                                        0.0400     0.0400
  library hold time                                        0.1247     0.1647
  data required time                                                  0.1647
  ---------------------------------------------------------------------------------
  data required time                                                  0.1647
  data arrival time                                                  -0.1644
  ---------------------------------------------------------------------------------
  slack (VIOLATED)                                                   -0.0004


  Startpoint: u_ctrl/mem_wdata_reg_4_ (rising edge-triggered flip-flop clocked by ref_clk)
  Endpoint: u_mem/u_sram (rising edge-triggered flip-flop clocked by ref_clk)
  Path Group: ref_clk
  Path Type: min

  Point                                                      Incr       Path
  ---------------------------------------------------------------------------------
  clock ref_clk (rise edge)                                0.0000     0.0000
  clock network delay (ideal)                              0.0000     0.0000
  u_ctrl/mem_wdata_reg_4_/CLK (SDFFARX1_RVT)               0.0000     0.0000 r
  u_ctrl/mem_wdata_reg_4_/Q (SDFFARX1_RVT)                 0.1644     0.1644 f
  u_mem/u_sram/I[4] (SRAM1RW1024x8)                        0.0000     0.1644 f
  data arrival time                                                   0.1644

  clock ref_clk (rise edge)                                0.0000     0.0000
  clock network delay (ideal)                              0.0000     0.0000
  u_mem/u_sram/CE (SRAM1RW1024x8)                                     0.0000 r
  clock reconvergence pessimism                            0.0000     0.0000
  clock uncertainty                                        0.0400     0.0400
  library hold time                                        0.1247     0.1647
  data required time                                                  0.1647
  ---------------------------------------------------------------------------------
  data required time                                                  0.1647
  data arrival time                                                  -0.1644
  ---------------------------------------------------------------------------------
  slack (VIOLATED)                                                   -0.0004


  Startpoint: u_ctrl/mem_wdata_reg_5_ (rising edge-triggered flip-flop clocked by ref_clk)
  Endpoint: u_mem/u_sram (rising edge-triggered flip-flop clocked by ref_clk)
  Path Group: ref_clk
  Path Type: min

  Point                                                      Incr       Path
  ---------------------------------------------------------------------------------
  clock ref_clk (rise edge)                                0.0000     0.0000
  clock network delay (ideal)                              0.0000     0.0000
  u_ctrl/mem_wdata_reg_5_/CLK (SDFFARX1_RVT)               0.0000     0.0000 r
  u_ctrl/mem_wdata_reg_5_/Q (SDFFARX1_RVT)                 0.1644     0.1644 f
  u_mem/u_sram/I[5] (SRAM1RW1024x8)                        0.0000     0.1644 f
  data arrival time                                                   0.1644

  clock ref_clk (rise edge)                                0.0000     0.0000
  clock network delay (ideal)                              0.0000     0.0000
  u_mem/u_sram/CE (SRAM1RW1024x8)                                     0.0000 r
  clock reconvergence pessimism                            0.0000     0.0000
  clock uncertainty                                        0.0400     0.0400
  library hold time                                        0.1247     0.1647
  data required time                                                  0.1647
  ---------------------------------------------------------------------------------
  data required time                                                  0.1647
  data arrival time                                                  -0.1644
  ---------------------------------------------------------------------------------
  slack (VIOLATED)                                                   -0.0004


  Startpoint: u_ctrl/mem_wdata_reg_6_ (rising edge-triggered flip-flop clocked by ref_clk)
  Endpoint: u_mem/u_sram (rising edge-triggered flip-flop clocked by ref_clk)
  Path Group: ref_clk
  Path Type: min

  Point                                                      Incr       Path
  ---------------------------------------------------------------------------------
  clock ref_clk (rise edge)                                0.0000     0.0000
  clock network delay (ideal)                              0.0000     0.0000
  u_ctrl/mem_wdata_reg_6_/CLK (SDFFARX1_RVT)               0.0000     0.0000 r
  u_ctrl/mem_wdata_reg_6_/Q (SDFFARX1_RVT)                 0.1644     0.1644 f
  u_mem/u_sram/I[6] (SRAM1RW1024x8)                        0.0000     0.1644 f
  data arrival time                                                   0.1644

  clock ref_clk (rise edge)                                0.0000     0.0000
  clock network delay (ideal)                              0.0000     0.0000
  u_mem/u_sram/CE (SRAM1RW1024x8)                                     0.0000 r
  clock reconvergence pessimism                            0.0000     0.0000
  clock uncertainty                                        0.0400     0.0400
  library hold time                                        0.1247     0.1647
  data required time                                                  0.1647
  ---------------------------------------------------------------------------------
  data required time                                                  0.1647
  data arrival time                                                  -0.1644
  ---------------------------------------------------------------------------------
  slack (VIOLATED)                                                   -0.0004


1
