****************************************
Report : timing
	-path_type full_clock_expanded
	-delay_type min
	-nosplit
	-input_pins
	-slack_lesser_than 0.0000
	-max_paths 25
	-sort_by slack
Design : top_mcu_pll_sram_multiclk_soc
Version: W-2024.09-SP5-3
Date   : Wed Apr 15 22:11:57 2026
****************************************


  Startpoint: u_ctrl/u_icg_aes/en_lat_reg/CLK (internal path startpoint clocked by ref_clk')
  Endpoint: u_ctrl/u_icg_aes/U4 (rising clock gating-check end-point clocked by ref_clk)
  Path Group: **clock_gating_default**
  Path Type: min

  Point                                                         Incr       Path
  ------------------------------------------------------------------------------------
  clock ref_clk' (rise edge)                                  4.0000     4.0000
  clock network delay (ideal)                                 0.0000     4.0000
  u_ctrl/u_icg_aes/en_lat_reg/CLK (LATCHX1_RVT)               0.0000     4.0000 r
  u_ctrl/u_icg_aes/en_lat_reg/Q (LATCHX1_RVT)                 0.0300     4.0300 f
  u_ctrl/u_icg_aes/U4/A2 (AND2X1_RVT)                         0.0095     4.0395 f
  data arrival time                                                      4.0395

  clock ref_clk (fall edge)                                   4.0000     4.0000
  clock network delay (ideal)                                 0.0000     4.0000
  u_ctrl/u_icg_aes/U4/A1 (AND2X1_RVT)                                    4.0000 f
  clock reconvergence pessimism                               0.0000     4.0000
  clock uncertainty                                           0.0400     4.0400
  clock gating hold time                                      0.0000     4.0400
  data required time                                                     4.0400
  ------------------------------------------------------------------------------------
  data required time                                                     4.0400
  data arrival time                                                     -4.0395
  ------------------------------------------------------------------------------------
  slack (VIOLATED)                                                      -0.0005


1
