 
****************************************
Report : area
Design : top_mcu_pll_sram_multiclk_soc
Version: W-2024.09-SP5-5
Date   : Wed Apr 15 09:23:44 2026
****************************************

Library(s) Used:

    saed32rvt_ff1p16v125c (File: /DATA/home/edu135/aes128_core/SAED32_EDK/lib/stdcell_rvt/db_nldm/saed32rvt_ff1p16v125c.db)
    saed32sram_ff1p16v125c (File: /DATA/home/edu135/aes128_core/SAED32_EDK/lib/sram/db_nldm/saed32sram_ff1p16v125c.db)
    saed32pll_ff1p16v125c_2p75v (File: /DATA/home/edu135/aes128_core/SAED32_EDK/lib/pll/db_nldm/saed32pll_ff1p16v125c_2p75v.db)

Number of ports:                          976
Number of nets:                         17909
Number of cells:                        17043
Number of combinational cells:          15926
Number of sequential cells:              1109
Number of macros/black boxes:               2
Number of buf/inv:                       5223
Number of references:                       7

Combinational area:              32572.111881
Buf/Inv area:                     8191.569632
Noncombinational area:           10112.390002
Macro/Black Box area:            31230.701660
Net Interconnect area:            4921.989450

Total cell area:                 73915.203544
Total area:                      78837.192994

Hierarchical area distribution
------------------------------

                                  Global cell area              Local cell area
                                  -------------------  ---------------------------------- 
Hierarchical cell                 Absolute    Percent  Combi-      Noncombi-   Black-
                                  Total       Total    national    national    boxes       Design
--------------------------------  ----------  -------  ----------  ----------  ----------  ---------------------
top_mcu_pll_sram_multiclk_soc     73915.2035    100.0     13.4696      0.0000  31230.7017  top_mcu_pll_sram_multiclk_soc
u_ctrl                            42661.8831     57.7   3857.6518   4117.1329      0.0000  soc_ctrl_multiclk_soc
u_ctrl/u_aes                      34676.6785     46.9  28695.6534   5981.0250      0.0000  aes128_core_rewrite
u_ctrl/u_icg_aes                     10.4199      0.0      5.3370      5.0829      0.0000  icg_latch
u_div8                                9.1492      0.0      0.0000      9.1492      0.0000  clk_div2_toggle
--------------------------------  ----------  -------  ----------  ----------  ----------  ---------------------
Total                                                  32572.1119  10112.3900  31230.7017

1
