In mode: all_dft...
  Pre-DFT DRC enabled

Information: Starting test design rule checking. (TEST-222)
  Loading test protocol
  ...basic checks...
  ...basic sequential cell checks...
  	...checking for scan equivalents...
  ...checking vector rules...
  ...checking pre-dft rules...

-----------------------------------------------------------------
Begin Modeling violations...

Warning: Cell u_pll (PLL) is unknown (black box) because functionality for output pin CLK_1X is bad or incomplete. (TEST-451)
Information: Cells with this violation : u_mem_u_sram, u_pll. (TEST-283)

Modeling violations completed...
-----------------------------------------------------------------

-----------------------------------------------------------------
Begin Other violations...

Warning: Cell u_ctrl/u_icg_aes/en_lat_reg has constant 1 value. (TEST-505)

Other violations completed...
-----------------------------------------------------------------

-----------------------------------------------------------------
  DRC Report

  Total violations: 3

-----------------------------------------------------------------

2 MODELING VIOLATIONS
     2 Cell has unknown model violations (TEST-451)

1 OTHER VIOLATION
     1 Cell is constant 1 violation (TEST-505)


Warning: Violations occurred during test design rule checking. (TEST-124)

-----------------------------------------------------------------
  Sequential Cell Report

  1 out of 1109 sequential cells have violations

-----------------------------------------------------------------

SEQUENTIAL CELLS WITH VIOLATIONS
      *   1 cell has constant 1 value
         u_ctrl/u_icg_aes/en_lat_reg
SEQUENTIAL CELLS WITHOUT VIOLATIONS
      *1090 cells are valid scan cells
         u_div8/clk_out_reg
         u_ctrl/u_rx_busy_reg
         u_ctrl/u_rx_data_shift_reg_7_
         u_ctrl/u_rx_data_shift_reg_6_
         u_ctrl/u_rx_data_shift_reg_5_
         u_ctrl/u_rx_data_shift_reg_4_
         u_ctrl/u_rx_data_shift_reg_3_
         u_ctrl/u_rx_data_shift_reg_2_
         u_ctrl/u_rx_data_shift_reg_1_
         u_ctrl/u_rx_data_shift_reg_0_
         u_ctrl/u_rx_bitpos_reg_2_
         u_ctrl/u_rx_bitpos_reg_0_
         u_ctrl/u_rx_bitpos_reg_1_
         u_ctrl/u_rx_bitpos_reg_3_
         u_ctrl/u_rx_divcnt_reg_0_
         u_ctrl/u_rx_divcnt_reg_1_
         u_ctrl/u_rx_divcnt_reg_2_
         u_ctrl/u_rx_divcnt_reg_4_
         u_ctrl/u_rx_divcnt_reg_6_
         u_ctrl/u_rx_divcnt_reg_7_
         u_ctrl/u_rx_divcnt_reg_8_
         u_ctrl/u_rx_divcnt_reg_9_
         u_ctrl/u_rx_divcnt_reg_10_
         u_ctrl/u_rx_divcnt_reg_11_
         u_ctrl/u_rx_divcnt_reg_12_
         u_ctrl/u_rx_divcnt_reg_13_
         u_ctrl/u_rx_divcnt_reg_14_
         u_ctrl/u_rx_divcnt_reg_15_
         u_ctrl/u_rx_divcnt_reg_16_
         u_ctrl/u_rx_divcnt_reg_17_
         u_ctrl/u_rx_divcnt_reg_18_
         u_ctrl/u_rx_divcnt_reg_19_
         u_ctrl/u_rx_divcnt_reg_20_
         u_ctrl/u_rx_divcnt_reg_21_
         u_ctrl/u_rx_divcnt_reg_22_
         u_ctrl/u_rx_divcnt_reg_23_
         u_ctrl/u_rx_divcnt_reg_24_
         u_ctrl/u_rx_divcnt_reg_25_
         u_ctrl/u_rx_divcnt_reg_26_
         u_ctrl/u_rx_divcnt_reg_27_
         u_ctrl/u_rx_divcnt_reg_28_
         u_ctrl/u_rx_divcnt_reg_29_
         u_ctrl/u_rx_divcnt_reg_30_
         u_ctrl/u_rx_rx_data_reg_0_
         u_ctrl/u_rx_rx_data_reg_1_
         u_ctrl/u_rx_rx_data_reg_2_
         u_ctrl/u_rx_rx_data_reg_3_
         u_ctrl/u_rx_rx_data_reg_4_
         u_ctrl/u_rx_rx_data_reg_5_
         u_ctrl/u_rx_rx_data_reg_6_
         u_ctrl/u_rx_rx_data_reg_7_
         u_ctrl/u_rx_rx_valid_reg
         u_ctrl/allow_send_div2_d_reg
         u_ctrl/send_go_div2_reg
         u_ctrl/u_send_cdc_req_ff1_reg
         u_ctrl/tx_buf_valid_reg
         u_ctrl/tx_active_div4_reg
         u_ctrl/tx_cnt_div4_reg_0_
         u_ctrl/tx_cnt_div4_reg_1_
         u_ctrl/tx_cnt_div4_reg_3_
         u_ctrl/tx_cnt_div4_reg_2_
         u_ctrl/tx_cnt_div4_reg_4_
         u_ctrl/tx_all_started_div4_reg
         u_ctrl/tx_done_div4_reg
         u_ctrl/txdone_ff1_reg
         u_ctrl/done_reg
         u_ctrl/done_div4_ff1_reg
         u_ctrl/start_uart_cmd_reg
         u_ctrl/su_ff1_reg
         u_ctrl/start_seen_reg
         u_ctrl/aes_start_reg
         u_ctrl/aes_clk_req_reg
         u_ctrl/aes_done_ff1_reg
         u_ctrl/u_ct_cdc_req_tog_src_reg
         u_ctrl/u_ct_cdc_req_ff1_reg
         u_ctrl/u_ct_cdc_pulse_dst_reg
         u_ctrl/crc_dv_reg
         u_ctrl/load_idx_reg_2_
         u_ctrl/load_idx_reg_1_
         u_ctrl/load_idx_reg_3_
         u_ctrl/ct_hold_div2_reg_16_
         u_ctrl/ct_hold_div2_reg_32_
         u_ctrl/ct_hold_div2_reg_48_
         u_ctrl/ct_hold_div2_reg_96_
         u_ctrl/ct_hold_div2_reg_112_
         u_ctrl/ct_hold_div2_reg_64_
         u_ctrl/ct_hold_div2_reg_80_
         u_ctrl/ct_hold_div2_reg_23_
         u_ctrl/ct_hold_div2_reg_39_
         u_ctrl/ct_hold_div2_reg_55_
         u_ctrl/ct_hold_div2_reg_103_
         u_ctrl/ct_hold_div2_reg_119_
         u_ctrl/ct_hold_div2_reg_71_
         u_ctrl/ct_hold_div2_reg_87_
         u_ctrl/ct_hold_div2_reg_22_
         u_ctrl/ct_hold_div2_reg_38_
         u_ctrl/ct_hold_div2_reg_54_
         u_ctrl/ct_hold_div2_reg_102_
         u_ctrl/ct_hold_div2_reg_118_
         u_ctrl/ct_hold_div2_reg_70_
         u_ctrl/ct_hold_div2_reg_86_
         u_ctrl/ct_hold_div2_reg_21_
         u_ctrl/ct_hold_div2_reg_37_
         u_ctrl/ct_hold_div2_reg_53_
         u_ctrl/ct_hold_div2_reg_101_
         u_ctrl/ct_hold_div2_reg_117_
         u_ctrl/ct_hold_div2_reg_69_
         u_ctrl/ct_hold_div2_reg_85_
         u_ctrl/ct_hold_div2_reg_20_
         u_ctrl/ct_hold_div2_reg_36_
         u_ctrl/ct_hold_div2_reg_52_
         u_ctrl/ct_hold_div2_reg_100_
         u_ctrl/ct_hold_div2_reg_116_
         u_ctrl/ct_hold_div2_reg_68_
         u_ctrl/ct_hold_div2_reg_84_
         u_ctrl/ct_hold_div2_reg_19_
         u_ctrl/ct_hold_div2_reg_35_
         u_ctrl/ct_hold_div2_reg_51_
         u_ctrl/ct_hold_div2_reg_99_
         u_ctrl/ct_hold_div2_reg_115_
         u_ctrl/ct_hold_div2_reg_67_
         u_ctrl/ct_hold_div2_reg_83_
         u_ctrl/ct_hold_div2_reg_18_
         u_ctrl/ct_hold_div2_reg_34_
         u_ctrl/ct_hold_div2_reg_50_
         u_ctrl/ct_hold_div2_reg_98_
         u_ctrl/ct_hold_div2_reg_114_
         u_ctrl/ct_hold_div2_reg_66_
         u_ctrl/ct_hold_div2_reg_82_
         u_ctrl/ct_hold_div2_reg_17_
         u_ctrl/ct_hold_div2_reg_33_
         u_ctrl/ct_hold_div2_reg_49_
         u_ctrl/ct_hold_div2_reg_97_
         u_ctrl/ct_hold_div2_reg_113_
         u_ctrl/ct_hold_div2_reg_65_
         u_ctrl/ct_hold_div2_reg_81_
         u_ctrl/ct_hold_div2_reg_8_
         u_ctrl/ct_hold_div2_reg_9_
         u_ctrl/ct_hold_div2_reg_10_
         u_ctrl/ct_hold_div2_reg_11_
         u_ctrl/ct_hold_div2_reg_12_
         u_ctrl/ct_hold_div2_reg_13_
         u_ctrl/ct_hold_div2_reg_14_
         u_ctrl/ct_hold_div2_reg_15_
         u_ctrl/ct_hold_div2_reg_24_
         u_ctrl/ct_hold_div2_reg_25_
         u_ctrl/ct_hold_div2_reg_26_
         u_ctrl/ct_hold_div2_reg_27_
         u_ctrl/ct_hold_div2_reg_28_
         u_ctrl/ct_hold_div2_reg_29_
         u_ctrl/ct_hold_div2_reg_30_
         u_ctrl/ct_hold_div2_reg_31_
         u_ctrl/ct_hold_div2_reg_40_
         u_ctrl/ct_hold_div2_reg_41_
         u_ctrl/ct_hold_div2_reg_42_
         u_ctrl/ct_hold_div2_reg_43_
         u_ctrl/ct_hold_div2_reg_44_
         u_ctrl/ct_hold_div2_reg_45_
         u_ctrl/ct_hold_div2_reg_46_
         u_ctrl/ct_hold_div2_reg_47_
         u_ctrl/ct_hold_div2_reg_56_
         u_ctrl/ct_hold_div2_reg_57_
         u_ctrl/ct_hold_div2_reg_58_
         u_ctrl/ct_hold_div2_reg_59_
         u_ctrl/ct_hold_div2_reg_60_
         u_ctrl/ct_hold_div2_reg_61_
         u_ctrl/ct_hold_div2_reg_62_
         u_ctrl/ct_hold_div2_reg_63_
         u_ctrl/ct_hold_div2_reg_104_
         u_ctrl/ct_hold_div2_reg_111_
         u_ctrl/ct_hold_div2_reg_110_
         u_ctrl/ct_hold_div2_reg_109_
         u_ctrl/ct_hold_div2_reg_108_
         u_ctrl/ct_hold_div2_reg_107_
         u_ctrl/ct_hold_div2_reg_106_
         u_ctrl/ct_hold_div2_reg_105_
         u_ctrl/ct_hold_div2_reg_120_
         u_ctrl/ct_hold_div2_reg_127_
         u_ctrl/ct_hold_div2_reg_126_
         u_ctrl/ct_hold_div2_reg_125_
         u_ctrl/ct_hold_div2_reg_124_
         u_ctrl/ct_hold_div2_reg_123_
         u_ctrl/ct_hold_div2_reg_122_
         u_ctrl/ct_hold_div2_reg_121_
         u_ctrl/ct_hold_div2_reg_72_
         u_ctrl/ct_hold_div2_reg_79_
         u_ctrl/ct_hold_div2_reg_78_
         u_ctrl/ct_hold_div2_reg_77_
         u_ctrl/ct_hold_div2_reg_76_
         u_ctrl/ct_hold_div2_reg_75_
         u_ctrl/ct_hold_div2_reg_74_
         u_ctrl/ct_hold_div2_reg_73_
         u_ctrl/ct_hold_div2_reg_88_
         u_ctrl/ct_hold_div2_reg_95_
         u_ctrl/ct_hold_div2_reg_94_
         u_ctrl/ct_hold_div2_reg_93_
         u_ctrl/ct_hold_div2_reg_92_
         u_ctrl/ct_hold_div2_reg_91_
         u_ctrl/ct_hold_div2_reg_90_
         u_ctrl/ct_hold_div2_reg_89_
         u_ctrl/crc_start_reg
         u_ctrl/ct_hold_div2_reg_0_
         u_ctrl/ct_hold_div2_reg_1_
         u_ctrl/ct_hold_div2_reg_2_
         u_ctrl/ct_hold_div2_reg_3_
         u_ctrl/ct_hold_div2_reg_4_
         u_ctrl/ct_hold_div2_reg_5_
         u_ctrl/ct_hold_div2_reg_6_
         u_ctrl/ct_hold_div2_reg_7_
         u_ctrl/crc_finish_reg
         u_ctrl/u_crc_done_reg
         u_ctrl/crc_ff1_reg
         u_ctrl/mem_oe_reg
         u_ctrl/mem_cs_reg
         u_ctrl/mem_we_reg
         u_ctrl/wr_idx_reg_2_
         u_ctrl/wr_idx_reg_3_
         u_ctrl/wr_byte_cur_reg_0_
         u_ctrl/wr_byte_cur_reg_1_
         u_ctrl/wr_byte_cur_reg_2_
         u_ctrl/wr_byte_cur_reg_3_
         u_ctrl/wr_byte_cur_reg_4_
         u_ctrl/wr_byte_cur_reg_5_
         u_ctrl/wr_byte_cur_reg_6_
         u_ctrl/wr_byte_cur_reg_7_
         u_ctrl/mem_addr_reg_0_
         u_ctrl/mem_addr_reg_1_
         u_ctrl/mem_addr_reg_2_
         u_ctrl/mem_addr_reg_3_
         u_ctrl/rd_byte_exp_reg_0_
         u_ctrl/rd_byte_exp_reg_1_
         u_ctrl/rd_byte_exp_reg_2_
         u_ctrl/rd_byte_exp_reg_3_
         u_ctrl/rd_byte_exp_reg_4_
         u_ctrl/rd_byte_exp_reg_5_
         u_ctrl/rd_byte_exp_reg_6_
         u_ctrl/rd_byte_exp_reg_7_
         u_ctrl/u_ct_cdc_ack_tog_dst_reg
         u_ctrl/u_ct_cdc_ack_ff1_reg
         u_ctrl/fail_reg
         u_ctrl/fail_ff1_reg
         u_ctrl/pass_reg
         u_ctrl/ct_ok_reg
         u_ctrl/crc_done_hold_reg
         u_ctrl/u_tx_divcnt_reg_31_
         u_ctrl/u_tx_divcnt_reg_0_
         u_ctrl/u_tx_divcnt_reg_1_
         u_ctrl/u_tx_divcnt_reg_2_
         u_ctrl/u_tx_divcnt_reg_3_
         u_ctrl/u_tx_divcnt_reg_4_
         u_ctrl/u_tx_divcnt_reg_5_
         u_ctrl/u_tx_divcnt_reg_6_
         u_ctrl/u_tx_divcnt_reg_7_
         u_ctrl/u_tx_divcnt_reg_8_
         u_ctrl/u_tx_divcnt_reg_9_
         u_ctrl/u_tx_divcnt_reg_10_
         u_ctrl/u_tx_divcnt_reg_11_
         u_ctrl/u_tx_divcnt_reg_12_
         u_ctrl/u_tx_divcnt_reg_13_
         u_ctrl/u_tx_divcnt_reg_14_
         u_ctrl/u_tx_divcnt_reg_15_
         u_ctrl/u_tx_divcnt_reg_16_
         u_ctrl/u_tx_divcnt_reg_17_
         u_ctrl/u_tx_divcnt_reg_18_
         u_ctrl/u_tx_divcnt_reg_19_
         u_ctrl/u_tx_divcnt_reg_20_
         u_ctrl/u_tx_divcnt_reg_21_
         u_ctrl/u_tx_divcnt_reg_22_
         u_ctrl/u_tx_divcnt_reg_23_
         u_ctrl/u_tx_divcnt_reg_24_
         u_ctrl/u_tx_divcnt_reg_25_
         u_ctrl/u_tx_divcnt_reg_26_
         u_ctrl/u_tx_divcnt_reg_27_
         u_ctrl/u_tx_divcnt_reg_28_
         u_ctrl/u_tx_divcnt_reg_29_
         u_ctrl/u_tx_divcnt_reg_30_
         u_ctrl/u_tx_bitpos_reg_0_
         u_ctrl/u_tx_bitpos_reg_1_
         u_ctrl/u_tx_bitpos_reg_2_
         u_ctrl/u_tx_bitpos_reg_3_
         u_ctrl/u_send_cdc_ack_tog_dst_reg
         u_ctrl/u_send_cdc_ack_ff1_reg
         u_ctrl/tx_idx_div2_reg_0_
         u_ctrl/tx_idx_div2_reg_1_
         u_ctrl/tx_idx_div2_reg_3_
         u_ctrl/tx_idx_div2_reg_4_
         u_ctrl/stream_sent_div2_reg
         u_ctrl/stream_ready_div2_reg
         u_ctrl/tx_byte_ff1_reg_0_
         u_ctrl/tx_ct_byte_cur_reg_7_
         u_ctrl/tx_byte_ff1_reg_7_
         u_ctrl/tx_byte_ff1_reg_6_
         u_ctrl/tx_ct_byte_cur_reg_5_
         u_ctrl/tx_byte_ff1_reg_5_
         u_ctrl/tx_ct_byte_cur_reg_4_
         u_ctrl/tx_byte_ff1_reg_4_
         u_ctrl/tx_ct_byte_cur_reg_3_
         u_ctrl/tx_byte_ff1_reg_3_
         u_ctrl/tx_ct_byte_cur_reg_2_
         u_ctrl/tx_byte_ff1_reg_2_
         u_ctrl/tx_ct_byte_cur_reg_1_
         u_ctrl/tx_byte_ff1_reg_1_
         u_ctrl/crc_byte_reg_7_
         u_ctrl/crc_byte_reg_6_
         u_ctrl/crc_byte_reg_5_
         u_ctrl/crc_byte_reg_4_
         u_ctrl/crc_byte_reg_3_
         u_ctrl/crc_byte_reg_2_
         u_ctrl/crc_byte_reg_1_
         u_ctrl/crc_byte_reg_0_
         u_ctrl/u_crc_crc_out_reg_0_
         u_ctrl/u_crc_crc_out_reg_31_
         u_ctrl/u_crc_crc_out_reg_30_
         u_ctrl/u_crc_crc_out_reg_29_
         u_ctrl/u_crc_crc_out_reg_28_
         u_ctrl/u_crc_crc_out_reg_27_
         u_ctrl/u_crc_crc_out_reg_26_
         u_ctrl/u_crc_crc_out_reg_25_
         u_ctrl/u_crc_crc_out_reg_24_
         u_ctrl/u_crc_crc_out_reg_23_
         u_ctrl/u_crc_crc_out_reg_22_
         u_ctrl/u_crc_crc_out_reg_21_
         u_ctrl/u_crc_crc_out_reg_20_
         u_ctrl/u_crc_crc_out_reg_19_
         u_ctrl/u_crc_crc_out_reg_18_
         u_ctrl/u_crc_crc_out_reg_17_
         u_ctrl/u_crc_crc_out_reg_16_
         u_ctrl/u_crc_crc_out_reg_15_
         u_ctrl/u_crc_crc_out_reg_14_
         u_ctrl/u_crc_crc_out_reg_13_
         u_ctrl/u_crc_crc_out_reg_12_
         u_ctrl/u_crc_crc_out_reg_11_
         u_ctrl/u_crc_crc_out_reg_10_
         u_ctrl/u_crc_crc_out_reg_9_
         u_ctrl/u_crc_crc_out_reg_8_
         u_ctrl/u_crc_crc_out_reg_7_
         u_ctrl/u_crc_crc_out_reg_6_
         u_ctrl/u_crc_crc_out_reg_5_
         u_ctrl/u_crc_crc_out_reg_4_
         u_ctrl/u_crc_crc_out_reg_3_
         u_ctrl/u_crc_crc_out_reg_2_
         u_ctrl/u_crc_crc_out_reg_1_
         u_ctrl/mem_wdata_reg_0_
         u_ctrl/mem_wdata_reg_1_
         u_ctrl/mem_wdata_reg_2_
         u_ctrl/mem_wdata_reg_3_
         u_ctrl/mem_wdata_reg_4_
         u_ctrl/mem_wdata_reg_5_
         u_ctrl/mem_wdata_reg_6_
         u_ctrl/mem_wdata_reg_7_
         u_ctrl/tx_byte_div2_reg_0_
         u_ctrl/tx_buf_data_reg_0_
         u_ctrl/tx_data_reg_0_
         u_ctrl/tx_byte_div2_reg_7_
         u_ctrl/tx_buf_data_reg_7_
         u_ctrl/tx_data_reg_7_
         u_ctrl/tx_byte_div2_reg_6_
         u_ctrl/tx_buf_data_reg_6_
         u_ctrl/tx_data_reg_6_
         u_ctrl/tx_byte_div2_reg_5_
         u_ctrl/tx_buf_data_reg_5_
         u_ctrl/tx_data_reg_5_
         u_ctrl/tx_byte_div2_reg_4_
         u_ctrl/tx_buf_data_reg_4_
         u_ctrl/tx_data_reg_4_
         u_ctrl/tx_byte_div2_reg_3_
         u_ctrl/tx_buf_data_reg_3_
         u_ctrl/tx_data_reg_3_
         u_ctrl/tx_byte_div2_reg_2_
         u_ctrl/tx_buf_data_reg_2_
         u_ctrl/tx_data_reg_2_
         u_ctrl/tx_byte_div2_reg_1_
         u_ctrl/tx_buf_data_reg_1_
         u_ctrl/tx_data_reg_1_
         u_ctrl/u_crc_crc_reg_31_
         u_ctrl/u_crc_crc_reg_1_
         u_ctrl/u_crc_crc_reg_12_
         u_ctrl/u_crc_crc_reg_20_
         u_ctrl/u_crc_crc_reg_28_
         u_ctrl/u_crc_crc_reg_5_
         u_ctrl/u_crc_crc_reg_13_
         u_ctrl/u_crc_crc_reg_21_
         u_ctrl/u_crc_crc_reg_29_
         u_ctrl/u_crc_crc_reg_17_
         u_ctrl/u_crc_crc_reg_25_
         u_ctrl/u_crc_crc_reg_6_
         u_ctrl/u_crc_crc_reg_14_
         u_ctrl/u_crc_crc_reg_22_
         u_ctrl/u_crc_crc_reg_30_
         u_ctrl/u_crc_crc_reg_0_
         u_ctrl/u_crc_crc_reg_26_
         u_ctrl/u_crc_crc_reg_2_
         u_ctrl/u_crc_crc_reg_9_
         u_ctrl/u_crc_crc_reg_4_
         u_ctrl/u_crc_crc_reg_3_
         u_ctrl/u_crc_crc_reg_11_
         u_ctrl/u_crc_crc_reg_19_
         u_ctrl/u_crc_crc_reg_27_
         u_ctrl/u_crc_crc_reg_8_
         u_ctrl/u_crc_crc_reg_16_
         u_ctrl/u_crc_crc_reg_24_
         u_ctrl/u_crc_crc_reg_7_
         u_ctrl/u_crc_crc_reg_15_
         u_ctrl/u_crc_crc_reg_10_
         u_ctrl/u_crc_crc_reg_18_
         u_ctrl/u_crc_crc_reg_23_
         u_ctrl/u_tx_shifter_reg_8_
         u_ctrl/u_tx_shifter_reg_7_
         u_ctrl/u_tx_shifter_reg_6_
         u_ctrl/u_tx_shifter_reg_5_
         u_ctrl/u_tx_shifter_reg_4_
         u_ctrl/u_tx_shifter_reg_3_
         u_ctrl/u_tx_shifter_reg_2_
         u_ctrl/u_tx_shifter_reg_1_
         u_ctrl/u_tx_shifter_reg_0_
         u_ctrl/u_tx_txd_reg
         u_ctrl/sst_reg_1_
         u_ctrl/sst_reg_2_
         u_ctrl/wr_idx_reg_0_
         u_ctrl/tx_start_reg
         u_ctrl/u_tx_tx_busy_reg
         u_ctrl/u_send_cdc_pulse_dst_reg
         u_ctrl/u_rx_divcnt_reg_5_
         u_ctrl/u_rx_divcnt_reg_3_
         u_ctrl/u_rx_divcnt_reg_31_
         u_ctrl/load_idx_reg_0_
         u_ctrl/rd_idx_reg_1_
         u_ctrl/rd_idx_reg_2_
         u_ctrl/rd_idx_reg_3_
         u_ctrl/sst_reg_0_
         u_ctrl/wr_idx_reg_1_
         u_ctrl/tx_ct_byte_cur_reg_0_
         u_ctrl/tx_ct_byte_cur_reg_6_
         u_ctrl/u_send_cdc_req_tog_src_reg
         u_ctrl/ct_req_pulse_fast_reg
         u_ctrl/tx_idx_div2_reg_2_
         u_ctrl/rd_idx_reg_0_
         u_ctrl/u_aes/idx_reg_1_
         u_ctrl/u_aes/round_reg_3_
         u_ctrl/u_aes/next_rk0_q_reg_0_
         u_ctrl/u_aes/next_rk1_q_reg_0_
         u_ctrl/u_aes/next_rk2_q_reg_0_
         u_ctrl/u_aes/next_rk3_q_reg_0_
         u_ctrl/u_aes/rk3_q_reg_0_
         u_ctrl/u_aes/next_rk0_q_reg_8_
         u_ctrl/u_aes/next_rk1_q_reg_8_
         u_ctrl/u_aes/rk1_q_reg_8_
         u_ctrl/u_aes/next_rk2_q_reg_8_
         u_ctrl/u_aes/rk2_q_reg_8_
         u_ctrl/u_aes/next_rk3_q_reg_8_
         u_ctrl/u_aes/rk3_q_reg_8_
         u_ctrl/u_aes/next_rk0_q_reg_16_
         u_ctrl/u_aes/next_rk1_q_reg_16_
         u_ctrl/u_aes/next_rk2_q_reg_16_
         u_ctrl/u_aes/next_rk3_q_reg_16_
         u_ctrl/u_aes/next_rk1_q_reg_24_
         u_ctrl/u_aes/rk1_q_reg_24_
         u_ctrl/u_aes/next_rk2_q_reg_24_
         u_ctrl/u_aes/rk2_q_reg_24_
         u_ctrl/u_aes/next_rk3_q_reg_24_
         u_ctrl/u_aes/next_rk0_q_reg_1_
         u_ctrl/u_aes/next_rk3_q_reg_1_
         u_ctrl/u_aes/next_rk0_q_reg_12_
         u_ctrl/u_aes/next_rk1_q_reg_12_
         u_ctrl/u_aes/rk1_q_reg_12_
         u_ctrl/u_aes/next_rk2_q_reg_12_
         u_ctrl/u_aes/rk2_q_reg_12_
         u_ctrl/u_aes/next_rk3_q_reg_12_
         u_ctrl/u_aes/next_rk0_q_reg_17_
         u_ctrl/u_aes/next_rk1_q_reg_17_
         u_ctrl/u_aes/rk1_q_reg_17_
         u_ctrl/u_aes/next_rk2_q_reg_17_
         u_ctrl/u_aes/rk2_q_reg_17_
         u_ctrl/u_aes/next_rk3_q_reg_17_
         u_ctrl/u_aes/next_rk0_q_reg_25_
         u_ctrl/u_aes/next_rk1_q_reg_25_
         u_ctrl/u_aes/rk1_q_reg_25_
         u_ctrl/u_aes/next_rk2_q_reg_25_
         u_ctrl/u_aes/rk2_q_reg_25_
         u_ctrl/u_aes/next_rk3_q_reg_25_
         u_ctrl/u_aes/next_rk3_q_reg_3_
         u_ctrl/u_aes/next_rk0_q_reg_13_
         u_ctrl/u_aes/next_rk1_q_reg_13_
         u_ctrl/u_aes/rk1_q_reg_13_
         u_ctrl/u_aes/next_rk2_q_reg_13_
         u_ctrl/u_aes/rk2_q_reg_13_
         u_ctrl/u_aes/next_rk3_q_reg_13_
         u_ctrl/u_aes/next_rk0_q_reg_18_
         u_ctrl/u_aes/next_rk1_q_reg_18_
         u_ctrl/u_aes/next_rk2_q_reg_18_
         u_ctrl/u_aes/rk2_q_reg_18_
         u_ctrl/u_aes/next_rk3_q_reg_18_
         u_ctrl/u_aes/rk3_q_reg_18_
         u_ctrl/u_aes/next_rk1_q_reg_26_
         u_ctrl/u_aes/next_rk2_q_reg_26_
         u_ctrl/u_aes/rk2_q_reg_26_
         u_ctrl/u_aes/next_rk3_q_reg_26_
         u_ctrl/u_aes/rk3_q_reg_26_
         u_ctrl/u_aes/next_rk1_q_reg_2_
         u_ctrl/u_aes/next_rk2_q_reg_2_
         u_ctrl/u_aes/next_rk0_q_reg_20_
         u_ctrl/u_aes/next_rk1_q_reg_20_
         u_ctrl/u_aes/rk1_q_reg_20_
         u_ctrl/u_aes/next_rk2_q_reg_20_
         u_ctrl/u_aes/rk2_q_reg_20_
         u_ctrl/u_aes/next_rk3_q_reg_20_
         u_ctrl/u_aes/next_rk1_q_reg_27_
         u_ctrl/u_aes/rk1_q_reg_27_
         u_ctrl/u_aes/next_rk2_q_reg_27_
         u_ctrl/u_aes/rk1_q_reg_7_
         u_ctrl/u_aes/rk2_q_reg_7_
         u_ctrl/u_aes/next_rk3_q_reg_7_
         u_ctrl/u_aes/next_rk1_q_reg_14_
         u_ctrl/u_aes/rk1_q_reg_14_
         u_ctrl/u_aes/next_rk2_q_reg_14_
         u_ctrl/u_aes/rk2_q_reg_14_
         u_ctrl/u_aes/next_rk3_q_reg_14_
         u_ctrl/u_aes/next_rk1_q_reg_21_
         u_ctrl/u_aes/rk1_q_reg_21_
         u_ctrl/u_aes/next_rk2_q_reg_21_
         u_ctrl/u_aes/rk2_q_reg_21_
         u_ctrl/u_aes/next_rk3_q_reg_21_
         u_ctrl/u_aes/next_rk0_q_reg_28_
         u_ctrl/u_aes/next_rk1_q_reg_28_
         u_ctrl/u_aes/rk1_q_reg_28_
         u_ctrl/u_aes/next_rk2_q_reg_28_
         u_ctrl/u_aes/rk2_q_reg_28_
         u_ctrl/u_aes/next_rk3_q_reg_28_
         u_ctrl/u_aes/next_rk0_q_reg_4_
         u_ctrl/u_aes/next_rk3_q_reg_4_
         u_ctrl/u_aes/next_rk0_q_reg_10_
         u_ctrl/u_aes/rk2_q_reg_10_
         u_ctrl/u_aes/rk3_q_reg_10_
         u_ctrl/u_aes/next_rk1_q_reg_19_
         u_ctrl/u_aes/rk1_q_reg_19_
         u_ctrl/u_aes/next_rk2_q_reg_19_
         u_ctrl/u_aes/next_rk3_q_reg_19_
         u_ctrl/u_aes/next_rk1_q_reg_29_
         u_ctrl/u_aes/rk1_q_reg_29_
         u_ctrl/u_aes/next_rk2_q_reg_29_
         u_ctrl/u_aes/rk2_q_reg_29_
         u_ctrl/u_aes/next_rk3_q_reg_29_
         u_ctrl/u_aes/next_rk1_q_reg_5_
         u_ctrl/u_aes/rk1_q_reg_5_
         u_ctrl/u_aes/next_rk2_q_reg_5_
         u_ctrl/u_aes/rk2_q_reg_5_
         u_ctrl/u_aes/rk3_q_reg_5_
         u_ctrl/u_aes/next_rk1_q_reg_11_
         u_ctrl/u_aes/rk1_q_reg_11_
         u_ctrl/u_aes/next_rk2_q_reg_11_
         u_ctrl/u_aes/next_rk3_q_reg_11_
         u_ctrl/u_aes/next_rk0_q_reg_23_
         u_ctrl/u_aes/next_rk1_q_reg_23_
         u_ctrl/u_aes/rk1_q_reg_23_
         u_ctrl/u_aes/next_rk2_q_reg_23_
         u_ctrl/u_aes/rk2_q_reg_23_
         u_ctrl/u_aes/next_rk3_q_reg_23_
         u_ctrl/u_aes/next_rk0_q_reg_30_
         u_ctrl/u_aes/next_rk1_q_reg_30_
         u_ctrl/u_aes/rk1_q_reg_30_
         u_ctrl/u_aes/next_rk2_q_reg_30_
         u_ctrl/u_aes/rk2_q_reg_30_
         u_ctrl/u_aes/next_rk3_q_reg_30_
         u_ctrl/u_aes/rk1_q_reg_6_
         u_ctrl/u_aes/rk2_q_reg_6_
         u_ctrl/u_aes/next_rk3_q_reg_6_
         u_ctrl/u_aes/next_rk1_q_reg_15_
         u_ctrl/u_aes/rk1_q_reg_15_
         u_ctrl/u_aes/next_rk2_q_reg_15_
         u_ctrl/u_aes/rk2_q_reg_15_
         u_ctrl/u_aes/next_rk3_q_reg_15_
         u_ctrl/u_aes/next_rk1_q_reg_22_
         u_ctrl/u_aes/rk1_q_reg_22_
         u_ctrl/u_aes/next_rk2_q_reg_22_
         u_ctrl/u_aes/rk2_q_reg_22_
         u_ctrl/u_aes/next_rk3_q_reg_22_
         u_ctrl/u_aes/next_rk1_q_reg_31_
         u_ctrl/u_aes/rk1_q_reg_31_
         u_ctrl/u_aes/next_rk2_q_reg_31_
         u_ctrl/u_aes/rk2_q_reg_31_
         u_ctrl/u_aes/next_rk3_q_reg_31_
         u_ctrl/u_aes/temp_q_reg_64_
         u_ctrl/u_aes/temp_q_reg_71_
         u_ctrl/u_aes/temp_q_reg_69_
         u_ctrl/u_aes/temp_q_reg_70_
         u_ctrl/u_aes/temp_q_reg_67_
         u_ctrl/u_aes/ct_q_reg_67_
         u_ctrl/u_aes/temp_q_reg_68_
         u_ctrl/u_aes/ct_q_reg_68_
         u_ctrl/u_aes/temp_q_reg_66_
         u_ctrl/u_aes/temp_q_reg_65_
         u_ctrl/u_aes/state_q_reg_74_
         u_ctrl/u_aes/ct_q_reg_15_
         u_ctrl/u_aes/ct_q_reg_14_
         u_ctrl/u_aes/ct_q_reg_12_
         u_ctrl/u_aes/state_q_reg_72_
         u_ctrl/u_aes/state_q_reg_16_
         u_ctrl/u_aes/temp_q_reg_58_
         u_ctrl/u_aes/temp_q_reg_63_
         u_ctrl/u_aes/temp_q_reg_62_
         u_ctrl/u_aes/temp_q_reg_61_
         u_ctrl/u_aes/temp_q_reg_60_
         u_ctrl/u_aes/temp_q_reg_57_
         u_ctrl/u_aes/temp_q_reg_56_
         u_ctrl/u_aes/state_q_reg_40_
         u_ctrl/u_aes/state_q_reg_42_
         u_ctrl/u_aes/ct_q_reg_18_
         u_ctrl/u_aes/temp_q_reg_23_
         u_ctrl/u_aes/ct_q_reg_21_
         u_ctrl/u_aes/ct_q_reg_19_
         u_ctrl/u_aes/ct_q_reg_16_
         u_ctrl/u_aes/state_q_reg_26_
         u_ctrl/u_aes/temp_q_reg_26_
         u_ctrl/u_aes/temp_q_reg_31_
         u_ctrl/u_aes/temp_q_reg_30_
         u_ctrl/u_aes/temp_q_reg_27_
         u_ctrl/u_aes/ct_q_reg_27_
         u_ctrl/u_aes/temp_q_reg_29_
         u_ctrl/u_aes/ct_q_reg_29_
         u_ctrl/u_aes/temp_q_reg_28_
         u_ctrl/u_aes/temp_q_reg_25_
         u_ctrl/u_aes/temp_q_reg_24_
         u_ctrl/u_aes/ct_q_reg_72_
         u_ctrl/u_aes/ct_q_reg_77_
         u_ctrl/u_aes/ct_q_reg_78_
         u_ctrl/u_aes/ct_q_reg_76_
         u_ctrl/u_aes/state_q_reg_10_
         u_ctrl/u_aes/ct_q_reg_74_
         u_ctrl/u_aes/state_q_reg_82_
         u_ctrl/u_aes/state_q_reg_120_
         u_ctrl/u_aes/temp_q_reg_120_
         u_ctrl/u_aes/temp_q_reg_127_
         u_ctrl/u_aes/temp_q_reg_126_
         u_ctrl/u_aes/ct_q_reg_126_
         u_ctrl/u_aes/temp_q_reg_123_
         u_ctrl/u_aes/temp_q_reg_125_
         u_ctrl/u_aes/temp_q_reg_124_
         u_ctrl/u_aes/ct_q_reg_124_
         u_ctrl/u_aes/state_q_reg_122_
         u_ctrl/u_aes/temp_q_reg_122_
         u_ctrl/u_aes/temp_q_reg_121_
         u_ctrl/u_aes/state_q_reg_104_
         u_ctrl/u_aes/state_q_reg_106_
         u_ctrl/u_aes/ct_q_reg_42_
         u_ctrl/u_aes/ct_q_reg_83_
         u_ctrl/u_aes/ct_q_reg_85_
         u_ctrl/u_aes/ct_q_reg_86_
         u_ctrl/u_aes/ct_q_reg_82_
         u_ctrl/u_aes/temp_q_reg_90_
         u_ctrl/u_aes/temp_q_reg_95_
         u_ctrl/u_aes/temp_q_reg_93_
         u_ctrl/u_aes/ct_q_reg_94_
         u_ctrl/u_aes/temp_q_reg_91_
         u_ctrl/u_aes/ct_q_reg_91_
         u_ctrl/u_aes/temp_q_reg_92_
         u_ctrl/u_aes/ct_q_reg_92_
         u_ctrl/u_aes/state_q_reg_88_
         u_ctrl/u_aes/temp_q_reg_88_
         u_ctrl/u_aes/temp_q_reg_89_
         u_ctrl/u_aes/temp_q_reg_34_
         u_ctrl/u_aes/ct_q_reg_34_
         u_ctrl/u_aes/temp_q_reg_39_
         u_ctrl/u_aes/temp_q_reg_38_
         u_ctrl/u_aes/temp_q_reg_35_
         u_ctrl/u_aes/ct_q_reg_35_
         u_ctrl/u_aes/temp_q_reg_37_
         u_ctrl/u_aes/temp_q_reg_36_
         u_ctrl/u_aes/temp_q_reg_33_
         u_ctrl/u_aes/state_q_reg_64_
         u_ctrl/u_aes/temp_q_reg_32_
         u_ctrl/u_aes/ct_q_reg_2_
         u_ctrl/u_aes/ct_q_reg_7_
         u_ctrl/u_aes/temp_q_reg_5_
         u_ctrl/u_aes/temp_q_reg_6_
         u_ctrl/u_aes/temp_q_reg_3_
         u_ctrl/u_aes/temp_q_reg_4_
         u_ctrl/u_aes/temp_q_reg_0_
         u_ctrl/u_aes/temp_q_reg_1_
         u_ctrl/u_aes/ct_q_reg_1_
         u_ctrl/u_aes/temp_q_reg_98_
         u_ctrl/u_aes/ct_q_reg_98_
         u_ctrl/u_aes/temp_q_reg_103_
         u_ctrl/u_aes/temp_q_reg_101_
         u_ctrl/u_aes/ct_q_reg_101_
         u_ctrl/u_aes/temp_q_reg_102_
         u_ctrl/u_aes/state_q_reg_3_
         u_ctrl/u_aes/temp_q_reg_99_
         u_ctrl/u_aes/ct_q_reg_99_
         u_ctrl/u_aes/temp_q_reg_100_
         u_ctrl/u_aes/state_q_reg_0_
         u_ctrl/u_aes/temp_q_reg_96_
         u_ctrl/u_aes/temp_q_reg_97_
         u_ctrl/u_aes/round_reg_1_
         u_ctrl/u_aes/round_reg_0_
         u_ctrl/u_aes/round_reg_2_
         u_ctrl/u_aes/state_q_reg_123_
         u_ctrl/u_aes/state_q_reg_102_
         u_ctrl/u_aes/state_q_reg_62_
         u_ctrl/u_aes/state_q_reg_121_
         u_ctrl/u_aes/next_rk0_q_reg_21_
         u_ctrl/u_aes/rk3_q_reg_30_
         u_ctrl/u_aes/rk3_q_reg_19_
         u_ctrl/u_aes/rk3_q_reg_20_
         u_ctrl/u_aes/rk3_q_reg_7_
         u_ctrl/u_aes/rk3_q_reg_28_
         u_ctrl/u_aes/rk3_q_reg_4_
         u_ctrl/u_aes/rk3_q_reg_23_
         u_ctrl/u_aes/rk3_q_reg_15_
         u_ctrl/u_aes/rk3_q_reg_31_
         u_ctrl/u_aes/state_q_reg_97_
         u_ctrl/u_aes/state_q_reg_75_
         u_ctrl/u_aes/state_q_reg_76_
         u_ctrl/u_aes/state_q_reg_19_
         u_ctrl/u_aes/state_q_reg_17_
         u_ctrl/u_aes/state_q_reg_59_
         u_ctrl/u_aes/state_q_reg_47_
         u_ctrl/u_aes/state_q_reg_46_
         u_ctrl/u_aes/state_q_reg_44_
         u_ctrl/u_aes/state_q_reg_119_
         u_ctrl/u_aes/state_q_reg_28_
         u_ctrl/u_aes/state_q_reg_25_
         u_ctrl/u_aes/state_q_reg_15_
         u_ctrl/u_aes/state_q_reg_11_
         u_ctrl/u_aes/state_q_reg_12_
         u_ctrl/u_aes/state_q_reg_9_
         u_ctrl/u_aes/state_q_reg_87_
         u_ctrl/u_aes/state_q_reg_127_
         u_ctrl/u_aes/state_q_reg_125_
         u_ctrl/u_aes/state_q_reg_124_
         u_ctrl/u_aes/state_q_reg_105_
         u_ctrl/u_aes/state_q_reg_51_
         u_ctrl/u_aes/state_q_reg_53_
         u_ctrl/u_aes/state_q_reg_95_
         u_ctrl/u_aes/state_q_reg_91_
         u_ctrl/u_aes/state_q_reg_92_
         u_ctrl/u_aes/state_q_reg_89_
         u_ctrl/u_aes/state_q_reg_71_
         u_ctrl/u_aes/state_q_reg_67_
         u_ctrl/u_aes/state_q_reg_65_
         u_ctrl/u_aes/state_q_reg_7_
         u_ctrl/u_aes/state_q_reg_1_
         u_ctrl/u_aes/phase_reg_1_
         u_ctrl/u_aes/next_rk0_q_reg_29_
         u_ctrl/u_aes/state_q_reg_22_
         u_ctrl/u_aes/rk3_q_reg_14_
         u_ctrl/u_aes/phase_reg_0_
         u_ctrl/u_aes/state_q_reg_118_
         u_ctrl/u_aes/rk2_q_reg_2_
         u_ctrl/u_aes/rk1_q_reg_16_
         u_ctrl/u_aes/rk1_q_reg_18_
         u_ctrl/u_aes/rk1_q_reg_26_
         u_ctrl/u_aes/rk1_q_reg_0_
         u_ctrl/u_aes/rk2_q_reg_11_
         u_ctrl/u_aes/rk2_q_reg_27_
         u_ctrl/u_aes/rk2_q_reg_16_
         u_ctrl/u_aes/rk2_q_reg_19_
         u_ctrl/u_aes/rk2_q_reg_0_
         u_ctrl/u_aes/rk1_q_reg_3_
         u_ctrl/u_aes/rk1_q_reg_4_
         u_ctrl/u_aes/rk2_q_reg_4_
         u_ctrl/u_aes/rk1_q_reg_1_
         u_ctrl/u_aes/rk1_q_reg_9_
         u_ctrl/u_aes/rk1_q_reg_10_
         u_ctrl/u_aes/rk2_q_reg_1_
         u_ctrl/u_aes/rk2_q_reg_3_
         u_ctrl/u_aes/next_rk3_q_reg_10_
         u_ctrl/u_aes/next_rk3_q_reg_9_
         u_ctrl/u_aes/next_rk3_q_reg_27_
         u_ctrl/u_aes/next_rk3_q_reg_2_
         u_ctrl/u_aes/next_rk0_q_reg_14_
         u_ctrl/u_aes/next_rk2_q_reg_6_
         u_ctrl/u_aes/next_rk1_q_reg_10_
         u_ctrl/u_aes/next_rk3_q_reg_5_
         u_ctrl/u_aes/next_rk2_q_reg_4_
         u_ctrl/u_aes/next_rk1_q_reg_7_
         u_ctrl/u_aes/next_rk0_q_reg_5_
         u_ctrl/u_aes/next_rk2_q_reg_3_
         u_ctrl/u_aes/next_rk1_q_reg_1_
         u_ctrl/u_aes/next_rk0_q_reg_6_
         u_ctrl/u_aes/next_rk1_q_reg_9_
         u_ctrl/u_aes/next_rk0_q_reg_15_
         u_ctrl/u_aes/next_rk0_q_reg_26_
         u_ctrl/u_aes/next_rk2_q_reg_9_
         u_ctrl/u_aes/next_rk2_q_reg_1_
         u_ctrl/u_aes/next_rk1_q_reg_4_
         u_ctrl/u_aes/next_rk1_q_reg_6_
         u_ctrl/u_aes/next_rk2_q_reg_10_
         u_ctrl/u_aes/next_rk1_q_reg_3_
         u_ctrl/u_aes/next_rk0_q_reg_11_
         u_ctrl/u_aes/next_rk0_q_reg_2_
         u_ctrl/u_aes/next_rk0_q_reg_24_
         u_ctrl/u_aes/next_rk0_q_reg_9_
         u_ctrl/u_aes/next_rk2_q_reg_7_
         u_ctrl/u_aes/next_rk0_q_reg_19_
         u_ctrl/u_aes/next_rk0_q_reg_3_
         u_ctrl/u_aes/temp_q_reg_118_
         u_ctrl/u_aes/temp_q_reg_14_
         u_ctrl/u_aes/temp_q_reg_74_
         u_ctrl/u_aes/temp_q_reg_49_
         u_ctrl/u_aes/temp_q_reg_53_
         u_ctrl/u_aes/temp_q_reg_107_
         u_ctrl/u_aes/temp_q_reg_78_
         u_ctrl/u_aes/temp_q_reg_73_
         u_ctrl/u_aes/temp_q_reg_80_
         u_ctrl/u_aes/temp_q_reg_110_
         u_ctrl/u_aes/temp_q_reg_112_
         u_ctrl/u_aes/temp_q_reg_77_
         u_ctrl/u_aes/temp_q_reg_17_
         u_ctrl/u_aes/temp_q_reg_45_
         u_ctrl/u_aes/temp_q_reg_41_
         u_ctrl/u_aes/temp_q_reg_83_
         u_ctrl/u_aes/temp_q_reg_108_
         u_ctrl/u_aes/temp_q_reg_86_
         u_ctrl/u_aes/temp_q_reg_8_
         u_ctrl/u_aes/temp_q_reg_12_
         u_ctrl/u_aes/temp_q_reg_21_
         u_ctrl/u_aes/temp_q_reg_22_
         u_ctrl/u_aes/temp_q_reg_43_
         u_ctrl/u_aes/temp_q_reg_18_
         u_ctrl/u_aes/temp_q_reg_115_
         u_ctrl/u_aes/temp_q_reg_52_
         u_ctrl/u_aes/temp_q_reg_106_
         u_ctrl/u_aes/temp_q_reg_9_
         u_ctrl/u_aes/temp_q_reg_59_
         u_ctrl/u_aes/temp_q_reg_84_
         u_ctrl/u_aes/temp_q_reg_75_
         u_ctrl/u_aes/temp_q_reg_72_
         u_ctrl/u_aes/temp_q_reg_104_
         u_ctrl/u_aes/temp_q_reg_82_
         u_ctrl/u_aes/temp_q_reg_11_
         u_ctrl/u_aes/temp_q_reg_113_
         u_ctrl/u_aes/temp_q_reg_19_
         u_ctrl/u_aes/temp_q_reg_42_
         u_ctrl/u_aes/temp_q_reg_50_
         u_ctrl/u_aes/temp_q_reg_105_
         u_ctrl/u_aes/temp_q_reg_81_
         u_ctrl/u_aes/temp_q_reg_114_
         u_ctrl/u_aes/temp_q_reg_85_
         u_ctrl/u_aes/temp_q_reg_48_
         u_ctrl/u_aes/temp_q_reg_117_
         u_ctrl/u_aes/temp_q_reg_20_
         u_ctrl/u_aes/temp_q_reg_10_
         u_ctrl/u_aes/temp_q_reg_51_
         u_ctrl/u_aes/temp_q_reg_109_
         u_ctrl/u_aes/temp_q_reg_116_
         u_ctrl/u_aes/temp_q_reg_76_
         u_ctrl/u_aes/temp_q_reg_16_
         u_ctrl/u_aes/temp_q_reg_7_
         u_ctrl/u_aes/temp_q_reg_44_
         u_ctrl/u_aes/temp_q_reg_54_
         u_ctrl/u_aes/temp_q_reg_94_
         u_ctrl/u_aes/temp_q_reg_40_
         u_ctrl/u_aes/temp_q_reg_46_
         u_ctrl/u_aes/temp_q_reg_47_
         u_ctrl/u_aes/temp_q_reg_111_
         u_ctrl/u_aes/temp_q_reg_15_
         u_ctrl/u_aes/temp_q_reg_119_
         u_ctrl/u_aes/temp_q_reg_79_
         u_ctrl/u_aes/temp_q_reg_55_
         u_ctrl/u_aes/temp_q_reg_87_
         u_ctrl/u_aes/idx_reg_3_
         u_ctrl/u_aes/idx_reg_2_
         u_ctrl/u_aes/state_q_reg_52_
         u_ctrl/u_aes/rk3_q_reg_9_
         u_ctrl/u_aes/rk3_q_reg_11_
         u_ctrl/u_aes/state_q_reg_77_
         u_ctrl/u_aes/state_q_reg_94_
         u_ctrl/u_aes/rk0_q_reg_16_
         u_ctrl/u_aes/rk0_q_reg_9_
         u_ctrl/u_aes/rk0_q_reg_1_
         u_ctrl/u_aes/rk0_q_reg_0_
         u_ctrl/u_aes/rk0_q_reg_28_
         u_ctrl/u_aes/done_reg
         u_ctrl/u_aes/temp_q_reg_2_
         u_ctrl/u_aes/ct_q_reg_106_
         u_ctrl/u_aes/ct_q_reg_100_
         u_ctrl/u_aes/ct_q_reg_63_
         u_ctrl/u_aes/ct_q_reg_56_
         u_ctrl/u_aes/ct_q_reg_26_
         u_ctrl/u_aes/ct_q_reg_33_
         u_ctrl/u_aes/ct_q_reg_23_
         u_ctrl/u_aes/ct_q_reg_50_
         u_ctrl/u_aes/ct_q_reg_37_
         u_ctrl/u_aes/state_q_reg_86_
         u_ctrl/u_aes/next_rk0_q_reg_31_
         u_ctrl/u_aes/rk2_q_reg_9_
         u_ctrl/u_aes/state_q_reg_35_
         u_ctrl/u_aes/state_q_reg_41_
         u_ctrl/u_aes/state_q_reg_39_
         u_ctrl/u_aes/state_q_reg_70_
         u_ctrl/u_aes/state_q_reg_45_
         u_ctrl/u_aes/state_q_reg_13_
         u_ctrl/u_aes/state_q_reg_80_
         u_ctrl/u_aes/state_q_reg_23_
         u_ctrl/u_aes/state_q_reg_36_
         u_ctrl/u_aes/state_q_reg_78_
         u_ctrl/u_aes/state_q_reg_109_
         u_ctrl/u_aes/rk3_q_reg_27_
         u_ctrl/u_aes/rk3_q_reg_13_
         u_ctrl/u_aes/ct_q_reg_71_
         u_ctrl/u_aes/ct_q_reg_17_
         u_ctrl/u_aes/ct_q_reg_40_
         u_ctrl/u_aes/ct_q_reg_46_
         u_ctrl/u_aes/ct_q_reg_13_
         u_ctrl/u_aes/ct_q_reg_103_
         u_ctrl/u_aes/ct_q_reg_120_
         u_ctrl/u_aes/ct_q_reg_10_
         u_ctrl/u_aes/ct_q_reg_102_
         u_ctrl/u_aes/ct_q_reg_95_
         u_ctrl/u_aes/ct_q_reg_52_
         u_ctrl/u_aes/ct_q_reg_96_
         u_ctrl/u_aes/ct_q_reg_90_
         u_ctrl/u_aes/ct_q_reg_41_
         u_ctrl/u_aes/ct_q_reg_121_
         u_ctrl/u_aes/ct_q_reg_66_
         u_ctrl/u_aes/rk0_q_reg_22_
         u_ctrl/u_aes/rk0_q_reg_23_
         u_ctrl/u_aes/rk0_q_reg_21_
         u_ctrl/u_aes/rk0_q_reg_17_
         u_ctrl/u_aes/rk0_q_reg_15_
         u_ctrl/u_aes/ct_q_reg_8_
         u_ctrl/u_aes/state_q_reg_21_
         u_ctrl/u_aes/state_q_reg_8_
         u_ctrl/u_aes/rk3_q_reg_1_
         u_ctrl/u_aes/state_q_reg_101_
         u_ctrl/u_aes/state_q_reg_31_
         u_ctrl/u_aes/state_q_reg_20_
         u_ctrl/u_aes/rk3_q_reg_3_
         u_ctrl/u_aes/state_q_reg_50_
         u_ctrl/u_aes/state_q_reg_112_
         u_ctrl/u_aes/state_q_reg_34_
         u_ctrl/u_aes/next_rk0_q_reg_27_
         u_ctrl/u_aes/state_q_reg_79_
         u_ctrl/u_aes/state_q_reg_63_
         u_ctrl/u_aes/ct_q_reg_36_
         u_ctrl/u_aes/state_q_reg_96_
         u_ctrl/u_aes/temp_q_reg_13_
         u_ctrl/u_aes/rk1_q_reg_2_
         u_ctrl/u_aes/state_q_reg_100_
         u_ctrl/u_aes/idx_reg_0_
         u_ctrl/u_aes/state_q_reg_37_
         u_ctrl/u_aes/phase_reg_2_
         u_ctrl/u_aes/state_q_reg_54_
         u_ctrl/u_aes/state_q_reg_68_
         u_ctrl/u_aes/state_q_reg_126_
         u_ctrl/u_aes/next_rk0_q_reg_22_
         u_ctrl/u_aes/state_q_reg_93_
         u_ctrl/u_aes/state_q_reg_73_
         u_ctrl/u_aes/ct_q_reg_87_
         u_ctrl/u_aes/ct_q_reg_88_
         u_ctrl/u_aes/ct_q_reg_59_
         u_ctrl/u_aes/ct_q_reg_65_
         u_ctrl/u_aes/ct_q_reg_62_
         u_ctrl/u_aes/ct_q_reg_57_
         u_ctrl/u_aes/ct_q_reg_64_
         u_ctrl/u_aes/rk0_q_reg_18_
         u_ctrl/u_aes/rk0_q_reg_25_
         u_ctrl/u_aes/rk0_q_reg_20_
         u_ctrl/u_aes/rk0_q_reg_19_
         u_ctrl/u_aes/rk0_q_reg_24_
         u_ctrl/u_aes/ct_q_reg_54_
         u_ctrl/u_aes/ct_q_reg_22_
         u_ctrl/u_aes/ct_q_reg_111_
         u_ctrl/u_aes/ct_q_reg_93_
         u_ctrl/u_aes/ct_q_reg_80_
         u_ctrl/u_aes/ct_q_reg_73_
         u_ctrl/u_aes/ct_q_reg_69_
         u_ctrl/u_aes/ct_q_reg_43_
         u_ctrl/u_aes/ct_q_reg_5_
         u_ctrl/u_aes/ct_q_reg_89_
         u_ctrl/u_aes/ct_q_reg_70_
         u_ctrl/u_aes/ct_q_reg_53_
         u_ctrl/u_aes/ct_q_reg_44_
         u_ctrl/u_aes/ct_q_reg_38_
         u_ctrl/u_aes/ct_q_reg_6_
         u_ctrl/u_aes/ct_q_reg_4_
         u_ctrl/u_aes/ct_q_reg_3_
         u_ctrl/u_aes/ct_q_reg_55_
         u_ctrl/u_aes/ct_q_reg_104_
         u_ctrl/u_aes/ct_q_reg_75_
         u_ctrl/u_aes/ct_q_reg_24_
         u_ctrl/u_aes/ct_q_reg_9_
         u_ctrl/u_aes/ct_q_reg_32_
         u_ctrl/u_aes/ct_q_reg_28_
         u_ctrl/u_aes/ct_q_reg_25_
         u_ctrl/u_aes/ct_q_reg_122_
         u_ctrl/u_aes/ct_q_reg_105_
         u_ctrl/u_aes/ct_q_reg_0_
         u_ctrl/u_aes/ct_q_reg_125_
         u_ctrl/u_aes/ct_q_reg_118_
         u_ctrl/u_aes/ct_q_reg_123_
         u_ctrl/u_aes/ct_q_reg_127_
         u_ctrl/u_aes/ct_q_reg_119_
         u_ctrl/u_aes/ct_q_reg_51_
         u_ctrl/u_aes/rk0_q_reg_7_
         u_ctrl/u_aes/rk0_q_reg_5_
         u_ctrl/u_aes/rk0_q_reg_4_
         u_ctrl/u_aes/rk0_q_reg_6_
         u_ctrl/u_aes/rk0_q_reg_14_
         u_ctrl/u_aes/rk0_q_reg_10_
         u_ctrl/u_aes/rk0_q_reg_8_
         u_ctrl/u_aes/rk0_q_reg_2_
         u_ctrl/u_aes/rk0_q_reg_26_
         u_ctrl/u_aes/rk0_q_reg_13_
         u_ctrl/u_aes/rk0_q_reg_12_
         u_ctrl/u_aes/rk0_q_reg_11_
         u_ctrl/u_aes/rk0_q_reg_3_
         u_ctrl/u_aes/ct_q_reg_110_
         u_ctrl/u_aes/ct_q_reg_113_
         u_ctrl/u_aes/ct_q_reg_115_
         u_ctrl/u_aes/ct_q_reg_114_
         u_ctrl/u_aes/ct_q_reg_116_
         u_ctrl/u_aes/ct_q_reg_117_
         u_ctrl/u_aes/ct_q_reg_112_
         u_ctrl/u_aes/ct_q_reg_109_
         u_ctrl/u_aes/ct_q_reg_107_
         u_ctrl/u_aes/ct_q_reg_48_
         u_ctrl/u_aes/ct_q_reg_61_
         u_ctrl/u_aes/ct_q_reg_60_
         u_ctrl/u_aes/ct_q_reg_58_
         u_ctrl/u_aes/ct_q_reg_11_
         u_ctrl/u_aes/ct_q_reg_39_
         u_ctrl/u_aes/ct_q_reg_30_
         u_ctrl/u_aes/ct_q_reg_49_
         u_ctrl/u_aes/ct_q_reg_45_
         u_ctrl/u_aes/ct_q_reg_47_
         u_ctrl/u_aes/ct_q_reg_97_
         u_ctrl/u_aes/ct_q_reg_84_
         u_ctrl/u_aes/ct_q_reg_20_
         u_ctrl/u_aes/ct_q_reg_108_
         u_ctrl/u_aes/ct_q_reg_31_
         u_ctrl/u_aes/ct_q_reg_81_
         u_ctrl/u_aes/ct_q_reg_79_
         u_ctrl/u_aes/state_q_reg_99_
         u_ctrl/u_aes/state_q_reg_58_
         u_ctrl/u_aes/state_q_reg_57_
         u_ctrl/u_aes/state_q_reg_33_
         u_ctrl/u_aes/state_q_reg_48_
         u_ctrl/u_aes/state_q_reg_38_
         u_ctrl/u_aes/state_q_reg_69_
         u_ctrl/u_aes/state_q_reg_85_
         u_ctrl/u_aes/state_q_reg_6_
         u_ctrl/u_aes/state_q_reg_103_
         u_ctrl/u_aes/state_q_reg_61_
         u_ctrl/u_aes/rk0_q_reg_29_
         u_ctrl/u_aes/rk3_q_reg_17_
         u_ctrl/u_aes/state_q_reg_114_
         u_ctrl/u_aes/state_q_reg_60_
         u_ctrl/u_aes/state_q_reg_4_
         u_ctrl/u_aes/state_q_reg_27_
         u_ctrl/u_aes/state_q_reg_115_
         u_ctrl/u_aes/state_q_reg_30_
         u_ctrl/u_aes/state_q_reg_5_
         u_ctrl/u_aes/state_q_reg_98_
         u_ctrl/u_aes/state_q_reg_107_
         u_ctrl/u_aes/state_q_reg_108_
         u_ctrl/u_aes/rk0_q_reg_31_
         u_ctrl/u_aes/rk0_q_reg_27_
         u_ctrl/u_aes/rk3_q_reg_16_
         u_ctrl/u_aes/rk0_q_reg_30_
         u_ctrl/u_aes/rk3_q_reg_22_
         u_ctrl/u_aes/rk3_q_reg_21_
         u_ctrl/u_aes/state_q_reg_117_
         u_ctrl/u_aes/state_q_reg_32_
         u_ctrl/u_aes/state_q_reg_110_
         u_ctrl/u_aes/state_q_reg_14_
         u_ctrl/u_aes/state_q_reg_24_
         u_ctrl/u_aes/state_q_reg_113_
         u_ctrl/u_aes/rk3_q_reg_25_
         u_ctrl/u_aes/state_q_reg_116_
         u_ctrl/u_aes/rk3_q_reg_24_
         u_ctrl/u_aes/state_q_reg_90_
         u_ctrl/u_aes/state_q_reg_18_
         u_ctrl/u_aes/state_q_reg_56_
         u_ctrl/u_aes/state_q_reg_83_
         u_ctrl/u_aes/state_q_reg_49_
         u_ctrl/u_aes/state_q_reg_84_
         u_ctrl/u_aes/state_q_reg_81_
         u_ctrl/u_aes/state_q_reg_55_
         u_ctrl/u_aes/rk3_q_reg_29_
         u_ctrl/u_aes/rk3_q_reg_6_
         u_ctrl/u_aes/rk3_q_reg_12_
         u_ctrl/u_aes/state_q_reg_111_
         u_ctrl/u_aes/next_rk0_q_reg_7_
         u_ctrl/u_aes/rk3_q_reg_2_
         u_ctrl/u_aes/state_q_reg_29_
         u_ctrl/u_aes/state_q_reg_66_
         u_ctrl/u_aes/state_q_reg_43_
         u_ctrl/u_aes/state_q_reg_2_
         u_ctrl/u_aes/busy_reg
      *  18 cells are non-scan shift-register cells
         u_ctrl/tx_byte_ff2_reg_1_
         u_ctrl/tx_byte_ff2_reg_2_
         u_ctrl/tx_byte_ff2_reg_3_
         u_ctrl/tx_byte_ff2_reg_4_
         u_ctrl/tx_byte_ff2_reg_5_
         u_ctrl/tx_byte_ff2_reg_6_
         u_ctrl/tx_byte_ff2_reg_7_
         u_ctrl/tx_byte_ff2_reg_0_
         u_ctrl/fail_ff2_reg
         u_ctrl/u_ct_cdc_ack_ff2_reg
         u_ctrl/crc_ff2_reg
         u_ctrl/u_ct_cdc_req_ff2_reg
         u_ctrl/su_ff2_reg
         u_ctrl/done_div4_ff2_reg
         u_ctrl/txdone_ff2_reg
         u_ctrl/tx_busy_d_reg
         u_ctrl/u_send_cdc_req_ff2_reg
         u_ctrl/u_send_cdc_ack_ff2_reg

Information: Test design rule checking completed. (TEST-123)
1
