****************************************
Report : constraint
	-all_violators
	-path slack_only
Design : top_mcu_pll_sram_multiclk_soc
Version: W-2024.09-SP5-3
Date   : Wed Apr 15 19:09:47 2026
****************************************



   min_delay/hold ('clk_div2' group)

   Endpoint                                                  Slack
   -----------------------------------------------------------------
   u_mem/u_sram/I[0]                                       -0.0140  (VIOLATED)
   u_mem/u_sram/I[2]                                       -0.0138  (VIOLATED)
   u_mem/u_sram/I[6]                                       -0.0132  (VIOLATED)
   u_mem/u_sram/I[1]                                       -0.0129  (VIOLATED)
   u_mem/u_sram/I[5]                                       -0.0116  (VIOLATED)
   u_mem/u_sram/I[7]                                       -0.0110  (VIOLATED)
   u_mem/u_sram/I[3]                                       -0.0103  (VIOLATED)
   u_mem/u_sram/I[4]                                       -0.0101  (VIOLATED)




   max_capacitance

                             Required        Actual
   Pin                      Capacitance    Capacitance       Slack
   -----------------------------------------------------------------
   u_ctrl/U372/Y            168.0000       638.6378       -470.6378 (VIOLATED)
   u_ctrl/U844/Y            168.0000       361.0872       -193.0872 (VIOLATED)
   u_ctrl/u_aes/U7672/Y      16.0000        22.2135        -6.2135  (VIOLATED)
   u_ctrl/u_aes/state_reg_125_/Q   8.0000   13.7027        -5.7027  (VIOLATED)
   u_ctrl/u_aes/state_reg_78_/Q   8.0000    12.8839        -4.8839  (VIOLATED)
   u_ctrl/u_aes/U5560/Y      16.0000        20.1541        -4.1541  (VIOLATED)
   u_ctrl/U22/Y              32.0000        35.4406        -3.4406  (VIOLATED)
   u_ctrl/u_aes/state_reg_117_/Q   8.0000   11.3776        -3.3776  (VIOLATED)
   u_ctrl/u_aes/U5157/Y      16.0000        18.9965        -2.9965  (VIOLATED)
   u_ctrl/u_aes/state_reg_91_/Q   8.0000    10.8019        -2.8019  (VIOLATED)
   u_ctrl/u_aes/state_reg_119_/Q  16.0000   18.7573        -2.7573  (VIOLATED)
   u_ctrl/u_aes/state_reg_105_/Q   8.0000   10.6190        -2.6190  (VIOLATED)
   u_ctrl/u_aes/state_reg_11_/Q   8.0000    10.6073        -2.6073  (VIOLATED)
   u_ctrl/u_aes/U8089/Y      16.0000        18.5721        -2.5721  (VIOLATED)
   u_ctrl/U31/Y              32.0000        34.4518        -2.4518  (VIOLATED)
   u_ctrl/U18/Y              32.0000        34.2097        -2.2097  (VIOLATED)
   u_ctrl/U48/Y              32.0000        34.0221        -2.0221  (VIOLATED)
   u_ctrl/u_aes/U6332/Y      32.0000        34.0056        -2.0056  (VIOLATED)
   u_ctrl/u_aes/U4196/Y      16.0000        17.8405        -1.8405  (VIOLATED)
   u_ctrl/u_aes/U8245/Y      16.0000        17.8161        -1.8161  (VIOLATED)
   u_ctrl/u_aes/U6304/Y      16.0000        17.7689        -1.7689  (VIOLATED)
   u_ctrl/u_aes/U4174/Y      16.0000        17.7256        -1.7256  (VIOLATED)
   u_ctrl/u_aes/state_reg_37_/Q  16.0000    17.6003        -1.6003  (VIOLATED)
   u_ctrl/u_aes/U2983/Y      32.0000        33.5991        -1.5991  (VIOLATED)
   u_ctrl/u_aes/state_reg_67_/Q   8.0000     9.5576        -1.5576  (VIOLATED)
   u_ctrl/u_aes/U7444/Y      16.0000        17.5073        -1.5073  (VIOLATED)
   u_ctrl/u_aes/state_reg_91_/QN   8.0000    9.4568        -1.4568  (VIOLATED)
   u_ctrl/u_aes/U2742/Y      32.0000        33.4233        -1.4233  (VIOLATED)
   u_ctrl/u_aes/U5244/Y      16.0000        17.3547        -1.3547  (VIOLATED)
   u_ctrl/u_aes/U713/Y        8.0000         9.3535        -1.3535  (VIOLATED)
   u_ctrl/u_aes/U8132/Y      16.0000        17.3404        -1.3404  (VIOLATED)
   u_ctrl/u_aes/U1459/Y       8.0000         9.2884        -1.2884  (VIOLATED)
   u_ctrl/u_aes/U7598/Y      16.0000        17.2648        -1.2648  (VIOLATED)
   u_ctrl/u_aes/U1958/Y      32.0000        33.1200        -1.1200  (VIOLATED)
   u_ctrl/u_aes/U2777/Y       8.0000         9.1175        -1.1175  (VIOLATED)
   u_ctrl/U337/Y              8.0000         9.1157        -1.1157  (VIOLATED)
   u_ctrl/U411/Y             16.0000        17.0573        -1.0573  (VIOLATED)
   u_ctrl/tx_idx_div2_reg_2_/Q   8.0000      8.9983        -0.9983  (VIOLATED)
   u_ctrl/u_aes/U2495/Y      16.0000        16.9950        -0.9950  (VIOLATED)
   u_ctrl/u_aes/U4813/Y       8.0000         8.9448        -0.9448  (VIOLATED)
   u_ctrl/u_aes/rkeys_reg_96_/Q  16.0000    16.9237        -0.9237  (VIOLATED)
   u_ctrl/u_aes/U4700/Y      16.0000        16.9197        -0.9197  (VIOLATED)
   u_ctrl/u_aes/U20/Y        32.0000        32.9097        -0.9097  (VIOLATED)
   u_ctrl/u_aes/U536/Y        8.0000         8.8938        -0.8938  (VIOLATED)
   u_ctrl/u_aes/U3479/Y      32.0000        32.8816        -0.8816  (VIOLATED)
   u_ctrl/u_aes/U9269/Y      16.0000        16.8808        -0.8808  (VIOLATED)
   u_ctrl/u_aes/U4870/Y       8.0000         8.8785        -0.8785  (VIOLATED)
   u_ctrl/u_aes/U2719/Y       8.0000         8.8444        -0.8444  (VIOLATED)
   u_ctrl/u_aes/U2984/Y       8.0000         8.8321        -0.8321  (VIOLATED)
   u_ctrl/u_aes/U2705/Y       8.0000         8.7870        -0.7870  (VIOLATED)
   u_ctrl/u_aes/U1779/Y       8.0000         8.7820        -0.7820  (VIOLATED)
   u_ctrl/u_crc/U28/Y         8.0000         8.7473        -0.7473  (VIOLATED)
   u_ctrl/u_aes/U4126/Y      16.0000        16.7421        -0.7421  (VIOLATED)
   u_ctrl/u_aes/U5082/Y       8.0000         8.7177        -0.7177  (VIOLATED)
   u_ctrl/U280/Y              8.0000         8.7131        -0.7131  (VIOLATED)
   u_ctrl/u_aes/U4084/Y      16.0000        16.7078        -0.7078  (VIOLATED)
   u_ctrl/U63/Y               8.0000         8.6859        -0.6859  (VIOLATED)
   u_ctrl/U539/Y              8.0000         8.6785        -0.6785  (VIOLATED)
   u_ctrl/u_aes/U658/Y        8.0000         8.6756        -0.6756  (VIOLATED)
   u_ctrl/u_aes/U7539/Y      16.0000        16.6696        -0.6696  (VIOLATED)
   u_ctrl/u_aes/U2603/Y      32.0000        32.6551        -0.6551  (VIOLATED)
   u_ctrl/U249/Y              8.0000         8.6408        -0.6408  (VIOLATED)
   u_ctrl/u_aes/U2344/Y       8.0000         8.6340        -0.6340  (VIOLATED)
   u_ctrl/u_aes/U3117/Y      32.0000        32.6309        -0.6309  (VIOLATED)
   u_ctrl/u_aes/rkeys_reg_102_/Q  16.0000   16.6162        -0.6162  (VIOLATED)
   u_ctrl/u_aes/U4550/Y       8.0000         8.6072        -0.6072  (VIOLATED)
   u_ctrl/U435/Y              8.0000         8.6066        -0.6066  (VIOLATED)
   u_ctrl/u_crc/U21/SO        8.0000         8.5947        -0.5947  (VIOLATED)
   u_ctrl/u_aes/U123/Y        8.0000         8.5924        -0.5924  (VIOLATED)
   u_ctrl/u_aes/U278/Y        8.0000         8.5730        -0.5730  (VIOLATED)
   u_ctrl/u_aes/U678/Y        8.0000         8.5578        -0.5578  (VIOLATED)
   u_ctrl/u_aes/U503/Y        8.0000         8.5561        -0.5561  (VIOLATED)
   u_ctrl/u_aes/U1656/Y       8.0000         8.5423        -0.5423  (VIOLATED)
   u_ctrl/u_aes/U4114/Y      16.0000        16.5379        -0.5379  (VIOLATED)
   u_ctrl/u_aes/U3205/Y       8.0000         8.5353        -0.5353  (VIOLATED)
   u_ctrl/u_aes/U246/Y       16.0000        16.5315        -0.5315  (VIOLATED)
   u_ctrl/u_aes/state_reg_99_/Q   8.0000     8.5290        -0.5290  (VIOLATED)
   u_ctrl/U494/Y             64.0000        64.5288        -0.5288  (VIOLATED)
   u_ctrl/u_aes/U5488/Y       8.0000         8.5175        -0.5175  (VIOLATED)
   u_ctrl/u_aes/U3000/Y       8.0000         8.5077        -0.5077  (VIOLATED)
   u_ctrl/u_aes/U9021/Y       8.0000         8.5039        -0.5039  (VIOLATED)
   u_ctrl/U810/Y             16.0000        16.4952        -0.4952  (VIOLATED)
   u_ctrl/u_aes/U4198/Y      16.0000        16.4804        -0.4804  (VIOLATED)
   u_ctrl/u_aes/U736/Y        8.0000         8.4770        -0.4770  (VIOLATED)
   u_ctrl/u_aes/U825/Y        8.0000         8.4754        -0.4754  (VIOLATED)
   u_ctrl/u_aes/U1218/Y       8.0000         8.4463        -0.4463  (VIOLATED)
   u_ctrl/u_aes/U434/Y        8.0000         8.4237        -0.4237  (VIOLATED)
   u_ctrl/u_aes/U1846/Y       8.0000         8.4115        -0.4115  (VIOLATED)
   u_ctrl/u_aes/U2824/Y       8.0000         8.3992        -0.3992  (VIOLATED)
   u_ctrl/u_aes/U3726/Y       8.0000         8.3976        -0.3976  (VIOLATED)
   u_ctrl/u_aes/U8485/Y       8.0000         8.3834        -0.3834  (VIOLATED)
   u_ctrl/u_aes/U2397/Y       8.0000         8.3803        -0.3803  (VIOLATED)
   u_ctrl/u_aes/U1492/Y       8.0000         8.3798        -0.3798  (VIOLATED)
   u_ctrl/u_aes/state_reg_107_/Q   8.0000    8.3780        -0.3780  (VIOLATED)
   u_ctrl/u_aes/rkeys_reg_99_/Q  16.0000    16.3772        -0.3772  (VIOLATED)
   u_ctrl/u_aes/U702/Y        8.0000         8.3690        -0.3690  (VIOLATED)
   u_ctrl/u_aes/U9275/Y      16.0000        16.3676        -0.3676  (VIOLATED)
   u_ctrl/u_rx/U42/Y         16.0000        16.3668        -0.3668  (VIOLATED)
   u_ctrl/u_aes/U7290/Y      16.0000        16.3580        -0.3580  (VIOLATED)
   u_ctrl/u_aes/U673/Y        8.0000         8.3552        -0.3552  (VIOLATED)
   u_ctrl/u_aes/U5317/Y       8.0000         8.3551        -0.3551  (VIOLATED)
   u_ctrl/u_send_cdc/pulse_dst_reg/Q   8.0000   8.3334     -0.3334  (VIOLATED)
   u_ctrl/u_aes/U3560/Y       8.0000         8.3298        -0.3298  (VIOLATED)
   u_ctrl/u_aes/U1405/Y       8.0000         8.3243        -0.3243  (VIOLATED)
   u_ctrl/u_aes/U4373/Y       8.0000         8.3201        -0.3201  (VIOLATED)
   u_ctrl/u_aes/state_reg_80_/Q   8.0000     8.3188        -0.3188  (VIOLATED)
   u_ctrl/U733/Y             16.0000        16.3186        -0.3186  (VIOLATED)
   u_ctrl/u_aes/U6065/Y       8.0000         8.3129        -0.3129  (VIOLATED)
   u_ctrl/u_aes/U4912/Y       8.0000         8.3126        -0.3126  (VIOLATED)
   u_ctrl/u_aes/U7557/Y      16.0000        16.3093        -0.3093  (VIOLATED)
   u_ctrl/u_aes/state_reg_2_/QN   8.0000     8.2966        -0.2966  (VIOLATED)
   u_ctrl/u_aes/U7421/Y      16.0000        16.2964        -0.2964  (VIOLATED)
   u_ctrl/u_aes/rkeys_reg_65_/Q  16.0000    16.2952        -0.2952  (VIOLATED)
   u_ctrl/u_aes/U1467/Y       8.0000         8.2883        -0.2883  (VIOLATED)
   u_ctrl/u_aes/U4110/Y      16.0000        16.2833        -0.2833  (VIOLATED)
   u_ctrl/u_aes/U6104/Y       8.0000         8.2818        -0.2818  (VIOLATED)
   u_ctrl/u_aes/state_reg_108_/Q   8.0000    8.2818        -0.2818  (VIOLATED)
   u_ctrl/u_aes/state_reg_13_/Q  16.0000    16.2695        -0.2695  (VIOLATED)
   u_ctrl/u_aes/U7510/Y      16.0000        16.2626        -0.2626  (VIOLATED)
   u_ctrl/u_aes/U7609/Y      16.0000        16.2524        -0.2524  (VIOLATED)
   u_ctrl/u_aes/U1644/Y       8.0000         8.2346        -0.2346  (VIOLATED)
   u_ctrl/U562/Y              8.0000         8.2314        -0.2314  (VIOLATED)
   u_ctrl/u_aes/U1441/Y       8.0000         8.2226        -0.2226  (VIOLATED)
   u_ctrl/u_aes/U2431/Y       8.0000         8.2062        -0.2062  (VIOLATED)
   u_ctrl/u_aes/U8609/Y       8.0000         8.1859        -0.1859  (VIOLATED)
   u_ctrl/u_aes/U2699/Y       8.0000         8.1845        -0.1845  (VIOLATED)
   u_ctrl/u_aes/U8552/Y      16.0000        16.1795        -0.1795  (VIOLATED)
   u_ctrl/u_aes/state_reg_39_/Q  16.0000    16.1709        -0.1709  (VIOLATED)
   u_ctrl/U127/Y              8.0000         8.1671        -0.1671  (VIOLATED)
   u_ctrl/u_aes/U8005/Y      16.0000        16.1493        -0.1493  (VIOLATED)
   u_ctrl/u_aes/rkeys_reg_1156_/Q   8.0000   8.1481        -0.1481  (VIOLATED)
   u_ctrl/u_aes/state_reg_118_/Q  16.0000   16.1449        -0.1449  (VIOLATED)
   u_ctrl/u_aes/state_reg_52_/Q   8.0000     8.1437        -0.1437  (VIOLATED)
   u_ctrl/u_aes/U4681/Y      16.0000        16.1412        -0.1412  (VIOLATED)
   u_ctrl/u_aes/U4988/Y       8.0000         8.1347        -0.1347  (VIOLATED)
   u_ctrl/u_aes/ct_out_reg_70_/Q  16.0000   16.1265        -0.1265  (VIOLATED)
   u_ctrl/u_aes/state_reg_5_/QN  16.0000    16.1260        -0.1260  (VIOLATED)
   u_ctrl/U410/Y             16.0000        16.1229        -0.1229  (VIOLATED)
   u_ctrl/u_aes/U3173/Y       8.0000         8.1130        -0.1130  (VIOLATED)
   u_ctrl/u_aes/rkeys_reg_1083_/Q   8.0000   8.1111        -0.1111  (VIOLATED)
   u_ctrl/u_aes/U4655/Y      16.0000        16.1104        -0.1104  (VIOLATED)
   u_ctrl/u_aes/U497/Y        8.0000         8.1052        -0.1052  (VIOLATED)
   u_ctrl/u_aes/U2930/Y       8.0000         8.0993        -0.0993  (VIOLATED)
   u_ctrl/u_aes/U4201/Y      16.0000        16.0962        -0.0962  (VIOLATED)
   u_ctrl/u_aes/U4949/Y       8.0000         8.0962        -0.0962  (VIOLATED)
   u_ctrl/u_aes/U4682/Y      16.0000        16.0934        -0.0934  (VIOLATED)
   u_ctrl/u_aes/U542/Y        8.0000         8.0887        -0.0887  (VIOLATED)
   u_ctrl/u_aes/U2839/Y       8.0000         8.0857        -0.0857  (VIOLATED)
   u_ctrl/u_aes/U4893/Y       8.0000         8.0788        -0.0788  (VIOLATED)
   u_ctrl/u_aes/ct_out_reg_52_/Q   8.0000    8.0768        -0.0768  (VIOLATED)
   u_ctrl/u_crc/U48/SO        8.0000         8.0754        -0.0754  (VIOLATED)
   u_ctrl/u_aes/U8144/Y      16.0000        16.0669        -0.0669  (VIOLATED)
   u_ctrl/u_aes/U3323/Y       8.0000         8.0668        -0.0668  (VIOLATED)
   u_ctrl/u_aes/ct_out_reg_10_/Q   8.0000    8.0616        -0.0616  (VIOLATED)
   u_ctrl/u_aes/U8305/Y       8.0000         8.0593        -0.0593  (VIOLATED)
   u_ctrl/u_aes/state_reg_20_/QN   8.0000    8.0583        -0.0583  (VIOLATED)
   u_ctrl/u_aes/U4831/Y       8.0000         8.0564        -0.0564  (VIOLATED)
   u_ctrl/u_aes/ct_out_reg_67_/Q  16.0000   16.0553        -0.0553  (VIOLATED)
   u_ctrl/u_aes/U383/Y        8.0000         8.0552        -0.0552  (VIOLATED)
   u_ctrl/u_aes/U3048/Y       8.0000         8.0479        -0.0479  (VIOLATED)
   u_ctrl/u_aes/U6313/Y      64.0000        64.0473        -0.0473  (VIOLATED)
   u_ctrl/u_aes/U4589/Y      16.0000        16.0410        -0.0410  (VIOLATED)
   u_ctrl/u_aes/U3184/Y       8.0000         8.0353        -0.0353  (VIOLATED)
   u_ctrl/u_aes/state_reg_50_/QN  16.0000   16.0318        -0.0318  (VIOLATED)
   u_ctrl/u_aes/U5026/Y       8.0000         8.0280        -0.0280  (VIOLATED)
   u_ctrl/u_aes/U2838/Y       8.0000         8.0278        -0.0278  (VIOLATED)
   u_ctrl/u_aes/U3047/Y       8.0000         8.0250        -0.0250  (VIOLATED)
   u_ctrl/u_aes/U7834/SO      8.0000         8.0236        -0.0236  (VIOLATED)
   u_ctrl/u_aes/U1894/Y       8.0000         8.0218        -0.0218  (VIOLATED)
   u_ctrl/u_aes/ct_out_reg_54_/Q  16.0000   16.0206        -0.0206  (VIOLATED)
   u_ctrl/u_aes/U6044/Y       8.0000         8.0187        -0.0187  (VIOLATED)
   u_ctrl/u_aes/U4326/Y       8.0000         8.0068        -0.0068  (VIOLATED)
   u_ctrl/u_aes/U8/Y         16.0000        16.0038        -0.0038  (VIOLATED)


1
