****************************************
Report : constraint
	-all_violators
	-path slack_only
Design : top_mcu_pll_sram_multiclk_soc
Version: W-2024.09-SP5-3
Date   : Wed Apr 15 19:10:24 2026
****************************************






   max_capacitance

                             Required        Actual
   Pin                      Capacitance    Capacitance       Slack
   -----------------------------------------------------------------
   u_ctrl/U372/Y            168.0000       622.8430       -454.8430 (VIOLATED)
   u_ctrl/U844/Y            168.0000       353.2923       -185.2923 (VIOLATED)
   u_ctrl/u_aes/U7672/Y      16.0000        22.1577        -6.1577  (VIOLATED)
   u_ctrl/u_aes/state_reg_125_/Q   8.0000   13.6026        -5.6026  (VIOLATED)
   u_ctrl/u_aes/state_reg_78_/Q   8.0000    12.6793        -4.6793  (VIOLATED)
   u_ctrl/u_aes/U5560/Y      16.0000        20.1023        -4.1023  (VIOLATED)
   u_ctrl/u_aes/state_reg_117_/Q   8.0000   11.2997        -3.2997  (VIOLATED)
   u_ctrl/u_aes/U5157/Y      16.0000        18.9799        -2.9799  (VIOLATED)
   u_ctrl/u_aes/state_reg_91_/Q   8.0000    10.6600        -2.6600  (VIOLATED)
   u_ctrl/u_aes/state_reg_119_/Q  16.0000   18.6308        -2.6308  (VIOLATED)
   u_ctrl/u_aes/U8089/Y      16.0000        18.5555        -2.5555  (VIOLATED)
   u_ctrl/U22/Y              32.0000        34.5429        -2.5429  (VIOLATED)
   u_ctrl/u_aes/state_reg_11_/Q   8.0000    10.5205        -2.5205  (VIOLATED)
   u_ctrl/u_aes/state_reg_105_/Q   8.0000   10.4524        -2.4524  (VIOLATED)
   u_ctrl/u_aes/U6332/Y      32.0000        33.8627        -1.8627  (VIOLATED)
   u_ctrl/u_aes/U8245/Y      16.0000        17.7898        -1.7898  (VIOLATED)
   u_ctrl/u_aes/U6304/Y      16.0000        17.7182        -1.7182  (VIOLATED)
   u_ctrl/u_aes/state_reg_37_/Q  16.0000    17.5907        -1.5907  (VIOLATED)
   u_ctrl/U31/Y              32.0000        33.5705        -1.5705  (VIOLATED)
   u_ctrl/u_aes/U4196/Y      16.0000        17.5342        -1.5342  (VIOLATED)
   u_ctrl/u_aes/U7444/Y      16.0000        17.4853        -1.4853  (VIOLATED)
   u_ctrl/u_aes/state_reg_67_/Q   8.0000     9.4262        -1.4262  (VIOLATED)
   u_ctrl/u_aes/U4174/Y      16.0000        17.4252        -1.4252  (VIOLATED)
   u_ctrl/U18/Y              32.0000        33.4156        -1.4156  (VIOLATED)
   u_ctrl/u_aes/U5244/Y      16.0000        17.3519        -1.3519  (VIOLATED)
   u_ctrl/u_aes/state_reg_91_/QN   8.0000    9.3439        -1.3439  (VIOLATED)
   u_ctrl/u_aes/U8132/Y      16.0000        17.2863        -1.2863  (VIOLATED)
   u_ctrl/u_aes/U2983/Y      32.0000        33.2789        -1.2789  (VIOLATED)
   u_ctrl/u_aes/U7598/Y      16.0000        17.2397        -1.2397  (VIOLATED)
   u_ctrl/u_aes/U713/Y        8.0000         9.2034        -1.2034  (VIOLATED)
   u_ctrl/U48/Y              32.0000        33.1961        -1.1961  (VIOLATED)
   u_ctrl/u_aes/U1459/Y       8.0000         9.1700        -1.1700  (VIOLATED)
   u_ctrl/u_aes/U2742/Y      32.0000        33.0894        -1.0894  (VIOLATED)
   u_ctrl/U337/Y              8.0000         9.0344        -1.0344  (VIOLATED)
   u_ctrl/u_aes/U2777/Y       8.0000         8.9866        -0.9866  (VIOLATED)
   u_ctrl/u_aes/U1958/Y      32.0000        32.9437        -0.9437  (VIOLATED)
   u_ctrl/u_aes/rkeys_reg_96_/Q  16.0000    16.8982        -0.8982  (VIOLATED)
   u_ctrl/u_aes/U9269/Y      16.0000        16.8800        -0.8800  (VIOLATED)
   u_ctrl/u_aes/U4813/Y       8.0000         8.8546        -0.8546  (VIOLATED)
   u_ctrl/u_aes/U4700/Y      16.0000        16.8478        -0.8478  (VIOLATED)
   u_ctrl/tx_idx_div2_reg_2_/Q   8.0000      8.8460        -0.8460  (VIOLATED)
   u_ctrl/u_aes/U20/Y        32.0000        32.8230        -0.8230  (VIOLATED)
   u_ctrl/u_aes/U536/Y        8.0000         8.8200        -0.8200  (VIOLATED)
   u_ctrl/u_aes/U4870/Y       8.0000         8.7909        -0.7909  (VIOLATED)
   u_ctrl/u_aes/U2719/Y       8.0000         8.7586        -0.7586  (VIOLATED)
   u_ctrl/U411/Y             16.0000        16.7338        -0.7338  (VIOLATED)
   u_ctrl/u_aes/U2495/Y      16.0000        16.7327        -0.7327  (VIOLATED)
   u_ctrl/u_aes/U2984/Y       8.0000         8.7215        -0.7215  (VIOLATED)
   u_ctrl/u_aes/U1779/Y       8.0000         8.6863        -0.6863  (VIOLATED)
   u_ctrl/u_aes/U2705/Y       8.0000         8.6776        -0.6776  (VIOLATED)
   u_ctrl/u_aes/U7539/Y      16.0000        16.6445        -0.6445  (VIOLATED)
   u_ctrl/u_aes/U5082/Y       8.0000         8.6378        -0.6378  (VIOLATED)
   u_ctrl/U280/Y              8.0000         8.6104        -0.6104  (VIOLATED)
   u_ctrl/U539/Y              8.0000         8.5980        -0.5980  (VIOLATED)
   u_ctrl/u_aes/rkeys_reg_102_/Q  16.0000   16.5907        -0.5907  (VIOLATED)
   u_ctrl/u_crc/U28/Y         8.0000         8.5831        -0.5831  (VIOLATED)
   u_ctrl/u_aes/U4084/Y      16.0000        16.5701        -0.5701  (VIOLATED)
   u_ctrl/U435/Y              8.0000         8.5603        -0.5603  (VIOLATED)
   u_ctrl/U63/Y               8.0000         8.5602        -0.5602  (VIOLATED)
   u_ctrl/u_aes/U658/Y        8.0000         8.5534        -0.5534  (VIOLATED)
   u_ctrl/u_aes/U2344/Y       8.0000         8.5520        -0.5520  (VIOLATED)
   u_ctrl/u_aes/U3479/Y      32.0000        32.5495        -0.5495  (VIOLATED)
   u_ctrl/u_aes/U4550/Y       8.0000         8.5335        -0.5335  (VIOLATED)
   u_ctrl/u_aes/U278/Y        8.0000         8.5130        -0.5130  (VIOLATED)
   u_ctrl/u_aes/U123/Y        8.0000         8.4906        -0.4906  (VIOLATED)
   u_ctrl/u_crc/U21/SO        8.0000         8.4902        -0.4902  (VIOLATED)
   u_ctrl/U249/Y              8.0000         8.4839        -0.4839  (VIOLATED)
   u_ctrl/u_aes/U4126/Y      16.0000        16.4681        -0.4681  (VIOLATED)
   u_ctrl/u_aes/U503/Y        8.0000         8.4639        -0.4639  (VIOLATED)
   u_ctrl/u_aes/U3205/Y       8.0000         8.4509        -0.4509  (VIOLATED)
   u_ctrl/u_aes/U678/Y        8.0000         8.4425        -0.4425  (VIOLATED)
   u_ctrl/u_aes/U3000/Y       8.0000         8.4403        -0.4403  (VIOLATED)
   u_ctrl/u_aes/U4114/Y      16.0000        16.4394        -0.4394  (VIOLATED)
   u_ctrl/u_aes/U5488/Y       8.0000         8.4375        -0.4375  (VIOLATED)
   u_ctrl/u_aes/U246/Y       16.0000        16.4370        -0.4370  (VIOLATED)
   u_ctrl/u_aes/state_reg_99_/Q   8.0000     8.4286        -0.4286  (VIOLATED)
   u_ctrl/u_aes/U9021/Y       8.0000         8.3789        -0.3789  (VIOLATED)
   u_ctrl/u_aes/U1656/Y       8.0000         8.3785        -0.3785  (VIOLATED)
   u_ctrl/u_aes/U736/Y        8.0000         8.3782        -0.3782  (VIOLATED)
   u_ctrl/U810/Y             16.0000        16.3741        -0.3741  (VIOLATED)
   u_ctrl/u_aes/U825/Y        8.0000         8.3682        -0.3682  (VIOLATED)
   u_ctrl/u_aes/U9275/Y      16.0000        16.3668        -0.3668  (VIOLATED)
   u_ctrl/u_aes/U1218/Y       8.0000         8.3640        -0.3640  (VIOLATED)
   u_ctrl/u_aes/U434/Y        8.0000         8.3607        -0.3607  (VIOLATED)
   u_ctrl/u_aes/U3117/Y      32.0000        32.3540        -0.3540  (VIOLATED)
   u_ctrl/u_aes/rkeys_reg_99_/Q  16.0000    16.3517        -0.3517  (VIOLATED)
   u_ctrl/u_aes/U7290/Y      16.0000        16.3329        -0.3329  (VIOLATED)
   u_ctrl/u_aes/U3726/Y       8.0000         8.3301        -0.3301  (VIOLATED)
   u_ctrl/u_aes/U1492/Y       8.0000         8.3120        -0.3120  (VIOLATED)
   u_ctrl/u_aes/U1846/Y       8.0000         8.3066        -0.3066  (VIOLATED)
   u_ctrl/u_aes/U2824/Y       8.0000         8.2984        -0.2984  (VIOLATED)
   u_ctrl/u_aes/U8485/Y       8.0000         8.2930        -0.2930  (VIOLATED)
   u_ctrl/u_aes/U7557/Y      16.0000        16.2873        -0.2873  (VIOLATED)
   u_ctrl/u_aes/U702/Y        8.0000         8.2841        -0.2841  (VIOLATED)
   u_ctrl/u_aes/U3560/Y       8.0000         8.2805        -0.2805  (VIOLATED)
   u_ctrl/u_aes/U5317/Y       8.0000         8.2758        -0.2758  (VIOLATED)
   u_ctrl/u_aes/U7421/Y      16.0000        16.2744        -0.2744  (VIOLATED)
   u_ctrl/u_aes/U6065/Y       8.0000         8.2720        -0.2720  (VIOLATED)
   u_ctrl/u_aes/U673/Y        8.0000         8.2700        -0.2700  (VIOLATED)
   u_ctrl/u_aes/U2603/Y      32.0000        32.2671        -0.2671  (VIOLATED)
   u_ctrl/u_aes/state_reg_107_/Q   8.0000    8.2642        -0.2642  (VIOLATED)
   u_ctrl/u_aes/U2397/Y       8.0000         8.2584        -0.2584  (VIOLATED)
   u_ctrl/u_aes/U4198/Y      16.0000        16.2562        -0.2562  (VIOLATED)
   u_ctrl/u_aes/state_reg_2_/QN   8.0000     8.2552        -0.2552  (VIOLATED)
   u_ctrl/u_aes/U6104/Y       8.0000         8.2515        -0.2515  (VIOLATED)
   u_ctrl/u_aes/rkeys_reg_65_/Q  16.0000    16.2483        -0.2483  (VIOLATED)
   u_ctrl/u_aes/U4912/Y       8.0000         8.2334        -0.2334  (VIOLATED)
   u_ctrl/u_aes/U7609/Y      16.0000        16.2273        -0.2273  (VIOLATED)
   u_ctrl/u_aes/U1405/Y       8.0000         8.2212        -0.2212  (VIOLATED)
   u_ctrl/u_aes/U7510/Y      16.0000        16.2119        -0.2119  (VIOLATED)
   u_ctrl/u_aes/U4373/Y       8.0000         8.2087        -0.2087  (VIOLATED)
   u_ctrl/u_send_cdc/pulse_dst_reg/Q   8.0000   8.1865     -0.1865  (VIOLATED)
   u_ctrl/u_aes/U4110/Y      16.0000        16.1853        -0.1853  (VIOLATED)
   u_ctrl/U733/Y             16.0000        16.1819        -0.1819  (VIOLATED)
   u_ctrl/u_aes/U1467/Y       8.0000         8.1719        -0.1719  (VIOLATED)
   u_ctrl/u_aes/state_reg_80_/Q   8.0000     8.1696        -0.1696  (VIOLATED)
   u_ctrl/U562/Y              8.0000         8.1569        -0.1569  (VIOLATED)
   u_ctrl/U127/Y              8.0000         8.1528        -0.1528  (VIOLATED)
   u_ctrl/u_aes/state_reg_108_/Q   8.0000    8.1513        -0.1513  (VIOLATED)
   u_ctrl/u_aes/U1441/Y       8.0000         8.1470        -0.1470  (VIOLATED)
   u_ctrl/u_aes/rkeys_reg_1156_/Q   8.0000   8.1348        -0.1348  (VIOLATED)
   u_ctrl/u_aes/state_reg_52_/Q   8.0000     8.1345        -0.1345  (VIOLATED)
   u_ctrl/u_rx/U42/Y         16.0000        16.1335        -0.1335  (VIOLATED)
   u_ctrl/u_aes/U1644/Y       8.0000         8.1293        -0.1293  (VIOLATED)
   u_ctrl/u_aes/U2699/Y       8.0000         8.1290        -0.1290  (VIOLATED)
   u_ctrl/u_aes/U8609/Y       8.0000         8.1112        -0.1112  (VIOLATED)
   u_ctrl/u_aes/U8005/Y      16.0000        16.1107        -0.1107  (VIOLATED)
   u_ctrl/u_aes/ct_out_reg_70_/Q  16.0000   16.1053        -0.1053  (VIOLATED)
   u_ctrl/u_aes/U8552/Y      16.0000        16.1044        -0.1044  (VIOLATED)
   u_ctrl/u_aes/U4681/Y      16.0000        16.0956        -0.0956  (VIOLATED)
   u_ctrl/u_aes/U4655/Y      16.0000        16.0884        -0.0884  (VIOLATED)
   u_ctrl/u_aes/rkeys_reg_1083_/Q   8.0000   8.0848        -0.0848  (VIOLATED)
   u_ctrl/u_aes/state_reg_13_/Q  16.0000    16.0758        -0.0758  (VIOLATED)
   u_ctrl/u_aes/U2431/Y       8.0000         8.0708        -0.0708  (VIOLATED)
   u_ctrl/u_aes/U8144/Y      16.0000        16.0660        -0.0660  (VIOLATED)
   u_ctrl/u_aes/U3323/Y       8.0000         8.0550        -0.0550  (VIOLATED)
   u_ctrl/u_aes/state_reg_5_/QN  16.0000    16.0527        -0.0527  (VIOLATED)
   u_ctrl/u_aes/state_reg_39_/Q  16.0000    16.0525        -0.0525  (VIOLATED)
   u_ctrl/u_aes/U4682/Y      16.0000        16.0427        -0.0427  (VIOLATED)
   u_ctrl/u_aes/ct_out_reg_52_/Q   8.0000    8.0417        -0.0417  (VIOLATED)
   u_ctrl/u_aes/U497/Y        8.0000         8.0371        -0.0371  (VIOLATED)
   u_ctrl/u_aes/U4949/Y       8.0000         8.0365        -0.0365  (VIOLATED)
   u_ctrl/u_aes/U8305/Y       8.0000         8.0329        -0.0329  (VIOLATED)
   u_ctrl/u_aes/ct_out_reg_10_/Q   8.0000    8.0296        -0.0296  (VIOLATED)
   u_ctrl/u_aes/ct_out_reg_67_/Q  16.0000   16.0278        -0.0278  (VIOLATED)
   u_ctrl/u_aes/U2930/Y       8.0000         8.0277        -0.0277  (VIOLATED)
   u_ctrl/u_aes/U4988/Y       8.0000         8.0152        -0.0152  (VIOLATED)
   u_ctrl/u_aes/U3173/Y       8.0000         8.0092        -0.0092  (VIOLATED)
   u_ctrl/u_aes/U2839/Y       8.0000         8.0083        -0.0083  (VIOLATED)
   u_ctrl/u_aes/U4893/Y       8.0000         8.0073        -0.0073  (VIOLATED)


1
