****************************************
Report : qor
Design : top_mcu_pll_sram_multiclk_soc
Version: W-2024.09-SP5-3
Date   : Wed Apr 15 22:15:08 2026
****************************************

  Timing Path Group '**clock_gating_default**' (max_delay/setup)
  ---------------------------------------------
  Levels of Logic:                            1
  Critical Path Length:                  0.0469
  Critical Path Slack:                   3.7931
  Total Negative Slack:                  0.0000
  No. of Violating Paths:                     0
  ---------------------------------------------

  Timing Path Group 'INS' (max_delay/setup)
  ---------------------------------------------
  Levels of Logic:                            4
  Critical Path Length:                  4.9525
  Critical Path Slack:                   2.8333
  Total Negative Slack:                  0.0000
  No. of Violating Paths:                     0
  ---------------------------------------------

  Timing Path Group 'OUTS' (max_delay/setup)
  ---------------------------------------------
  Levels of Logic:                            1
  Critical Path Length:                  0.2869
  Critical Path Slack:                   6.5531
  Total Negative Slack:                  0.0000
  No. of Violating Paths:                     0
  ---------------------------------------------

  Timing Path Group 'ref_clk' (max_delay/setup)
  ---------------------------------------------
  Levels of Logic:                            5
  Critical Path Length:                200.0493
  Critical Path Slack:                -192.2616
  Total Negative Slack:             -95780.5078
  No. of Violating Paths:                  1402
  ---------------------------------------------

  Timing Path Group '**clock_gating_default**' (min_delay/hold)
  ---------------------------------------------
  Levels of Logic:                            1
  Critical Path Length:                  0.0395
  Critical Path Slack:                  -0.0005
  Total Negative Slack:                 -0.0005
  No. of Violating Paths:                     1
  ---------------------------------------------

  Timing Path Group 'INS' (min_delay/hold)
  ---------------------------------------------
  Levels of Logic:                            2
  Critical Path Length:                  0.3654
  Critical Path Slack:                   0.3398
  Total Negative Slack:                  0.0000
  No. of Violating Paths:                     0
  ---------------------------------------------

  Timing Path Group 'OUTS' (min_delay/hold)
  ---------------------------------------------
  Levels of Logic:                            1
  Critical Path Length:                  0.1447
  Critical Path Slack:                   0.3047
  Total Negative Slack:                  0.0000
  No. of Violating Paths:                     0
  ---------------------------------------------

  Timing Path Group 'ref_clk' (min_delay/hold)
  ---------------------------------------------
  Levels of Logic:                            1
  Critical Path Length:                  0.0702
  Critical Path Slack:                   0.0310
  Total Negative Slack:                  0.0000
  No. of Violating Paths:                     0
  ---------------------------------------------

  Area
  ---------------------------------------------
  Net Interconnect area:              4697.7085
  Total cell area:                   67623.9297
  Design Area:                       72321.6406
  ---------------------------------------------


  Cell & Pin Count
  ---------------------------------------------
  Pin Count:                              49411
  Hierarchical Cell Count:                   10
  Hierarchical Port Count:                  952
  Leaf Cell Count:                        11987
  ---------------------------------------------


  Design Rule Violations
  ---------------------------------------------
  Total No. of Pins in Design:            49411
  clock_gating_hold Count:                    1
  max_capacitance Count:                    120
  clock_gating_hold Cost:                0.0005
  max_capacitance Cost:                248.1745
  Total DRC Cost:                      248.1751
  ---------------------------------------------

1
