****************************************
Report : constraint
	-all_violators
	-path slack_only
Design : top_mcu_pll_sram_multiclk_soc
Version: W-2024.09-SP5-3
Date   : Sun Apr 12 10:18:05 2026
****************************************


   max_delay/setup ('clk_fast_aes' group)

   Endpoint                                                  Slack
   -----------------------------------------------------------------
   u_ctrl/u_aes/state_reg_38_/D                            -0.2965  (VIOLATED)
   u_ctrl/u_aes/state_reg_37_/D                            -0.2930  (VIOLATED)
   u_ctrl/u_aes/state_reg_54_/D                            -0.2840  (VIOLATED)
   u_ctrl/u_aes/state_reg_62_/D                            -0.2820  (VIOLATED)
   u_ctrl/u_aes/state_reg_34_/D                            -0.2787  (VIOLATED)
   u_ctrl/u_aes/state_reg_101_/D                           -0.2787  (VIOLATED)
   u_ctrl/u_aes/state_reg_100_/D                           -0.2756  (VIOLATED)
   u_ctrl/u_aes/state_reg_41_/D                            -0.2702  (VIOLATED)
   u_ctrl/u_aes/state_reg_60_/D                            -0.2697  (VIOLATED)
   u_ctrl/u_aes/state_reg_56_/D                            -0.2690  (VIOLATED)
   u_ctrl/u_aes/state_reg_117_/D                           -0.2678  (VIOLATED)
   u_ctrl/u_aes/state_reg_52_/D                            -0.2666  (VIOLATED)
   u_ctrl/u_aes/state_reg_51_/D                            -0.2656  (VIOLATED)
   u_ctrl/u_aes/state_reg_49_/D                            -0.2647  (VIOLATED)
   u_ctrl/u_aes/state_reg_125_/D                           -0.2608  (VIOLATED)
   u_ctrl/u_aes/state_reg_93_/D                            -0.2607  (VIOLATED)
   u_ctrl/u_aes/state_reg_99_/D                            -0.2600  (VIOLATED)
   u_ctrl/u_aes/state_reg_107_/D                           -0.2594  (VIOLATED)
   u_ctrl/u_aes/state_reg_48_/D                            -0.2589  (VIOLATED)
   u_ctrl/u_aes/state_reg_97_/D                            -0.2557  (VIOLATED)
   u_ctrl/u_aes/state_reg_115_/D                           -0.2554  (VIOLATED)
   u_ctrl/u_aes/state_reg_33_/D                            -0.2553  (VIOLATED)
   u_ctrl/u_aes/state_reg_73_/D                            -0.2542  (VIOLATED)
   u_ctrl/u_aes/state_reg_45_/D                            -0.2541  (VIOLATED)
   u_ctrl/u_aes/state_reg_126_/D                           -0.2537  (VIOLATED)
   u_ctrl/u_aes/state_reg_114_/D                           -0.2535  (VIOLATED)
   u_ctrl/u_aes/state_reg_43_/D                            -0.2526  (VIOLATED)
   u_ctrl/u_aes/state_reg_124_/D                           -0.2499  (VIOLATED)
   u_ctrl/u_aes/state_reg_110_/D                           -0.2490  (VIOLATED)
   u_ctrl/u_aes/state_reg_120_/D                           -0.2487  (VIOLATED)
   u_ctrl/u_aes/state_reg_118_/D                           -0.2487  (VIOLATED)
   u_ctrl/u_aes/state_reg_108_/D                           -0.2473  (VIOLATED)
   u_ctrl/u_aes/state_reg_81_/D                            -0.2439  (VIOLATED)
   u_ctrl/u_aes/state_reg_112_/D                           -0.2431  (VIOLATED)
   u_ctrl/u_aes/state_reg_123_/D                           -0.2399  (VIOLATED)
   u_ctrl/u_aes/state_reg_36_/D                            -0.2398  (VIOLATED)
   u_ctrl/u_aes/state_reg_76_/D                            -0.2395  (VIOLATED)
   u_ctrl/u_aes/state_reg_119_/D                           -0.2393  (VIOLATED)
   u_ctrl/u_aes/state_reg_44_/D                            -0.2351  (VIOLATED)
   u_ctrl/u_aes/state_reg_127_/D                           -0.2341  (VIOLATED)
   u_ctrl/u_aes/state_reg_69_/D                            -0.2333  (VIOLATED)
   u_ctrl/u_aes/state_reg_40_/D                            -0.2325  (VIOLATED)
   u_ctrl/u_aes/state_reg_61_/D                            -0.2297  (VIOLATED)
   u_ctrl/u_aes/state_reg_55_/D                            -0.2244  (VIOLATED)
   u_ctrl/u_aes/state_reg_113_/D                           -0.2242  (VIOLATED)
   u_ctrl/u_aes/state_reg_64_/D                            -0.2203  (VIOLATED)
   u_ctrl/u_aes/state_reg_65_/D                            -0.2193  (VIOLATED)
   u_ctrl/u_aes/state_reg_58_/D                            -0.2190  (VIOLATED)
   u_ctrl/u_aes/state_reg_111_/D                           -0.2184  (VIOLATED)
   u_ctrl/u_aes/state_reg_121_/D                           -0.2166  (VIOLATED)
   u_ctrl/u_aes/state_reg_21_/D                            -0.2158  (VIOLATED)
   u_ctrl/u_aes/state_reg_98_/D                            -0.2146  (VIOLATED)
   u_ctrl/u_aes/state_reg_83_/D                            -0.2140  (VIOLATED)
   u_ctrl/u_aes/state_reg_88_/D                            -0.2074  (VIOLATED)
   u_ctrl/u_aes/state_reg_109_/D                           -0.2066  (VIOLATED)
   u_ctrl/u_aes/state_reg_50_/D                            -0.2062  (VIOLATED)
   u_ctrl/u_aes/state_reg_85_/D                            -0.2056  (VIOLATED)
   u_ctrl/u_aes/state_reg_6_/D                             -0.2042  (VIOLATED)
   u_ctrl/u_aes/state_reg_63_/D                            -0.1998  (VIOLATED)
   u_ctrl/u_aes/state_reg_46_/D                            -0.1995  (VIOLATED)
   u_ctrl/u_aes/state_reg_75_/D                            -0.1987  (VIOLATED)
   u_ctrl/u_aes/state_reg_104_/D                           -0.1987  (VIOLATED)
   u_ctrl/u_aes/state_reg_116_/D                           -0.1987  (VIOLATED)
   u_ctrl/u_aes/state_reg_105_/D                           -0.1985  (VIOLATED)
   u_ctrl/u_aes/state_reg_82_/D                            -0.1983  (VIOLATED)
   u_ctrl/u_aes/state_reg_96_/D                            -0.1978  (VIOLATED)
   u_ctrl/u_aes/state_reg_26_/D                            -0.1957  (VIOLATED)
   u_ctrl/u_aes/state_reg_12_/D                            -0.1955  (VIOLATED)
   u_ctrl/u_aes/state_reg_95_/D                            -0.1952  (VIOLATED)
   u_ctrl/u_aes/state_reg_122_/D                           -0.1932  (VIOLATED)
   u_ctrl/u_aes/state_reg_102_/D                           -0.1928  (VIOLATED)
   u_ctrl/u_aes/state_reg_57_/D                            -0.1925  (VIOLATED)
   u_ctrl/u_aes/state_reg_18_/D                            -0.1919  (VIOLATED)
   u_ctrl/u_aes/state_reg_42_/D                            -0.1916  (VIOLATED)
   u_ctrl/u_aes/state_reg_72_/D                            -0.1887  (VIOLATED)
   u_ctrl/u_aes/state_reg_90_/D                            -0.1885  (VIOLATED)
   u_ctrl/u_aes/state_reg_28_/D                            -0.1884  (VIOLATED)
   u_ctrl/u_aes/state_reg_106_/D                           -0.1876  (VIOLATED)
   u_ctrl/u_aes/state_reg_20_/D                            -0.1862  (VIOLATED)
   u_ctrl/u_aes/state_reg_80_/D                            -0.1861  (VIOLATED)
   u_ctrl/u_aes/state_reg_89_/D                            -0.1858  (VIOLATED)
   u_ctrl/u_aes/state_reg_35_/D                            -0.1849  (VIOLATED)
   u_ctrl/u_aes/state_reg_32_/D                            -0.1838  (VIOLATED)
   u_ctrl/u_aes/state_reg_79_/D                            -0.1813  (VIOLATED)
   u_ctrl/u_aes/state_reg_27_/D                            -0.1813  (VIOLATED)
   u_ctrl/u_aes/state_reg_84_/D                            -0.1796  (VIOLATED)
   u_ctrl/u_aes/state_reg_77_/D                            -0.1791  (VIOLATED)
   u_ctrl/u_aes/state_reg_25_/D                            -0.1788  (VIOLATED)
   u_ctrl/u_aes/state_reg_24_/D                            -0.1754  (VIOLATED)
   u_ctrl/u_aes/state_reg_59_/D                            -0.1743  (VIOLATED)
   u_ctrl/u_aes/state_reg_47_/D                            -0.1724  (VIOLATED)
   u_ctrl/u_aes/state_reg_10_/D                            -0.1690  (VIOLATED)
   u_ctrl/u_aes/state_reg_1_/D                             -0.1685  (VIOLATED)
   u_ctrl/u_aes/state_reg_9_/D                             -0.1685  (VIOLATED)
   u_ctrl/u_aes/state_reg_29_/D                            -0.1677  (VIOLATED)
   u_ctrl/u_aes/state_reg_19_/D                            -0.1674  (VIOLATED)
   u_ctrl/u_aes/state_reg_70_/D                            -0.1670  (VIOLATED)
   u_ctrl/u_aes/state_reg_23_/D                            -0.1658  (VIOLATED)
   u_ctrl/u_aes/state_reg_78_/D                            -0.1622  (VIOLATED)
   u_ctrl/u_aes/state_reg_66_/D                            -0.1617  (VIOLATED)
   u_ctrl/u_aes/state_reg_13_/D                            -0.1610  (VIOLATED)
   u_ctrl/u_aes/state_reg_94_/D                            -0.1596  (VIOLATED)
   u_ctrl/u_aes/state_reg_103_/D                           -0.1580  (VIOLATED)
   u_ctrl/u_aes/state_reg_5_/D                             -0.1572  (VIOLATED)
   u_ctrl/u_aes/state_reg_71_/D                            -0.1569  (VIOLATED)
   u_ctrl/u_aes/state_reg_91_/D                            -0.1557  (VIOLATED)
   u_ctrl/u_aes/state_reg_87_/D                            -0.1551  (VIOLATED)
   u_ctrl/u_aes/state_reg_86_/D                            -0.1542  (VIOLATED)
   u_ctrl/u_aes/state_reg_17_/D                            -0.1512  (VIOLATED)
   u_ctrl/u_aes/state_reg_3_/D                             -0.1498  (VIOLATED)
   u_ctrl/u_aes/state_reg_92_/D                            -0.1456  (VIOLATED)
   u_ctrl/u_aes/state_reg_30_/D                            -0.1428  (VIOLATED)
   u_ctrl/u_aes/state_reg_16_/D                            -0.1407  (VIOLATED)
   u_ctrl/u_aes/state_reg_31_/D                            -0.1395  (VIOLATED)
   u_ctrl/u_aes/state_reg_67_/D                            -0.1382  (VIOLATED)
   u_ctrl/u_aes/state_reg_53_/D                            -0.1380  (VIOLATED)
   u_ctrl/u_aes/state_reg_4_/D                             -0.1368  (VIOLATED)
   u_ctrl/u_aes/state_reg_68_/D                            -0.1362  (VIOLATED)
   u_ctrl/u_aes/state_reg_15_/D                            -0.1275  (VIOLATED)
   u_ctrl/u_aes/state_reg_0_/D                             -0.1244  (VIOLATED)
   u_ctrl/u_aes/state_reg_7_/D                             -0.1215  (VIOLATED)
   u_ctrl/u_aes/state_reg_39_/D                            -0.1198  (VIOLATED)
   u_ctrl/u_aes/state_reg_11_/D                            -0.1182  (VIOLATED)
   u_ctrl/u_aes/state_reg_74_/D                            -0.1153  (VIOLATED)
   u_ctrl/u_aes/state_reg_22_/D                            -0.1143  (VIOLATED)
   u_ctrl/u_aes/state_reg_8_/D                             -0.1004  (VIOLATED)
   u_ctrl/u_aes/state_reg_14_/D                            -0.0895  (VIOLATED)
   u_ctrl/u_aes/state_reg_2_/D                             -0.0880  (VIOLATED)
   u_ctrl/u_aes/ct_out_reg_45_/D                           -0.0540  (VIOLATED)
   u_ctrl/u_aes/ct_out_reg_94_/D                           -0.0460  (VIOLATED)
   u_ctrl/u_aes/ct_out_reg_108_/D                          -0.0284  (VIOLATED)
   u_ctrl/u_aes/ct_out_reg_75_/D                           -0.0284  (VIOLATED)
   u_ctrl/u_aes/ct_out_reg_112_/D                          -0.0075  (VIOLATED)
   u_ctrl/u_aes/ct_out_reg_93_/D                           -0.0039  (VIOLATED)
   u_ctrl/u_aes/ct_out_reg_100_/D                          -0.0008  (VIOLATED)


   min_delay/hold ('clk_div2' group)

   Endpoint                                                  Slack
   -----------------------------------------------------------------
   u_mem/u_sram/A[0]                                       -0.0104  (VIOLATED)
   u_mem/u_sram/A[1]                                       -0.0104  (VIOLATED)
   u_mem/u_sram/A[2]                                       -0.0104  (VIOLATED)
   u_mem/u_sram/A[3]                                       -0.0104  (VIOLATED)
   u_mem/u_sram/I[0]                                       -0.0104  (VIOLATED)
   u_mem/u_sram/I[1]                                       -0.0104  (VIOLATED)
   u_mem/u_sram/I[2]                                       -0.0104  (VIOLATED)
   u_mem/u_sram/I[3]                                       -0.0104  (VIOLATED)
   u_mem/u_sram/I[4]                                       -0.0104  (VIOLATED)
   u_mem/u_sram/I[5]                                       -0.0104  (VIOLATED)
   u_mem/u_sram/I[6]                                       -0.0104  (VIOLATED)
   u_mem/u_sram/I[7]                                       -0.0104  (VIOLATED)




   max_capacitance

                             Required        Actual
   Pin                      Capacitance    Capacitance       Slack
   -----------------------------------------------------------------
   u_ctrl/u_aes/U324/Y       64.0000       124.3303       -60.3303  (VIOLATED)
   u_ctrl/U5/Y               64.0000       121.9138       -57.9138  (VIOLATED)
   u_ctrl/u_aes/U348/Y       32.0000        79.6150       -47.6150  (VIOLATED)
   u_ctrl/u_aes/U1080/Y      32.0000        73.1973       -41.1973  (VIOLATED)
   u_ctrl/u_aes/U306/Y       32.0000        72.4352       -40.4352  (VIOLATED)
   u_ctrl/U22/Y              64.0000        96.3862       -32.3862  (VIOLATED)
   u_ctrl/u_aes/U860/Y       32.0000        64.2558       -32.2558  (VIOLATED)
   u_ctrl/U13/Y              32.0000        63.8086       -31.8086  (VIOLATED)
   u_ctrl/u_aes/U330/Y       32.0000        63.5148       -31.5148  (VIOLATED)
   u_ctrl/U23/Y              64.0000        95.4145       -31.4145  (VIOLATED)
   u_ctrl/U31/Y              64.0000        95.4145       -31.4145  (VIOLATED)
   u_ctrl/U91/Y              64.0000        95.4145       -31.4145  (VIOLATED)
   u_ctrl/U92/Y              64.0000        95.4145       -31.4145  (VIOLATED)
   u_ctrl/U93/Y              64.0000        95.4145       -31.4145  (VIOLATED)
   u_ctrl/U95/Y              64.0000        95.4145       -31.4145  (VIOLATED)
   u_ctrl/U96/Y              64.0000        95.4145       -31.4145  (VIOLATED)
   u_ctrl/u_aes/U956/Y       32.0000        59.4751       -27.4751  (VIOLATED)
   u_ctrl/u_aes/U356/Y       16.0000        42.7614       -26.7614  (VIOLATED)
   u_ctrl/U20/Y              16.0000        42.0816       -26.0816  (VIOLATED)
   u_ctrl/U15/Y              16.0000        41.8687       -25.8687  (VIOLATED)
   u_ctrl/U14/Y              16.0000        41.7490       -25.7490  (VIOLATED)
   u_ctrl/U97/Y              64.0000        89.5038       -25.5038  (VIOLATED)
   u_ctrl/U27/Y              16.0000        41.1451       -25.1451  (VIOLATED)
   u_ctrl/U25/Y              16.0000        41.0896       -25.0896  (VIOLATED)
   u_ctrl/U7/Y               32.0000        55.0840       -23.0840  (VIOLATED)
   u_ctrl/u_aes/U1033/Y      16.0000        38.7040       -22.7040  (VIOLATED)
   u_ctrl/u_aes/U962/Y       16.0000        38.6561       -22.6561  (VIOLATED)
   u_ctrl/u_aes/U1181/Y      16.0000        38.3471       -22.3471  (VIOLATED)
   u_ctrl/U10/Y              64.0000        86.1847       -22.1847  (VIOLATED)
   u_ctrl/u_aes/U937/Y       16.0000        38.1168       -22.1168  (VIOLATED)
   u_ctrl/u_aes/U202/Y       32.0000        53.3033       -21.3033  (VIOLATED)
   u_ctrl/u_aes/state_reg_40_/QN  16.0000   37.1117       -21.1117  (VIOLATED)
   u_ctrl/u_aes/U347/Y       16.0000        35.5220       -19.5220  (VIOLATED)
   u_ctrl/u_aes/U676/Y       16.0000        34.8893       -18.8893  (VIOLATED)
   u_ctrl/U6/Y               16.0000        34.8580       -18.8580  (VIOLATED)
   u_ctrl/U26/Y              16.0000        34.7625       -18.7625  (VIOLATED)
   u_ctrl/u_aes/U734/Y       16.0000        33.5406       -17.5406  (VIOLATED)
   u_ctrl/u_aes/U907/Y       16.0000        33.4941       -17.4941  (VIOLATED)
   u_ctrl/u_aes/U691/Y       16.0000        32.7061       -16.7061  (VIOLATED)
   u_ctrl/U4/Y               32.0000        48.5165       -16.5165  (VIOLATED)
   u_ctrl/u_aes/U362/Y       16.0000        31.5446       -15.5446  (VIOLATED)
   u_ctrl/u_aes/U964/Y       16.0000        31.2517       -15.2517  (VIOLATED)
   u_ctrl/u_aes/U1070/Y      16.0000        30.5715       -14.5715  (VIOLATED)
   u_ctrl/U12/Y              16.0000        30.5239       -14.5239  (VIOLATED)
   u_ctrl/u_aes/U1183/Y      16.0000        29.6940       -13.6940  (VIOLATED)
   u_ctrl/u_aes/U1196/Y      16.0000        29.4395       -13.4395  (VIOLATED)
   u_ctrl/u_aes/U1052/Y      16.0000        28.6981       -12.6981  (VIOLATED)
   u_ctrl/u_aes/U4308/Y      16.0000        28.4210       -12.4210  (VIOLATED)
   u_ctrl/u_aes/U334/Y       16.0000        28.3731       -12.3731  (VIOLATED)
   u_ctrl/u_aes/U604/Y       16.0000        27.9299       -11.9299  (VIOLATED)
   u_ctrl/u_ct_cdc_pulse_dst_reg/Q   8.0000  19.8959      -11.8959  (VIOLATED)
   u_ctrl/U952/Y             16.0000        27.6397       -11.6397  (VIOLATED)
   u_ctrl/u_aes/U1550/Y      16.0000        27.2715       -11.2715  (VIOLATED)
   u_ctrl/u_aes/state_reg_49_/Q  16.0000    27.2296       -11.2296  (VIOLATED)
   u_ctrl/U28/Y              16.0000        27.1394       -11.1394  (VIOLATED)
   u_ctrl/u_aes/state_reg_111_/QN  16.0000  27.0193       -11.0193  (VIOLATED)
   u_ctrl/u_aes/U1088/Y       8.0000        19.0164       -11.0164  (VIOLATED)
   u_ctrl/u_aes/state_reg_94_/QN  16.0000   26.9453       -10.9453  (VIOLATED)
   u_ctrl/u_aes/state_reg_64_/Q  16.0000    26.8140       -10.8140  (VIOLATED)
   u_ctrl/u_aes/U321/Y        8.0000        18.7550       -10.7550  (VIOLATED)
   u_ctrl/u_aes/U1546/Y       8.0000        18.4330       -10.4330  (VIOLATED)
   u_ctrl/u_aes/U1542/Y       8.0000        18.4242       -10.4242  (VIOLATED)
   u_ctrl/u_aes/U195/Y       16.0000        26.2845       -10.2845  (VIOLATED)
   u_ctrl/u_aes/state_reg_97_/Q  16.0000    26.0994       -10.0994  (VIOLATED)
   u_ctrl/u_aes/state_reg_80_/Q   8.0000    18.0910       -10.0910  (VIOLATED)
   u_ctrl/u_aes/U1057/Y       8.0000        18.0058       -10.0058  (VIOLATED)
   u_ctrl/u_aes/U359/Y       16.0000        25.9479        -9.9479  (VIOLATED)
   u_ctrl/u_aes/state_reg_46_/Q   8.0000    17.9473        -9.9473  (VIOLATED)
   u_ctrl/u_aes/U1113/Y      16.0000        25.9074        -9.9074  (VIOLATED)
   u_ctrl/u_aes/state_reg_15_/Q   8.0000    17.8998        -9.8998  (VIOLATED)
   u_ctrl/u_aes/U283/Y        8.0000        17.8336        -9.8336  (VIOLATED)
   u_ctrl/u_aes/state_reg_12_/QN  16.0000   25.8305        -9.8305  (VIOLATED)
   u_ctrl/u_aes/state_reg_95_/Q  16.0000    25.7043        -9.7043  (VIOLATED)
   u_ctrl/U16/Y               8.0000        17.6596        -9.6596  (VIOLATED)
   u_ctrl/U17/Y               8.0000        17.6596        -9.6596  (VIOLATED)
   u_ctrl/u_ct_cdc_pulse_dst_reg/QN   8.0000  17.6596      -9.6596  (VIOLATED)
   u_ctrl/u_aes/U4116/Y       8.0000        17.5763        -9.5763  (VIOLATED)
   u_ctrl/u_aes/state_reg_49_/QN  16.0000   25.5752        -9.5752  (VIOLATED)
   u_ctrl/U223/Y              8.0000        17.5615        -9.5615  (VIOLATED)
   u_ctrl/U18/Y               8.0000        17.5470        -9.5470  (VIOLATED)
   u_ctrl/u_aes/U4638/Y      16.0000        25.4855        -9.4855  (VIOLATED)
   u_ctrl/u_aes/U668/Y        8.0000        17.2878        -9.2878  (VIOLATED)
   u_ctrl/u_aes/U184/Y       16.0000        25.2633        -9.2633  (VIOLATED)
   u_ctrl/u_rx_busy_reg/QN    8.0000        17.1890        -9.1890  (VIOLATED)
   u_ctrl/u_aes/state_reg_33_/QN  16.0000   25.1855        -9.1855  (VIOLATED)
   u_ctrl/u_aes/U355/Y        8.0000        17.1845        -9.1845  (VIOLATED)
   u_ctrl/u_aes/state_reg_121_/QN   8.0000  17.1007        -9.1007  (VIOLATED)
   u_ctrl/u_aes/U1079/Y      16.0000        25.0068        -9.0068  (VIOLATED)
   u_ctrl/U560/Y              8.0000        16.9157        -8.9157  (VIOLATED)
   u_ctrl/u_aes/state_reg_30_/QN  16.0000   24.8061        -8.8061  (VIOLATED)
   u_ctrl/u_aes/U1124/Y      16.0000        24.7509        -8.7509  (VIOLATED)
   u_ctrl/u_aes/state_reg_4_/Q   8.0000     16.7407        -8.7407  (VIOLATED)
   u_ctrl/u_aes/U1093/Y      16.0000        24.7188        -8.7188  (VIOLATED)
   u_ctrl/u_aes/U346/Y        8.0000        16.5626        -8.5626  (VIOLATED)
   u_ctrl/u_aes/U1900/Y       8.0000        16.5507        -8.5507  (VIOLATED)
   u_ctrl/u_aes/state_reg_84_/QN   8.0000   16.5116        -8.5116  (VIOLATED)
   u_ctrl/u_aes/state_reg_20_/Q   8.0000    16.4797        -8.4797  (VIOLATED)
   u_ctrl/u_aes/U10319/Y      8.0000        16.4498        -8.4498  (VIOLATED)
   u_ctrl/u_aes/U363/Y       16.0000        24.3412        -8.3412  (VIOLATED)
   u_ctrl/u_aes/U2187/Y      32.0000        40.2778        -8.2778  (VIOLATED)
   u_ctrl/u_aes/U5143/Y       8.0000        16.2587        -8.2587  (VIOLATED)
   u_ctrl/u_aes/state_reg_103_/Q   8.0000   16.2400        -8.2400  (VIOLATED)
   u_ctrl/u_aes/U318/Y        8.0000        16.2011        -8.2011  (VIOLATED)
   u_ctrl/u_aes/state_reg_32_/Q   8.0000    16.1417        -8.1417  (VIOLATED)
   u_ctrl/u_aes/state_reg_56_/Q  16.0000    24.1091        -8.1091  (VIOLATED)
   u_ctrl/u_aes/U1004/Y      16.0000        24.0625        -8.0625  (VIOLATED)
   u_ctrl/u_aes/state_reg_60_/Q   8.0000    15.9536        -7.9536  (VIOLATED)
   u_ctrl/u_aes/U1528/Y       8.0000        15.8726        -7.8726  (VIOLATED)
   u_ctrl/u_aes/U345/Y       16.0000        23.8646        -7.8646  (VIOLATED)
   u_ctrl/u_aes/U653/Y        8.0000        15.7439        -7.7439  (VIOLATED)
   u_ctrl/u_aes/state_reg_20_/QN   8.0000   15.7245        -7.7245  (VIOLATED)
   u_ctrl/u_aes/U149/Y        8.0000        15.7123        -7.7123  (VIOLATED)
   u_ctrl/u_aes/state_reg_94_/Q  16.0000    23.6822        -7.6822  (VIOLATED)
   u_ctrl/u_aes/state_reg_9_/Q   8.0000     15.6161        -7.6161  (VIOLATED)
   u_ctrl/u_aes/state_reg_6_/QN   8.0000    15.6130        -7.6130  (VIOLATED)
   u_ctrl/u_aes/state_reg_32_/QN   8.0000   15.5867        -7.5867  (VIOLATED)
   u_ctrl/u_aes/U1522/Y       8.0000        15.5555        -7.5555  (VIOLATED)
   u_ctrl/u_aes/U95/Y         8.0000        15.5228        -7.5228  (VIOLATED)
   u_ctrl/u_aes/state_reg_125_/QN   8.0000  15.3398        -7.3398  (VIOLATED)
   u_ctrl/u_aes/state_reg_119_/Q  16.0000   23.1965        -7.1965  (VIOLATED)
   u_ctrl/u_aes/U10607/Y     16.0000        23.1614        -7.1614  (VIOLATED)
   u_ctrl/u_aes/U10635/Y     16.0000        23.1614        -7.1614  (VIOLATED)
   u_ctrl/u_aes/U10648/Y     16.0000        23.1614        -7.1614  (VIOLATED)
   u_ctrl/u_aes/U10662/Y     16.0000        23.1614        -7.1614  (VIOLATED)
   u_ctrl/crc_start_reg/QN    8.0000        15.1590        -7.1590  (VIOLATED)
   u_ctrl/u_aes/state_reg_41_/QN   8.0000   15.1396        -7.1396  (VIOLATED)
   u_ctrl/crc_dv_reg/Q        8.0000        15.1133        -7.1133  (VIOLATED)
   u_ctrl/u_aes/state_reg_1_/Q   8.0000     15.1025        -7.1025  (VIOLATED)
   u_ctrl/u_aes/U211/Y        8.0000        15.0863        -7.0863  (VIOLATED)
   u_ctrl/u_aes/state_reg_9_/QN   8.0000    15.0540        -7.0540  (VIOLATED)
   u_ctrl/U63/Y               8.0000        15.0092        -7.0092  (VIOLATED)
   u_ctrl/u_aes/state_reg_62_/Q  16.0000    22.9967        -6.9967  (VIOLATED)
   u_ctrl/u_aes/U1131/Y       8.0000        14.9397        -6.9397  (VIOLATED)
   u_ctrl/u_aes/U4190/Y      16.0000        22.9169        -6.9169  (VIOLATED)
   u_ctrl/u_aes/U912/Y        8.0000        14.8742        -6.8742  (VIOLATED)
   u_ctrl/u_aes/state_reg_73_/QN   8.0000   14.7579        -6.7579  (VIOLATED)
   u_ctrl/u_aes/state_reg_88_/Q  16.0000    22.7289        -6.7289  (VIOLATED)
   u_ctrl/u_aes/U958/Y        8.0000        14.7265        -6.7265  (VIOLATED)
   u_ctrl/u_aes/state_reg_92_/Q   8.0000    14.6830        -6.6830  (VIOLATED)
   u_ctrl/crc_dv_reg/QN       8.0000        14.6690        -6.6690  (VIOLATED)
   u_ctrl/u_aes/U946/Y        8.0000        14.6589        -6.6589  (VIOLATED)
   u_ctrl/u_aes/state_reg_51_/Q   8.0000    14.6430        -6.6430  (VIOLATED)
   u_ctrl/u_aes/U1835/Y       8.0000        14.6405        -6.6405  (VIOLATED)
   u_ctrl/U19/Y              16.0000        22.6207        -6.6207  (VIOLATED)
   u_ctrl/u_aes/state_reg_91_/Q   8.0000    14.5717        -6.5717  (VIOLATED)
   u_ctrl/u_aes/state_reg_60_/QN   8.0000   14.5697        -6.5697  (VIOLATED)
   u_ctrl/u_aes/state_reg_93_/Q   8.0000    14.5676        -6.5676  (VIOLATED)
   u_ctrl/u_aes/U169/Y        8.0000        14.5520        -6.5520  (VIOLATED)
   u_ctrl/u_aes/U574/Y        8.0000        14.5460        -6.5460  (VIOLATED)
   u_ctrl/u_aes/U575/Y        8.0000        14.5460        -6.5460  (VIOLATED)
   u_ctrl/u_aes/U578/Y        8.0000        14.5460        -6.5460  (VIOLATED)
   u_ctrl/u_aes/U579/Y        8.0000        14.5460        -6.5460  (VIOLATED)
   u_ctrl/u_aes/U581/Y        8.0000        14.5460        -6.5460  (VIOLATED)
   u_ctrl/u_aes/U583/Y        8.0000        14.5460        -6.5460  (VIOLATED)
   u_ctrl/u_aes/U584/Y        8.0000        14.5460        -6.5460  (VIOLATED)
   u_ctrl/u_aes/U586/Y        8.0000        14.5460        -6.5460  (VIOLATED)
   u_ctrl/u_aes/U587/Y        8.0000        14.5460        -6.5460  (VIOLATED)
   u_ctrl/u_aes/U588/Y        8.0000        14.5460        -6.5460  (VIOLATED)
   u_ctrl/u_aes/U589/Y        8.0000        14.5460        -6.5460  (VIOLATED)
   u_ctrl/u_aes/U590/Y        8.0000        14.5460        -6.5460  (VIOLATED)
   u_ctrl/u_aes/U591/Y        8.0000        14.5460        -6.5460  (VIOLATED)
   u_ctrl/u_aes/U592/Y        8.0000        14.5460        -6.5460  (VIOLATED)
   u_ctrl/u_aes/U593/Y        8.0000        14.5460        -6.5460  (VIOLATED)
   u_ctrl/u_aes/U598/Y        8.0000        14.5460        -6.5460  (VIOLATED)
   u_ctrl/u_aes/U751/Y        8.0000        14.5460        -6.5460  (VIOLATED)
   u_ctrl/u_aes/U752/Y        8.0000        14.5460        -6.5460  (VIOLATED)
   u_ctrl/u_aes/U753/Y        8.0000        14.5460        -6.5460  (VIOLATED)
   u_ctrl/u_aes/U754/Y        8.0000        14.5460        -6.5460  (VIOLATED)
   u_ctrl/u_aes/U777/Y        8.0000        14.5460        -6.5460  (VIOLATED)
   u_ctrl/u_aes/U1085/Y       8.0000        14.5460        -6.5460  (VIOLATED)
   u_ctrl/u_aes/U1086/Y       8.0000        14.5460        -6.5460  (VIOLATED)
   u_ctrl/u_aes/U1087/Y       8.0000        14.5460        -6.5460  (VIOLATED)
   u_ctrl/u_aes/U1529/Y       8.0000        14.5460        -6.5460  (VIOLATED)
   u_ctrl/u_aes/U10774/Y      8.0000        14.5460        -6.5460  (VIOLATED)
   u_ctrl/u_aes/state_reg_27_/Q  16.0000    22.4856        -6.4856  (VIOLATED)
   u_ctrl/u_aes/U1254/Y      16.0000        22.4574        -6.4574  (VIOLATED)
   u_ctrl/u_tx_tx_busy_reg/Q   8.0000       14.4140        -6.4140  (VIOLATED)
   u_ctrl/u_aes/state_reg_78_/Q  16.0000    22.3300        -6.3300  (VIOLATED)
   u_ctrl/u_aes/state_reg_11_/QN   8.0000   14.3261        -6.3261  (VIOLATED)
   u_ctrl/u_aes/U372/Y        8.0000        14.2800        -6.2800  (VIOLATED)
   u_ctrl/u_aes/state_reg_34_/Q   8.0000    14.2397        -6.2397  (VIOLATED)
   u_ctrl/u_aes/state_reg_123_/Q   8.0000   14.0817        -6.0817  (VIOLATED)
   u_ctrl/u_aes/state_reg_24_/QN   8.0000   14.0773        -6.0773  (VIOLATED)
   u_ctrl/u_aes/U1061/Y       8.0000        14.0411        -6.0411  (VIOLATED)
   u_ctrl/u_aes/U1020/Y       8.0000        14.0169        -6.0169  (VIOLATED)
   u_ctrl/u_aes/U810/Y        8.0000        13.9841        -5.9841  (VIOLATED)
   u_ctrl/u_aes/U233/Y        8.0000        13.9093        -5.9093  (VIOLATED)
   u_ctrl/u_aes/state_reg_8_/QN   8.0000    13.9053        -5.9053  (VIOLATED)
   u_ctrl/u_aes/U120/Y        8.0000        13.8255        -5.8255  (VIOLATED)
   u_ctrl/u_aes/U637/Y       16.0000        21.8059        -5.8059  (VIOLATED)
   u_ctrl/u_aes/state_reg_122_/Q   8.0000   13.7431        -5.7431  (VIOLATED)
   u_ctrl/tx_idx_div2_reg_0_/Q   8.0000     13.7393        -5.7393  (VIOLATED)
   u_ctrl/u_aes/U948/Y        8.0000        13.6858        -5.6858  (VIOLATED)
   u_ctrl/u_aes/U597/Y        8.0000        13.6848        -5.6848  (VIOLATED)
   u_ctrl/u_aes/busy_reg/QN   8.0000        13.6811        -5.6811  (VIOLATED)
   u_ctrl/u_aes/U1112/Y      16.0000        21.6779        -5.6779  (VIOLATED)
   u_ctrl/u_aes/state_reg_13_/Q   8.0000    13.6534        -5.6534  (VIOLATED)
   u_ctrl/u_aes/U1178/Y       8.0000        13.6214        -5.6214  (VIOLATED)
   u_ctrl/u_aes/U4126/Y       8.0000        13.5992        -5.5992  (VIOLATED)
   u_ctrl/u_aes/U1800/Y       8.0000        13.5490        -5.5490  (VIOLATED)
   u_ctrl/u_aes/state_reg_29_/QN   8.0000   13.5469        -5.5469  (VIOLATED)
   u_ctrl/u_aes/state_reg_108_/QN   8.0000  13.5282        -5.5282  (VIOLATED)
   u_ctrl/u_aes/state_reg_92_/QN   8.0000   13.5161        -5.5161  (VIOLATED)
   u_ctrl/u_aes/state_reg_33_/Q  16.0000    21.5084        -5.5084  (VIOLATED)
   u_ctrl/u_aes/U972/Y        8.0000        13.4729        -5.4729  (VIOLATED)
   u_ctrl/u_aes/state_reg_18_/Q   8.0000    13.4580        -5.4580  (VIOLATED)
   u_ctrl/u_aes/U1043/Y       8.0000        13.4513        -5.4513  (VIOLATED)
   u_ctrl/u_aes/U4302/Y      16.0000        21.4498        -5.4498  (VIOLATED)
   u_ctrl/u_aes/state_reg_117_/Q   8.0000   13.4292        -5.4292  (VIOLATED)
   u_ctrl/u_aes/U168/Y        8.0000        13.4236        -5.4236  (VIOLATED)
   u_ctrl/u_aes/U2278/Y       8.0000        13.3744        -5.3744  (VIOLATED)
   u_ctrl/u_aes/U798/Y        8.0000        13.3481        -5.3481  (VIOLATED)
   u_ctrl/u_aes/state_reg_78_/QN  16.0000   21.3024        -5.3024  (VIOLATED)
   u_ctrl/u_aes/U315/Y        8.0000        13.2924        -5.2924  (VIOLATED)
   u_ctrl/u_aes/U1067/Y       8.0000        13.2649        -5.2649  (VIOLATED)
   u_ctrl/u_aes/busy_reg/Q    8.0000        13.2575        -5.2575  (VIOLATED)
   u_ctrl/u_aes/state_reg_17_/Q   8.0000    13.2429        -5.2429  (VIOLATED)
   u_ctrl/u_aes/state_reg_1_/QN   8.0000    13.1964        -5.1964  (VIOLATED)
   u_ctrl/byte_idx_reg_0_/Q   8.0000        13.1789        -5.1789  (VIOLATED)
   u_ctrl/u_aes/state_reg_90_/Q   8.0000    13.1558        -5.1558  (VIOLATED)
   u_ctrl/u_aes/state_reg_86_/QN   8.0000   13.0697        -5.0697  (VIOLATED)
   u_ctrl/u_aes/state_reg_26_/QN   8.0000   13.0425        -5.0425  (VIOLATED)
   u_ctrl/u_aes/state_reg_93_/QN   8.0000   13.0364        -5.0364  (VIOLATED)
   u_ctrl/u_aes/state_reg_101_/QN   8.0000  13.0324        -5.0324  (VIOLATED)
   u_ctrl/u_aes/U354/Y       16.0000        20.9805        -4.9805  (VIOLATED)
   u_ctrl/U603/Y              8.0000        12.9532        -4.9532  (VIOLATED)
   u_ctrl/u_aes/U983/Y        8.0000        12.9406        -4.9406  (VIOLATED)
   u_ctrl/u_aes/U196/Y        8.0000        12.9401        -4.9401  (VIOLATED)
   u_ctrl/u_aes/U1071/Y      16.0000        20.9198        -4.9198  (VIOLATED)
   u_ctrl/u_aes/state_reg_37_/QN   8.0000   12.8866        -4.8866  (VIOLATED)
   u_ctrl/u_aes/U825/Y        8.0000        12.7789        -4.7789  (VIOLATED)
   u_ctrl/u_aes/U2287/Y       8.0000        12.7605        -4.7605  (VIOLATED)
   u_ctrl/u_aes/U1247/Y      16.0000        20.7305        -4.7305  (VIOLATED)
   u_ctrl/u_aes/state_reg_58_/Q   8.0000    12.7257        -4.7257  (VIOLATED)
   u_ctrl/u_aes/state_reg_105_/QN   8.0000  12.7167        -4.7167  (VIOLATED)
   u_ctrl/u_aes/state_reg_3_/QN   8.0000    12.7070        -4.7070  (VIOLATED)
   u_ctrl/u_aes/state_reg_50_/QN   8.0000   12.6867        -4.6867  (VIOLATED)
   u_ctrl/U8/Y                8.0000        12.6842        -4.6842  (VIOLATED)
   u_ctrl/U9/Y                8.0000        12.6640        -4.6640  (VIOLATED)
   u_ctrl/U442/Y              8.0000        12.6640        -4.6640  (VIOLATED)
   u_ctrl/U470/Y              8.0000        12.6640        -4.6640  (VIOLATED)
   u_ctrl/U484/Y              8.0000        12.6640        -4.6640  (VIOLATED)
   u_ctrl/U498/Y              8.0000        12.6640        -4.6640  (VIOLATED)
   u_ctrl/U512/Y              8.0000        12.6640        -4.6640  (VIOLATED)
   u_ctrl/u_aes/U177/Y        8.0000        12.5930        -4.5930  (VIOLATED)
   u_ctrl/u_aes/U352/Y       16.0000        20.5724        -4.5724  (VIOLATED)
   u_ctrl/U414/Y              8.0000        12.5401        -4.5401  (VIOLATED)
   u_ctrl/u_aes/U199/Y       16.0000        20.5359        -4.5359  (VIOLATED)
   u_ctrl/u_aes/U974/Y        8.0000        12.5266        -4.5266  (VIOLATED)
   u_ctrl/tx_idx_div2_reg_1_/Q   8.0000     12.5210        -4.5210  (VIOLATED)
   u_ctrl/u_aes/U332/Y        8.0000        12.4947        -4.4947  (VIOLATED)
   u_ctrl/u_aes/state_reg_40_/Q  16.0000    20.4742        -4.4742  (VIOLATED)
   u_ctrl/u_aes/state_reg_124_/Q   8.0000   12.4645        -4.4645  (VIOLATED)
   u_ctrl/u_aes/U1108/Y      16.0000        20.4534        -4.4534  (VIOLATED)
   u_ctrl/U24/Y              16.0000        20.3844        -4.3844  (VIOLATED)
   u_ctrl/u_aes/U1370/Y       8.0000        12.3540        -4.3540  (VIOLATED)
   u_ctrl/U224/Y             16.0000        20.3536        -4.3536  (VIOLATED)
   u_ctrl/U85/Y               8.0000        12.3349        -4.3349  (VIOLATED)
   u_ctrl/u_aes/U371/Y       16.0000        20.3127        -4.3127  (VIOLATED)
   u_ctrl/u_aes/state_reg_116_/Q  16.0000   20.2981        -4.2981  (VIOLATED)
   u_ctrl/u_aes/U1187/Y       8.0000        12.2927        -4.2927  (VIOLATED)
   u_ctrl/u_aes/U151/Y        8.0000        12.2491        -4.2491  (VIOLATED)
   u_ctrl/u_aes/U5078/Y      16.0000        20.1003        -4.1003  (VIOLATED)
   u_ctrl/byte_idx_reg_1_/Q   8.0000        12.0992        -4.0992  (VIOLATED)
   u_ctrl/u_aes/state_reg_61_/Q   8.0000    12.0715        -4.0715  (VIOLATED)
   u_ctrl/u_aes/state_reg_28_/Q  16.0000    20.0034        -4.0034  (VIOLATED)
   u_ctrl/u_aes/state_reg_117_/QN   8.0000  11.9859        -3.9859  (VIOLATED)
   u_ctrl/u_aes/U1065/Y      16.0000        19.9781        -3.9781  (VIOLATED)
   u_ctrl/u_aes/state_reg_127_/Q   8.0000   11.9713        -3.9713  (VIOLATED)
   u_ctrl/u_aes/state_reg_106_/Q   8.0000   11.9551        -3.9551  (VIOLATED)
   u_ctrl/u_aes/state_reg_45_/QN   8.0000   11.9434        -3.9434  (VIOLATED)
   u_ctrl/u_aes/state_reg_48_/QN  16.0000   19.9316        -3.9316  (VIOLATED)
   u_ctrl/u_aes/state_reg_62_/QN  16.0000   19.9115        -3.9115  (VIOLATED)
   u_ctrl/u_aes/U1075/Y      16.0000        19.8939        -3.8939  (VIOLATED)
   u_ctrl/u_aes/state_reg_5_/Q   8.0000     11.8461        -3.8461  (VIOLATED)
   u_ctrl/u_aes/state_reg_37_/Q   8.0000    11.8422        -3.8422  (VIOLATED)
   u_ctrl/u_aes/U322/Y       16.0000        19.8402        -3.8402  (VIOLATED)
   u_ctrl/u_aes/U123/Y        8.0000        11.7853        -3.7853  (VIOLATED)
   u_ctrl/u_aes/U4876/Y      16.0000        19.7578        -3.7578  (VIOLATED)
   u_ctrl/u_aes/state_reg_69_/Q   8.0000    11.7562        -3.7562  (VIOLATED)
   u_ctrl/u_aes/state_reg_74_/Q   8.0000    11.7555        -3.7555  (VIOLATED)
   u_ctrl/u_aes/U2658/Y       8.0000        11.7487        -3.7487  (VIOLATED)
   u_ctrl/u_aes/state_reg_96_/Q  16.0000    19.7482        -3.7482  (VIOLATED)
   u_ctrl/u_aes/state_reg_36_/QN  16.0000   19.6989        -3.6989  (VIOLATED)
   u_ctrl/u_aes/U1115/Y      16.0000        19.6980        -3.6980  (VIOLATED)
   u_ctrl/u_aes/state_reg_125_/Q   8.0000   11.5861        -3.5861  (VIOLATED)
   u_ctrl/u_aes/state_reg_109_/QN   8.0000  11.5639        -3.5639  (VIOLATED)
   u_ctrl/u_aes/U845/Y        8.0000        11.5366        -3.5366  (VIOLATED)
   u_ctrl/u_aes/U4309/Y       8.0000        11.5355        -3.5355  (VIOLATED)
   u_ctrl/u_aes/U186/Y        8.0000        11.5328        -3.5328  (VIOLATED)
   u_ctrl/u_aes/U1470/Y       8.0000        11.5134        -3.5134  (VIOLATED)
   u_ctrl/u_aes/state_reg_98_/Q   8.0000    11.5021        -3.5021  (VIOLATED)
   u_ctrl/u_aes/state_reg_42_/Q   8.0000    11.4462        -3.4462  (VIOLATED)
   u_ctrl/u_aes/state_reg_2_/Q   8.0000     11.4367        -3.4367  (VIOLATED)
   u_ctrl/u_aes/U1374/Y       8.0000        11.3919        -3.3919  (VIOLATED)
   u_ctrl/u_aes/U1110/Y       8.0000        11.3841        -3.3841  (VIOLATED)
   u_ctrl/u_aes/U1019/Y       8.0000        11.3674        -3.3674  (VIOLATED)
   u_ctrl/byte_idx_reg_2_/Q   8.0000        11.3663        -3.3663  (VIOLATED)
   u_ctrl/u_aes/state_reg_44_/QN   8.0000   11.3574        -3.3574  (VIOLATED)
   u_ctrl/u_aes/U791/Y        8.0000        11.3440        -3.3440  (VIOLATED)
   u_ctrl/u_aes/U940/Y        8.0000        11.3304        -3.3304  (VIOLATED)
   u_ctrl/u_aes/U782/Y        8.0000        11.3155        -3.3155  (VIOLATED)
   u_ctrl/u_aes/U1180/Y      16.0000        19.3032        -3.3032  (VIOLATED)
   u_ctrl/u_aes/U170/Y        8.0000        11.2865        -3.2865  (VIOLATED)
   u_ctrl/aes_start_reg/Q     8.0000        11.2680        -3.2680  (VIOLATED)
   u_ctrl/U98/Y               8.0000        11.2664        -3.2664  (VIOLATED)
   u_ctrl/u_aes/U339/Y        8.0000        11.2471        -3.2471  (VIOLATED)
   u_ctrl/u_aes/U998/Y        8.0000        11.2306        -3.2306  (VIOLATED)
   u_ctrl/u_aes/state_reg_82_/Q   8.0000    11.2267        -3.2267  (VIOLATED)
   u_ctrl/u_aes/U1014/Y       8.0000        11.1962        -3.1962  (VIOLATED)
   u_ctrl/u_aes/state_reg_10_/Q   8.0000    11.1846        -3.1846  (VIOLATED)
   u_ctrl/u_aes/U2018/Y       8.0000        11.1529        -3.1529  (VIOLATED)
   u_ctrl/u_aes/U1025/Y       8.0000        11.1474        -3.1474  (VIOLATED)
   u_ctrl/u_aes/state_reg_77_/QN   8.0000   11.1380        -3.1380  (VIOLATED)
   u_ctrl/u_aes/U2109/Y       8.0000        11.1342        -3.1342  (VIOLATED)
   u_ctrl/u_aes/U4873/Y       8.0000        11.1116        -3.1116  (VIOLATED)
   u_ctrl/u_aes/U207/Y       16.0000        19.0960        -3.0960  (VIOLATED)
   u_ctrl/u_aes/U205/Y        8.0000        11.0889        -3.0889  (VIOLATED)
   u_ctrl/u_aes/U310/Y       32.0000        35.0215        -3.0215  (VIOLATED)
   u_ctrl/u_aes/U370/Y       16.0000        18.9950        -2.9950  (VIOLATED)
   u_ctrl/U99/Y               8.0000        10.9303        -2.9303  (VIOLATED)
   u_ctrl/U100/Y              8.0000        10.9303        -2.9303  (VIOLATED)
   u_ctrl/u_aes/U4894/Y       8.0000        10.9250        -2.9250  (VIOLATED)
   u_ctrl/u_aes/state_reg_10_/QN   8.0000   10.9157        -2.9157  (VIOLATED)
   u_ctrl/u_aes/U4639/Y       8.0000        10.8981        -2.8981  (VIOLATED)
   u_ctrl/tx_idx_div2_reg_2_/Q   8.0000     10.8785        -2.8785  (VIOLATED)
   u_ctrl/u_aes/state_reg_77_/Q   8.0000    10.8560        -2.8560  (VIOLATED)
   u_ctrl/u_aes/U932/Y        8.0000        10.8537        -2.8537  (VIOLATED)
   u_ctrl/u_aes/state_reg_35_/QN   8.0000   10.8376        -2.8376  (VIOLATED)
   u_ctrl/u_aes/U1104/Y       8.0000        10.8324        -2.8324  (VIOLATED)
   u_ctrl/u_aes/state_reg_7_/QN   8.0000    10.8319        -2.8319  (VIOLATED)
   u_ctrl/u_aes/U216/Y        8.0000        10.8073        -2.8073  (VIOLATED)
   u_ctrl/u_aes/U212/Y        8.0000        10.7913        -2.7913  (VIOLATED)
   u_ctrl/u_aes/state_reg_31_/Q   8.0000    10.7839        -2.7839  (VIOLATED)
   u_ctrl/u_aes/state_reg_119_/QN  16.0000  18.7565        -2.7565  (VIOLATED)
   u_ctrl/u_aes/state_reg_85_/QN   8.0000   10.7144        -2.7144  (VIOLATED)
   u_ctrl/u_aes/U240/Y        8.0000        10.7035        -2.7035  (VIOLATED)
   u_ctrl/u_aes/state_reg_101_/Q   8.0000   10.7032        -2.7032  (VIOLATED)
   u_ctrl/tx_idx_div2_reg_1_/QN   8.0000    10.6790        -2.6790  (VIOLATED)
   u_ctrl/u_aes/state_reg_14_/Q  16.0000    18.6679        -2.6679  (VIOLATED)
   u_ctrl/u_aes/U1000/Y      16.0000        18.6509        -2.6509  (VIOLATED)
   u_ctrl/u_aes/U867/Y        8.0000        10.6401        -2.6401  (VIOLATED)
   u_ctrl/tx_idx_div2_reg_0_/QN   8.0000    10.6346        -2.6346  (VIOLATED)
   u_ctrl/U102/SO             8.0000        10.5931        -2.5931  (VIOLATED)
   u_ctrl/tx_start_reg/QN     8.0000        10.5795        -2.5795  (VIOLATED)
   u_ctrl/u_aes/state_reg_44_/Q   8.0000    10.5696        -2.5696  (VIOLATED)
   u_ctrl/u_aes/U252/Y        8.0000        10.5564        -2.5564  (VIOLATED)
   u_ctrl/u_aes/state_reg_69_/QN   8.0000   10.5560        -2.5560  (VIOLATED)
   u_ctrl/u_aes/state_reg_21_/QN   8.0000   10.5539        -2.5539  (VIOLATED)
   u_ctrl/u_aes/U238/Y        8.0000        10.5450        -2.5450  (VIOLATED)
   u_ctrl/u_aes/U925/Y        8.0000        10.5414        -2.5414  (VIOLATED)
   u_ctrl/u_aes/U316/Y        8.0000        10.5297        -2.5297  (VIOLATED)
   u_ctrl/u_aes/state_reg_45_/Q   8.0000    10.5059        -2.5059  (VIOLATED)
   u_ctrl/u_aes/U4191/Y       8.0000        10.4936        -2.4936  (VIOLATED)
   u_ctrl/u_aes/state_reg_82_/QN   8.0000   10.4883        -2.4883  (VIOLATED)
   u_ctrl/u_aes/U4654/Y       8.0000        10.4586        -2.4586  (VIOLATED)
   u_ctrl/u_aes/state_reg_85_/Q   8.0000    10.4513        -2.4513  (VIOLATED)
   u_ctrl/u_aes/U4104/Y      16.0000        18.4447        -2.4447  (VIOLATED)
   u_ctrl/u_aes/U1090/Y       8.0000        10.4433        -2.4433  (VIOLATED)
   u_ctrl/u_aes/state_reg_66_/Q   8.0000    10.4236        -2.4236  (VIOLATED)
   u_ctrl/u_aes/U818/Y        8.0000        10.3624        -2.3624  (VIOLATED)
   u_ctrl/u_aes/state_reg_53_/Q  16.0000    18.3620        -2.3620  (VIOLATED)
   u_ctrl/u_aes/U1002/Y       8.0000        10.3385        -2.3385  (VIOLATED)
   u_ctrl/U604/Y              8.0000        10.3375        -2.3375  (VIOLATED)
   u_ctrl/u_aes/U1011/Y      16.0000        18.3175        -2.3175  (VIOLATED)
   u_ctrl/u_aes/state_reg_27_/QN  16.0000   18.3026        -2.3026  (VIOLATED)
   u_ctrl/u_aes/state_reg_120_/Q   8.0000   10.3018        -2.3018  (VIOLATED)
   u_ctrl/u_aes/U304/Y       32.0000        34.2878        -2.2878  (VIOLATED)
   u_ctrl/u_aes/U305/Y       32.0000        34.2878        -2.2878  (VIOLATED)
   u_ctrl/u_aes/U603/Y       32.0000        34.2878        -2.2878  (VIOLATED)
   u_ctrl/u_aes/state_reg_75_/Q  16.0000    18.2807        -2.2807  (VIOLATED)
   u_ctrl/u_aes/U171/Y        8.0000        10.2194        -2.2194  (VIOLATED)
   u_ctrl/u_aes/U357/Y        8.0000        10.1999        -2.1999  (VIOLATED)
   u_ctrl/u_aes/U1290/Y       8.0000        10.1994        -2.1994  (VIOLATED)
   u_ctrl/u_aes/U801/Y        8.0000        10.1949        -2.1949  (VIOLATED)
   u_ctrl/U122/Y              8.0000        10.1888        -2.1888  (VIOLATED)
   u_ctrl/u_aes/U1303/Y       8.0000        10.1863        -2.1863  (VIOLATED)
   u_ctrl/u_aes/U1017/Y       8.0000        10.1835        -2.1835  (VIOLATED)
   u_ctrl/u_aes/U311/Y       32.0000        34.1814        -2.1814  (VIOLATED)
   u_ctrl/u_aes/state_reg_102_/QN  16.0000  18.1749        -2.1749  (VIOLATED)
   u_ctrl/u_aes/U1923/Y       8.0000        10.1747        -2.1747  (VIOLATED)
   u_ctrl/u_aes/U256/Y        8.0000        10.1727        -2.1727  (VIOLATED)
   u_ctrl/byte_idx_reg_3_/Q   8.0000        10.1631        -2.1631  (VIOLATED)
   u_ctrl/u_aes/U275/Y        8.0000        10.1302        -2.1302  (VIOLATED)
   u_ctrl/u_aes/state_reg_73_/Q   8.0000    10.1055        -2.1055  (VIOLATED)
   u_ctrl/u_aes/U174/Y        8.0000        10.1041        -2.1041  (VIOLATED)
   u_ctrl/u_aes/U901/Y        8.0000        10.0923        -2.0923  (VIOLATED)
   u_ctrl/u_aes/U1120/Y       8.0000        10.0522        -2.0522  (VIOLATED)
   u_ctrl/u_aes/state_reg_24_/Q   8.0000    10.0376        -2.0376  (VIOLATED)
   u_ctrl/u_aes/U891/Y        8.0000        10.0243        -2.0243  (VIOLATED)
   u_ctrl/u_aes/U1008/Y       8.0000         9.9885        -1.9885  (VIOLATED)
   u_ctrl/u_aes/state_reg_21_/Q   8.0000     9.9826        -1.9826  (VIOLATED)
   u_ctrl/u_aes/U796/Y        8.0000         9.9748        -1.9748  (VIOLATED)
   u_ctrl/u_aes/U1034/Y       8.0000         9.9739        -1.9739  (VIOLATED)
   u_ctrl/U124/SO             8.0000         9.9656        -1.9656  (VIOLATED)
   u_ctrl/u_aes/U367/Y       16.0000        17.9250        -1.9250  (VIOLATED)
   u_ctrl/u_aes/state_reg_109_/Q   8.0000    9.8935        -1.8935  (VIOLATED)
   u_ctrl/u_aes/state_reg_61_/QN   8.0000    9.8550        -1.8550  (VIOLATED)
   u_ctrl/u_aes/state_reg_14_/QN  16.0000   17.8281        -1.8281  (VIOLATED)
   u_ctrl/u_aes/state_reg_89_/QN   8.0000    9.8275        -1.8275  (VIOLATED)
   u_ctrl/u_aes/U2523/Y      16.0000        17.8178        -1.8178  (VIOLATED)
   u_ctrl/u_aes/U2536/Y      16.0000        17.8178        -1.8178  (VIOLATED)
   u_ctrl/u_aes/U3715/Y      16.0000        17.8178        -1.8178  (VIOLATED)
   u_ctrl/u_aes/U3825/Y      16.0000        17.8178        -1.8178  (VIOLATED)
   u_ctrl/u_aes/U3827/Y      16.0000        17.8178        -1.8178  (VIOLATED)
   u_ctrl/u_aes/U3977/Y      16.0000        17.8178        -1.8178  (VIOLATED)
   u_ctrl/u_aes/U3997/Y      16.0000        17.8178        -1.8178  (VIOLATED)
   u_ctrl/u_aes/U4012/Y      16.0000        17.8178        -1.8178  (VIOLATED)
   u_ctrl/u_aes/U4239/Y      16.0000        17.8178        -1.8178  (VIOLATED)
   u_ctrl/u_aes/U4728/Y      16.0000        17.8178        -1.8178  (VIOLATED)
   u_ctrl/u_aes/U4781/Y      16.0000        17.8178        -1.8178  (VIOLATED)
   u_ctrl/u_aes/U4807/Y      16.0000        17.8178        -1.8178  (VIOLATED)
   u_ctrl/u_aes/U4811/Y      16.0000        17.8178        -1.8178  (VIOLATED)
   u_ctrl/u_aes/U4880/Y      16.0000        17.8178        -1.8178  (VIOLATED)
   u_ctrl/u_aes/U4924/Y      16.0000        17.8178        -1.8178  (VIOLATED)
   u_ctrl/u_aes/U5179/Y      16.0000        17.8178        -1.8178  (VIOLATED)
   u_ctrl/u_aes/U6217/Y      16.0000        17.8178        -1.8178  (VIOLATED)
   u_ctrl/u_aes/U6580/Y      16.0000        17.8178        -1.8178  (VIOLATED)
   u_ctrl/u_aes/U6910/Y      16.0000        17.8178        -1.8178  (VIOLATED)
   u_ctrl/u_aes/U8345/Y      16.0000        17.8178        -1.8178  (VIOLATED)
   u_ctrl/u_aes/U8883/Y      16.0000        17.8178        -1.8178  (VIOLATED)
   u_ctrl/u_aes/U9355/Y      16.0000        17.8178        -1.8178  (VIOLATED)
   u_ctrl/u_aes/U9356/Y      16.0000        17.8178        -1.8178  (VIOLATED)
   u_ctrl/u_aes/U9357/Y      16.0000        17.8178        -1.8178  (VIOLATED)
   u_ctrl/u_aes/U9358/Y      16.0000        17.8178        -1.8178  (VIOLATED)
   u_ctrl/u_aes/U9359/Y      16.0000        17.8178        -1.8178  (VIOLATED)
   u_ctrl/u_aes/U9360/Y      16.0000        17.8178        -1.8178  (VIOLATED)
   u_ctrl/u_aes/U9361/Y      16.0000        17.8178        -1.8178  (VIOLATED)
   u_ctrl/u_aes/U9362/Y      16.0000        17.8178        -1.8178  (VIOLATED)
   u_ctrl/u_aes/U9363/Y      16.0000        17.8178        -1.8178  (VIOLATED)
   u_ctrl/u_aes/U9364/Y      16.0000        17.8178        -1.8178  (VIOLATED)
   u_ctrl/u_aes/U9365/Y      16.0000        17.8178        -1.8178  (VIOLATED)
   u_ctrl/u_aes/U9366/Y      16.0000        17.8178        -1.8178  (VIOLATED)
   u_ctrl/u_aes/U9367/Y      16.0000        17.8178        -1.8178  (VIOLATED)
   u_ctrl/u_aes/U9368/Y      16.0000        17.8178        -1.8178  (VIOLATED)
   u_ctrl/u_aes/U9369/Y      16.0000        17.8178        -1.8178  (VIOLATED)
   u_ctrl/u_aes/U9381/Y      16.0000        17.8178        -1.8178  (VIOLATED)
   u_ctrl/u_aes/U9472/Y      16.0000        17.8178        -1.8178  (VIOLATED)
   u_ctrl/u_aes/U9473/Y      16.0000        17.8178        -1.8178  (VIOLATED)
   u_ctrl/u_aes/U9474/Y      16.0000        17.8178        -1.8178  (VIOLATED)
   u_ctrl/u_aes/U9475/Y      16.0000        17.8178        -1.8178  (VIOLATED)
   u_ctrl/u_aes/U9476/Y      16.0000        17.8178        -1.8178  (VIOLATED)
   u_ctrl/u_aes/U9682/Y      16.0000        17.8178        -1.8178  (VIOLATED)
   u_ctrl/u_aes/U9865/Y      16.0000        17.8178        -1.8178  (VIOLATED)
   u_ctrl/u_aes/U10039/Y     16.0000        17.8178        -1.8178  (VIOLATED)
   u_ctrl/u_aes/U10062/Y     16.0000        17.8178        -1.8178  (VIOLATED)
   u_ctrl/u_aes/U10168/Y     16.0000        17.8178        -1.8178  (VIOLATED)
   u_ctrl/u_aes/U10555/Y     16.0000        17.8178        -1.8178  (VIOLATED)
   u_ctrl/u_aes/U10592/Y     16.0000        17.8178        -1.8178  (VIOLATED)
   u_ctrl/u_aes/U11291/Y     16.0000        17.8178        -1.8178  (VIOLATED)
   u_ctrl/u_aes/U11503/Y     16.0000        17.8178        -1.8178  (VIOLATED)
   u_ctrl/u_aes/U11504/Y     16.0000        17.8178        -1.8178  (VIOLATED)
   u_ctrl/u_aes/U11505/Y     16.0000        17.8178        -1.8178  (VIOLATED)
   u_ctrl/u_aes/U11506/Y     16.0000        17.8178        -1.8178  (VIOLATED)
   u_ctrl/u_aes/U11507/Y     16.0000        17.8178        -1.8178  (VIOLATED)
   u_ctrl/u_aes/U11508/Y     16.0000        17.8178        -1.8178  (VIOLATED)
   u_ctrl/u_aes/U11509/Y     16.0000        17.8178        -1.8178  (VIOLATED)
   u_ctrl/u_aes/U11510/Y     16.0000        17.8178        -1.8178  (VIOLATED)
   u_ctrl/u_aes/U9370/Y      16.0000        17.8037        -1.8037  (VIOLATED)
   u_ctrl/u_aes/U79/Y         8.0000         9.8026        -1.8026  (VIOLATED)
   u_ctrl/u_aes/state_reg_106_/QN   8.0000   9.7978        -1.7978  (VIOLATED)
   u_ctrl/u_aes/U11511/Y     16.0000        17.7756        -1.7756  (VIOLATED)
   u_ctrl/u_aes/U307/Y       32.0000        33.6947        -1.6947  (VIOLATED)
   u_ctrl/u_aes/U11512/Y     16.0000        17.6492        -1.6492  (VIOLATED)
   u_ctrl/u_aes/U94/Y         8.0000         9.6408        -1.6408  (VIOLATED)
   u_ctrl/u_aes/state_reg_122_/QN   8.0000   9.6188        -1.6188  (VIOLATED)
   u_ctrl/u_aes/U313/Y        8.0000         9.5921        -1.5921  (VIOLATED)
   u_ctrl/u_aes/U343/Y        8.0000         9.5849        -1.5849  (VIOLATED)
   u_ctrl/u_aes/state_reg_114_/Q   8.0000    9.5777        -1.5777  (VIOLATED)
   u_ctrl/u_aes/U1793/Y       8.0000         9.5065        -1.5065  (VIOLATED)
   u_ctrl/U76/Y               8.0000         9.5023        -1.5023  (VIOLATED)
   u_ctrl/u_aes/state_reg_113_/QN   8.0000   9.4584        -1.4584  (VIOLATED)
   u_ctrl/U136/SO             8.0000         9.4564        -1.4564  (VIOLATED)
   u_ctrl/u_aes/U4105/Y      16.0000        17.4544        -1.4544  (VIOLATED)
   u_ctrl/u_aes/U888/Y        8.0000         9.4506        -1.4506  (VIOLATED)
   u_ctrl/u_aes/U1058/Y      16.0000        17.4484        -1.4484  (VIOLATED)
   u_ctrl/u_aes/state_reg_15_/QN   8.0000    9.3880        -1.3880  (VIOLATED)
   u_ctrl/u_aes/U1797/Y       8.0000         9.3757        -1.3757  (VIOLATED)
   u_ctrl/u_aes/state_reg_5_/QN   8.0000     9.3747        -1.3747  (VIOLATED)
   u_ctrl/u_aes/U1189/Y       8.0000         9.3707        -1.3707  (VIOLATED)
   u_ctrl/u_aes/state_reg_2_/QN   8.0000     9.3706        -1.3706  (VIOLATED)
   u_ctrl/u_aes/U2301/Y       8.0000         9.3695        -1.3695  (VIOLATED)
   u_ctrl/u_aes/state_reg_107_/Q  16.0000   17.3521        -1.3521  (VIOLATED)
   u_ctrl/u_aes/U340/Y        8.0000         9.3520        -1.3520  (VIOLATED)
   u_ctrl/U84/Y               8.0000         9.3407        -1.3407  (VIOLATED)
   u_ctrl/u_aes/U1051/Y       8.0000         9.3367        -1.3367  (VIOLATED)
   u_ctrl/U47/Y               8.0000         9.3306        -1.3306  (VIOLATED)
   u_ctrl/u_aes/U203/Y       16.0000        17.3301        -1.3301  (VIOLATED)
   u_ctrl/u_aes/U4113/Y       8.0000         9.2872        -1.2872  (VIOLATED)
   u_ctrl/u_aes/U842/Y        8.0000         9.2689        -1.2689  (VIOLATED)
   u_ctrl/U21/Y               8.0000         9.2571        -1.2571  (VIOLATED)
   u_ctrl/U201/Y              8.0000         9.2571        -1.2571  (VIOLATED)
   u_ctrl/u_aes/U188/Y        8.0000         9.2324        -1.2324  (VIOLATED)
   u_ctrl/u_aes/U181/Y        8.0000         9.2095        -1.2095  (VIOLATED)
   u_ctrl/u_aes/U2296/Y       8.0000         9.2017        -1.2017  (VIOLATED)
   u_ctrl/u_aes/U632/Y        8.0000         9.1774        -1.1774  (VIOLATED)
   u_ctrl/u_aes/U4349/Y       8.0000         9.1581        -1.1581  (VIOLATED)
   u_ctrl/u_aes/U4137/Y       8.0000         9.1469        -1.1469  (VIOLATED)
   u_ctrl/u_aes/U358/Y        8.0000         9.1150        -1.1150  (VIOLATED)
   u_ctrl/u_aes/U881/Y        8.0000         9.1029        -1.1029  (VIOLATED)
   u_ctrl/u_aes/U931/Y        8.0000         9.0962        -1.0962  (VIOLATED)
   u_ctrl/U605/Y              8.0000         9.0484        -1.0484  (VIOLATED)
   u_ctrl/u_aes/state_reg_48_/Q  16.0000    17.0451        -1.0451  (VIOLATED)
   u_ctrl/u_aes/U838/Y        8.0000         9.0411        -1.0411  (VIOLATED)
   u_ctrl/u_aes/U1371/Y       8.0000         9.0172        -1.0172  (VIOLATED)
   u_ctrl/u_aes/U1101/Y      16.0000        17.0154        -1.0154  (VIOLATED)
   u_ctrl/u_send_cdc_pulse_dst_reg/Q   8.0000   9.0052     -1.0052  (VIOLATED)
   u_ctrl/u_aes/U1148/Y       8.0000         9.0000        -1.0000  (VIOLATED)
   u_ctrl/u_aes/U98/Y         8.0000         8.9902        -0.9902  (VIOLATED)
   u_ctrl/u_aes/U800/Y        8.0000         8.9552        -0.9552  (VIOLATED)
   u_ctrl/u_aes/state_reg_102_/Q  16.0000   16.9417        -0.9417  (VIOLATED)
   u_ctrl/u_aes/U992/Y        8.0000         8.9378        -0.9378  (VIOLATED)
   u_ctrl/u_aes/U368/Y       32.0000        32.9335        -0.9335  (VIOLATED)
   u_ctrl/u_aes/U2286/Y       8.0000         8.9328        -0.9328  (VIOLATED)
   u_ctrl/u_aes/U4760/Y       8.0000         8.9284        -0.9284  (VIOLATED)
   u_ctrl/U123/Y              8.0000         8.9267        -0.9267  (VIOLATED)
   u_ctrl/u_aes/U365/Y        8.0000         8.9222        -0.9222  (VIOLATED)
   u_ctrl/u_aes/U2508/Y       8.0000         8.9038        -0.9038  (VIOLATED)
   u_ctrl/u_aes/U4747/Y       8.0000         8.8982        -0.8982  (VIOLATED)
   u_ctrl/u_aes/U1188/Y      16.0000        16.8976        -0.8976  (VIOLATED)
   u_ctrl/u_aes/U251/Y        8.0000         8.8585        -0.8585  (VIOLATED)
   u_ctrl/u_aes/state_reg_25_/QN   8.0000    8.8555        -0.8555  (VIOLATED)
   u_ctrl/u_aes/U1367/Y       8.0000         8.8529        -0.8529  (VIOLATED)
   u_ctrl/u_aes/U1082/Y       8.0000         8.8330        -0.8330  (VIOLATED)
   u_ctrl/u_aes/state_reg_113_/Q   8.0000    8.8231        -0.8231  (VIOLATED)
   u_ctrl/u_aes/U1073/Y       8.0000         8.8129        -0.8129  (VIOLATED)
   u_ctrl/u_aes/state_reg_29_/Q   8.0000     8.7865        -0.7865  (VIOLATED)
   u_ctrl/u_aes/U1285/Y       8.0000         8.7566        -0.7566  (VIOLATED)
   u_ctrl/u_aes/U852/Y        8.0000         8.7540        -0.7540  (VIOLATED)
   u_ctrl/u_aes/U1373/Y       8.0000         8.7109        -0.7109  (VIOLATED)
   u_ctrl/u_aes/U373/Y        8.0000         8.7074        -0.7074  (VIOLATED)
   u_ctrl/u_aes/U1049/Y      16.0000        16.6858        -0.6858  (VIOLATED)
   u_ctrl/u_aes/state_reg_39_/QN   8.0000    8.6455        -0.6455  (VIOLATED)
   u_ctrl/u_aes/state_reg_99_/QN   8.0000    8.6425        -0.6425  (VIOLATED)
   u_ctrl/tx_idx_div2_reg_3_/Q   8.0000      8.6408        -0.6408  (VIOLATED)
   u_ctrl/u_aes/U338/Y        8.0000         8.6128        -0.6128  (VIOLATED)
   u_ctrl/u_aes/U255/Y        8.0000         8.5884        -0.5884  (VIOLATED)
   u_ctrl/U378/Y              8.0000         8.5656        -0.5656  (VIOLATED)
   u_ctrl/u_aes/U2180/Y       8.0000         8.4834        -0.4834  (VIOLATED)
   u_ctrl/u_aes/state_reg_26_/Q   8.0000     8.4531        -0.4531  (VIOLATED)
   u_ctrl/U357/Y              8.0000         8.4396        -0.4396  (VIOLATED)
   u_ctrl/u_aes/U2564/Y      16.0000        16.4282        -0.4282  (VIOLATED)
   u_ctrl/u_aes/U4921/Y       8.0000         8.4282        -0.4282  (VIOLATED)
   u_ctrl/u_aes/U729/Y        8.0000         8.4126        -0.4126  (VIOLATED)
   u_ctrl/U80/Y               8.0000         8.3872        -0.3872  (VIOLATED)
   u_ctrl/u_aes/U99/Y         8.0000         8.3842        -0.3842  (VIOLATED)
   u_ctrl/u_aes/U112/Y        8.0000         8.3756        -0.3756  (VIOLATED)
   u_ctrl/u_aes/U1029/Y      16.0000        16.3738        -0.3738  (VIOLATED)
   u_ctrl/u_aes/U349/Y        8.0000         8.3495        -0.3495  (VIOLATED)
   u_ctrl/u_aes/U747/Y        8.0000         8.3481        -0.3481  (VIOLATED)
   u_ctrl/u_aes/U4238/Y       8.0000         8.3190        -0.3190  (VIOLATED)
   u_ctrl/u_aes/round_reg_1_/Q   8.0000      8.2893        -0.2893  (VIOLATED)
   u_ctrl/u_aes/U376/Y        8.0000         8.2774        -0.2774  (VIOLATED)
   u_ctrl/u_aes/U1031/Y       8.0000         8.2762        -0.2762  (VIOLATED)
   u_ctrl/u_aes/U262/Y        8.0000         8.2754        -0.2754  (VIOLATED)
   u_ctrl/u_aes/U1179/Y      32.0000        32.2695        -0.2695  (VIOLATED)
   u_ctrl/u_aes/U11542/Y     16.0000        16.2672        -0.2672  (VIOLATED)
   u_ctrl/u_aes/U11518/Y     16.0000        16.2672        -0.2672  (VIOLATED)
   u_ctrl/u_aes/U11519/Y     16.0000        16.2672        -0.2672  (VIOLATED)
   u_ctrl/u_aes/U11535/Y     16.0000        16.2672        -0.2672  (VIOLATED)
   u_ctrl/u_aes/U11539/Y     16.0000        16.2672        -0.2672  (VIOLATED)
   u_ctrl/u_aes/U11540/Y     16.0000        16.2672        -0.2672  (VIOLATED)
   u_ctrl/u_aes/U2210/Y       8.0000         8.2617        -0.2617  (VIOLATED)
   u_ctrl/u_aes/U905/Y        8.0000         8.2564        -0.2564  (VIOLATED)
   u_ctrl/u_aes/U2271/Y       8.0000         8.2492        -0.2492  (VIOLATED)
   u_ctrl/u_aes/U643/Y        8.0000         8.2371        -0.2371  (VIOLATED)
   u_ctrl/u_aes/U1009/Y      16.0000        16.2351        -0.2351  (VIOLATED)
   u_ctrl/u_aes/state_reg_66_/QN   8.0000    8.2344        -0.2344  (VIOLATED)
   u_ctrl/u_aes/state_reg_13_/QN   8.0000    8.2341        -0.2341  (VIOLATED)
   u_ctrl/u_aes/state_reg_42_/QN   8.0000    8.2302        -0.2302  (VIOLATED)
   u_ctrl/u_aes/U1030/Y      16.0000        16.2302        -0.2302  (VIOLATED)
   u_ctrl/U352/Y              8.0000         8.2200        -0.2200  (VIOLATED)
   u_ctrl/u_aes/U731/Y        8.0000         8.2175        -0.2175  (VIOLATED)
   u_ctrl/u_tx_tx_busy_reg/QN   8.0000       8.2072        -0.2072  (VIOLATED)
   u_ctrl/u_aes/round_reg_0_/Q   8.0000      8.1920        -0.1920  (VIOLATED)
   u_ctrl/u_aes/U1450/Y       8.0000         8.1854        -0.1854  (VIOLATED)
   u_ctrl/u_aes/U792/Y        8.0000         8.1782        -0.1782  (VIOLATED)
   u_ctrl/u_aes/U360/Y        8.0000         8.1625        -0.1625  (VIOLATED)
   u_ctrl/u_aes/U2283/Y       8.0000         8.1505        -0.1505  (VIOLATED)
   u_ctrl/u_aes/U2304/Y       8.0000         8.1266        -0.1266  (VIOLATED)
   u_ctrl/u_aes/U743/Y        8.0000         8.1231        -0.1231  (VIOLATED)
   u_ctrl/U146/Y              8.0000         8.1089        -0.1089  (VIOLATED)
   u_ctrl/u_aes/U2320/Y       8.0000         8.1045        -0.1045  (VIOLATED)
   u_ctrl/u_aes/U1940/Y       8.0000         8.0979        -0.0979  (VIOLATED)
   u_ctrl/u_aes/U5582/Y       8.0000         8.0965        -0.0965  (VIOLATED)
   u_ctrl/u_aes/U919/Y        8.0000         8.0931        -0.0931  (VIOLATED)
   u_ctrl/U109/SO             8.0000         8.0915        -0.0915  (VIOLATED)
   u_ctrl/u_aes/U1248/Y       8.0000         8.0860        -0.0860  (VIOLATED)
   u_ctrl/u_aes/U4883/Y      16.0000        16.0837        -0.0837  (VIOLATED)
   u_ctrl/u_aes/U927/Y        8.0000         8.0824        -0.0824  (VIOLATED)
   u_ctrl/u_aes/U139/Y        8.0000         8.0772        -0.0772  (VIOLATED)
   u_ctrl/u_aes/U924/Y        8.0000         8.0748        -0.0748  (VIOLATED)
   u_ctrl/u_aes/U4109/Y       8.0000         8.0275        -0.0275  (VIOLATED)
   u_ctrl/u_aes/U11513/Y     16.0000        16.0202        -0.0202  (VIOLATED)
   u_ctrl/u_aes/U1003/Y       8.0000         8.0131        -0.0131  (VIOLATED)


   max_transition

                             Required        Actual
   Pin                      Transition     Transition        Slack
   -----------------------------------------------------------------
   u_ctrl/u_aes/U348/Y        0.1140         0.1833        -0.0693  (VIOLATED)
   u_ctrl/u_aes/state_reg_40_/QN   0.1260    0.1891        -0.0630  (VIOLATED)
   u_ctrl/u_aes/U346/Y        0.1004         0.1565        -0.0562  (VIOLATED)
   u_ctrl/u_ct_cdc_pulse_dst_reg/QN   0.1202   0.1753      -0.0551  (VIOLATED)
   u_ctrl/u_rx_busy_reg/QN    0.1202         0.1722        -0.0521  (VIOLATED)
   u_ctrl/u_aes/state_reg_121_/QN   0.1202   0.1710        -0.0508  (VIOLATED)
   u_ctrl/u_aes/state_reg_84_/QN   0.1202    0.1661        -0.0459  (VIOLATED)
   u_ctrl/u_aes/state_reg_20_/QN   0.1202    0.1599        -0.0397  (VIOLATED)
   u_ctrl/u_aes/state_reg_6_/QN   0.1202     0.1596        -0.0394  (VIOLATED)
   u_ctrl/u_aes/state_reg_32_/QN   0.1202    0.1595        -0.0393  (VIOLATED)
   u_ctrl/u_aes/U860/Y        0.1137         0.1525        -0.0389  (VIOLATED)
   u_ctrl/U13/Y               0.1137         0.1518        -0.0381  (VIOLATED)
   u_ctrl/u_aes/state_reg_125_/QN   0.1202   0.1573        -0.0371  (VIOLATED)
   u_ctrl/u_aes/state_reg_41_/QN   0.1202    0.1555        -0.0353  (VIOLATED)
   u_ctrl/crc_start_reg/QN    0.1202         0.1554        -0.0352  (VIOLATED)
   u_ctrl/u_aes/state_reg_9_/QN   0.1202     0.1551        -0.0349  (VIOLATED)
   u_ctrl/u_aes/U1061/Y       0.1004         0.1347        -0.0344  (VIOLATED)
   u_ctrl/u_aes/state_reg_73_/QN   0.1202    0.1529        -0.0328  (VIOLATED)
   u_ctrl/crc_dv_reg/QN       0.1202         0.1522        -0.0321  (VIOLATED)
   u_ctrl/u_aes/U948/Y        0.1004         0.1316        -0.0313  (VIOLATED)
   u_ctrl/u_aes/state_reg_60_/QN   0.1202    0.1515        -0.0313  (VIOLATED)
   u_ctrl/u_aes/state_reg_11_/QN   0.1202    0.1494        -0.0292  (VIOLATED)
   u_ctrl/u_aes/state_reg_24_/QN   0.1202    0.1475        -0.0274  (VIOLATED)
   u_ctrl/U28/Y               0.1035         0.1308        -0.0273  (VIOLATED)
   u_ctrl/u_aes/state_reg_8_/QN   0.1202     0.1462        -0.0260  (VIOLATED)
   u_ctrl/u_aes/busy_reg/QN   0.1202         0.1444        -0.0242  (VIOLATED)
   u_ctrl/u_aes/state_reg_29_/QN   0.1202    0.1433        -0.0231  (VIOLATED)
   u_ctrl/u_aes/state_reg_92_/QN   0.1202    0.1431        -0.0229  (VIOLATED)
   u_ctrl/u_aes/state_reg_94_/QN   0.1260    0.1486        -0.0225  (VIOLATED)
   u_ctrl/u_aes/state_reg_108_/QN   0.1202   0.1425        -0.0223  (VIOLATED)
   u_ctrl/u_aes/state_reg_111_/QN   0.1260   0.1483        -0.0223  (VIOLATED)
   u_ctrl/u_aes/state_reg_1_/QN   0.1202     0.1404        -0.0202  (VIOLATED)
   u_ctrl/u_aes/state_reg_26_/QN   0.1202    0.1393        -0.0191  (VIOLATED)
   u_ctrl/u_aes/state_reg_93_/QN   0.1202    0.1393        -0.0191  (VIOLATED)
   u_ctrl/u_aes/state_reg_101_/QN   0.1202   0.1393        -0.0191  (VIOLATED)
   u_ctrl/u_aes/state_reg_86_/QN   0.1202    0.1389        -0.0187  (VIOLATED)
   u_ctrl/u_aes/state_reg_37_/QN   0.1202    0.1380        -0.0178  (VIOLATED)
   u_ctrl/u_aes/state_reg_12_/QN   0.1260    0.1437        -0.0177  (VIOLATED)
   u_ctrl/u_aes/state_reg_49_/QN   0.1260    0.1430        -0.0170  (VIOLATED)
   u_ctrl/u_aes/state_reg_50_/QN   0.1202    0.1365        -0.0163  (VIOLATED)
   u_ctrl/u_aes/state_reg_3_/QN   0.1202     0.1364        -0.0162  (VIOLATED)
   u_ctrl/u_aes/state_reg_105_/QN   0.1202   0.1362        -0.0160  (VIOLATED)
   u_ctrl/u_aes/state_reg_33_/QN   0.1260    0.1415        -0.0154  (VIOLATED)
   u_ctrl/u_aes/state_reg_30_/QN   0.1260    0.1399        -0.0139  (VIOLATED)
   u_ctrl/u_aes/U845/Y        0.1004         0.1129        -0.0125  (VIOLATED)
   u_ctrl/u_aes/U186/Y        0.1004         0.1126        -0.0123  (VIOLATED)
   u_ctrl/u_aes/U1374/Y       0.1004         0.1116        -0.0112  (VIOLATED)
   u_ctrl/u_aes/state_reg_117_/QN   0.1202   0.1308        -0.0106  (VIOLATED)
   u_ctrl/u_aes/state_reg_45_/QN   0.1202    0.1302        -0.0100  (VIOLATED)
   u_ctrl/u_aes/U1025/Y       0.1004         0.1090        -0.0087  (VIOLATED)
   u_ctrl/u_aes/state_reg_109_/QN   0.1202   0.1276        -0.0074  (VIOLATED)
   u_ctrl/u_aes/state_reg_44_/QN   0.1202    0.1259        -0.0057  (VIOLATED)
   u_ctrl/u_aes/U240/Y        0.1004         0.1058        -0.0054  (VIOLATED)
   u_ctrl/u_aes/U867/Y        0.1004         0.1050        -0.0046  (VIOLATED)
   u_ctrl/u_aes/state_reg_77_/QN   0.1202    0.1242        -0.0040  (VIOLATED)
   u_ctrl/u_aes/U238/Y        0.1004         0.1044        -0.0040  (VIOLATED)
   u_ctrl/u_aes/U252/Y        0.1004         0.1044        -0.0040  (VIOLATED)
   u_ctrl/u_aes/U925/Y        0.1004         0.1041        -0.0038  (VIOLATED)
   u_ctrl/u_aes/state_reg_10_/QN   0.1202    0.1225        -0.0023  (VIOLATED)
   u_ctrl/u_aes/state_reg_35_/QN   0.1202    0.1218        -0.0016  (VIOLATED)
   u_ctrl/u_aes/state_reg_7_/QN   0.1202     0.1213        -0.0011  (VIOLATED)
   u_ctrl/U122/Y              0.1004         0.1008        -0.0004  (VIOLATED)
   u_ctrl/u_aes/state_reg_85_/QN   0.1202    0.1205        -0.0003  (VIOLATED)


1
