****************************************
Report : constraint
	-all_violators
	-path slack_only
Design : top_mcu_pll_sram_multiclk_soc
Version: W-2024.09-SP5-3
Date   : Thu Apr 16 10:26:14 2026
****************************************






   max_capacitance

                             Required        Actual
   Pin                      Capacitance    Capacitance       Slack
   -----------------------------------------------------------------
   DFTC_8/Y                  32.0000       179.3681       -147.3681 (VIOLATED)
   u_ctrl/DFTC_14/Y          64.0000       186.7506       -122.7506 (VIOLATED)
   u_ctrl/U848/Y             16.0000       105.7500       -89.7500  (VIOLATED)
   u_ctrl/DFTC_4/Y           64.0000       140.3642       -76.3642  (VIOLATED)
   u_ctrl/DFTC_5/Y           64.0000       135.6027       -71.6027  (VIOLATED)
   u_ctrl/DFTC_6/Y           64.0000       131.6640       -67.6640  (VIOLATED)
   u_ctrl/u_aes/state_reg_16_/QN  16.0000   29.9375       -13.9375  (VIOLATED)
   u_ctrl/u_aes/U8842/Y       8.0000        17.1638        -9.1638  (VIOLATED)
   u_ctrl/u_aes/state_reg_89_/Q   8.0000    16.6675        -8.6675  (VIOLATED)
   u_ctrl/u_aes/U4683/Y       8.0000        16.5506        -8.5506  (VIOLATED)
   u_ctrl/u_aes/U8944/Y       8.0000        16.1453        -8.1453  (VIOLATED)
   u_ctrl/u_aes/U6941/Y       8.0000        15.9520        -7.9520  (VIOLATED)
   u_ctrl/u_aes/U3678/Y       8.0000        15.9508        -7.9508  (VIOLATED)
   u_ctrl/u_aes/U9200/Y       8.0000        15.5978        -7.5978  (VIOLATED)
   u_ctrl/u_aes/U1694/Y      32.0000        38.9041        -6.9041  (VIOLATED)
   u_ctrl/u_aes/ct_out_reg_110_/Q   8.0000  14.7524        -6.7524  (VIOLATED)
   u_ctrl/u_aes/U1401/Y      16.0000        22.6909        -6.6909  (VIOLATED)
   u_ctrl/u_aes/U8900/Y       8.0000        14.4678        -6.4678  (VIOLATED)
   u_ctrl/u_aes/U5380/Y       8.0000        13.5203        -5.5203  (VIOLATED)
   u_ctrl/u_aes/state_reg_110_/Q  16.0000   21.2670        -5.2670  (VIOLATED)
   u_ctrl/u_aes/U6967/Y      16.0000        20.5195        -4.5195  (VIOLATED)
   u_ctrl/u_aes/state_reg_117_/QN   8.0000  12.5138        -4.5138  (VIOLATED)
   u_ctrl/u_aes/U76/Y        16.0000        20.3599        -4.3599  (VIOLATED)
   u_ctrl/u_aes/U25/Y        16.0000        20.2253        -4.2253  (VIOLATED)
   u_ctrl/u_aes/U4657/Y       8.0000        12.2247        -4.2247  (VIOLATED)
   u_ctrl/u_aes/state_reg_78_/Q  16.0000    19.9929        -3.9929  (VIOLATED)
   u_ctrl/u_aes/state_reg_39_/Q  16.0000    19.9237        -3.9237  (VIOLATED)
   u_ctrl/u_aes/state_reg_86_/Q   8.0000    11.8300        -3.8300  (VIOLATED)
   u_ctrl/u_aes/state_reg_12_/Q   8.0000    11.7470        -3.7470  (VIOLATED)
   u_ctrl/u_aes/U6978/Y      64.0000        67.5760        -3.5760  (VIOLATED)
   u_ctrl/u_aes/state_reg_121_/Q   8.0000   11.5465        -3.5465  (VIOLATED)
   u_ctrl/u_aes/state_reg_67_/Q   8.0000    11.5202        -3.5202  (VIOLATED)
   u_ctrl/u_aes/state_reg_126_/Q   8.0000   11.5058        -3.5058  (VIOLATED)
   u_ctrl/u_aes/state_reg_46_/Q  16.0000    19.4467        -3.4467  (VIOLATED)
   u_ctrl/u_aes/U281/Y       16.0000        19.4410        -3.4410  (VIOLATED)
   u_ctrl/u_aes/state_reg_7_/Q  16.0000     19.4330        -3.4330  (VIOLATED)
   u_ctrl/u_aes/state_reg_94_/Q   8.0000    11.4240        -3.4240  (VIOLATED)
   u_ctrl/u_aes/U23/Y         8.0000        11.4056        -3.4056  (VIOLATED)
   u_ctrl/u_aes/state_reg_65_/Q   8.0000    11.3769        -3.3769  (VIOLATED)
   u_ctrl/u_aes/U5796/Y      16.0000        19.3447        -3.3447  (VIOLATED)
   u_ctrl/u_aes/state_reg_19_/QN   8.0000   11.3379        -3.3379  (VIOLATED)
   u_ctrl/u_aes/state_reg_108_/Q   8.0000   11.1917        -3.1917  (VIOLATED)
   u_ctrl/u_aes/state_reg_83_/Q  16.0000    19.1628        -3.1628  (VIOLATED)
   u_ctrl/U16/Y              32.0000        35.1255        -3.1255  (VIOLATED)
   u_ctrl/u_aes/U8666/Y       8.0000        10.8262        -2.8262  (VIOLATED)
   u_ctrl/u_aes/state_reg_87_/Q   8.0000    10.8252        -2.8252  (VIOLATED)
   u_ctrl/u_aes/U2064/Y      32.0000        34.8125        -2.8125  (VIOLATED)
   u_ctrl/U28/Y              32.0000        34.7970        -2.7970  (VIOLATED)
   u_ctrl/u_aes/U1048/Y      32.0000        34.7734        -2.7734  (VIOLATED)
   u_ctrl/u_aes/state_reg_81_/Q   8.0000    10.7650        -2.7650  (VIOLATED)
   u_ctrl/u_aes/U19/Y        16.0000        18.7026        -2.7026  (VIOLATED)
   u_ctrl/U50/Y               8.0000        10.5550        -2.5550  (VIOLATED)
   u_ctrl/u_aes/state_reg_8_/Q  16.0000     18.5317        -2.5317  (VIOLATED)
   u_ctrl/u_aes/U272/Y       16.0000        18.4320        -2.4320  (VIOLATED)
   u_ctrl/u_aes/U290/Y       16.0000        18.3993        -2.3993  (VIOLATED)
   u_ctrl/u_aes/U944/Y       16.0000        18.3897        -2.3897  (VIOLATED)
   u_ctrl/u_aes/U9258/Y       8.0000        10.3790        -2.3790  (VIOLATED)
   u_ctrl/u_aes/state_reg_100_/Q  16.0000   18.3610        -2.3610  (VIOLATED)
   u_ctrl/u_aes/U4792/Y       8.0000        10.3455        -2.3455  (VIOLATED)
   u_ctrl/u_aes/state_reg_118_/Q  16.0000   18.3397        -2.3397  (VIOLATED)
   u_ctrl/u_aes/U11/Y        16.0000        18.3147        -2.3147  (VIOLATED)
   u_ctrl/u_aes/U3093/Y      16.0000        18.2526        -2.2526  (VIOLATED)
   u_ctrl/u_aes/state_reg_43_/Q   8.0000    10.1934        -2.1934  (VIOLATED)
   u_ctrl/u_aes/U8227/Y       8.0000        10.1589        -2.1589  (VIOLATED)
   u_ctrl/U48/Y               8.0000        10.1518        -2.1518  (VIOLATED)
   u_ctrl/u_aes/state_reg_99_/Q  16.0000    18.1162        -2.1162  (VIOLATED)
   u_ctrl/u_aes/U2946/Y      16.0000        17.9494        -1.9494  (VIOLATED)
   u_ctrl/u_aes/U1391/Y       8.0000         9.9378        -1.9378  (VIOLATED)
   u_ctrl/u_aes/U6282/Y      16.0000        17.9056        -1.9056  (VIOLATED)
   u_ctrl/u_aes/U8208/Y      16.0000        17.9000        -1.9000  (VIOLATED)
   u_ctrl/u_crc/U9/Y         16.0000        17.7996        -1.7996  (VIOLATED)
   u_ctrl/u_aes/U1823/Y      32.0000        33.7118        -1.7118  (VIOLATED)
   u_ctrl/u_aes/U9206/Y      16.0000        17.6957        -1.6957  (VIOLATED)
   u_ctrl/u_crc/U11/Y        16.0000        17.6808        -1.6808  (VIOLATED)
   u_ctrl/u_aes/U6519/Y      16.0000        17.6680        -1.6680  (VIOLATED)
   u_ctrl/u_aes/U2927/Y      16.0000        17.5922        -1.5922  (VIOLATED)
   u_ctrl/u_aes/U1619/Y       8.0000         9.5445        -1.5445  (VIOLATED)
   u_ctrl/u_aes/U3142/Y      16.0000        17.5157        -1.5157  (VIOLATED)
   u_ctrl/u_aes/state_reg_6_/Q  16.0000     17.4590        -1.4590  (VIOLATED)
   u_ctrl/u_aes/state_reg_3_/Q   8.0000      9.4286        -1.4286  (VIOLATED)
   u_ctrl/u_aes/U6286/Y      16.0000        17.4252        -1.4252  (VIOLATED)
   u_ctrl/u_aes/U9327/Y      16.0000        17.3998        -1.3998  (VIOLATED)
   u_ctrl/U411/Y              8.0000         9.3767        -1.3767  (VIOLATED)
   u_ctrl/u_aes/state_reg_123_/Q   8.0000    9.3546        -1.3546  (VIOLATED)
   u_ctrl/u_aes/U6986/Y     168.0000       169.2893        -1.2893  (VIOLATED)
   u_ctrl/u_aes/U1397/Y       8.0000         9.2866        -1.2866  (VIOLATED)
   u_ctrl/u_aes/U5565/Y      16.0000        17.2793        -1.2793  (VIOLATED)
   u_ctrl/u_aes/U2282/Y       8.0000         9.2391        -1.2391  (VIOLATED)
   u_ctrl/u_aes/U1205/Y       8.0000         9.2307        -1.2307  (VIOLATED)
   u_ctrl/u_aes/U8638/Y       8.0000         9.2148        -1.2148  (VIOLATED)
   u_ctrl/u_aes/U5930/Y       8.0000         9.2131        -1.2131  (VIOLATED)
   u_ctrl/u_aes/U4157/Y      16.0000        17.2054        -1.2054  (VIOLATED)
   u_ctrl/u_aes/U860/Y        8.0000         9.1918        -1.1918  (VIOLATED)
   u_ctrl/u_aes/U1898/Y       8.0000         9.1892        -1.1892  (VIOLATED)
   u_ctrl/u_aes/U3084/Y       8.0000         9.1852        -1.1852  (VIOLATED)
   u_ctrl/u_aes/U5615/Y      16.0000        17.1769        -1.1769  (VIOLATED)
   u_ctrl/u_aes/U6955/Y      16.0000        17.1743        -1.1743  (VIOLATED)
   u_ctrl/u_aes/U1133/Y       8.0000         9.1383        -1.1383  (VIOLATED)
   u_ctrl/U378/Y              8.0000         9.1129        -1.1129  (VIOLATED)
   u_ctrl/u_aes/U2159/Y       8.0000         9.1093        -1.1093  (VIOLATED)
   u_ctrl/u_aes/state_reg_40_/Q   8.0000     9.1027        -1.1027  (VIOLATED)
   u_ctrl/u_aes/U4159/Y       8.0000         9.0981        -1.0981  (VIOLATED)
   u_ctrl/u_aes/U6957/Y      16.0000        17.0838        -1.0838  (VIOLATED)
   u_ctrl/u_aes/state_reg_47_/Q  16.0000    17.0804        -1.0804  (VIOLATED)
   u_ctrl/u_aes/U9428/Y      16.0000        16.9853        -0.9853  (VIOLATED)
   u_ctrl/u_aes/state_reg_65_/QN   8.0000    8.9696        -0.9696  (VIOLATED)
   u_ctrl/u_aes/U2300/Y       8.0000         8.9629        -0.9629  (VIOLATED)
   u_ctrl/u_aes/state_reg_64_/Q   8.0000     8.9471        -0.9471  (VIOLATED)
   u_ctrl/u_aes/DFTC_17/Y    16.0000        16.9263        -0.9263  (VIOLATED)
   u_ctrl/u_aes/U1237/Y       8.0000         8.9208        -0.9208  (VIOLATED)
   u_ctrl/u_aes/U8881/Y       8.0000         8.8881        -0.8881  (VIOLATED)
   u_ctrl/u_rx/U51/Y         16.0000        16.8721        -0.8721  (VIOLATED)
   u_ctrl/u_aes/U3102/Y      16.0000        16.8620        -0.8620  (VIOLATED)
   u_ctrl/u_aes/U2517/Y       8.0000         8.8487        -0.8487  (VIOLATED)
   u_ctrl/u_aes/U4681/Y       8.0000         8.8439        -0.8439  (VIOLATED)
   u_ctrl/u_aes/U591/Y        8.0000         8.8421        -0.8421  (VIOLATED)
   u_ctrl/u_aes/U3268/Y       8.0000         8.8416        -0.8416  (VIOLATED)
   u_ctrl/u_aes/U1489/Y       8.0000         8.8352        -0.8352  (VIOLATED)
   u_ctrl/U156/Y              8.0000         8.8321        -0.8321  (VIOLATED)
   u_ctrl/U61/Y               8.0000         8.8283        -0.8283  (VIOLATED)
   u_ctrl/u_aes/U4545/Y       8.0000         8.8166        -0.8166  (VIOLATED)
   u_ctrl/u_aes/U9331/Y       8.0000         8.8125        -0.8125  (VIOLATED)
   u_ctrl/u_aes/U1812/Y       8.0000         8.8113        -0.8113  (VIOLATED)
   u_ctrl/u_aes/U6752/Y       8.0000         8.8012        -0.8012  (VIOLATED)
   u_ctrl/u_aes/state_reg_17_/QN   8.0000    8.7826        -0.7826  (VIOLATED)
   u_ctrl/u_tx/U43/Y          8.0000         8.7388        -0.7388  (VIOLATED)
   u_ctrl/u_aes/U3315/Y       8.0000         8.7344        -0.7344  (VIOLATED)
   u_ctrl/u_aes/U5959/Y      16.0000        16.7186        -0.7186  (VIOLATED)
   u_ctrl/u_aes/U5253/Y      16.0000        16.7126        -0.7126  (VIOLATED)
   u_ctrl/u_aes/U374/Y        8.0000         8.7126        -0.7126  (VIOLATED)
   u_ctrl/u_aes/U1940/Y       8.0000         8.7060        -0.7060  (VIOLATED)
   u_ctrl/u_aes/state_reg_70_/Q   8.0000     8.6786        -0.6786  (VIOLATED)
   u_ctrl/U437/Y              8.0000         8.6766        -0.6766  (VIOLATED)
   u_ctrl/u_aes/state_reg_14_/Q  16.0000    16.6758        -0.6758  (VIOLATED)
   u_ctrl/u_aes/U623/Y        8.0000         8.6735        -0.6735  (VIOLATED)
   u_ctrl/U60/Y               8.0000         8.6639        -0.6639  (VIOLATED)
   u_ctrl/U468/Y              8.0000         8.6390        -0.6390  (VIOLATED)
   u_ctrl/u_aes/U3557/Y       8.0000         8.6275        -0.6275  (VIOLATED)
   u_ctrl/u_aes/U1387/Y       8.0000         8.6073        -0.6073  (VIOLATED)
   u_ctrl/u_crc/U28/Y         8.0000         8.6067        -0.6067  (VIOLATED)
   u_ctrl/u_aes/state_reg_67_/QN   8.0000    8.5651        -0.5651  (VIOLATED)
   u_ctrl/u_aes/U700/Y        8.0000         8.5465        -0.5465  (VIOLATED)
   u_ctrl/U438/Y              8.0000         8.5435        -0.5435  (VIOLATED)
   u_ctrl/u_aes/U43/Y         8.0000         8.5370        -0.5370  (VIOLATED)
   u_ctrl/u_aes/U2799/Y       8.0000         8.5331        -0.5331  (VIOLATED)
   u_ctrl/u_aes/U1386/Y       8.0000         8.5306        -0.5306  (VIOLATED)
   u_ctrl/u_aes/U9312/Y      16.0000        16.5301        -0.5301  (VIOLATED)
   u_ctrl/u_aes/U3012/Y       8.0000         8.5211        -0.5211  (VIOLATED)
   u_ctrl/u_aes/U3332/Y       8.0000         8.5035        -0.5035  (VIOLATED)
   u_ctrl/U111/Y              8.0000         8.4963        -0.4963  (VIOLATED)
   u_ctrl/u_aes/U9586/Y      16.0000        16.4938        -0.4938  (VIOLATED)
   u_ctrl/U96/Y               8.0000         8.4916        -0.4916  (VIOLATED)
   u_ctrl/u_aes/U2226/Y       8.0000         8.4865        -0.4865  (VIOLATED)
   u_ctrl/u_aes/U936/Y        8.0000         8.4810        -0.4810  (VIOLATED)
   u_ctrl/u_aes/state_reg_15_/Q   8.0000     8.4694        -0.4694  (VIOLATED)
   u_ctrl/U539/Y              8.0000         8.4528        -0.4528  (VIOLATED)
   u_ctrl/u_aes/U464/Y        8.0000         8.4450        -0.4450  (VIOLATED)
   u_ctrl/u_aes/U3314/Y      16.0000        16.4217        -0.4217  (VIOLATED)
   u_ctrl/U80/Y               8.0000         8.4200        -0.4200  (VIOLATED)
   u_ctrl/u_aes/U2048/Y       8.0000         8.4023        -0.4023  (VIOLATED)
   u_ctrl/u_aes/U8423/Y       8.0000         8.4009        -0.4009  (VIOLATED)
   u_ctrl/U577/Y              8.0000         8.3909        -0.3909  (VIOLATED)
   u_ctrl/u_aes/U3365/Y       8.0000         8.3907        -0.3907  (VIOLATED)
   u_ctrl/u_aes/U1679/Y       8.0000         8.3897        -0.3897  (VIOLATED)
   u_ctrl/u_aes/U3548/Y       8.0000         8.3471        -0.3471  (VIOLATED)
   u_ctrl/u_aes/U3156/Y       8.0000         8.3431        -0.3431  (VIOLATED)
   u_ctrl/u_aes/U1583/Y       8.0000         8.3396        -0.3396  (VIOLATED)
   u_ctrl/U29/Y               8.0000         8.3378        -0.3378  (VIOLATED)
   u_ctrl/u_aes/U4719/Y      16.0000        16.3062        -0.3062  (VIOLATED)
   u_ctrl/u_aes/U4274/Y       8.0000         8.2988        -0.2988  (VIOLATED)
   u_ctrl/u_aes/U8470/Y       8.0000         8.2974        -0.2974  (VIOLATED)
   u_ctrl/U678/Y             16.0000        16.2960        -0.2960  (VIOLATED)
   u_ctrl/u_aes/U3549/Y       8.0000         8.2952        -0.2952  (VIOLATED)
   u_ctrl/u_aes/U1617/Y       8.0000         8.2944        -0.2944  (VIOLATED)
   u_ctrl/u_aes/state_reg_11_/Q  16.0000    16.2935        -0.2935  (VIOLATED)
   u_ctrl/u_aes/U8546/Y      16.0000        16.2910        -0.2910  (VIOLATED)
   u_ctrl/u_aes/U2556/Y       8.0000         8.2816        -0.2816  (VIOLATED)
   u_ctrl/u_aes/U1541/Y       8.0000         8.2786        -0.2786  (VIOLATED)
   u_ctrl/u_tx/U42/Y         16.0000        16.2705        -0.2705  (VIOLATED)
   u_ctrl/u_aes/U2498/Y       8.0000         8.2440        -0.2440  (VIOLATED)
   u_ctrl/u_aes/state_reg_111_/Q  16.0000   16.2256        -0.2256  (VIOLATED)
   u_ctrl/u_aes/U6189/Y       8.0000         8.2253        -0.2253  (VIOLATED)
   u_ctrl/U55/Y               8.0000         8.2232        -0.2232  (VIOLATED)
   u_ctrl/u_aes/U1224/Y       8.0000         8.2190        -0.2190  (VIOLATED)
   u_ctrl/u_aes/U2646/Y       8.0000         8.2180        -0.2180  (VIOLATED)
   u_ctrl/u_aes/U940/Y       32.0000        32.2169        -0.2169  (VIOLATED)
   u_ctrl/u_aes/U970/Y        8.0000         8.2168        -0.2168  (VIOLATED)
   u_ctrl/u_aes/U1441/Y       8.0000         8.2140        -0.2140  (VIOLATED)
   u_ctrl/u_aes/U6803/Y       8.0000         8.2134        -0.2134  (VIOLATED)
   u_ctrl/u_aes/U2108/Y       8.0000         8.2062        -0.2062  (VIOLATED)
   u_ctrl/u_aes/U5851/Y      16.0000        16.2034        -0.2034  (VIOLATED)
   u_ctrl/u_tx/U70/Y         16.0000        16.2001        -0.2001  (VIOLATED)
   u_ctrl/u_aes/U1169/Y       8.0000         8.1921        -0.1921  (VIOLATED)
   u_ctrl/u_aes/U8146/Y       8.0000         8.1886        -0.1886  (VIOLATED)
   u_ctrl/u_aes/U618/Y        8.0000         8.1837        -0.1837  (VIOLATED)
   u_ctrl/U635/Y              8.0000         8.1810        -0.1810  (VIOLATED)
   u_ctrl/u_aes/U154/Y        8.0000         8.1717        -0.1717  (VIOLATED)
   u_ctrl/u_aes/U821/Y        8.0000         8.1650        -0.1650  (VIOLATED)
   u_ctrl/u_aes/U8743/Y      16.0000        16.1440        -0.1440  (VIOLATED)
   u_ctrl/u_aes/U1228/Y       8.0000         8.1387        -0.1387  (VIOLATED)
   u_ctrl/u_aes/U6586/Y       8.0000         8.1305        -0.1305  (VIOLATED)
   u_ctrl/u_aes/U8647/Y      16.0000        16.1200        -0.1200  (VIOLATED)
   u_ctrl/u_aes/U3799/Y       8.0000         8.1089        -0.1089  (VIOLATED)
   u_ctrl/U58/Y               8.0000         8.1056        -0.1056  (VIOLATED)
   u_ctrl/u_aes/U2317/Y       8.0000         8.0994        -0.0994  (VIOLATED)
   u_ctrl/u_aes/U9038/Y      16.0000        16.0873        -0.0873  (VIOLATED)
   u_ctrl/u_aes/U9303/Y      16.0000        16.0827        -0.0827  (VIOLATED)
   u_ctrl/u_aes/U2760/Y      16.0000        16.0759        -0.0759  (VIOLATED)
   u_ctrl/u_aes/U1732/Y       8.0000         8.0741        -0.0741  (VIOLATED)
   u_ctrl/u_aes/U388/Y        8.0000         8.0724        -0.0724  (VIOLATED)
   u_ctrl/u_aes/U9640/Y      16.0000        16.0563        -0.0563  (VIOLATED)
   u_ctrl/u_aes/U6123/Y      16.0000        16.0539        -0.0539  (VIOLATED)
   u_ctrl/U42/Y              32.0000        32.0461        -0.0461  (VIOLATED)
   u_ctrl/u_aes/U9402/Y      16.0000        16.0432        -0.0432  (VIOLATED)
   u_ctrl/u_aes/U8886/Y       8.0000         8.0428        -0.0428  (VIOLATED)
   u_ctrl/u_aes/U2066/Y       8.0000         8.0362        -0.0362  (VIOLATED)
   u_ctrl/u_aes/U8568/Y       8.0000         8.0318        -0.0318  (VIOLATED)
   u_ctrl/u_aes/state_reg_80_/Q   8.0000     8.0240        -0.0240  (VIOLATED)
   u_ctrl/u_aes/U2417/Y       8.0000         8.0234        -0.0234  (VIOLATED)
   u_ctrl/U428/Y              8.0000         8.0211        -0.0211  (VIOLATED)
   u_ctrl/u_crc/U12/Y        16.0000        16.0105        -0.0105  (VIOLATED)
   u_ctrl/u_aes/U2060/Y       8.0000         8.0077        -0.0077  (VIOLATED)
   u_ctrl/u_aes/U1439/Y       8.0000         8.0034        -0.0034  (VIOLATED)


Warning: Transition times on not annotated delay arcs havebeen set to zero. Cannot perform max_transition checking. (PTE-057)
1
