****************************************
Report : constraint
	-all_violators
	-path slack_only
Design : top_mcu_pll_sram_multiclk_soc
Version: W-2024.09-SP5-3
Date   : Mon Apr 13 19:58:37 2026
****************************************


   max_delay/setup ('clk_fast_aes' group)

   Endpoint                                                  Slack
   -----------------------------------------------------------------
   u_ctrl/u_aes/state_reg_107_/D                           -0.5114  (VIOLATED)
   u_ctrl/u_aes/state_reg_19_/D                            -0.4817  (VIOLATED)
   u_ctrl/u_aes/state_reg_85_/D                            -0.4552  (VIOLATED)
   u_ctrl/u_aes/state_reg_59_/D                            -0.4342  (VIOLATED)
   u_ctrl/u_aes/state_reg_117_/D                           -0.4197  (VIOLATED)
   u_ctrl/u_aes/state_reg_83_/D                            -0.4158  (VIOLATED)
   u_ctrl/u_aes/state_reg_70_/D                            -0.4082  (VIOLATED)
   u_ctrl/u_aes/state_reg_110_/D                           -0.3999  (VIOLATED)
   u_ctrl/u_aes/state_reg_123_/D                           -0.3975  (VIOLATED)
   u_ctrl/u_aes/state_reg_28_/D                            -0.3809  (VIOLATED)
   u_ctrl/u_aes/state_reg_88_/D                            -0.3782  (VIOLATED)
   u_ctrl/u_aes/state_reg_50_/D                            -0.3695  (VIOLATED)
   u_ctrl/u_aes/state_reg_37_/D                            -0.3639  (VIOLATED)
   u_ctrl/u_aes/state_reg_4_/D                             -0.3590  (VIOLATED)
   u_ctrl/u_aes/state_reg_52_/D                            -0.3564  (VIOLATED)
   u_ctrl/u_aes/state_reg_34_/D                            -0.3556  (VIOLATED)
   u_ctrl/u_aes/state_reg_20_/D                            -0.3555  (VIOLATED)
   u_ctrl/u_aes/state_reg_81_/D                            -0.3542  (VIOLATED)
   u_ctrl/u_aes/state_reg_73_/D                            -0.3505  (VIOLATED)
   u_ctrl/u_aes/state_reg_77_/D                            -0.3360  (VIOLATED)
   u_ctrl/u_aes/state_reg_64_/D                            -0.3272  (VIOLATED)
   u_ctrl/u_aes/state_reg_127_/D                           -0.3220  (VIOLATED)
   u_ctrl/u_aes/state_reg_24_/D                            -0.3192  (VIOLATED)
   u_ctrl/u_aes/state_reg_84_/D                            -0.3182  (VIOLATED)
   u_ctrl/u_aes/state_reg_5_/D                             -0.3161  (VIOLATED)
   u_ctrl/u_aes/state_reg_35_/D                            -0.3139  (VIOLATED)
   u_ctrl/u_aes/state_reg_93_/D                            -0.3132  (VIOLATED)
   u_ctrl/u_aes/state_reg_27_/D                            -0.3108  (VIOLATED)
   u_ctrl/u_aes/state_reg_55_/D                            -0.3104  (VIOLATED)
   u_ctrl/u_aes/state_reg_80_/D                            -0.3094  (VIOLATED)
   u_ctrl/u_aes/state_reg_65_/D                            -0.3094  (VIOLATED)
   u_ctrl/u_aes/state_reg_78_/D                            -0.3090  (VIOLATED)
   u_ctrl/u_aes/state_reg_57_/D                            -0.3065  (VIOLATED)
   u_ctrl/u_aes/state_reg_33_/D                            -0.3006  (VIOLATED)
   u_ctrl/u_aes/state_reg_76_/D                            -0.3001  (VIOLATED)
   u_ctrl/u_aes/state_reg_72_/D                            -0.2996  (VIOLATED)
   u_ctrl/u_aes/state_reg_12_/D                            -0.2995  (VIOLATED)
   u_ctrl/u_aes/state_reg_91_/D                            -0.2976  (VIOLATED)
   u_ctrl/u_aes/state_reg_56_/D                            -0.2966  (VIOLATED)
   u_ctrl/u_aes/state_reg_125_/D                           -0.2861  (VIOLATED)
   u_ctrl/u_aes/state_reg_3_/D                             -0.2842  (VIOLATED)
   u_ctrl/u_aes/state_reg_43_/D                            -0.2782  (VIOLATED)
   u_ctrl/u_aes/state_reg_115_/D                           -0.2770  (VIOLATED)
   u_ctrl/u_aes/state_reg_121_/D                           -0.2720  (VIOLATED)
   u_ctrl/u_aes/state_reg_58_/D                            -0.2709  (VIOLATED)
   u_ctrl/u_aes/state_reg_102_/D                           -0.2702  (VIOLATED)
   u_ctrl/u_aes/state_reg_44_/D                            -0.2683  (VIOLATED)
   u_ctrl/u_aes/state_reg_69_/D                            -0.2682  (VIOLATED)
   u_ctrl/u_aes/state_reg_11_/D                            -0.2676  (VIOLATED)
   u_ctrl/u_aes/state_reg_61_/D                            -0.2653  (VIOLATED)
   u_ctrl/u_aes/state_reg_30_/D                            -0.2571  (VIOLATED)
   u_ctrl/u_aes/state_reg_17_/D                            -0.2561  (VIOLATED)
   u_ctrl/u_aes/state_reg_25_/D                            -0.2525  (VIOLATED)
   u_ctrl/u_aes/state_reg_116_/D                           -0.2458  (VIOLATED)
   u_ctrl/u_aes/state_reg_92_/D                            -0.2381  (VIOLATED)
   u_ctrl/u_aes/state_reg_49_/D                            -0.2349  (VIOLATED)
   u_ctrl/u_aes/state_reg_54_/D                            -0.2318  (VIOLATED)
   u_ctrl/u_aes/state_reg_51_/D                            -0.2307  (VIOLATED)
   u_ctrl/u_aes/state_reg_29_/D                            -0.2302  (VIOLATED)
   u_ctrl/u_aes/state_reg_0_/D                             -0.2297  (VIOLATED)
   u_ctrl/u_aes/state_reg_32_/D                            -0.2255  (VIOLATED)
   u_ctrl/u_aes/state_reg_18_/D                            -0.2245  (VIOLATED)
   u_ctrl/u_aes/state_reg_89_/D                            -0.2234  (VIOLATED)
   u_ctrl/u_aes/state_reg_124_/D                           -0.2221  (VIOLATED)
   u_ctrl/u_aes/state_reg_82_/D                            -0.2211  (VIOLATED)
   u_ctrl/u_aes/state_reg_86_/D                            -0.2210  (VIOLATED)
   u_ctrl/u_aes/state_reg_22_/D                            -0.2162  (VIOLATED)
   u_ctrl/u_aes/state_reg_106_/D                           -0.2138  (VIOLATED)
   u_ctrl/u_aes/state_reg_40_/D                            -0.2133  (VIOLATED)
   u_ctrl/u_aes/state_reg_8_/D                             -0.2131  (VIOLATED)
   u_ctrl/u_aes/state_reg_66_/D                            -0.2113  (VIOLATED)
   u_ctrl/u_aes/state_reg_21_/D                            -0.2096  (VIOLATED)
   u_ctrl/u_aes/state_reg_67_/D                            -0.2061  (VIOLATED)
   u_ctrl/u_aes/state_reg_90_/D                            -0.2046  (VIOLATED)
   u_ctrl/u_aes/state_reg_39_/D                            -0.2035  (VIOLATED)
   u_ctrl/u_aes/state_reg_14_/D                            -0.2011  (VIOLATED)
   u_ctrl/u_aes/state_reg_105_/D                           -0.1997  (VIOLATED)
   u_ctrl/u_aes/state_reg_75_/D                            -0.1990  (VIOLATED)
   u_ctrl/u_aes/state_reg_109_/D                           -0.1987  (VIOLATED)
   u_ctrl/u_aes/state_reg_53_/D                            -0.1938  (VIOLATED)
   u_ctrl/u_aes/state_reg_6_/D                             -0.1921  (VIOLATED)
   u_ctrl/u_aes/state_reg_99_/D                            -0.1908  (VIOLATED)
   u_ctrl/u_aes/state_reg_16_/D                            -0.1906  (VIOLATED)
   u_ctrl/u_aes/state_reg_60_/D                            -0.1864  (VIOLATED)
   u_ctrl/u_aes/state_reg_7_/D                             -0.1828  (VIOLATED)
   u_ctrl/u_aes/state_reg_26_/D                            -0.1795  (VIOLATED)
   u_ctrl/u_aes/state_reg_41_/D                            -0.1794  (VIOLATED)
   u_ctrl/u_aes/state_reg_111_/D                           -0.1792  (VIOLATED)
   u_ctrl/u_aes/state_reg_36_/D                            -0.1768  (VIOLATED)
   u_ctrl/u_aes/state_reg_113_/D                           -0.1742  (VIOLATED)
   u_ctrl/u_aes/state_reg_47_/D                            -0.1742  (VIOLATED)
   u_ctrl/u_aes/state_reg_63_/D                            -0.1736  (VIOLATED)
   u_ctrl/u_aes/state_reg_95_/D                            -0.1722  (VIOLATED)
   u_ctrl/u_aes/state_reg_114_/D                           -0.1715  (VIOLATED)
   u_ctrl/u_aes/state_reg_42_/D                            -0.1648  (VIOLATED)
   u_ctrl/u_aes/state_reg_1_/D                             -0.1646  (VIOLATED)
   u_ctrl/u_aes/state_reg_9_/D                             -0.1644  (VIOLATED)
   u_ctrl/u_aes/state_reg_120_/D                           -0.1643  (VIOLATED)
   u_ctrl/u_aes/state_reg_62_/D                            -0.1642  (VIOLATED)
   u_ctrl/u_aes/state_reg_97_/D                            -0.1581  (VIOLATED)
   u_ctrl/u_aes/state_reg_48_/D                            -0.1547  (VIOLATED)
   u_ctrl/u_aes/state_reg_38_/D                            -0.1537  (VIOLATED)
   u_ctrl/u_aes/state_reg_126_/D                           -0.1529  (VIOLATED)
   u_ctrl/u_aes/state_reg_79_/D                            -0.1472  (VIOLATED)
   u_ctrl/u_aes/state_reg_108_/D                           -0.1462  (VIOLATED)
   u_ctrl/u_aes/state_reg_74_/D                            -0.1444  (VIOLATED)
   u_ctrl/u_aes/state_reg_96_/D                            -0.1436  (VIOLATED)
   u_ctrl/u_aes/state_reg_68_/D                            -0.1427  (VIOLATED)
   u_ctrl/u_aes/state_reg_10_/D                            -0.1371  (VIOLATED)
   u_ctrl/u_aes/state_reg_23_/D                            -0.1370  (VIOLATED)
   u_ctrl/u_aes/state_reg_71_/D                            -0.1359  (VIOLATED)
   u_ctrl/u_aes/state_reg_112_/D                           -0.1315  (VIOLATED)
   u_ctrl/u_aes/state_reg_13_/D                            -0.1300  (VIOLATED)
   u_ctrl/u_aes/state_reg_45_/D                            -0.1277  (VIOLATED)
   u_ctrl/u_aes/state_reg_46_/D                            -0.1185  (VIOLATED)
   u_ctrl/u_aes/state_reg_98_/D                            -0.1134  (VIOLATED)
   u_ctrl/u_aes/state_reg_87_/D                            -0.1122  (VIOLATED)
   u_ctrl/u_aes/state_reg_2_/D                             -0.1101  (VIOLATED)
   u_ctrl/u_aes/state_reg_103_/D                           -0.1050  (VIOLATED)
   u_ctrl/u_aes/state_reg_100_/D                           -0.1024  (VIOLATED)
   u_ctrl/u_aes/state_reg_104_/D                           -0.1004  (VIOLATED)
   u_ctrl/u_aes/state_reg_31_/D                            -0.0979  (VIOLATED)
   u_ctrl/u_aes/state_reg_94_/D                            -0.0978  (VIOLATED)
   u_ctrl/u_aes/state_reg_122_/D                           -0.0931  (VIOLATED)
   u_ctrl/u_aes/state_reg_119_/D                           -0.0763  (VIOLATED)
   u_ctrl/u_aes/state_reg_118_/D                           -0.0751  (VIOLATED)
   u_ctrl/u_aes/state_reg_101_/D                           -0.0636  (VIOLATED)
   u_ctrl/u_aes/ct_out_reg_19_/D                           -0.0620  (VIOLATED)
   u_ctrl/u_aes/state_reg_15_/D                            -0.0610  (VIOLATED)
   u_ctrl/u_aes/ct_out_reg_42_/D                           -0.0559  (VIOLATED)
   u_ctrl/u_aes/ct_out_reg_69_/D                           -0.0142  (VIOLATED)
   u_ctrl/u_aes/ct_out_reg_75_/D                           -0.0090  (VIOLATED)
   u_ctrl/u_aes/ct_out_reg_101_/D                          -0.0062  (VIOLATED)
   u_ctrl/u_aes/ct_out_reg_65_/D                           -0.0019  (VIOLATED)


   min_delay/hold ('clk_div2' group)

   Endpoint                                                  Slack
   -----------------------------------------------------------------
   u_mem/u_sram/A[1]                                       -0.0194  (VIOLATED)
   u_mem/u_sram/A[2]                                       -0.0194  (VIOLATED)
   u_mem/u_sram/A[0]                                       -0.0186  (VIOLATED)
   u_mem/u_sram/A[3]                                       -0.0186  (VIOLATED)
   u_mem/u_sram/I[0]                                       -0.0185  (VIOLATED)
   u_mem/u_sram/I[1]                                       -0.0185  (VIOLATED)
   u_mem/u_sram/I[2]                                       -0.0185  (VIOLATED)
   u_mem/u_sram/I[3]                                       -0.0185  (VIOLATED)
   u_mem/u_sram/I[4]                                       -0.0185  (VIOLATED)
   u_mem/u_sram/I[5]                                       -0.0185  (VIOLATED)
   u_mem/u_sram/I[6]                                       -0.0185  (VIOLATED)
   u_mem/u_sram/I[7]                                       -0.0185  (VIOLATED)




   max_capacitance

                             Required        Actual
   Pin                      Capacitance    Capacitance       Slack
   -----------------------------------------------------------------
   u_ctrl/u_tx/U70/Y          8.0000        13.9319        -5.9319  (VIOLATED)
   u_ctrl/u_tx/U50/Y          8.0000        13.9281        -5.9281  (VIOLATED)
   u_ctrl/u_tx/U63/Y          8.0000        13.8820        -5.8820  (VIOLATED)
   u_ctrl/u_tx/U51/Y          8.0000        13.4303        -5.4303  (VIOLATED)
   u_ctrl/u_tx/U8/Y          16.0000        21.0060        -5.0060  (VIOLATED)
   u_ctrl/u_crc/U8/Y         16.0000        20.5942        -4.5942  (VIOLATED)
   u_ctrl/u_rx/U155/Y        16.0000        19.6333        -3.6333  (VIOLATED)
   u_ctrl/u_crc/U10/Y        16.0000        19.4960        -3.4960  (VIOLATED)
   u_ctrl/u_crc/U34/Y        16.0000        19.4960        -3.4960  (VIOLATED)
   u_ctrl/u_rx/U11/Y         16.0000        19.4960        -3.4960  (VIOLATED)
   u_ctrl/u_rx/U153/Y        16.0000        19.4960        -3.4960  (VIOLATED)
   u_ctrl/u_rx/U154/Y        16.0000        19.4960        -3.4960  (VIOLATED)
   u_ctrl/u_tx/U30/Y         16.0000        19.4960        -3.4960  (VIOLATED)
   u_ctrl/u_tx/U36/Y         16.0000        19.4960        -3.4960  (VIOLATED)
   u_ctrl/u_rx/U23/Y          8.0000        11.2650        -3.2650  (VIOLATED)
   u_ctrl/u_rx/U24/Y          8.0000        11.1533        -3.1533  (VIOLATED)
   u_ctrl/u_crc/U23/SO        8.0000        11.1350        -3.1350  (VIOLATED)
   u_ctrl/u_crc/U115/SO       8.0000        10.4032        -2.4032  (VIOLATED)
   u_ctrl/u_rx/busy_reg/QN    8.0000         9.9814        -1.9814  (VIOLATED)
   u_ctrl/u_rx/U79/Y          8.0000         9.3306        -1.3306  (VIOLATED)
   u_ctrl/u_rx/U105/Y         8.0000         9.2571        -1.2571  (VIOLATED)
   u_ctrl/u_crc/U19/Y         8.0000         9.1366        -1.1366  (VIOLATED)
   u_ctrl/u_crc/U104/SO       8.0000         8.8750        -0.8750  (VIOLATED)
   u_ctrl/u_aes/state_reg_86_/Q   8.0000     8.5157        -0.5157  (VIOLATED)
   u_ctrl/u_aes/U9376/Y       8.0000         8.3218        -0.3218  (VIOLATED)
   u_ctrl/u_aes/U9378/Y       8.0000         8.3218        -0.3218  (VIOLATED)
   u_ctrl/u_aes/U9379/Y       8.0000         8.3218        -0.3218  (VIOLATED)
   u_ctrl/u_tx/U153/Y         8.0000         8.2888        -0.2888  (VIOLATED)
   u_ctrl/u_crc/U6/Y          8.0000         8.2859        -0.2859  (VIOLATED)
   u_ctrl/u_crc/U92/SO        8.0000         8.2832        -0.2832  (VIOLATED)
   u_ctrl/u_aes/U9375/Y       8.0000         8.1968        -0.1968  (VIOLATED)
   u_ctrl/u_rx/U28/Y          8.0000         8.0597        -0.0597  (VIOLATED)


1
