 
****************************************
Report : area
Design : top_mcu_pll_sram_multiclk_soc
Version: W-2024.09-SP5-5
Date   : Mon Apr 13 16:03:40 2026
****************************************

Library(s) Used:

    saed32rvt_ff1p16v125c (File: /DATA/home/edu135/aes128_core/SAED32_EDK/lib/stdcell_rvt/db_nldm/saed32rvt_ff1p16v125c.db)
    saed32sram_ff1p16v125c (File: /DATA/home/edu135/aes128_core/SAED32_EDK/lib/sram/db_nldm/saed32sram_ff1p16v125c.db)
    saed32pll_ff1p16v125c_2p75v (File: /DATA/home/edu135/aes128_core/SAED32_EDK/lib/pll/db_nldm/saed32pll_ff1p16v125c_2p75v.db)

Number of ports:                          968
Number of nets:                         12429
Number of cells:                        11906
Number of combinational cells:          10205
Number of sequential cells:              1405
Number of macros/black boxes:               2
Number of buf/inv:                       1961
Number of references:                       6

Combinational area:              21983.710421
Buf/Inv area:                     3090.391107
Noncombinational area:           12843.929758
Macro/Black Box area:            31230.701660
Net Interconnect area:           12819.248609

Total cell area:                 66058.341839
Total area:                      78877.590448

Hierarchical area distribution
------------------------------

                                  Global cell area              Local cell area
                                  -------------------  ---------------------------------- 
Hierarchical cell                 Absolute    Percent  Combi-      Noncombi-   Black-
                                  Total       Total    national    national    boxes       Design
--------------------------------  ----------  -------  ----------  ----------  ----------  ---------------------
top_mcu_pll_sram_multiclk_soc     66058.3418    100.0     12.7072      0.0000  31230.7017  top_mcu_pll_sram_multiclk_soc
u_ctrl                            34805.7838     52.7   3590.5465   3825.3756      0.0000  soc_ctrl_multiclk_soc
u_ctrl/u_aes                      27379.4419     41.4  18375.1197   9004.3221      0.0000  aes128_core
u_ctrl/u_icg_aes                     10.4199      0.0      5.3370      5.0829      0.0000  icg_latch
u_div8                                9.1492      0.0      0.0000      9.1492      0.0000  clk_div2_toggle
--------------------------------  ----------  -------  ----------  ----------  ----------  ---------------------
Total                                                  21983.7104  12843.9298  31230.7017

1
