Information: Changed wire load model for 'soc_ctrl_multiclk_soc' from '70000' to '35000'. (OPT-170)
Warning: Reference PLL contains internal pins with clock attribute. (TIM-103)
Information: Updating design information... (UID-85)
Warning: Design 'top_mcu_pll_sram_multiclk_soc' contains 1 high-fanout nets. A fanout number of 1000 will be used for delay calculations involving these nets. (TIM-134)
 
****************************************
Report : qor
Design : top_mcu_pll_sram_multiclk_soc
Version: W-2024.09-SP5-5
Date   : Mon Apr 13 16:03:40 2026
****************************************


  Timing Path Group 'INS'
  -----------------------------------
  Levels of Logic:               4.00
  Critical Path Length:          0.48
  Critical Path Slack:           0.11
  Critical Path Clk Period:      1.83
  Total Negative Slack:          0.00
  No. of Violating Paths:        0.00
  Worst Hold Violation:          0.00
  Total Hold Violation:          0.00
  No. of Hold Violations:        0.00
  -----------------------------------

  Timing Path Group 'OUTS'
  -----------------------------------
  Levels of Logic:               0.00
  Critical Path Length:          0.30
  Critical Path Slack:           0.32
  Critical Path Clk Period:      7.30
  Total Negative Slack:          0.00
  No. of Violating Paths:        0.00
  Worst Hold Violation:          0.00
  Total Hold Violation:          0.00
  No. of Hold Violations:        0.00
  -----------------------------------

  Timing Path Group 'clk_div2'
  -----------------------------------
  Levels of Logic:               3.00
  Critical Path Length:          0.27
  Critical Path Slack:           1.31
  Critical Path Clk Period:      3.65
  Total Negative Slack:          0.00
  No. of Violating Paths:        0.00
  Worst Hold Violation:          0.00
  Total Hold Violation:          0.00
  No. of Hold Violations:        0.00
  -----------------------------------

  Timing Path Group 'clk_div4'
  -----------------------------------
  Levels of Logic:               1.00
  Critical Path Length:          0.19
  Critical Path Slack:           1.38
  Critical Path Clk Period:      7.30
  Total Negative Slack:          0.00
  No. of Violating Paths:        0.00
  Worst Hold Violation:          0.00
  Total Hold Violation:          0.00
  No. of Hold Violations:        0.00
  -----------------------------------

  Timing Path Group 'clk_fast'
  -----------------------------------
  Levels of Logic:               1.00
  Critical Path Length:          0.15
  Critical Path Slack:           0.56
  Critical Path Clk Period:      1.83
  Total Negative Slack:          0.00
  No. of Violating Paths:        0.00
  Worst Hold Violation:          0.00
  Total Hold Violation:          0.00
  No. of Hold Violations:        0.00
  -----------------------------------

  Timing Path Group 'clk_fast_aes'
  -----------------------------------
  Levels of Logic:              19.00
  Critical Path Length:          7.85
  Critical Path Slack:          -6.27
  Critical Path Clk Period:      1.83
  Total Negative Slack:      -4091.92
  No. of Violating Paths:      983.00
  Worst Hold Violation:          0.00
  Total Hold Violation:          0.00
  No. of Hold Violations:        0.00
  -----------------------------------


  Cell Count
  -----------------------------------
  Hierarchical Cell Count:          4
  Hierarchical Port Count:        696
  Leaf Cell Count:              11612
  Buf/Inv Cell Count:            1961
  Buf Cell Count:                 603
  Inv Cell Count:                1358
  CT Buf/Inv Cell Count:            1
  Combinational Cell Count:     10205
  Sequential Cell Count:         1407
  Macro Count:                      0
  -----------------------------------


  Area
  -----------------------------------
  Combinational Area:    21983.710421
  Noncombinational Area: 12843.929758
  Buf/Inv Area:           3090.391107
  Total Buffer Area:          1315.96
  Total Inverter Area:        1774.43
  Macro/Black Box Area:  31230.701660
  Net Area:              12819.248609
  -----------------------------------
  Cell Area:             66058.341839
  Design Area:           78877.590448


  Design Rules
  -----------------------------------
  Total Number of Nets:         12255
  Nets With Violations:             0
  Max Trans Violations:             0
  Max Cap Violations:               0
  -----------------------------------


  Hostname: SGP3

  Compile CPU Statistics
  -----------------------------------------
  Resource Sharing:                    0.00
  Logic Optimization:                  0.17
  Mapping Optimization:               15.88
  -----------------------------------------
  Overall Compile Time:               23.44
  Overall Compile Wall Clock Time:    24.18

  --------------------------------------------------------------------

  Design  WNS: 6.27  TNS: 4091.92  Number of Violating Paths: 983


  Design (Hold)  WNS: 0.00  TNS: 0.00  Number of Violating Paths: 0

  --------------------------------------------------------------------


1
