 
****************************************
Report : timing
        -path full
        -delay max
        -max_paths 1
Design : top_mcu_pll_sram_multiclk_soc
Version: W-2024.09-SP5-5
Date   : Mon Apr 13 16:03:40 2026
****************************************

 # A fanout number of 1000 was used for high fanout net computations.

Operating Conditions: ff1p16v125c   Library: saed32rvt_ff1p16v125c
Wire Load Model Mode: enclosed

  Startpoint: start (input port clocked by ref_clk)
  Endpoint: u_ctrl/start_seen_reg
            (rising edge-triggered flip-flop clocked by clk_fast)
  Path Group: INS
  Path Type: max

  Des/Clust/Port     Wire Load Model       Library
  ------------------------------------------------
  top_mcu_pll_sram_multiclk_soc
                     70000                 saed32rvt_ff1p16v125c
  soc_ctrl_multiclk_soc
                     35000                 saed32rvt_ff1p16v125c

  Point                                                   Incr       Path
  --------------------------------------------------------------------------
  clock ref_clk (rise edge)                               0.00       0.00
  clock network delay (ideal)                             0.00       0.00
  input external delay                                    1.00       1.00 f
  start (in)                                              0.00       1.00 f
  u_ctrl/start_ext (soc_ctrl_multiclk_soc)                0.00       1.00 f
  u_ctrl/U821/Y (OR2X1_RVT)                               0.13       1.13 f
  u_ctrl/U1256/Y (DELLN3X2_RVT)                           0.24       1.36 f
  u_ctrl/U1244/Y (INVX0_RVT)                              0.02       1.39 r
  u_ctrl/U1252/Y (OAI222X1_RVT)                           0.09       1.47 f
  u_ctrl/start_seen_reg/D (SDFFARX2_RVT)                  0.01       1.48 f
  data arrival time                                                  1.48

  clock clk_fast (rise edge)                              1.83       1.83
  clock network delay (ideal)                             0.00       1.83
  clock uncertainty                                      -0.20       1.62
  u_ctrl/start_seen_reg/CLK (SDFFARX2_RVT)                0.00       1.62 r
  library setup time                                     -0.03       1.59
  data required time                                                 1.59
  --------------------------------------------------------------------------
  data required time                                                 1.59
  data arrival time                                                 -1.48
  --------------------------------------------------------------------------
  slack (MET)                                                        0.11


  Startpoint: u_ctrl/pass_reg
              (rising edge-triggered flip-flop clocked by clk_fast)
  Endpoint: pass (output port clocked by ref_clk)
  Path Group: OUTS
  Path Type: max

  Des/Clust/Port     Wire Load Model       Library
  ------------------------------------------------
  top_mcu_pll_sram_multiclk_soc
                     70000                 saed32rvt_ff1p16v125c

  Point                                    Incr       Path
  -----------------------------------------------------------
  clock clk_fast (rise edge)               5.48       5.48
  clock network delay (ideal)              0.00       5.48
  u_ctrl/pass_reg/CLK (SDFFARX2_RVT)       0.00       5.48 r
  u_ctrl/pass_reg/Q (SDFFARX2_RVT)         0.06       5.54 f
  u_ctrl/pass (soc_ctrl_multiclk_soc)      0.00       5.54 f
  pass (out)                               0.24       5.78 f
  data arrival time                                   5.78

  clock ref_clk (rise edge)                7.30       7.30
  clock network delay (ideal)              0.00       7.30
  clock uncertainty                       -0.20       7.10
  output external delay                   -1.00       6.10
  data required time                                  6.10
  -----------------------------------------------------------
  data required time                                  6.10
  data arrival time                                  -5.78
  -----------------------------------------------------------
  slack (MET)                                         0.32


  Startpoint: u_ctrl/u_aes/ct_out_reg[59]
              (rising edge-triggered flip-flop clocked by clk_fast_aes)
  Endpoint: u_ctrl/ct_hold_div2_reg[59]
            (rising edge-triggered flip-flop clocked by clk_div2)
  Path Group: clk_div2
  Path Type: max

  Des/Clust/Port     Wire Load Model       Library
  ------------------------------------------------
  soc_ctrl_multiclk_soc
                     35000                 saed32rvt_ff1p16v125c

  Point                                                   Incr       Path
  --------------------------------------------------------------------------
  clock clk_fast_aes (rise edge)                          1.83       1.83
  clock network delay (ideal)                             0.00       1.83
  u_ctrl/u_aes/ct_out_reg[59]/CLK (SDFFARX1_RVT)          0.00       1.83 r
  u_ctrl/u_aes/ct_out_reg[59]/Q (SDFFARX1_RVT)            0.06       1.89 r
  u_ctrl/u_aes/ct_out[59] (aes128_core)                   0.00       1.89 r
  u_ctrl/U319/Y (INVX0_RVT)                               0.13       2.02 f
  u_ctrl/U321/Y (NOR2X1_RVT)                              0.04       2.06 r
  u_ctrl/U322/Y (AO21X1_RVT)                              0.03       2.08 r
  u_ctrl/ct_hold_div2_reg[59]/D (SDFFARX1_RVT)            0.01       2.09 r
  data arrival time                                                  2.09

  clock clk_div2 (rise edge)                              3.65       3.65
  clock network delay (ideal)                             0.00       3.65
  clock uncertainty                                      -0.20       3.45
  u_ctrl/ct_hold_div2_reg[59]/CLK (SDFFARX1_RVT)          0.00       3.45 r
  library setup time                                     -0.05       3.40
  data required time                                                 3.40
  --------------------------------------------------------------------------
  data required time                                                 3.40
  data arrival time                                                 -2.09
  --------------------------------------------------------------------------
  slack (MET)                                                        1.31


  Startpoint: u_ctrl/done_reg
              (rising edge-triggered flip-flop clocked by clk_fast)
  Endpoint: u_ctrl/start_uart_cmd_reg
            (rising edge-triggered flip-flop clocked by clk_div4)
  Path Group: clk_div4
  Path Type: max

  Des/Clust/Port     Wire Load Model       Library
  ------------------------------------------------
  top_mcu_pll_sram_multiclk_soc
                     70000                 saed32rvt_ff1p16v125c
  soc_ctrl_multiclk_soc
                     35000                 saed32rvt_ff1p16v125c

  Point                                                   Incr       Path
  --------------------------------------------------------------------------
  clock clk_fast (rise edge)                              5.48       5.48
  clock network delay (ideal)                             0.00       5.48
  u_ctrl/done_reg/CLK (SDFFARX1_RVT)                      0.00       5.48 r
  u_ctrl/done_reg/QN (SDFFARX1_RVT)                       0.05       5.52 r
  u_ctrl/U830/Y (AO22X1_RVT)                              0.13       5.66 r
  u_ctrl/start_uart_cmd_reg/D (SDFFARX1_RVT)              0.01       5.67 r
  data arrival time                                                  5.67

  clock clk_div4 (rise edge)                              7.30       7.30
  clock network delay (ideal)                             0.00       7.30
  clock uncertainty                                      -0.20       7.10
  u_ctrl/start_uart_cmd_reg/CLK (SDFFARX1_RVT)            0.00       7.10 r
  library setup time                                     -0.05       7.05
  data required time                                                 7.05
  --------------------------------------------------------------------------
  data required time                                                 7.05
  data arrival time                                                 -5.67
  --------------------------------------------------------------------------
  slack (MET)                                                        1.38


  Startpoint: u_ctrl/aes_clk_req_reg
              (rising edge-triggered flip-flop clocked by clk_fast)
  Endpoint: u_ctrl/u_icg_aes/en_lat_reg
            (positive level-sensitive latch clocked by clk_fast')
  Path Group: clk_fast
  Path Type: max

  Des/Clust/Port     Wire Load Model       Library
  ------------------------------------------------
  top_mcu_pll_sram_multiclk_soc
                     70000                 saed32rvt_ff1p16v125c
  soc_ctrl_multiclk_soc
                     35000                 saed32rvt_ff1p16v125c
  icg_latch          ForQA                 saed32rvt_ff1p16v125c

  Point                                                   Incr       Path
  --------------------------------------------------------------------------
  clock clk_fast (rise edge)                              0.00       0.00
  clock network delay (ideal)                             0.00       0.00
  u_ctrl/aes_clk_req_reg/CLK (SDFFARX1_RVT)               0.00       0.00 r
  u_ctrl/aes_clk_req_reg/Q (SDFFARX1_RVT)                 0.06       0.06 r
  u_ctrl/u_icg_aes/en (icg_latch)                         0.00       0.06 r
  u_ctrl/u_icg_aes/U2/Y (OR2X1_RVT)                       0.07       0.14 r
  u_ctrl/u_icg_aes/en_lat_reg/D (LATCHX1_RVT)             0.01       0.15 r
  data arrival time                                                  0.15

  clock clk_fast' (rise edge)                             0.91       0.91
  clock network delay (ideal)                             0.00       0.91
  clock uncertainty                                      -0.20       0.71
  u_ctrl/u_icg_aes/en_lat_reg/CLK (LATCHX1_RVT)           0.00       0.71 r
  time borrowed from endpoint                             0.00       0.71
  data required time                                                 0.71
  --------------------------------------------------------------------------
  data required time                                                 0.71
  data arrival time                                                 -0.15
  --------------------------------------------------------------------------
  slack (MET)                                                        0.56

  Time Borrowing Information
  --------------------------------------------------------------
  clk_fast' nominal pulse width                           0.91   
  library setup time                                     -0.03   
  --------------------------------------------------------------
  max time borrow                                         0.89   
  actual time borrow                                      0.00   
  --------------------------------------------------------------


  Startpoint: u_ctrl/u_aes/state_reg[64]
              (rising edge-triggered flip-flop clocked by clk_fast_aes)
  Endpoint: u_ctrl/u_aes/state_reg[32]
            (rising edge-triggered flip-flop clocked by clk_fast_aes)
  Path Group: clk_fast_aes
  Path Type: max

  Des/Clust/Port     Wire Load Model       Library
  ------------------------------------------------
  soc_ctrl_multiclk_soc
                     35000                 saed32rvt_ff1p16v125c
  aes128_core        35000                 saed32rvt_ff1p16v125c

  Point                                                   Incr       Path
  --------------------------------------------------------------------------
  clock clk_fast_aes (rise edge)                          0.00       0.00
  clock network delay (ideal)                             0.00       0.00
  u_ctrl/u_aes/state_reg[64]/CLK (SDFFARX1_RVT)           0.00       0.00 r
  u_ctrl/u_aes/state_reg[64]/Q (SDFFARX1_RVT)             0.08       0.08 f
  u_ctrl/u_aes/U128/Y (NAND3X2_RVT)                       5.70       5.79 r
  u_ctrl/u_aes/U7981/Y (INVX0_RVT)                        0.13       5.92 f
  u_ctrl/u_aes/U4616/Y (NAND2X0_RVT)                      0.24       6.16 r
  u_ctrl/u_aes/U4617/Y (AND2X1_RVT)                       0.52       6.68 r
  u_ctrl/u_aes/U5673/Y (NAND4X0_RVT)                      0.07       6.75 f
  u_ctrl/u_aes/U5676/Y (OA22X1_RVT)                       0.04       6.79 f
  u_ctrl/u_aes/U871/Y (OA22X1_RVT)                        0.03       6.82 f
  u_ctrl/u_aes/U868/Y (NOR4X1_RVT)                        0.04       6.87 r
  u_ctrl/u_aes/U797/Y (NAND4X0_RVT)                       0.04       6.91 f
  u_ctrl/u_aes/U5689/Y (AO222X1_RVT)                      0.16       7.06 f
  u_ctrl/u_aes/U43/Y (INVX0_RVT)                          0.08       7.15 r
  u_ctrl/u_aes/U6821/Y (INVX0_RVT)                        0.13       7.27 f
  u_ctrl/u_aes/U852/Y (AO22X1_RVT)                        0.07       7.34 f
  u_ctrl/u_aes/U6683/Y (INVX0_RVT)                        0.13       7.48 r
  u_ctrl/u_aes/U5985/Y (NBUFFX2_RVT)                      0.17       7.65 r
  u_ctrl/u_aes/U8514/Y (AO22X1_RVT)                       0.09       7.73 r
  u_ctrl/u_aes/U134/Y (XOR3X2_RVT)                        0.04       7.78 f
  u_ctrl/u_aes/U1283/Y (OA22X1_RVT)                       0.03       7.81 f
  u_ctrl/u_aes/U8516/Y (NAND2X0_RVT)                      0.02       7.84 r
  u_ctrl/u_aes/state_reg[32]/D (SDFFARX1_RVT)             0.01       7.85 r
  data arrival time                                                  7.85

  clock clk_fast_aes (rise edge)                          1.83       1.83
  clock network delay (ideal)                             0.00       1.83
  clock uncertainty                                      -0.20       1.62
  u_ctrl/u_aes/state_reg[32]/CLK (SDFFARX1_RVT)           0.00       1.62 r
  library setup time                                     -0.05       1.57
  data required time                                                 1.57
  --------------------------------------------------------------------------
  data required time                                                 1.57
  data arrival time                                                 -7.85
  --------------------------------------------------------------------------
  slack (VIOLATED)                                                  -6.27


1
