****************************************
Report : analysis_coverage
Design : top_mcu_pll_sram_multiclk_soc
Version: W-2024.09-SP5-3
Date   : Thu Apr 16 10:26:23 2026
****************************************

Type of Check         Total              Met         Violated         Untested
--------------------------------------------------------------------------------
setup                  4585      1543 ( 34%)         0 (  0%)      3042 ( 66%)
hold                   4583      1541 ( 34%)         0 (  0%)      3042 ( 66%)
recovery               1532         0 (  0%)         0 (  0%)      1532 (100%)
removal                1532         0 (  0%)         0 (  0%)      1532 (100%)
min_pulse_width        4597      3065 ( 67%)         0 (  0%)      1532 ( 33%)
clock_gating_setup        1         1 (100%)         0 (  0%)         0 (  0%)
clock_gating_hold         1         1 (100%)         0 (  0%)         0 (  0%)
out_setup                 4         3 ( 75%)         0 (  0%)         1 ( 25%)
out_hold                  4         3 ( 75%)         0 (  0%)         1 ( 25%)
--------------------------------------------------------------------------------
All Checks            16839      6157 ( 37%)         0 (  0%)     10682 ( 63%)

1
