****************************************
Report : timing
	-path_type full_clock_expanded
	-delay_type max
	-nosplit
	-input_pins
	-slack_lesser_than 0.0000
	-max_paths 25
	-sort_by slack
Design : top_mcu_pll_sram_multiclk_soc
Version: W-2024.09-SP5-3
Date   : Mon Apr 13 19:58:36 2026
****************************************


  Startpoint: u_ctrl/u_tx/tx_busy_reg (rising edge-triggered flip-flop clocked by clk_div4)
  Endpoint: u_ctrl/tx_data_reg_0_ (rising edge-triggered flip-flop clocked by clk_div4)
  Path Group: clk_div4
  Path Type: max

  Point                                                      Incr       Path
  ---------------------------------------------------------------------------------
  clock clk_div4 (rise edge)                               0.0000     0.0000
  clock network delay (ideal)                              0.0000     0.0000
  u_ctrl/u_tx/tx_busy_reg/CLK (SDFFARX1_RVT)               0.0000     0.0000 r
  u_ctrl/u_tx/tx_busy_reg/Q (SDFFARX1_RVT)                 0.0638     0.0638 f
  u_ctrl/U232/A (INVX0_RVT)                                1.1002     1.1640 f
  u_ctrl/U232/Y (INVX0_RVT)                                0.0116     1.1757 r
  u_ctrl/U233/A2 (NAND2X0_RVT)                             0.4139     1.5896 r
  u_ctrl/U233/Y (NAND2X0_RVT)                              0.0502     1.6398 f
  u_ctrl/U745/A (INVX0_RVT)                               20.7196    22.3594 f
  u_ctrl/U745/Y (INVX0_RVT)                                0.0367    22.3961 r
  u_ctrl/U754/A1 (AO22X1_RVT)                             14.7088    37.1049 r
  u_ctrl/U754/Y (AO22X1_RVT)                               0.0393    37.1443 r
  u_ctrl/tx_data_reg_0_/D (SDFFARX1_RVT)                   0.0847    37.2289 r
  data arrival time                                                  37.2289

  clock clk_div4 (rise edge)                               7.3000     7.3000
  clock network delay (ideal)                              0.0000     7.3000
  u_ctrl/tx_data_reg_0_/CLK (SDFFARX1_RVT)                            7.3000 r
  clock reconvergence pessimism                            0.0000     7.3000
  clock uncertainty                                       -0.2000     7.1000
  library setup time                                      -0.0528     7.0472
  data required time                                                  7.0472
  ---------------------------------------------------------------------------------
  data required time                                                  7.0472
  data arrival time                                                 -37.2289
  ---------------------------------------------------------------------------------
  slack (VIOLATED)                                                  -30.1817


  Startpoint: u_ctrl/u_tx/tx_busy_reg (rising edge-triggered flip-flop clocked by clk_div4)
  Endpoint: u_ctrl/tx_data_reg_1_ (rising edge-triggered flip-flop clocked by clk_div4)
  Path Group: clk_div4
  Path Type: max

  Point                                                      Incr       Path
  ---------------------------------------------------------------------------------
  clock clk_div4 (rise edge)                               0.0000     0.0000
  clock network delay (ideal)                              0.0000     0.0000
  u_ctrl/u_tx/tx_busy_reg/CLK (SDFFARX1_RVT)               0.0000     0.0000 r
  u_ctrl/u_tx/tx_busy_reg/Q (SDFFARX1_RVT)                 0.0638     0.0638 f
  u_ctrl/U232/A (INVX0_RVT)                                1.1002     1.1640 f
  u_ctrl/U232/Y (INVX0_RVT)                                0.0116     1.1757 r
  u_ctrl/U233/A2 (NAND2X0_RVT)                             0.4139     1.5896 r
  u_ctrl/U233/Y (NAND2X0_RVT)                              0.0502     1.6398 f
  u_ctrl/U745/A (INVX0_RVT)                               20.7196    22.3594 f
  u_ctrl/U745/Y (INVX0_RVT)                                0.0367    22.3961 r
  u_ctrl/U746/A1 (AO22X1_RVT)                             14.7088    37.1049 r
  u_ctrl/U746/Y (AO22X1_RVT)                               0.0393    37.1443 r
  u_ctrl/tx_data_reg_1_/D (SDFFARX1_RVT)                   0.0847    37.2289 r
  data arrival time                                                  37.2289

  clock clk_div4 (rise edge)                               7.3000     7.3000
  clock network delay (ideal)                              0.0000     7.3000
  u_ctrl/tx_data_reg_1_/CLK (SDFFARX1_RVT)                            7.3000 r
  clock reconvergence pessimism                            0.0000     7.3000
  clock uncertainty                                       -0.2000     7.1000
  library setup time                                      -0.0528     7.0472
  data required time                                                  7.0472
  ---------------------------------------------------------------------------------
  data required time                                                  7.0472
  data arrival time                                                 -37.2289
  ---------------------------------------------------------------------------------
  slack (VIOLATED)                                                  -30.1817


  Startpoint: u_ctrl/u_tx/tx_busy_reg (rising edge-triggered flip-flop clocked by clk_div4)
  Endpoint: u_ctrl/tx_data_reg_2_ (rising edge-triggered flip-flop clocked by clk_div4)
  Path Group: clk_div4
  Path Type: max

  Point                                                      Incr       Path
  ---------------------------------------------------------------------------------
  clock clk_div4 (rise edge)                               0.0000     0.0000
  clock network delay (ideal)                              0.0000     0.0000
  u_ctrl/u_tx/tx_busy_reg/CLK (SDFFARX1_RVT)               0.0000     0.0000 r
  u_ctrl/u_tx/tx_busy_reg/Q (SDFFARX1_RVT)                 0.0638     0.0638 f
  u_ctrl/U232/A (INVX0_RVT)                                1.1002     1.1640 f
  u_ctrl/U232/Y (INVX0_RVT)                                0.0116     1.1757 r
  u_ctrl/U233/A2 (NAND2X0_RVT)                             0.4139     1.5896 r
  u_ctrl/U233/Y (NAND2X0_RVT)                              0.0502     1.6398 f
  u_ctrl/U745/A (INVX0_RVT)                               20.7196    22.3594 f
  u_ctrl/U745/Y (INVX0_RVT)                                0.0367    22.3961 r
  u_ctrl/U760/A1 (AO22X1_RVT)                             14.7088    37.1049 r
  u_ctrl/U760/Y (AO22X1_RVT)                               0.0393    37.1443 r
  u_ctrl/tx_data_reg_2_/D (SDFFARX1_RVT)                   0.0847    37.2289 r
  data arrival time                                                  37.2289

  clock clk_div4 (rise edge)                               7.3000     7.3000
  clock network delay (ideal)                              0.0000     7.3000
  u_ctrl/tx_data_reg_2_/CLK (SDFFARX1_RVT)                            7.3000 r
  clock reconvergence pessimism                            0.0000     7.3000
  clock uncertainty                                       -0.2000     7.1000
  library setup time                                      -0.0528     7.0472
  data required time                                                  7.0472
  ---------------------------------------------------------------------------------
  data required time                                                  7.0472
  data arrival time                                                 -37.2289
  ---------------------------------------------------------------------------------
  slack (VIOLATED)                                                  -30.1817


  Startpoint: u_ctrl/u_tx/tx_busy_reg (rising edge-triggered flip-flop clocked by clk_div4)
  Endpoint: u_ctrl/tx_data_reg_3_ (rising edge-triggered flip-flop clocked by clk_div4)
  Path Group: clk_div4
  Path Type: max

  Point                                                      Incr       Path
  ---------------------------------------------------------------------------------
  clock clk_div4 (rise edge)                               0.0000     0.0000
  clock network delay (ideal)                              0.0000     0.0000
  u_ctrl/u_tx/tx_busy_reg/CLK (SDFFARX1_RVT)               0.0000     0.0000 r
  u_ctrl/u_tx/tx_busy_reg/Q (SDFFARX1_RVT)                 0.0638     0.0638 f
  u_ctrl/U232/A (INVX0_RVT)                                1.1002     1.1640 f
  u_ctrl/U232/Y (INVX0_RVT)                                0.0116     1.1757 r
  u_ctrl/U233/A2 (NAND2X0_RVT)                             0.4139     1.5896 r
  u_ctrl/U233/Y (NAND2X0_RVT)                              0.0502     1.6398 f
  u_ctrl/U745/A (INVX0_RVT)                               20.7196    22.3594 f
  u_ctrl/U745/Y (INVX0_RVT)                                0.0367    22.3961 r
  u_ctrl/U759/A1 (AO22X1_RVT)                             14.7088    37.1049 r
  u_ctrl/U759/Y (AO22X1_RVT)                               0.0393    37.1443 r
  u_ctrl/tx_data_reg_3_/D (SDFFARX1_RVT)                   0.0847    37.2289 r
  data arrival time                                                  37.2289

  clock clk_div4 (rise edge)                               7.3000     7.3000
  clock network delay (ideal)                              0.0000     7.3000
  u_ctrl/tx_data_reg_3_/CLK (SDFFARX1_RVT)                            7.3000 r
  clock reconvergence pessimism                            0.0000     7.3000
  clock uncertainty                                       -0.2000     7.1000
  library setup time                                      -0.0528     7.0472
  data required time                                                  7.0472
  ---------------------------------------------------------------------------------
  data required time                                                  7.0472
  data arrival time                                                 -37.2289
  ---------------------------------------------------------------------------------
  slack (VIOLATED)                                                  -30.1817


  Startpoint: u_ctrl/u_tx/tx_busy_reg (rising edge-triggered flip-flop clocked by clk_div4)
  Endpoint: u_ctrl/tx_data_reg_4_ (rising edge-triggered flip-flop clocked by clk_div4)
  Path Group: clk_div4
  Path Type: max

  Point                                                      Incr       Path
  ---------------------------------------------------------------------------------
  clock clk_div4 (rise edge)                               0.0000     0.0000
  clock network delay (ideal)                              0.0000     0.0000
  u_ctrl/u_tx/tx_busy_reg/CLK (SDFFARX1_RVT)               0.0000     0.0000 r
  u_ctrl/u_tx/tx_busy_reg/Q (SDFFARX1_RVT)                 0.0638     0.0638 f
  u_ctrl/U232/A (INVX0_RVT)                                1.1002     1.1640 f
  u_ctrl/U232/Y (INVX0_RVT)                                0.0116     1.1757 r
  u_ctrl/U233/A2 (NAND2X0_RVT)                             0.4139     1.5896 r
  u_ctrl/U233/Y (NAND2X0_RVT)                              0.0502     1.6398 f
  u_ctrl/U745/A (INVX0_RVT)                               20.7196    22.3594 f
  u_ctrl/U745/Y (INVX0_RVT)                                0.0367    22.3961 r
  u_ctrl/U758/A1 (AO22X1_RVT)                             14.7088    37.1049 r
  u_ctrl/U758/Y (AO22X1_RVT)                               0.0393    37.1443 r
  u_ctrl/tx_data_reg_4_/D (SDFFARX1_RVT)                   0.0847    37.2289 r
  data arrival time                                                  37.2289

  clock clk_div4 (rise edge)                               7.3000     7.3000
  clock network delay (ideal)                              0.0000     7.3000
  u_ctrl/tx_data_reg_4_/CLK (SDFFARX1_RVT)                            7.3000 r
  clock reconvergence pessimism                            0.0000     7.3000
  clock uncertainty                                       -0.2000     7.1000
  library setup time                                      -0.0528     7.0472
  data required time                                                  7.0472
  ---------------------------------------------------------------------------------
  data required time                                                  7.0472
  data arrival time                                                 -37.2289
  ---------------------------------------------------------------------------------
  slack (VIOLATED)                                                  -30.1817


  Startpoint: u_ctrl/u_tx/tx_busy_reg (rising edge-triggered flip-flop clocked by clk_div4)
  Endpoint: u_ctrl/tx_data_reg_5_ (rising edge-triggered flip-flop clocked by clk_div4)
  Path Group: clk_div4
  Path Type: max

  Point                                                      Incr       Path
  ---------------------------------------------------------------------------------
  clock clk_div4 (rise edge)                               0.0000     0.0000
  clock network delay (ideal)                              0.0000     0.0000
  u_ctrl/u_tx/tx_busy_reg/CLK (SDFFARX1_RVT)               0.0000     0.0000 r
  u_ctrl/u_tx/tx_busy_reg/Q (SDFFARX1_RVT)                 0.0638     0.0638 f
  u_ctrl/U232/A (INVX0_RVT)                                1.1002     1.1640 f
  u_ctrl/U232/Y (INVX0_RVT)                                0.0116     1.1757 r
  u_ctrl/U233/A2 (NAND2X0_RVT)                             0.4139     1.5896 r
  u_ctrl/U233/Y (NAND2X0_RVT)                              0.0502     1.6398 f
  u_ctrl/U745/A (INVX0_RVT)                               20.7196    22.3594 f
  u_ctrl/U745/Y (INVX0_RVT)                                0.0367    22.3961 r
  u_ctrl/U757/A1 (AO22X1_RVT)                             14.7088    37.1049 r
  u_ctrl/U757/Y (AO22X1_RVT)                               0.0393    37.1443 r
  u_ctrl/tx_data_reg_5_/D (SDFFARX1_RVT)                   0.0847    37.2289 r
  data arrival time                                                  37.2289

  clock clk_div4 (rise edge)                               7.3000     7.3000
  clock network delay (ideal)                              0.0000     7.3000
  u_ctrl/tx_data_reg_5_/CLK (SDFFARX1_RVT)                            7.3000 r
  clock reconvergence pessimism                            0.0000     7.3000
  clock uncertainty                                       -0.2000     7.1000
  library setup time                                      -0.0528     7.0472
  data required time                                                  7.0472
  ---------------------------------------------------------------------------------
  data required time                                                  7.0472
  data arrival time                                                 -37.2289
  ---------------------------------------------------------------------------------
  slack (VIOLATED)                                                  -30.1817


  Startpoint: u_ctrl/u_tx/tx_busy_reg (rising edge-triggered flip-flop clocked by clk_div4)
  Endpoint: u_ctrl/tx_data_reg_6_ (rising edge-triggered flip-flop clocked by clk_div4)
  Path Group: clk_div4
  Path Type: max

  Point                                                      Incr       Path
  ---------------------------------------------------------------------------------
  clock clk_div4 (rise edge)                               0.0000     0.0000
  clock network delay (ideal)                              0.0000     0.0000
  u_ctrl/u_tx/tx_busy_reg/CLK (SDFFARX1_RVT)               0.0000     0.0000 r
  u_ctrl/u_tx/tx_busy_reg/Q (SDFFARX1_RVT)                 0.0638     0.0638 f
  u_ctrl/U232/A (INVX0_RVT)                                1.1002     1.1640 f
  u_ctrl/U232/Y (INVX0_RVT)                                0.0116     1.1757 r
  u_ctrl/U233/A2 (NAND2X0_RVT)                             0.4139     1.5896 r
  u_ctrl/U233/Y (NAND2X0_RVT)                              0.0502     1.6398 f
  u_ctrl/U745/A (INVX0_RVT)                               20.7196    22.3594 f
  u_ctrl/U745/Y (INVX0_RVT)                                0.0367    22.3961 r
  u_ctrl/U756/A1 (AO22X1_RVT)                             14.7088    37.1049 r
  u_ctrl/U756/Y (AO22X1_RVT)                               0.0393    37.1443 r
  u_ctrl/tx_data_reg_6_/D (SDFFARX1_RVT)                   0.0847    37.2289 r
  data arrival time                                                  37.2289

  clock clk_div4 (rise edge)                               7.3000     7.3000
  clock network delay (ideal)                              0.0000     7.3000
  u_ctrl/tx_data_reg_6_/CLK (SDFFARX1_RVT)                            7.3000 r
  clock reconvergence pessimism                            0.0000     7.3000
  clock uncertainty                                       -0.2000     7.1000
  library setup time                                      -0.0528     7.0472
  data required time                                                  7.0472
  ---------------------------------------------------------------------------------
  data required time                                                  7.0472
  data arrival time                                                 -37.2289
  ---------------------------------------------------------------------------------
  slack (VIOLATED)                                                  -30.1817


  Startpoint: u_ctrl/u_tx/tx_busy_reg (rising edge-triggered flip-flop clocked by clk_div4)
  Endpoint: u_ctrl/tx_data_reg_7_ (rising edge-triggered flip-flop clocked by clk_div4)
  Path Group: clk_div4
  Path Type: max

  Point                                                      Incr       Path
  ---------------------------------------------------------------------------------
  clock clk_div4 (rise edge)                               0.0000     0.0000
  clock network delay (ideal)                              0.0000     0.0000
  u_ctrl/u_tx/tx_busy_reg/CLK (SDFFARX1_RVT)               0.0000     0.0000 r
  u_ctrl/u_tx/tx_busy_reg/Q (SDFFARX1_RVT)                 0.0638     0.0638 f
  u_ctrl/U232/A (INVX0_RVT)                                1.1002     1.1640 f
  u_ctrl/U232/Y (INVX0_RVT)                                0.0116     1.1757 r
  u_ctrl/U233/A2 (NAND2X0_RVT)                             0.4139     1.5896 r
  u_ctrl/U233/Y (NAND2X0_RVT)                              0.0502     1.6398 f
  u_ctrl/U745/A (INVX0_RVT)                               20.7196    22.3594 f
  u_ctrl/U745/Y (INVX0_RVT)                                0.0367    22.3961 r
  u_ctrl/U755/A1 (AO22X1_RVT)                             14.7088    37.1049 r
  u_ctrl/U755/Y (AO22X1_RVT)                               0.0393    37.1443 r
  u_ctrl/tx_data_reg_7_/D (SDFFARX1_RVT)                   0.0847    37.2289 r
  data arrival time                                                  37.2289

  clock clk_div4 (rise edge)                               7.3000     7.3000
  clock network delay (ideal)                              0.0000     7.3000
  u_ctrl/tx_data_reg_7_/CLK (SDFFARX1_RVT)                            7.3000 r
  clock reconvergence pessimism                            0.0000     7.3000
  clock uncertainty                                       -0.2000     7.1000
  library setup time                                      -0.0528     7.0472
  data required time                                                  7.0472
  ---------------------------------------------------------------------------------
  data required time                                                  7.0472
  data arrival time                                                 -37.2289
  ---------------------------------------------------------------------------------
  slack (VIOLATED)                                                  -30.1817


  Startpoint: u_ctrl/u_tx/tx_busy_reg (rising edge-triggered flip-flop clocked by clk_div4)
  Endpoint: u_ctrl/tx_start_reg (rising edge-triggered flip-flop clocked by clk_div4)
  Path Group: clk_div4
  Path Type: max

  Point                                                      Incr       Path
  ---------------------------------------------------------------------------------
  clock clk_div4 (rise edge)                               0.0000     0.0000
  clock network delay (ideal)                              0.0000     0.0000
  u_ctrl/u_tx/tx_busy_reg/CLK (SDFFARX1_RVT)               0.0000     0.0000 r
  u_ctrl/u_tx/tx_busy_reg/Q (SDFFARX1_RVT)                 0.0638     0.0638 f
  u_ctrl/U232/A (INVX0_RVT)                                1.1002     1.1640 f
  u_ctrl/U232/Y (INVX0_RVT)                                0.0116     1.1757 r
  u_ctrl/U233/A2 (NAND2X0_RVT)                             0.4139     1.5896 r
  u_ctrl/U233/Y (NAND2X0_RVT)                              0.0502     1.6398 f
  u_ctrl/U745/A (INVX0_RVT)                               20.7196    22.3594 f
  u_ctrl/U745/Y (INVX0_RVT)                                0.0367    22.3961 r
  u_ctrl/tx_start_reg/D (SDFFARX1_RVT)                    14.7088    37.1049 r
  data arrival time                                                  37.1049

  clock clk_div4 (rise edge)                               7.3000     7.3000
  clock network delay (ideal)                              0.0000     7.3000
  u_ctrl/tx_start_reg/CLK (SDFFARX1_RVT)                              7.3000 r
  clock reconvergence pessimism                            0.0000     7.3000
  clock uncertainty                                       -0.2000     7.1000
  library setup time                                      -0.0540     7.0460
  data required time                                                  7.0460
  ---------------------------------------------------------------------------------
  data required time                                                  7.0460
  data arrival time                                                 -37.1049
  ---------------------------------------------------------------------------------
  slack (VIOLATED)                                                  -30.0590


  Startpoint: u_ctrl/u_send_cdc/pulse_dst_reg (rising edge-triggered flip-flop clocked by clk_div4)
  Endpoint: u_ctrl/tx_buf_data_reg_0_ (rising edge-triggered flip-flop clocked by clk_div4)
  Path Group: clk_div4
  Path Type: max

  Point                                                              Incr       Path
  -----------------------------------------------------------------------------------------
  clock clk_div4 (rise edge)                                       0.0000     0.0000
  clock network delay (ideal)                                      0.0000     0.0000
  u_ctrl/u_send_cdc/pulse_dst_reg/CLK (SDFFARX1_RVT)               0.0000     0.0000 r
  u_ctrl/u_send_cdc/pulse_dst_reg/Q (SDFFARX1_RVT)                 0.0765     0.0765 f
  u_ctrl/U743/A (INVX0_RVT)                                       20.4053    20.4818 f
  u_ctrl/U743/Y (INVX0_RVT)                                        0.0284    20.5102 r
  u_ctrl/U747/A3 (AO22X1_RVT)                                     11.2921    31.8023 r
  u_ctrl/U747/Y (AO22X1_RVT)                                       0.0272    31.8294 r
  u_ctrl/tx_buf_data_reg_0_/D (SDFFARX1_RVT)                       0.0847    31.9141 r
  data arrival time                                                          31.9141

  clock clk_div4 (rise edge)                                       7.3000     7.3000
  clock network delay (ideal)                                      0.0000     7.3000
  u_ctrl/tx_buf_data_reg_0_/CLK (SDFFARX1_RVT)                                7.3000 r
  clock reconvergence pessimism                                    0.0000     7.3000
  clock uncertainty                                               -0.2000     7.1000
  library setup time                                              -0.0518     7.0482
  data required time                                                          7.0482
  -----------------------------------------------------------------------------------------
  data required time                                                          7.0482
  data arrival time                                                         -31.9141
  -----------------------------------------------------------------------------------------
  slack (VIOLATED)                                                          -24.8659


  Startpoint: u_ctrl/u_send_cdc/pulse_dst_reg (rising edge-triggered flip-flop clocked by clk_div4)
  Endpoint: u_ctrl/tx_buf_data_reg_1_ (rising edge-triggered flip-flop clocked by clk_div4)
  Path Group: clk_div4
  Path Type: max

  Point                                                              Incr       Path
  -----------------------------------------------------------------------------------------
  clock clk_div4 (rise edge)                                       0.0000     0.0000
  clock network delay (ideal)                                      0.0000     0.0000
  u_ctrl/u_send_cdc/pulse_dst_reg/CLK (SDFFARX1_RVT)               0.0000     0.0000 r
  u_ctrl/u_send_cdc/pulse_dst_reg/Q (SDFFARX1_RVT)                 0.0765     0.0765 f
  u_ctrl/U743/A (INVX0_RVT)                                       20.4053    20.4818 f
  u_ctrl/U743/Y (INVX0_RVT)                                        0.0284    20.5102 r
  u_ctrl/U744/A3 (AO22X1_RVT)                                     11.2921    31.8023 r
  u_ctrl/U744/Y (AO22X1_RVT)                                       0.0272    31.8294 r
  u_ctrl/tx_buf_data_reg_1_/D (SDFFARX1_RVT)                       0.0847    31.9141 r
  data arrival time                                                          31.9141

  clock clk_div4 (rise edge)                                       7.3000     7.3000
  clock network delay (ideal)                                      0.0000     7.3000
  u_ctrl/tx_buf_data_reg_1_/CLK (SDFFARX1_RVT)                                7.3000 r
  clock reconvergence pessimism                                    0.0000     7.3000
  clock uncertainty                                               -0.2000     7.1000
  library setup time                                              -0.0518     7.0482
  data required time                                                          7.0482
  -----------------------------------------------------------------------------------------
  data required time                                                          7.0482
  data arrival time                                                         -31.9141
  -----------------------------------------------------------------------------------------
  slack (VIOLATED)                                                          -24.8659


  Startpoint: u_ctrl/u_send_cdc/pulse_dst_reg (rising edge-triggered flip-flop clocked by clk_div4)
  Endpoint: u_ctrl/tx_buf_data_reg_2_ (rising edge-triggered flip-flop clocked by clk_div4)
  Path Group: clk_div4
  Path Type: max

  Point                                                              Incr       Path
  -----------------------------------------------------------------------------------------
  clock clk_div4 (rise edge)                                       0.0000     0.0000
  clock network delay (ideal)                                      0.0000     0.0000
  u_ctrl/u_send_cdc/pulse_dst_reg/CLK (SDFFARX1_RVT)               0.0000     0.0000 r
  u_ctrl/u_send_cdc/pulse_dst_reg/Q (SDFFARX1_RVT)                 0.0765     0.0765 f
  u_ctrl/U743/A (INVX0_RVT)                                       20.4053    20.4818 f
  u_ctrl/U743/Y (INVX0_RVT)                                        0.0284    20.5102 r
  u_ctrl/U753/A3 (AO22X1_RVT)                                     11.2921    31.8023 r
  u_ctrl/U753/Y (AO22X1_RVT)                                       0.0272    31.8294 r
  u_ctrl/tx_buf_data_reg_2_/D (SDFFARX1_RVT)                       0.0847    31.9141 r
  data arrival time                                                          31.9141

  clock clk_div4 (rise edge)                                       7.3000     7.3000
  clock network delay (ideal)                                      0.0000     7.3000
  u_ctrl/tx_buf_data_reg_2_/CLK (SDFFARX1_RVT)                                7.3000 r
  clock reconvergence pessimism                                    0.0000     7.3000
  clock uncertainty                                               -0.2000     7.1000
  library setup time                                              -0.0518     7.0482
  data required time                                                          7.0482
  -----------------------------------------------------------------------------------------
  data required time                                                          7.0482
  data arrival time                                                         -31.9141
  -----------------------------------------------------------------------------------------
  slack (VIOLATED)                                                          -24.8659


  Startpoint: u_ctrl/u_send_cdc/pulse_dst_reg (rising edge-triggered flip-flop clocked by clk_div4)
  Endpoint: u_ctrl/tx_buf_data_reg_3_ (rising edge-triggered flip-flop clocked by clk_div4)
  Path Group: clk_div4
  Path Type: max

  Point                                                              Incr       Path
  -----------------------------------------------------------------------------------------
  clock clk_div4 (rise edge)                                       0.0000     0.0000
  clock network delay (ideal)                                      0.0000     0.0000
  u_ctrl/u_send_cdc/pulse_dst_reg/CLK (SDFFARX1_RVT)               0.0000     0.0000 r
  u_ctrl/u_send_cdc/pulse_dst_reg/Q (SDFFARX1_RVT)                 0.0765     0.0765 f
  u_ctrl/U743/A (INVX0_RVT)                                       20.4053    20.4818 f
  u_ctrl/U743/Y (INVX0_RVT)                                        0.0284    20.5102 r
  u_ctrl/U752/A3 (AO22X1_RVT)                                     11.2921    31.8023 r
  u_ctrl/U752/Y (AO22X1_RVT)                                       0.0272    31.8294 r
  u_ctrl/tx_buf_data_reg_3_/D (SDFFARX1_RVT)                       0.0847    31.9141 r
  data arrival time                                                          31.9141

  clock clk_div4 (rise edge)                                       7.3000     7.3000
  clock network delay (ideal)                                      0.0000     7.3000
  u_ctrl/tx_buf_data_reg_3_/CLK (SDFFARX1_RVT)                                7.3000 r
  clock reconvergence pessimism                                    0.0000     7.3000
  clock uncertainty                                               -0.2000     7.1000
  library setup time                                              -0.0518     7.0482
  data required time                                                          7.0482
  -----------------------------------------------------------------------------------------
  data required time                                                          7.0482
  data arrival time                                                         -31.9141
  -----------------------------------------------------------------------------------------
  slack (VIOLATED)                                                          -24.8659


  Startpoint: u_ctrl/u_send_cdc/pulse_dst_reg (rising edge-triggered flip-flop clocked by clk_div4)
  Endpoint: u_ctrl/tx_buf_data_reg_4_ (rising edge-triggered flip-flop clocked by clk_div4)
  Path Group: clk_div4
  Path Type: max

  Point                                                              Incr       Path
  -----------------------------------------------------------------------------------------
  clock clk_div4 (rise edge)                                       0.0000     0.0000
  clock network delay (ideal)                                      0.0000     0.0000
  u_ctrl/u_send_cdc/pulse_dst_reg/CLK (SDFFARX1_RVT)               0.0000     0.0000 r
  u_ctrl/u_send_cdc/pulse_dst_reg/Q (SDFFARX1_RVT)                 0.0765     0.0765 f
  u_ctrl/U743/A (INVX0_RVT)                                       20.4053    20.4818 f
  u_ctrl/U743/Y (INVX0_RVT)                                        0.0284    20.5102 r
  u_ctrl/U751/A3 (AO22X1_RVT)                                     11.2921    31.8023 r
  u_ctrl/U751/Y (AO22X1_RVT)                                       0.0272    31.8294 r
  u_ctrl/tx_buf_data_reg_4_/D (SDFFARX1_RVT)                       0.0847    31.9141 r
  data arrival time                                                          31.9141

  clock clk_div4 (rise edge)                                       7.3000     7.3000
  clock network delay (ideal)                                      0.0000     7.3000
  u_ctrl/tx_buf_data_reg_4_/CLK (SDFFARX1_RVT)                                7.3000 r
  clock reconvergence pessimism                                    0.0000     7.3000
  clock uncertainty                                               -0.2000     7.1000
  library setup time                                              -0.0518     7.0482
  data required time                                                          7.0482
  -----------------------------------------------------------------------------------------
  data required time                                                          7.0482
  data arrival time                                                         -31.9141
  -----------------------------------------------------------------------------------------
  slack (VIOLATED)                                                          -24.8659


  Startpoint: u_ctrl/u_send_cdc/pulse_dst_reg (rising edge-triggered flip-flop clocked by clk_div4)
  Endpoint: u_ctrl/tx_buf_data_reg_5_ (rising edge-triggered flip-flop clocked by clk_div4)
  Path Group: clk_div4
  Path Type: max

  Point                                                              Incr       Path
  -----------------------------------------------------------------------------------------
  clock clk_div4 (rise edge)                                       0.0000     0.0000
  clock network delay (ideal)                                      0.0000     0.0000
  u_ctrl/u_send_cdc/pulse_dst_reg/CLK (SDFFARX1_RVT)               0.0000     0.0000 r
  u_ctrl/u_send_cdc/pulse_dst_reg/Q (SDFFARX1_RVT)                 0.0765     0.0765 f
  u_ctrl/U743/A (INVX0_RVT)                                       20.4053    20.4818 f
  u_ctrl/U743/Y (INVX0_RVT)                                        0.0284    20.5102 r
  u_ctrl/U750/A3 (AO22X1_RVT)                                     11.2921    31.8023 r
  u_ctrl/U750/Y (AO22X1_RVT)                                       0.0272    31.8294 r
  u_ctrl/tx_buf_data_reg_5_/D (SDFFARX1_RVT)                       0.0847    31.9141 r
  data arrival time                                                          31.9141

  clock clk_div4 (rise edge)                                       7.3000     7.3000
  clock network delay (ideal)                                      0.0000     7.3000
  u_ctrl/tx_buf_data_reg_5_/CLK (SDFFARX1_RVT)                                7.3000 r
  clock reconvergence pessimism                                    0.0000     7.3000
  clock uncertainty                                               -0.2000     7.1000
  library setup time                                              -0.0518     7.0482
  data required time                                                          7.0482
  -----------------------------------------------------------------------------------------
  data required time                                                          7.0482
  data arrival time                                                         -31.9141
  -----------------------------------------------------------------------------------------
  slack (VIOLATED)                                                          -24.8659


  Startpoint: u_ctrl/u_send_cdc/pulse_dst_reg (rising edge-triggered flip-flop clocked by clk_div4)
  Endpoint: u_ctrl/tx_buf_data_reg_6_ (rising edge-triggered flip-flop clocked by clk_div4)
  Path Group: clk_div4
  Path Type: max

  Point                                                              Incr       Path
  -----------------------------------------------------------------------------------------
  clock clk_div4 (rise edge)                                       0.0000     0.0000
  clock network delay (ideal)                                      0.0000     0.0000
  u_ctrl/u_send_cdc/pulse_dst_reg/CLK (SDFFARX1_RVT)               0.0000     0.0000 r
  u_ctrl/u_send_cdc/pulse_dst_reg/Q (SDFFARX1_RVT)                 0.0765     0.0765 f
  u_ctrl/U743/A (INVX0_RVT)                                       20.4053    20.4818 f
  u_ctrl/U743/Y (INVX0_RVT)                                        0.0284    20.5102 r
  u_ctrl/U749/A3 (AO22X1_RVT)                                     11.2921    31.8023 r
  u_ctrl/U749/Y (AO22X1_RVT)                                       0.0272    31.8294 r
  u_ctrl/tx_buf_data_reg_6_/D (SDFFARX1_RVT)                       0.0847    31.9141 r
  data arrival time                                                          31.9141

  clock clk_div4 (rise edge)                                       7.3000     7.3000
  clock network delay (ideal)                                      0.0000     7.3000
  u_ctrl/tx_buf_data_reg_6_/CLK (SDFFARX1_RVT)                                7.3000 r
  clock reconvergence pessimism                                    0.0000     7.3000
  clock uncertainty                                               -0.2000     7.1000
  library setup time                                              -0.0518     7.0482
  data required time                                                          7.0482
  -----------------------------------------------------------------------------------------
  data required time                                                          7.0482
  data arrival time                                                         -31.9141
  -----------------------------------------------------------------------------------------
  slack (VIOLATED)                                                          -24.8659


  Startpoint: u_ctrl/u_send_cdc/pulse_dst_reg (rising edge-triggered flip-flop clocked by clk_div4)
  Endpoint: u_ctrl/tx_buf_data_reg_7_ (rising edge-triggered flip-flop clocked by clk_div4)
  Path Group: clk_div4
  Path Type: max

  Point                                                              Incr       Path
  -----------------------------------------------------------------------------------------
  clock clk_div4 (rise edge)                                       0.0000     0.0000
  clock network delay (ideal)                                      0.0000     0.0000
  u_ctrl/u_send_cdc/pulse_dst_reg/CLK (SDFFARX1_RVT)               0.0000     0.0000 r
  u_ctrl/u_send_cdc/pulse_dst_reg/Q (SDFFARX1_RVT)                 0.0765     0.0765 f
  u_ctrl/U743/A (INVX0_RVT)                                       20.4053    20.4818 f
  u_ctrl/U743/Y (INVX0_RVT)                                        0.0284    20.5102 r
  u_ctrl/U748/A3 (AO22X1_RVT)                                     11.2921    31.8023 r
  u_ctrl/U748/Y (AO22X1_RVT)                                       0.0272    31.8294 r
  u_ctrl/tx_buf_data_reg_7_/D (SDFFARX1_RVT)                       0.0847    31.9141 r
  data arrival time                                                          31.9141

  clock clk_div4 (rise edge)                                       7.3000     7.3000
  clock network delay (ideal)                                      0.0000     7.3000
  u_ctrl/tx_buf_data_reg_7_/CLK (SDFFARX1_RVT)                                7.3000 r
  clock reconvergence pessimism                                    0.0000     7.3000
  clock uncertainty                                               -0.2000     7.1000
  library setup time                                              -0.0518     7.0482
  data required time                                                          7.0482
  -----------------------------------------------------------------------------------------
  data required time                                                          7.0482
  data arrival time                                                         -31.9141
  -----------------------------------------------------------------------------------------
  slack (VIOLATED)                                                          -24.8659


  Startpoint: u_ctrl/tx_idx_div2_reg_1_ (rising edge-triggered flip-flop clocked by clk_div2)
  Endpoint: u_ctrl/tx_byte_div2_reg_2_ (rising edge-triggered flip-flop clocked by clk_div2)
  Path Group: clk_div2
  Path Type: max

  Point                                                        Incr       Path
  -----------------------------------------------------------------------------------
  clock clk_div2 (rise edge)                                 0.0000     0.0000
  clock network delay (ideal)                                0.0000     0.0000
  u_ctrl/tx_idx_div2_reg_1_/CLK (SDFFARX1_RVT)               0.0000     0.0000 r
  u_ctrl/tx_idx_div2_reg_1_/Q (SDFFARX1_RVT)                 0.0747     0.0747 f
  u_ctrl/U604/A3 (NAND3X0_RVT)                              15.3535    15.4282 f
  u_ctrl/U604/Y (NAND3X0_RVT)                                0.0205    15.4488 r
  u_ctrl/U50/A (INVX0_RVT)                                   0.4596    15.9083 r
  u_ctrl/U50/Y (INVX0_RVT)                                   0.0322    15.9405 f
  u_ctrl/U718/A4 (AO22X1_RVT)                               11.7359    27.6765 f
  u_ctrl/U718/Y (AO22X1_RVT)                                 0.0235    27.7000 f
  u_ctrl/U723/A3 (OA22X1_RVT)                                0.0997    27.7997 f
  u_ctrl/U723/Y (OA22X1_RVT)                                 0.0234    27.8231 f
  u_ctrl/U107/A3 (AOI22X1_RVT)                               0.0944    27.9175 f
  u_ctrl/U107/Y (AOI22X1_RVT)                                0.0265    27.9440 r
  u_ctrl/U726/A1 (NAND3X0_RVT)                               0.1013    28.0453 r
  u_ctrl/U726/Y (NAND3X0_RVT)                                0.0168    28.0621 f
  u_ctrl/U727/A2 (AO22X1_RVT)                                0.0882    28.1502 f
  u_ctrl/U727/Y (AO22X1_RVT)                                 0.0252    28.1755 f
  u_ctrl/tx_byte_div2_reg_2_/D (SDFFARX1_RVT)                0.0847    28.2602 f
  data arrival time                                                    28.2602

  clock clk_div2 (rise edge)                                 3.6500     3.6500
  clock network delay (ideal)                                0.0000     3.6500
  u_ctrl/tx_byte_div2_reg_2_/CLK (SDFFARX1_RVT)                         3.6500 r
  clock reconvergence pessimism                              0.0000     3.6500
  clock uncertainty                                         -0.2000     3.4500
  library setup time                                        -0.0392     3.4108
  data required time                                                    3.4108
  -----------------------------------------------------------------------------------
  data required time                                                    3.4108
  data arrival time                                                   -28.2602
  -----------------------------------------------------------------------------------
  slack (VIOLATED)                                                    -24.8494


  Startpoint: u_ctrl/tx_idx_div2_reg_1_ (rising edge-triggered flip-flop clocked by clk_div2)
  Endpoint: u_ctrl/tx_byte_div2_reg_4_ (rising edge-triggered flip-flop clocked by clk_div2)
  Path Group: clk_div2
  Path Type: max

  Point                                                        Incr       Path
  -----------------------------------------------------------------------------------
  clock clk_div2 (rise edge)                                 0.0000     0.0000
  clock network delay (ideal)                                0.0000     0.0000
  u_ctrl/tx_idx_div2_reg_1_/CLK (SDFFARX1_RVT)               0.0000     0.0000 r
  u_ctrl/tx_idx_div2_reg_1_/Q (SDFFARX1_RVT)                 0.0747     0.0747 f
  u_ctrl/U604/A3 (NAND3X0_RVT)                              15.3535    15.4282 f
  u_ctrl/U604/Y (NAND3X0_RVT)                                0.0205    15.4488 r
  u_ctrl/U18/A (INVX0_RVT)                                   0.4596    15.9083 r
  u_ctrl/U18/Y (INVX0_RVT)                                   0.0322    15.9405 f
  u_ctrl/U688/A4 (AO22X1_RVT)                               11.7359    27.6765 f
  u_ctrl/U688/Y (AO22X1_RVT)                                 0.0235    27.7000 f
  u_ctrl/U693/A3 (OA22X1_RVT)                                0.0997    27.7997 f
  u_ctrl/U693/Y (OA22X1_RVT)                                 0.0234    27.8231 f
  u_ctrl/U108/A3 (AOI22X1_RVT)                               0.0944    27.9175 f
  u_ctrl/U108/Y (AOI22X1_RVT)                                0.0265    27.9440 r
  u_ctrl/U696/A1 (NAND3X0_RVT)                               0.1013    28.0453 r
  u_ctrl/U696/Y (NAND3X0_RVT)                                0.0168    28.0621 f
  u_ctrl/U697/A2 (AO22X1_RVT)                                0.0882    28.1502 f
  u_ctrl/U697/Y (AO22X1_RVT)                                 0.0252    28.1755 f
  u_ctrl/tx_byte_div2_reg_4_/D (SDFFARX1_RVT)                0.0847    28.2602 f
  data arrival time                                                    28.2602

  clock clk_div2 (rise edge)                                 3.6500     3.6500
  clock network delay (ideal)                                0.0000     3.6500
  u_ctrl/tx_byte_div2_reg_4_/CLK (SDFFARX1_RVT)                         3.6500 r
  clock reconvergence pessimism                              0.0000     3.6500
  clock uncertainty                                         -0.2000     3.4500
  library setup time                                        -0.0392     3.4108
  data required time                                                    3.4108
  -----------------------------------------------------------------------------------
  data required time                                                    3.4108
  data arrival time                                                   -28.2602
  -----------------------------------------------------------------------------------
  slack (VIOLATED)                                                    -24.8494


  Startpoint: u_ctrl/tx_idx_div2_reg_1_ (rising edge-triggered flip-flop clocked by clk_div2)
  Endpoint: u_ctrl/tx_byte_div2_reg_1_ (rising edge-triggered flip-flop clocked by clk_div2)
  Path Group: clk_div2
  Path Type: max

  Point                                                        Incr       Path
  -----------------------------------------------------------------------------------
  clock clk_div2 (rise edge)                                 0.0000     0.0000
  clock network delay (ideal)                                0.0000     0.0000
  u_ctrl/tx_idx_div2_reg_1_/CLK (SDFFARX1_RVT)               0.0000     0.0000 r
  u_ctrl/tx_idx_div2_reg_1_/Q (SDFFARX1_RVT)                 0.0747     0.0747 f
  u_ctrl/U604/A3 (NAND3X0_RVT)                              15.3535    15.4282 f
  u_ctrl/U604/Y (NAND3X0_RVT)                                0.0205    15.4488 r
  u_ctrl/U18/A (INVX0_RVT)                                   0.4596    15.9083 r
  u_ctrl/U18/Y (INVX0_RVT)                                   0.0322    15.9405 f
  u_ctrl/U733/A4 (AO22X1_RVT)                               11.7359    27.6765 f
  u_ctrl/U733/Y (AO22X1_RVT)                                 0.0235    27.7000 f
  u_ctrl/U738/A3 (OA22X1_RVT)                                0.0997    27.7997 f
  u_ctrl/U738/Y (OA22X1_RVT)                                 0.0234    27.8231 f
  u_ctrl/U106/A3 (AOI22X1_RVT)                               0.0944    27.9175 f
  u_ctrl/U106/Y (AOI22X1_RVT)                                0.0264    27.9439 r
  u_ctrl/U741/A1 (NAND3X0_RVT)                               0.1013    28.0452 r
  u_ctrl/U741/Y (NAND3X0_RVT)                                0.0168    28.0620 f
  u_ctrl/U742/A2 (AO22X1_RVT)                                0.0882    28.1502 f
  u_ctrl/U742/Y (AO22X1_RVT)                                 0.0252    28.1754 f
  u_ctrl/tx_byte_div2_reg_1_/D (SDFFARX1_RVT)                0.0847    28.2601 f
  data arrival time                                                    28.2601

  clock clk_div2 (rise edge)                                 3.6500     3.6500
  clock network delay (ideal)                                0.0000     3.6500
  u_ctrl/tx_byte_div2_reg_1_/CLK (SDFFARX1_RVT)                         3.6500 r
  clock reconvergence pessimism                              0.0000     3.6500
  clock uncertainty                                         -0.2000     3.4500
  library setup time                                        -0.0392     3.4108
  data required time                                                    3.4108
  -----------------------------------------------------------------------------------
  data required time                                                    3.4108
  data arrival time                                                   -28.2601
  -----------------------------------------------------------------------------------
  slack (VIOLATED)                                                    -24.8493


  Startpoint: u_ctrl/tx_idx_div2_reg_1_ (rising edge-triggered flip-flop clocked by clk_div2)
  Endpoint: u_ctrl/tx_byte_div2_reg_3_ (rising edge-triggered flip-flop clocked by clk_div2)
  Path Group: clk_div2
  Path Type: max

  Point                                                        Incr       Path
  -----------------------------------------------------------------------------------
  clock clk_div2 (rise edge)                                 0.0000     0.0000
  clock network delay (ideal)                                0.0000     0.0000
  u_ctrl/tx_idx_div2_reg_1_/CLK (SDFFARX1_RVT)               0.0000     0.0000 r
  u_ctrl/tx_idx_div2_reg_1_/Q (SDFFARX1_RVT)                 0.0747     0.0747 f
  u_ctrl/U604/A3 (NAND3X0_RVT)                              15.3535    15.4282 f
  u_ctrl/U604/Y (NAND3X0_RVT)                                0.0205    15.4488 r
  u_ctrl/U18/A (INVX0_RVT)                                   0.4596    15.9083 r
  u_ctrl/U18/Y (INVX0_RVT)                                   0.0322    15.9405 f
  u_ctrl/U703/A4 (AO22X1_RVT)                               11.7359    27.6765 f
  u_ctrl/U703/Y (AO22X1_RVT)                                 0.0235    27.7000 f
  u_ctrl/U708/A3 (OA22X1_RVT)                                0.0997    27.7997 f
  u_ctrl/U708/Y (OA22X1_RVT)                                 0.0234    27.8231 f
  u_ctrl/U110/A3 (AOI22X1_RVT)                               0.0944    27.9175 f
  u_ctrl/U110/Y (AOI22X1_RVT)                                0.0264    27.9439 r
  u_ctrl/U711/A1 (NAND3X0_RVT)                               0.1013    28.0452 r
  u_ctrl/U711/Y (NAND3X0_RVT)                                0.0168    28.0620 f
  u_ctrl/U712/A2 (AO22X1_RVT)                                0.0882    28.1502 f
  u_ctrl/U712/Y (AO22X1_RVT)                                 0.0252    28.1754 f
  u_ctrl/tx_byte_div2_reg_3_/D (SDFFARX1_RVT)                0.0847    28.2601 f
  data arrival time                                                    28.2601

  clock clk_div2 (rise edge)                                 3.6500     3.6500
  clock network delay (ideal)                                0.0000     3.6500
  u_ctrl/tx_byte_div2_reg_3_/CLK (SDFFARX1_RVT)                         3.6500 r
  clock reconvergence pessimism                              0.0000     3.6500
  clock uncertainty                                         -0.2000     3.4500
  library setup time                                        -0.0392     3.4108
  data required time                                                    3.4108
  -----------------------------------------------------------------------------------
  data required time                                                    3.4108
  data arrival time                                                   -28.2601
  -----------------------------------------------------------------------------------
  slack (VIOLATED)                                                    -24.8493


  Startpoint: u_ctrl/tx_idx_div2_reg_1_ (rising edge-triggered flip-flop clocked by clk_div2)
  Endpoint: u_ctrl/tx_byte_div2_reg_7_ (rising edge-triggered flip-flop clocked by clk_div2)
  Path Group: clk_div2
  Path Type: max

  Point                                                        Incr       Path
  -----------------------------------------------------------------------------------
  clock clk_div2 (rise edge)                                 0.0000     0.0000
  clock network delay (ideal)                                0.0000     0.0000
  u_ctrl/tx_idx_div2_reg_1_/CLK (SDFFARX1_RVT)               0.0000     0.0000 r
  u_ctrl/tx_idx_div2_reg_1_/Q (SDFFARX1_RVT)                 0.0747     0.0747 f
  u_ctrl/U604/A3 (NAND3X0_RVT)                              15.3535    15.4282 f
  u_ctrl/U604/Y (NAND3X0_RVT)                                0.0205    15.4488 r
  u_ctrl/U18/A (INVX0_RVT)                                   0.4596    15.9083 r
  u_ctrl/U18/Y (INVX0_RVT)                                   0.0322    15.9405 f
  u_ctrl/U639/A4 (AO22X1_RVT)                               11.7359    27.6765 f
  u_ctrl/U639/Y (AO22X1_RVT)                                 0.0235    27.7000 f
  u_ctrl/U645/A3 (OA22X1_RVT)                                0.0997    27.7997 f
  u_ctrl/U645/Y (OA22X1_RVT)                                 0.0234    27.8231 f
  u_ctrl/U109/A3 (AOI22X1_RVT)                               0.0944    27.9175 f
  u_ctrl/U109/Y (AOI22X1_RVT)                                0.0264    27.9439 r
  u_ctrl/U648/A1 (NAND3X0_RVT)                               0.1013    28.0452 r
  u_ctrl/U648/Y (NAND3X0_RVT)                                0.0168    28.0620 f
  u_ctrl/U649/A2 (AO22X1_RVT)                                0.0882    28.1502 f
  u_ctrl/U649/Y (AO22X1_RVT)                                 0.0252    28.1754 f
  u_ctrl/tx_byte_div2_reg_7_/D (SDFFARX1_RVT)                0.0847    28.2601 f
  data arrival time                                                    28.2601

  clock clk_div2 (rise edge)                                 3.6500     3.6500
  clock network delay (ideal)                                0.0000     3.6500
  u_ctrl/tx_byte_div2_reg_7_/CLK (SDFFARX1_RVT)                         3.6500 r
  clock reconvergence pessimism                              0.0000     3.6500
  clock uncertainty                                         -0.2000     3.4500
  library setup time                                        -0.0392     3.4108
  data required time                                                    3.4108
  -----------------------------------------------------------------------------------
  data required time                                                    3.4108
  data arrival time                                                   -28.2601
  -----------------------------------------------------------------------------------
  slack (VIOLATED)                                                    -24.8493


  Startpoint: u_ctrl/tx_idx_div2_reg_1_ (rising edge-triggered flip-flop clocked by clk_div2)
  Endpoint: u_ctrl/tx_byte_div2_reg_5_ (rising edge-triggered flip-flop clocked by clk_div2)
  Path Group: clk_div2
  Path Type: max

  Point                                                        Incr       Path
  -----------------------------------------------------------------------------------
  clock clk_div2 (rise edge)                                 0.0000     0.0000
  clock network delay (ideal)                                0.0000     0.0000
  u_ctrl/tx_idx_div2_reg_1_/CLK (SDFFARX1_RVT)               0.0000     0.0000 r
  u_ctrl/tx_idx_div2_reg_1_/Q (SDFFARX1_RVT)                 0.0747     0.0747 f
  u_ctrl/U604/A3 (NAND3X0_RVT)                              15.3535    15.4282 f
  u_ctrl/U604/Y (NAND3X0_RVT)                                0.0205    15.4488 r
  u_ctrl/U50/A (INVX0_RVT)                                   0.4596    15.9083 r
  u_ctrl/U50/Y (INVX0_RVT)                                   0.0322    15.9405 f
  u_ctrl/U673/A4 (AO22X1_RVT)                               11.7359    27.6765 f
  u_ctrl/U673/Y (AO22X1_RVT)                                 0.0235    27.7000 f
  u_ctrl/U678/A3 (OA22X1_RVT)                                0.0997    27.7997 f
  u_ctrl/U678/Y (OA22X1_RVT)                                 0.0234    27.8231 f
  u_ctrl/U111/A3 (AOI22X1_RVT)                               0.0944    27.9175 f
  u_ctrl/U111/Y (AOI22X1_RVT)                                0.0264    27.9439 r
  u_ctrl/U681/A1 (NAND3X0_RVT)                               0.1013    28.0452 r
  u_ctrl/U681/Y (NAND3X0_RVT)                                0.0168    28.0620 f
  u_ctrl/U682/A2 (AO22X1_RVT)                                0.0882    28.1502 f
  u_ctrl/U682/Y (AO22X1_RVT)                                 0.0252    28.1754 f
  u_ctrl/tx_byte_div2_reg_5_/D (SDFFARX1_RVT)                0.0847    28.2601 f
  data arrival time                                                    28.2601

  clock clk_div2 (rise edge)                                 3.6500     3.6500
  clock network delay (ideal)                                0.0000     3.6500
  u_ctrl/tx_byte_div2_reg_5_/CLK (SDFFARX1_RVT)                         3.6500 r
  clock reconvergence pessimism                              0.0000     3.6500
  clock uncertainty                                         -0.2000     3.4500
  library setup time                                        -0.0392     3.4108
  data required time                                                    3.4108
  -----------------------------------------------------------------------------------
  data required time                                                    3.4108
  data arrival time                                                   -28.2601
  -----------------------------------------------------------------------------------
  slack (VIOLATED)                                                    -24.8493


  Startpoint: u_ctrl/tx_idx_div2_reg_1_ (rising edge-triggered flip-flop clocked by clk_div2)
  Endpoint: u_ctrl/tx_byte_div2_reg_6_ (rising edge-triggered flip-flop clocked by clk_div2)
  Path Group: clk_div2
  Path Type: max

  Point                                                        Incr       Path
  -----------------------------------------------------------------------------------
  clock clk_div2 (rise edge)                                 0.0000     0.0000
  clock network delay (ideal)                                0.0000     0.0000
  u_ctrl/tx_idx_div2_reg_1_/CLK (SDFFARX1_RVT)               0.0000     0.0000 r
  u_ctrl/tx_idx_div2_reg_1_/Q (SDFFARX1_RVT)                 0.0747     0.0747 f
  u_ctrl/U604/A3 (NAND3X0_RVT)                              15.3535    15.4282 f
  u_ctrl/U604/Y (NAND3X0_RVT)                                0.0205    15.4488 r
  u_ctrl/U50/A (INVX0_RVT)                                   0.4596    15.9083 r
  u_ctrl/U50/Y (INVX0_RVT)                                   0.0322    15.9405 f
  u_ctrl/U655/A4 (AO22X1_RVT)                               11.7359    27.6765 f
  u_ctrl/U655/Y (AO22X1_RVT)                                 0.0235    27.7000 f
  u_ctrl/U662/A3 (OA22X1_RVT)                                0.0997    27.7997 f
  u_ctrl/U662/Y (OA22X1_RVT)                                 0.0234    27.8231 f
  u_ctrl/U112/A3 (AOI22X1_RVT)                               0.0944    27.9175 f
  u_ctrl/U112/Y (AOI22X1_RVT)                                0.0264    27.9439 r
  u_ctrl/U665/A1 (NAND3X0_RVT)                               0.1013    28.0452 r
  u_ctrl/U665/Y (NAND3X0_RVT)                                0.0168    28.0620 f
  u_ctrl/U666/A2 (AO22X1_RVT)                                0.0882    28.1502 f
  u_ctrl/U666/Y (AO22X1_RVT)                                 0.0252    28.1754 f
  u_ctrl/tx_byte_div2_reg_6_/D (SDFFARX1_RVT)                0.0847    28.2601 f
  data arrival time                                                    28.2601

  clock clk_div2 (rise edge)                                 3.6500     3.6500
  clock network delay (ideal)                                0.0000     3.6500
  u_ctrl/tx_byte_div2_reg_6_/CLK (SDFFARX1_RVT)                         3.6500 r
  clock reconvergence pessimism                              0.0000     3.6500
  clock uncertainty                                         -0.2000     3.4500
  library setup time                                        -0.0392     3.4108
  data required time                                                    3.4108
  -----------------------------------------------------------------------------------
  data required time                                                    3.4108
  data arrival time                                                   -28.2601
  -----------------------------------------------------------------------------------
  slack (VIOLATED)                                                    -24.8493


  Startpoint: u_ctrl/tx_idx_div2_reg_1_ (rising edge-triggered flip-flop clocked by clk_div2)
  Endpoint: u_ctrl/tx_byte_div2_reg_0_ (rising edge-triggered flip-flop clocked by clk_div2)
  Path Group: clk_div2
  Path Type: max

  Point                                                        Incr       Path
  -----------------------------------------------------------------------------------
  clock clk_div2 (rise edge)                                 0.0000     0.0000
  clock network delay (ideal)                                0.0000     0.0000
  u_ctrl/tx_idx_div2_reg_1_/CLK (SDFFARX1_RVT)               0.0000     0.0000 r
  u_ctrl/tx_idx_div2_reg_1_/Q (SDFFARX1_RVT)                 0.0747     0.0747 f
  u_ctrl/U604/A3 (NAND3X0_RVT)                              15.3535    15.4282 f
  u_ctrl/U604/Y (NAND3X0_RVT)                                0.0205    15.4488 r
  u_ctrl/U50/A (INVX0_RVT)                                   0.4596    15.9083 r
  u_ctrl/U50/Y (INVX0_RVT)                                   0.0322    15.9405 f
  u_ctrl/U618/A4 (AO22X1_RVT)                               11.7359    27.6765 f
  u_ctrl/U618/Y (AO22X1_RVT)                                 0.0235    27.7000 f
  u_ctrl/U625/A3 (OA22X1_RVT)                                0.0997    27.7997 f
  u_ctrl/U625/Y (OA22X1_RVT)                                 0.0234    27.8231 f
  u_ctrl/U105/A3 (AOI22X1_RVT)                               0.0944    27.9175 f
  u_ctrl/U105/Y (AOI22X1_RVT)                                0.0264    27.9439 r
  u_ctrl/U629/A1 (NAND3X0_RVT)                               0.1013    28.0451 r
  u_ctrl/U629/Y (NAND3X0_RVT)                                0.0168    28.0619 f
  u_ctrl/U630/A2 (AO22X1_RVT)                                0.0882    28.1501 f
  u_ctrl/U630/Y (AO22X1_RVT)                                 0.0252    28.1753 f
  u_ctrl/tx_byte_div2_reg_0_/D (SDFFARX1_RVT)                0.0847    28.2601 f
  data arrival time                                                    28.2601

  clock clk_div2 (rise edge)                                 3.6500     3.6500
  clock network delay (ideal)                                0.0000     3.6500
  u_ctrl/tx_byte_div2_reg_0_/CLK (SDFFARX1_RVT)                         3.6500 r
  clock reconvergence pessimism                              0.0000     3.6500
  clock uncertainty                                         -0.2000     3.4500
  library setup time                                        -0.0392     3.4108
  data required time                                                    3.4108
  -----------------------------------------------------------------------------------
  data required time                                                    3.4108
  data arrival time                                                   -28.2601
  -----------------------------------------------------------------------------------
  slack (VIOLATED)                                                    -24.8492

Warning: report_timing has satisfied the max_paths criteria. There are 1228 further endpoints which have paths of interest with slack less than   0.0000 that were not considered when generating this report. (UITE-502)

1
