****************************************
Report : timing
	-path_type full_clock_expanded
	-delay_type max
	-nosplit
	-input_pins
	-slack_lesser_than 0.0000
	-max_paths 25
	-sort_by slack
Design : top_mcu_pll_sram_multiclk_soc
Version: W-2024.09-SP5-3
Date   : Mon Apr 13 15:15:04 2026
****************************************


  Startpoint: u_ctrl/u_aes/done_reg (rising edge-triggered flip-flop clocked by clk_fast_aes)
  Endpoint: u_ctrl/ct_hold_fast_reg_119_ (rising edge-triggered flip-flop clocked by clk_fast)
  Path Group: clk_fast
  Path Type: max

  Point                                                         Incr       Path
  ------------------------------------------------------------------------------------
  clock clk_fast_aes (rise edge)                              0.0000     0.0000
  clock network delay (ideal)                                 0.0000     0.0000
  u_ctrl/u_aes/done_reg/CLK (SDFFARX1_RVT)                    0.0000     0.0000 r
  u_ctrl/u_aes/done_reg/QN (SDFFARX1_RVT)                     0.0459     0.0459 r
  u_ctrl/U30/A2 (NOR2X4_RVT)                                  0.4580     0.5039 r
  u_ctrl/U30/Y (NOR2X4_RVT)                                   0.0586     0.5625 f
  u_ctrl/U7/A (NBUFFX8_RVT)                                 882.1128   882.6753 f
  u_ctrl/U7/Y (NBUFFX8_RVT)                                   0.0425   882.7178 f
  u_ctrl/U28/A (INVX0_RVT)                                  8028.2939  8911.0117 f
  u_ctrl/U28/Y (INVX0_RVT)                                    0.0479   8911.0596 r
  u_ctrl/U484/A3 (AO22X1_RVT)                                97.3574   9008.4170 r
  u_ctrl/U484/Y (AO22X1_RVT)                                  0.0303   9008.4473 r
  u_ctrl/ct_hold_fast_reg_119_/D (SDFFARX1_RVT)               0.0850   9008.5322 r
  data arrival time                                                    9008.5322

  clock clk_fast (rise edge)                                  1.8250     1.8250
  clock network delay (ideal)                                 0.0000     1.8250
  u_ctrl/ct_hold_fast_reg_119_/CLK (SDFFARX1_RVT)                        1.8250 r
  clock reconvergence pessimism                               0.0000     1.8250
  clock uncertainty                                          -0.2000     1.6250
  library setup time                                         -0.0523     1.5727
  data required time                                                     1.5727
  ------------------------------------------------------------------------------------
  data required time                                                     1.5727
  data arrival time                                                    -9008.5322
  ------------------------------------------------------------------------------------
  slack (VIOLATED)                                                     -9006.9600


  Startpoint: u_ctrl/u_aes/done_reg (rising edge-triggered flip-flop clocked by clk_fast_aes)
  Endpoint: u_ctrl/ct_hold_fast_reg_71_ (rising edge-triggered flip-flop clocked by clk_fast)
  Path Group: clk_fast
  Path Type: max

  Point                                                        Incr       Path
  -----------------------------------------------------------------------------------
  clock clk_fast_aes (rise edge)                             0.0000     0.0000
  clock network delay (ideal)                                0.0000     0.0000
  u_ctrl/u_aes/done_reg/CLK (SDFFARX1_RVT)                   0.0000     0.0000 r
  u_ctrl/u_aes/done_reg/QN (SDFFARX1_RVT)                    0.0459     0.0459 r
  u_ctrl/U30/A2 (NOR2X4_RVT)                                 0.4580     0.5039 r
  u_ctrl/U30/Y (NOR2X4_RVT)                                  0.0586     0.5625 f
  u_ctrl/U7/A (NBUFFX8_RVT)                                882.1128   882.6753 f
  u_ctrl/U7/Y (NBUFFX8_RVT)                                  0.0425   882.7178 f
  u_ctrl/U28/A (INVX0_RVT)                                 8028.2939  8911.0117 f
  u_ctrl/U28/Y (INVX0_RVT)                                   0.0479   8911.0596 r
  u_ctrl/U532/A3 (AO22X1_RVT)                               97.3574   9008.4170 r
  u_ctrl/U532/Y (AO22X1_RVT)                                 0.0303   9008.4473 r
  u_ctrl/ct_hold_fast_reg_71_/D (SDFFARX1_RVT)               0.0850   9008.5322 r
  data arrival time                                                   9008.5322

  clock clk_fast (rise edge)                                 1.8250     1.8250
  clock network delay (ideal)                                0.0000     1.8250
  u_ctrl/ct_hold_fast_reg_71_/CLK (SDFFARX1_RVT)                        1.8250 r
  clock reconvergence pessimism                              0.0000     1.8250
  clock uncertainty                                         -0.2000     1.6250
  library setup time                                        -0.0523     1.5727
  data required time                                                    1.5727
  -----------------------------------------------------------------------------------
  data required time                                                    1.5727
  data arrival time                                                   -9008.5322
  -----------------------------------------------------------------------------------
  slack (VIOLATED)                                                    -9006.9600


  Startpoint: u_ctrl/u_aes/done_reg (rising edge-triggered flip-flop clocked by clk_fast_aes)
  Endpoint: u_ctrl/ct_hold_fast_reg_33_ (rising edge-triggered flip-flop clocked by clk_fast)
  Path Group: clk_fast
  Path Type: max

  Point                                                        Incr       Path
  -----------------------------------------------------------------------------------
  clock clk_fast_aes (rise edge)                             0.0000     0.0000
  clock network delay (ideal)                                0.0000     0.0000
  u_ctrl/u_aes/done_reg/CLK (SDFFARX1_RVT)                   0.0000     0.0000 r
  u_ctrl/u_aes/done_reg/QN (SDFFARX1_RVT)                    0.0459     0.0459 r
  u_ctrl/U30/A2 (NOR2X4_RVT)                                 0.4580     0.5039 r
  u_ctrl/U30/Y (NOR2X4_RVT)                                  0.0586     0.5625 f
  u_ctrl/U7/A (NBUFFX8_RVT)                                882.1128   882.6753 f
  u_ctrl/U7/Y (NBUFFX8_RVT)                                  0.0425   882.7178 f
  u_ctrl/U28/A (INVX0_RVT)                                 8028.2939  8911.0117 f
  u_ctrl/U28/Y (INVX0_RVT)                                   0.0479   8911.0596 r
  u_ctrl/U570/A3 (AO22X1_RVT)                               97.3574   9008.4170 r
  u_ctrl/U570/Y (AO22X1_RVT)                                 0.0303   9008.4473 r
  u_ctrl/ct_hold_fast_reg_33_/D (SDFFARX1_RVT)               0.0850   9008.5322 r
  data arrival time                                                   9008.5322

  clock clk_fast (rise edge)                                 1.8250     1.8250
  clock network delay (ideal)                                0.0000     1.8250
  u_ctrl/ct_hold_fast_reg_33_/CLK (SDFFARX1_RVT)                        1.8250 r
  clock reconvergence pessimism                              0.0000     1.8250
  clock uncertainty                                         -0.2000     1.6250
  library setup time                                        -0.0523     1.5727
  data required time                                                    1.5727
  -----------------------------------------------------------------------------------
  data required time                                                    1.5727
  data arrival time                                                   -9008.5322
  -----------------------------------------------------------------------------------
  slack (VIOLATED)                                                    -9006.9600


  Startpoint: u_ctrl/u_aes/done_reg (rising edge-triggered flip-flop clocked by clk_fast_aes)
  Endpoint: u_ctrl/ct_hold_fast_reg_35_ (rising edge-triggered flip-flop clocked by clk_fast)
  Path Group: clk_fast
  Path Type: max

  Point                                                        Incr       Path
  -----------------------------------------------------------------------------------
  clock clk_fast_aes (rise edge)                             0.0000     0.0000
  clock network delay (ideal)                                0.0000     0.0000
  u_ctrl/u_aes/done_reg/CLK (SDFFARX1_RVT)                   0.0000     0.0000 r
  u_ctrl/u_aes/done_reg/QN (SDFFARX1_RVT)                    0.0459     0.0459 r
  u_ctrl/U30/A2 (NOR2X4_RVT)                                 0.4580     0.5039 r
  u_ctrl/U30/Y (NOR2X4_RVT)                                  0.0586     0.5625 f
  u_ctrl/U7/A (NBUFFX8_RVT)                                882.1128   882.6753 f
  u_ctrl/U7/Y (NBUFFX8_RVT)                                  0.0425   882.7178 f
  u_ctrl/U28/A (INVX0_RVT)                                 8028.2939  8911.0117 f
  u_ctrl/U28/Y (INVX0_RVT)                                   0.0479   8911.0596 r
  u_ctrl/U568/A3 (AO22X1_RVT)                               97.3574   9008.4170 r
  u_ctrl/U568/Y (AO22X1_RVT)                                 0.0303   9008.4473 r
  u_ctrl/ct_hold_fast_reg_35_/D (SDFFARX1_RVT)               0.0850   9008.5322 r
  data arrival time                                                   9008.5322

  clock clk_fast (rise edge)                                 1.8250     1.8250
  clock network delay (ideal)                                0.0000     1.8250
  u_ctrl/ct_hold_fast_reg_35_/CLK (SDFFARX1_RVT)                        1.8250 r
  clock reconvergence pessimism                              0.0000     1.8250
  clock uncertainty                                         -0.2000     1.6250
  library setup time                                        -0.0523     1.5727
  data required time                                                    1.5727
  -----------------------------------------------------------------------------------
  data required time                                                    1.5727
  data arrival time                                                   -9008.5322
  -----------------------------------------------------------------------------------
  slack (VIOLATED)                                                    -9006.9600


  Startpoint: u_ctrl/u_aes/done_reg (rising edge-triggered flip-flop clocked by clk_fast_aes)
  Endpoint: u_ctrl/ct_hold_fast_reg_75_ (rising edge-triggered flip-flop clocked by clk_fast)
  Path Group: clk_fast
  Path Type: max

  Point                                                        Incr       Path
  -----------------------------------------------------------------------------------
  clock clk_fast_aes (rise edge)                             0.0000     0.0000
  clock network delay (ideal)                                0.0000     0.0000
  u_ctrl/u_aes/done_reg/CLK (SDFFARX1_RVT)                   0.0000     0.0000 r
  u_ctrl/u_aes/done_reg/QN (SDFFARX1_RVT)                    0.0459     0.0459 r
  u_ctrl/U30/A2 (NOR2X4_RVT)                                 0.4580     0.5039 r
  u_ctrl/U30/Y (NOR2X4_RVT)                                  0.0586     0.5625 f
  u_ctrl/U7/A (NBUFFX8_RVT)                                882.1128   882.6753 f
  u_ctrl/U7/Y (NBUFFX8_RVT)                                  0.0425   882.7178 f
  u_ctrl/U28/A (INVX0_RVT)                                 8028.2939  8911.0117 f
  u_ctrl/U28/Y (INVX0_RVT)                                   0.0479   8911.0596 r
  u_ctrl/U528/A3 (AO22X1_RVT)                               97.3574   9008.4170 r
  u_ctrl/U528/Y (AO22X1_RVT)                                 0.0303   9008.4473 r
  u_ctrl/ct_hold_fast_reg_75_/D (SDFFARX1_RVT)               0.0850   9008.5322 r
  data arrival time                                                   9008.5322

  clock clk_fast (rise edge)                                 1.8250     1.8250
  clock network delay (ideal)                                0.0000     1.8250
  u_ctrl/ct_hold_fast_reg_75_/CLK (SDFFARX1_RVT)                        1.8250 r
  clock reconvergence pessimism                              0.0000     1.8250
  clock uncertainty                                         -0.2000     1.6250
  library setup time                                        -0.0523     1.5727
  data required time                                                    1.5727
  -----------------------------------------------------------------------------------
  data required time                                                    1.5727
  data arrival time                                                   -9008.5322
  -----------------------------------------------------------------------------------
  slack (VIOLATED)                                                    -9006.9600


  Startpoint: u_ctrl/u_aes/done_reg (rising edge-triggered flip-flop clocked by clk_fast_aes)
  Endpoint: u_ctrl/ct_hold_fast_reg_120_ (rising edge-triggered flip-flop clocked by clk_fast)
  Path Group: clk_fast
  Path Type: max

  Point                                                         Incr       Path
  ------------------------------------------------------------------------------------
  clock clk_fast_aes (rise edge)                              0.0000     0.0000
  clock network delay (ideal)                                 0.0000     0.0000
  u_ctrl/u_aes/done_reg/CLK (SDFFARX1_RVT)                    0.0000     0.0000 r
  u_ctrl/u_aes/done_reg/QN (SDFFARX1_RVT)                     0.0459     0.0459 r
  u_ctrl/U30/A2 (NOR2X4_RVT)                                  0.4580     0.5039 r
  u_ctrl/U30/Y (NOR2X4_RVT)                                   0.0586     0.5625 f
  u_ctrl/U7/A (NBUFFX8_RVT)                                 882.1128   882.6753 f
  u_ctrl/U7/Y (NBUFFX8_RVT)                                   0.0425   882.7178 f
  u_ctrl/U28/A (INVX0_RVT)                                  8028.2939  8911.0117 f
  u_ctrl/U28/Y (INVX0_RVT)                                    0.0479   8911.0596 r
  u_ctrl/U483/A3 (AO22X1_RVT)                                97.3574   9008.4170 r
  u_ctrl/U483/Y (AO22X1_RVT)                                  0.0303   9008.4473 r
  u_ctrl/ct_hold_fast_reg_120_/D (SDFFARX1_RVT)               0.0850   9008.5322 r
  data arrival time                                                    9008.5322

  clock clk_fast (rise edge)                                  1.8250     1.8250
  clock network delay (ideal)                                 0.0000     1.8250
  u_ctrl/ct_hold_fast_reg_120_/CLK (SDFFARX1_RVT)                        1.8250 r
  clock reconvergence pessimism                               0.0000     1.8250
  clock uncertainty                                          -0.2000     1.6250
  library setup time                                         -0.0523     1.5727
  data required time                                                     1.5727
  ------------------------------------------------------------------------------------
  data required time                                                     1.5727
  data arrival time                                                    -9008.5322
  ------------------------------------------------------------------------------------
  slack (VIOLATED)                                                     -9006.9600


  Startpoint: u_ctrl/u_aes/done_reg (rising edge-triggered flip-flop clocked by clk_fast_aes)
  Endpoint: u_ctrl/ct_hold_fast_reg_121_ (rising edge-triggered flip-flop clocked by clk_fast)
  Path Group: clk_fast
  Path Type: max

  Point                                                         Incr       Path
  ------------------------------------------------------------------------------------
  clock clk_fast_aes (rise edge)                              0.0000     0.0000
  clock network delay (ideal)                                 0.0000     0.0000
  u_ctrl/u_aes/done_reg/CLK (SDFFARX1_RVT)                    0.0000     0.0000 r
  u_ctrl/u_aes/done_reg/QN (SDFFARX1_RVT)                     0.0459     0.0459 r
  u_ctrl/U30/A2 (NOR2X4_RVT)                                  0.4580     0.5039 r
  u_ctrl/U30/Y (NOR2X4_RVT)                                   0.0586     0.5625 f
  u_ctrl/U7/A (NBUFFX8_RVT)                                 882.1128   882.6753 f
  u_ctrl/U7/Y (NBUFFX8_RVT)                                   0.0425   882.7178 f
  u_ctrl/U28/A (INVX0_RVT)                                  8028.2939  8911.0117 f
  u_ctrl/U28/Y (INVX0_RVT)                                    0.0479   8911.0596 r
  u_ctrl/U482/A3 (AO22X1_RVT)                                97.3574   9008.4170 r
  u_ctrl/U482/Y (AO22X1_RVT)                                  0.0303   9008.4473 r
  u_ctrl/ct_hold_fast_reg_121_/D (SDFFARX1_RVT)               0.0850   9008.5322 r
  data arrival time                                                    9008.5322

  clock clk_fast (rise edge)                                  1.8250     1.8250
  clock network delay (ideal)                                 0.0000     1.8250
  u_ctrl/ct_hold_fast_reg_121_/CLK (SDFFARX1_RVT)                        1.8250 r
  clock reconvergence pessimism                               0.0000     1.8250
  clock uncertainty                                          -0.2000     1.6250
  library setup time                                         -0.0523     1.5727
  data required time                                                     1.5727
  ------------------------------------------------------------------------------------
  data required time                                                     1.5727
  data arrival time                                                    -9008.5322
  ------------------------------------------------------------------------------------
  slack (VIOLATED)                                                     -9006.9600


  Startpoint: u_ctrl/u_aes/done_reg (rising edge-triggered flip-flop clocked by clk_fast_aes)
  Endpoint: u_ctrl/ct_hold_fast_reg_122_ (rising edge-triggered flip-flop clocked by clk_fast)
  Path Group: clk_fast
  Path Type: max

  Point                                                         Incr       Path
  ------------------------------------------------------------------------------------
  clock clk_fast_aes (rise edge)                              0.0000     0.0000
  clock network delay (ideal)                                 0.0000     0.0000
  u_ctrl/u_aes/done_reg/CLK (SDFFARX1_RVT)                    0.0000     0.0000 r
  u_ctrl/u_aes/done_reg/QN (SDFFARX1_RVT)                     0.0459     0.0459 r
  u_ctrl/U30/A2 (NOR2X4_RVT)                                  0.4580     0.5039 r
  u_ctrl/U30/Y (NOR2X4_RVT)                                   0.0586     0.5625 f
  u_ctrl/U7/A (NBUFFX8_RVT)                                 882.1128   882.6753 f
  u_ctrl/U7/Y (NBUFFX8_RVT)                                   0.0425   882.7178 f
  u_ctrl/U28/A (INVX0_RVT)                                  8028.2939  8911.0117 f
  u_ctrl/U28/Y (INVX0_RVT)                                    0.0479   8911.0596 r
  u_ctrl/U481/A3 (AO22X1_RVT)                                97.3574   9008.4170 r
  u_ctrl/U481/Y (AO22X1_RVT)                                  0.0303   9008.4473 r
  u_ctrl/ct_hold_fast_reg_122_/D (SDFFARX1_RVT)               0.0850   9008.5322 r
  data arrival time                                                    9008.5322

  clock clk_fast (rise edge)                                  1.8250     1.8250
  clock network delay (ideal)                                 0.0000     1.8250
  u_ctrl/ct_hold_fast_reg_122_/CLK (SDFFARX1_RVT)                        1.8250 r
  clock reconvergence pessimism                               0.0000     1.8250
  clock uncertainty                                          -0.2000     1.6250
  library setup time                                         -0.0523     1.5727
  data required time                                                     1.5727
  ------------------------------------------------------------------------------------
  data required time                                                     1.5727
  data arrival time                                                    -9008.5322
  ------------------------------------------------------------------------------------
  slack (VIOLATED)                                                     -9006.9600


  Startpoint: u_ctrl/u_aes/done_reg (rising edge-triggered flip-flop clocked by clk_fast_aes)
  Endpoint: u_ctrl/ct_hold_fast_reg_123_ (rising edge-triggered flip-flop clocked by clk_fast)
  Path Group: clk_fast
  Path Type: max

  Point                                                         Incr       Path
  ------------------------------------------------------------------------------------
  clock clk_fast_aes (rise edge)                              0.0000     0.0000
  clock network delay (ideal)                                 0.0000     0.0000
  u_ctrl/u_aes/done_reg/CLK (SDFFARX1_RVT)                    0.0000     0.0000 r
  u_ctrl/u_aes/done_reg/QN (SDFFARX1_RVT)                     0.0459     0.0459 r
  u_ctrl/U30/A2 (NOR2X4_RVT)                                  0.4580     0.5039 r
  u_ctrl/U30/Y (NOR2X4_RVT)                                   0.0586     0.5625 f
  u_ctrl/U7/A (NBUFFX8_RVT)                                 882.1128   882.6753 f
  u_ctrl/U7/Y (NBUFFX8_RVT)                                   0.0425   882.7178 f
  u_ctrl/U28/A (INVX0_RVT)                                  8028.2939  8911.0117 f
  u_ctrl/U28/Y (INVX0_RVT)                                    0.0479   8911.0596 r
  u_ctrl/U480/A3 (AO22X1_RVT)                                97.3574   9008.4170 r
  u_ctrl/U480/Y (AO22X1_RVT)                                  0.0303   9008.4473 r
  u_ctrl/ct_hold_fast_reg_123_/D (SDFFARX1_RVT)               0.0850   9008.5322 r
  data arrival time                                                    9008.5322

  clock clk_fast (rise edge)                                  1.8250     1.8250
  clock network delay (ideal)                                 0.0000     1.8250
  u_ctrl/ct_hold_fast_reg_123_/CLK (SDFFARX1_RVT)                        1.8250 r
  clock reconvergence pessimism                               0.0000     1.8250
  clock uncertainty                                          -0.2000     1.6250
  library setup time                                         -0.0523     1.5727
  data required time                                                     1.5727
  ------------------------------------------------------------------------------------
  data required time                                                     1.5727
  data arrival time                                                    -9008.5322
  ------------------------------------------------------------------------------------
  slack (VIOLATED)                                                     -9006.9600


  Startpoint: u_ctrl/u_aes/done_reg (rising edge-triggered flip-flop clocked by clk_fast_aes)
  Endpoint: u_ctrl/ct_hold_fast_reg_124_ (rising edge-triggered flip-flop clocked by clk_fast)
  Path Group: clk_fast
  Path Type: max

  Point                                                         Incr       Path
  ------------------------------------------------------------------------------------
  clock clk_fast_aes (rise edge)                              0.0000     0.0000
  clock network delay (ideal)                                 0.0000     0.0000
  u_ctrl/u_aes/done_reg/CLK (SDFFARX1_RVT)                    0.0000     0.0000 r
  u_ctrl/u_aes/done_reg/QN (SDFFARX1_RVT)                     0.0459     0.0459 r
  u_ctrl/U30/A2 (NOR2X4_RVT)                                  0.4580     0.5039 r
  u_ctrl/U30/Y (NOR2X4_RVT)                                   0.0586     0.5625 f
  u_ctrl/U7/A (NBUFFX8_RVT)                                 882.1128   882.6753 f
  u_ctrl/U7/Y (NBUFFX8_RVT)                                   0.0425   882.7178 f
  u_ctrl/U28/A (INVX0_RVT)                                  8028.2939  8911.0117 f
  u_ctrl/U28/Y (INVX0_RVT)                                    0.0479   8911.0596 r
  u_ctrl/U479/A3 (AO22X1_RVT)                                97.3574   9008.4170 r
  u_ctrl/U479/Y (AO22X1_RVT)                                  0.0303   9008.4473 r
  u_ctrl/ct_hold_fast_reg_124_/D (SDFFARX1_RVT)               0.0850   9008.5322 r
  data arrival time                                                    9008.5322

  clock clk_fast (rise edge)                                  1.8250     1.8250
  clock network delay (ideal)                                 0.0000     1.8250
  u_ctrl/ct_hold_fast_reg_124_/CLK (SDFFARX1_RVT)                        1.8250 r
  clock reconvergence pessimism                               0.0000     1.8250
  clock uncertainty                                          -0.2000     1.6250
  library setup time                                         -0.0523     1.5727
  data required time                                                     1.5727
  ------------------------------------------------------------------------------------
  data required time                                                     1.5727
  data arrival time                                                    -9008.5322
  ------------------------------------------------------------------------------------
  slack (VIOLATED)                                                     -9006.9600


  Startpoint: u_ctrl/u_aes/done_reg (rising edge-triggered flip-flop clocked by clk_fast_aes)
  Endpoint: u_ctrl/ct_hold_fast_reg_125_ (rising edge-triggered flip-flop clocked by clk_fast)
  Path Group: clk_fast
  Path Type: max

  Point                                                         Incr       Path
  ------------------------------------------------------------------------------------
  clock clk_fast_aes (rise edge)                              0.0000     0.0000
  clock network delay (ideal)                                 0.0000     0.0000
  u_ctrl/u_aes/done_reg/CLK (SDFFARX1_RVT)                    0.0000     0.0000 r
  u_ctrl/u_aes/done_reg/QN (SDFFARX1_RVT)                     0.0459     0.0459 r
  u_ctrl/U30/A2 (NOR2X4_RVT)                                  0.4580     0.5039 r
  u_ctrl/U30/Y (NOR2X4_RVT)                                   0.0586     0.5625 f
  u_ctrl/U7/A (NBUFFX8_RVT)                                 882.1128   882.6753 f
  u_ctrl/U7/Y (NBUFFX8_RVT)                                   0.0425   882.7178 f
  u_ctrl/U28/A (INVX0_RVT)                                  8028.2939  8911.0117 f
  u_ctrl/U28/Y (INVX0_RVT)                                    0.0479   8911.0596 r
  u_ctrl/U478/A3 (AO22X1_RVT)                                97.3574   9008.4170 r
  u_ctrl/U478/Y (AO22X1_RVT)                                  0.0303   9008.4473 r
  u_ctrl/ct_hold_fast_reg_125_/D (SDFFARX1_RVT)               0.0850   9008.5322 r
  data arrival time                                                    9008.5322

  clock clk_fast (rise edge)                                  1.8250     1.8250
  clock network delay (ideal)                                 0.0000     1.8250
  u_ctrl/ct_hold_fast_reg_125_/CLK (SDFFARX1_RVT)                        1.8250 r
  clock reconvergence pessimism                               0.0000     1.8250
  clock uncertainty                                          -0.2000     1.6250
  library setup time                                         -0.0523     1.5727
  data required time                                                     1.5727
  ------------------------------------------------------------------------------------
  data required time                                                     1.5727
  data arrival time                                                    -9008.5322
  ------------------------------------------------------------------------------------
  slack (VIOLATED)                                                     -9006.9600


  Startpoint: u_ctrl/u_aes/done_reg (rising edge-triggered flip-flop clocked by clk_fast_aes)
  Endpoint: u_ctrl/ct_hold_fast_reg_126_ (rising edge-triggered flip-flop clocked by clk_fast)
  Path Group: clk_fast
  Path Type: max

  Point                                                         Incr       Path
  ------------------------------------------------------------------------------------
  clock clk_fast_aes (rise edge)                              0.0000     0.0000
  clock network delay (ideal)                                 0.0000     0.0000
  u_ctrl/u_aes/done_reg/CLK (SDFFARX1_RVT)                    0.0000     0.0000 r
  u_ctrl/u_aes/done_reg/QN (SDFFARX1_RVT)                     0.0459     0.0459 r
  u_ctrl/U30/A2 (NOR2X4_RVT)                                  0.4580     0.5039 r
  u_ctrl/U30/Y (NOR2X4_RVT)                                   0.0586     0.5625 f
  u_ctrl/U7/A (NBUFFX8_RVT)                                 882.1128   882.6753 f
  u_ctrl/U7/Y (NBUFFX8_RVT)                                   0.0425   882.7178 f
  u_ctrl/U28/A (INVX0_RVT)                                  8028.2939  8911.0117 f
  u_ctrl/U28/Y (INVX0_RVT)                                    0.0479   8911.0596 r
  u_ctrl/U477/A3 (AO22X1_RVT)                                97.3574   9008.4170 r
  u_ctrl/U477/Y (AO22X1_RVT)                                  0.0303   9008.4473 r
  u_ctrl/ct_hold_fast_reg_126_/D (SDFFARX1_RVT)               0.0850   9008.5322 r
  data arrival time                                                    9008.5322

  clock clk_fast (rise edge)                                  1.8250     1.8250
  clock network delay (ideal)                                 0.0000     1.8250
  u_ctrl/ct_hold_fast_reg_126_/CLK (SDFFARX1_RVT)                        1.8250 r
  clock reconvergence pessimism                               0.0000     1.8250
  clock uncertainty                                          -0.2000     1.6250
  library setup time                                         -0.0523     1.5727
  data required time                                                     1.5727
  ------------------------------------------------------------------------------------
  data required time                                                     1.5727
  data arrival time                                                    -9008.5322
  ------------------------------------------------------------------------------------
  slack (VIOLATED)                                                     -9006.9600


  Startpoint: u_ctrl/u_aes/done_reg (rising edge-triggered flip-flop clocked by clk_fast_aes)
  Endpoint: u_ctrl/ct_hold_fast_reg_127_ (rising edge-triggered flip-flop clocked by clk_fast)
  Path Group: clk_fast
  Path Type: max

  Point                                                         Incr       Path
  ------------------------------------------------------------------------------------
  clock clk_fast_aes (rise edge)                              0.0000     0.0000
  clock network delay (ideal)                                 0.0000     0.0000
  u_ctrl/u_aes/done_reg/CLK (SDFFARX1_RVT)                    0.0000     0.0000 r
  u_ctrl/u_aes/done_reg/QN (SDFFARX1_RVT)                     0.0459     0.0459 r
  u_ctrl/U30/A2 (NOR2X4_RVT)                                  0.4580     0.5039 r
  u_ctrl/U30/Y (NOR2X4_RVT)                                   0.0586     0.5625 f
  u_ctrl/U7/A (NBUFFX8_RVT)                                 882.1128   882.6753 f
  u_ctrl/U7/Y (NBUFFX8_RVT)                                   0.0425   882.7178 f
  u_ctrl/U28/A (INVX0_RVT)                                  8028.2939  8911.0117 f
  u_ctrl/U28/Y (INVX0_RVT)                                    0.0479   8911.0596 r
  u_ctrl/U476/A3 (AO22X1_RVT)                                97.3574   9008.4170 r
  u_ctrl/U476/Y (AO22X1_RVT)                                  0.0303   9008.4473 r
  u_ctrl/ct_hold_fast_reg_127_/D (SDFFARX1_RVT)               0.0850   9008.5322 r
  data arrival time                                                    9008.5322

  clock clk_fast (rise edge)                                  1.8250     1.8250
  clock network delay (ideal)                                 0.0000     1.8250
  u_ctrl/ct_hold_fast_reg_127_/CLK (SDFFARX1_RVT)                        1.8250 r
  clock reconvergence pessimism                               0.0000     1.8250
  clock uncertainty                                          -0.2000     1.6250
  library setup time                                         -0.0523     1.5727
  data required time                                                     1.5727
  ------------------------------------------------------------------------------------
  data required time                                                     1.5727
  data arrival time                                                    -9008.5322
  ------------------------------------------------------------------------------------
  slack (VIOLATED)                                                     -9006.9600


  Startpoint: u_ctrl/u_aes/done_reg (rising edge-triggered flip-flop clocked by clk_fast_aes)
  Endpoint: u_ctrl/ct_hold_fast_reg_0_ (rising edge-triggered flip-flop clocked by clk_fast)
  Path Group: clk_fast
  Path Type: max

  Point                                                       Incr       Path
  ----------------------------------------------------------------------------------
  clock clk_fast_aes (rise edge)                            0.0000     0.0000
  clock network delay (ideal)                               0.0000     0.0000
  u_ctrl/u_aes/done_reg/CLK (SDFFARX1_RVT)                  0.0000     0.0000 r
  u_ctrl/u_aes/done_reg/QN (SDFFARX1_RVT)                   0.0459     0.0459 r
  u_ctrl/U30/A2 (NOR2X4_RVT)                                0.4580     0.5039 r
  u_ctrl/U30/Y (NOR2X4_RVT)                                 0.0586     0.5625 f
  u_ctrl/U7/A (NBUFFX8_RVT)                               882.1128   882.6753 f
  u_ctrl/U7/Y (NBUFFX8_RVT)                                 0.0425   882.7178 f
  u_ctrl/U28/A (INVX0_RVT)                                8028.2939  8911.0117 f
  u_ctrl/U28/Y (INVX0_RVT)                                  0.0479   8911.0596 r
  u_ctrl/U475/A3 (AO22X1_RVT)                              97.3574   9008.4170 r
  u_ctrl/U475/Y (AO22X1_RVT)                                0.0303   9008.4473 r
  u_ctrl/ct_hold_fast_reg_0_/D (SDFFARX1_RVT)               0.0850   9008.5322 r
  data arrival time                                                  9008.5322

  clock clk_fast (rise edge)                                1.8250     1.8250
  clock network delay (ideal)                               0.0000     1.8250
  u_ctrl/ct_hold_fast_reg_0_/CLK (SDFFARX1_RVT)                        1.8250 r
  clock reconvergence pessimism                             0.0000     1.8250
  clock uncertainty                                        -0.2000     1.6250
  library setup time                                       -0.0523     1.5727
  data required time                                                   1.5727
  ----------------------------------------------------------------------------------
  data required time                                                   1.5727
  data arrival time                                                  -9008.5322
  ----------------------------------------------------------------------------------
  slack (VIOLATED)                                                   -9006.9600


  Startpoint: u_ctrl/u_aes/done_reg (rising edge-triggered flip-flop clocked by clk_fast_aes)
  Endpoint: u_ctrl/ct_hold_fast_reg_2_ (rising edge-triggered flip-flop clocked by clk_fast)
  Path Group: clk_fast
  Path Type: max

  Point                                                       Incr       Path
  ----------------------------------------------------------------------------------
  clock clk_fast_aes (rise edge)                            0.0000     0.0000
  clock network delay (ideal)                               0.0000     0.0000
  u_ctrl/u_aes/done_reg/CLK (SDFFARX1_RVT)                  0.0000     0.0000 r
  u_ctrl/u_aes/done_reg/QN (SDFFARX1_RVT)                   0.0459     0.0459 r
  u_ctrl/U30/A2 (NOR2X4_RVT)                                0.4580     0.5039 r
  u_ctrl/U30/Y (NOR2X4_RVT)                                 0.0586     0.5625 f
  u_ctrl/U7/A (NBUFFX8_RVT)                               882.1128   882.6753 f
  u_ctrl/U7/Y (NBUFFX8_RVT)                                 0.0425   882.7178 f
  u_ctrl/U28/A (INVX0_RVT)                                8028.2939  8911.0117 f
  u_ctrl/U28/Y (INVX0_RVT)                                  0.0479   8911.0596 r
  u_ctrl/U474/A3 (AO22X1_RVT)                              97.3574   9008.4170 r
  u_ctrl/U474/Y (AO22X1_RVT)                                0.0303   9008.4473 r
  u_ctrl/ct_hold_fast_reg_2_/D (SDFFARX1_RVT)               0.0850   9008.5322 r
  data arrival time                                                  9008.5322

  clock clk_fast (rise edge)                                1.8250     1.8250
  clock network delay (ideal)                               0.0000     1.8250
  u_ctrl/ct_hold_fast_reg_2_/CLK (SDFFARX1_RVT)                        1.8250 r
  clock reconvergence pessimism                             0.0000     1.8250
  clock uncertainty                                        -0.2000     1.6250
  library setup time                                       -0.0523     1.5727
  data required time                                                   1.5727
  ----------------------------------------------------------------------------------
  data required time                                                   1.5727
  data arrival time                                                  -9008.5322
  ----------------------------------------------------------------------------------
  slack (VIOLATED)                                                   -9006.9600


  Startpoint: u_ctrl/u_aes/done_reg (rising edge-triggered flip-flop clocked by clk_fast_aes)
  Endpoint: u_ctrl/ct_hold_fast_reg_3_ (rising edge-triggered flip-flop clocked by clk_fast)
  Path Group: clk_fast
  Path Type: max

  Point                                                       Incr       Path
  ----------------------------------------------------------------------------------
  clock clk_fast_aes (rise edge)                            0.0000     0.0000
  clock network delay (ideal)                               0.0000     0.0000
  u_ctrl/u_aes/done_reg/CLK (SDFFARX1_RVT)                  0.0000     0.0000 r
  u_ctrl/u_aes/done_reg/QN (SDFFARX1_RVT)                   0.0459     0.0459 r
  u_ctrl/U30/A2 (NOR2X4_RVT)                                0.4580     0.5039 r
  u_ctrl/U30/Y (NOR2X4_RVT)                                 0.0586     0.5625 f
  u_ctrl/U7/A (NBUFFX8_RVT)                               882.1128   882.6753 f
  u_ctrl/U7/Y (NBUFFX8_RVT)                                 0.0425   882.7178 f
  u_ctrl/U28/A (INVX0_RVT)                                8028.2939  8911.0117 f
  u_ctrl/U28/Y (INVX0_RVT)                                  0.0479   8911.0596 r
  u_ctrl/U473/A3 (AO22X1_RVT)                              97.3574   9008.4170 r
  u_ctrl/U473/Y (AO22X1_RVT)                                0.0303   9008.4473 r
  u_ctrl/ct_hold_fast_reg_3_/D (SDFFARX1_RVT)               0.0850   9008.5322 r
  data arrival time                                                  9008.5322

  clock clk_fast (rise edge)                                1.8250     1.8250
  clock network delay (ideal)                               0.0000     1.8250
  u_ctrl/ct_hold_fast_reg_3_/CLK (SDFFARX1_RVT)                        1.8250 r
  clock reconvergence pessimism                             0.0000     1.8250
  clock uncertainty                                        -0.2000     1.6250
  library setup time                                       -0.0523     1.5727
  data required time                                                   1.5727
  ----------------------------------------------------------------------------------
  data required time                                                   1.5727
  data arrival time                                                  -9008.5322
  ----------------------------------------------------------------------------------
  slack (VIOLATED)                                                   -9006.9600


  Startpoint: u_ctrl/u_aes/done_reg (rising edge-triggered flip-flop clocked by clk_fast_aes)
  Endpoint: u_ctrl/ct_hold_fast_reg_4_ (rising edge-triggered flip-flop clocked by clk_fast)
  Path Group: clk_fast
  Path Type: max

  Point                                                       Incr       Path
  ----------------------------------------------------------------------------------
  clock clk_fast_aes (rise edge)                            0.0000     0.0000
  clock network delay (ideal)                               0.0000     0.0000
  u_ctrl/u_aes/done_reg/CLK (SDFFARX1_RVT)                  0.0000     0.0000 r
  u_ctrl/u_aes/done_reg/QN (SDFFARX1_RVT)                   0.0459     0.0459 r
  u_ctrl/U30/A2 (NOR2X4_RVT)                                0.4580     0.5039 r
  u_ctrl/U30/Y (NOR2X4_RVT)                                 0.0586     0.5625 f
  u_ctrl/U7/A (NBUFFX8_RVT)                               882.1128   882.6753 f
  u_ctrl/U7/Y (NBUFFX8_RVT)                                 0.0425   882.7178 f
  u_ctrl/U28/A (INVX0_RVT)                                8028.2939  8911.0117 f
  u_ctrl/U28/Y (INVX0_RVT)                                  0.0479   8911.0596 r
  u_ctrl/U472/A3 (AO22X1_RVT)                              97.3574   9008.4170 r
  u_ctrl/U472/Y (AO22X1_RVT)                                0.0303   9008.4473 r
  u_ctrl/ct_hold_fast_reg_4_/D (SDFFARX1_RVT)               0.0850   9008.5322 r
  data arrival time                                                  9008.5322

  clock clk_fast (rise edge)                                1.8250     1.8250
  clock network delay (ideal)                               0.0000     1.8250
  u_ctrl/ct_hold_fast_reg_4_/CLK (SDFFARX1_RVT)                        1.8250 r
  clock reconvergence pessimism                             0.0000     1.8250
  clock uncertainty                                        -0.2000     1.6250
  library setup time                                       -0.0523     1.5727
  data required time                                                   1.5727
  ----------------------------------------------------------------------------------
  data required time                                                   1.5727
  data arrival time                                                  -9008.5322
  ----------------------------------------------------------------------------------
  slack (VIOLATED)                                                   -9006.9600


  Startpoint: u_ctrl/u_aes/done_reg (rising edge-triggered flip-flop clocked by clk_fast_aes)
  Endpoint: u_ctrl/ct_hold_fast_reg_113_ (rising edge-triggered flip-flop clocked by clk_fast)
  Path Group: clk_fast
  Path Type: max

  Point                                                         Incr       Path
  ------------------------------------------------------------------------------------
  clock clk_fast_aes (rise edge)                              0.0000     0.0000
  clock network delay (ideal)                                 0.0000     0.0000
  u_ctrl/u_aes/done_reg/CLK (SDFFARX1_RVT)                    0.0000     0.0000 r
  u_ctrl/u_aes/done_reg/QN (SDFFARX1_RVT)                     0.0459     0.0459 r
  u_ctrl/U30/A2 (NOR2X4_RVT)                                  0.4580     0.5039 r
  u_ctrl/U30/Y (NOR2X4_RVT)                                   0.0586     0.5625 f
  u_ctrl/U7/A (NBUFFX8_RVT)                                 882.1128   882.6753 f
  u_ctrl/U7/Y (NBUFFX8_RVT)                                   0.0425   882.7178 f
  u_ctrl/U21/A (INVX1_RVT)                                  8028.2939  8911.0117 f
  u_ctrl/U21/Y (INVX1_RVT)                                    0.0361   8911.0479 r
  u_ctrl/U490/A3 (AO22X1_RVT)                                97.3574   9008.4053 r
  u_ctrl/U490/Y (AO22X1_RVT)                                  0.0283   9008.4336 r
  u_ctrl/ct_hold_fast_reg_113_/D (SDFFARX1_RVT)               0.0850   9008.5186 r
  data arrival time                                                    9008.5186

  clock clk_fast (rise edge)                                  1.8250     1.8250
  clock network delay (ideal)                                 0.0000     1.8250
  u_ctrl/ct_hold_fast_reg_113_/CLK (SDFFARX1_RVT)                        1.8250 r
  clock reconvergence pessimism                               0.0000     1.8250
  clock uncertainty                                          -0.2000     1.6250
  library setup time                                         -0.0519     1.5731
  data required time                                                     1.5731
  ------------------------------------------------------------------------------------
  data required time                                                     1.5731
  data arrival time                                                    -9008.5186
  ------------------------------------------------------------------------------------
  slack (VIOLATED)                                                     -9006.9453


  Startpoint: u_ctrl/u_aes/done_reg (rising edge-triggered flip-flop clocked by clk_fast_aes)
  Endpoint: u_ctrl/ct_hold_fast_reg_114_ (rising edge-triggered flip-flop clocked by clk_fast)
  Path Group: clk_fast
  Path Type: max

  Point                                                         Incr       Path
  ------------------------------------------------------------------------------------
  clock clk_fast_aes (rise edge)                              0.0000     0.0000
  clock network delay (ideal)                                 0.0000     0.0000
  u_ctrl/u_aes/done_reg/CLK (SDFFARX1_RVT)                    0.0000     0.0000 r
  u_ctrl/u_aes/done_reg/QN (SDFFARX1_RVT)                     0.0459     0.0459 r
  u_ctrl/U30/A2 (NOR2X4_RVT)                                  0.4580     0.5039 r
  u_ctrl/U30/Y (NOR2X4_RVT)                                   0.0586     0.5625 f
  u_ctrl/U7/A (NBUFFX8_RVT)                                 882.1128   882.6753 f
  u_ctrl/U7/Y (NBUFFX8_RVT)                                   0.0425   882.7178 f
  u_ctrl/U21/A (INVX1_RVT)                                  8028.2939  8911.0117 f
  u_ctrl/U21/Y (INVX1_RVT)                                    0.0361   8911.0479 r
  u_ctrl/U489/A3 (AO22X1_RVT)                                97.3574   9008.4053 r
  u_ctrl/U489/Y (AO22X1_RVT)                                  0.0283   9008.4336 r
  u_ctrl/ct_hold_fast_reg_114_/D (SDFFARX1_RVT)               0.0850   9008.5186 r
  data arrival time                                                    9008.5186

  clock clk_fast (rise edge)                                  1.8250     1.8250
  clock network delay (ideal)                                 0.0000     1.8250
  u_ctrl/ct_hold_fast_reg_114_/CLK (SDFFARX1_RVT)                        1.8250 r
  clock reconvergence pessimism                               0.0000     1.8250
  clock uncertainty                                          -0.2000     1.6250
  library setup time                                         -0.0519     1.5731
  data required time                                                     1.5731
  ------------------------------------------------------------------------------------
  data required time                                                     1.5731
  data arrival time                                                    -9008.5186
  ------------------------------------------------------------------------------------
  slack (VIOLATED)                                                     -9006.9453


  Startpoint: u_ctrl/u_aes/done_reg (rising edge-triggered flip-flop clocked by clk_fast_aes)
  Endpoint: u_ctrl/ct_hold_fast_reg_115_ (rising edge-triggered flip-flop clocked by clk_fast)
  Path Group: clk_fast
  Path Type: max

  Point                                                         Incr       Path
  ------------------------------------------------------------------------------------
  clock clk_fast_aes (rise edge)                              0.0000     0.0000
  clock network delay (ideal)                                 0.0000     0.0000
  u_ctrl/u_aes/done_reg/CLK (SDFFARX1_RVT)                    0.0000     0.0000 r
  u_ctrl/u_aes/done_reg/QN (SDFFARX1_RVT)                     0.0459     0.0459 r
  u_ctrl/U30/A2 (NOR2X4_RVT)                                  0.4580     0.5039 r
  u_ctrl/U30/Y (NOR2X4_RVT)                                   0.0586     0.5625 f
  u_ctrl/U7/A (NBUFFX8_RVT)                                 882.1128   882.6753 f
  u_ctrl/U7/Y (NBUFFX8_RVT)                                   0.0425   882.7178 f
  u_ctrl/U21/A (INVX1_RVT)                                  8028.2939  8911.0117 f
  u_ctrl/U21/Y (INVX1_RVT)                                    0.0361   8911.0479 r
  u_ctrl/U488/A3 (AO22X1_RVT)                                97.3574   9008.4053 r
  u_ctrl/U488/Y (AO22X1_RVT)                                  0.0283   9008.4336 r
  u_ctrl/ct_hold_fast_reg_115_/D (SDFFARX1_RVT)               0.0850   9008.5186 r
  data arrival time                                                    9008.5186

  clock clk_fast (rise edge)                                  1.8250     1.8250
  clock network delay (ideal)                                 0.0000     1.8250
  u_ctrl/ct_hold_fast_reg_115_/CLK (SDFFARX1_RVT)                        1.8250 r
  clock reconvergence pessimism                               0.0000     1.8250
  clock uncertainty                                          -0.2000     1.6250
  library setup time                                         -0.0519     1.5731
  data required time                                                     1.5731
  ------------------------------------------------------------------------------------
  data required time                                                     1.5731
  data arrival time                                                    -9008.5186
  ------------------------------------------------------------------------------------
  slack (VIOLATED)                                                     -9006.9453


  Startpoint: u_ctrl/u_aes/done_reg (rising edge-triggered flip-flop clocked by clk_fast_aes)
  Endpoint: u_ctrl/ct_hold_fast_reg_116_ (rising edge-triggered flip-flop clocked by clk_fast)
  Path Group: clk_fast
  Path Type: max

  Point                                                         Incr       Path
  ------------------------------------------------------------------------------------
  clock clk_fast_aes (rise edge)                              0.0000     0.0000
  clock network delay (ideal)                                 0.0000     0.0000
  u_ctrl/u_aes/done_reg/CLK (SDFFARX1_RVT)                    0.0000     0.0000 r
  u_ctrl/u_aes/done_reg/QN (SDFFARX1_RVT)                     0.0459     0.0459 r
  u_ctrl/U30/A2 (NOR2X4_RVT)                                  0.4580     0.5039 r
  u_ctrl/U30/Y (NOR2X4_RVT)                                   0.0586     0.5625 f
  u_ctrl/U7/A (NBUFFX8_RVT)                                 882.1128   882.6753 f
  u_ctrl/U7/Y (NBUFFX8_RVT)                                   0.0425   882.7178 f
  u_ctrl/U21/A (INVX1_RVT)                                  8028.2939  8911.0117 f
  u_ctrl/U21/Y (INVX1_RVT)                                    0.0361   8911.0479 r
  u_ctrl/U487/A3 (AO22X1_RVT)                                97.3574   9008.4053 r
  u_ctrl/U487/Y (AO22X1_RVT)                                  0.0283   9008.4336 r
  u_ctrl/ct_hold_fast_reg_116_/D (SDFFARX1_RVT)               0.0850   9008.5186 r
  data arrival time                                                    9008.5186

  clock clk_fast (rise edge)                                  1.8250     1.8250
  clock network delay (ideal)                                 0.0000     1.8250
  u_ctrl/ct_hold_fast_reg_116_/CLK (SDFFARX1_RVT)                        1.8250 r
  clock reconvergence pessimism                               0.0000     1.8250
  clock uncertainty                                          -0.2000     1.6250
  library setup time                                         -0.0519     1.5731
  data required time                                                     1.5731
  ------------------------------------------------------------------------------------
  data required time                                                     1.5731
  data arrival time                                                    -9008.5186
  ------------------------------------------------------------------------------------
  slack (VIOLATED)                                                     -9006.9453


  Startpoint: u_ctrl/u_aes/done_reg (rising edge-triggered flip-flop clocked by clk_fast_aes)
  Endpoint: u_ctrl/ct_hold_fast_reg_117_ (rising edge-triggered flip-flop clocked by clk_fast)
  Path Group: clk_fast
  Path Type: max

  Point                                                         Incr       Path
  ------------------------------------------------------------------------------------
  clock clk_fast_aes (rise edge)                              0.0000     0.0000
  clock network delay (ideal)                                 0.0000     0.0000
  u_ctrl/u_aes/done_reg/CLK (SDFFARX1_RVT)                    0.0000     0.0000 r
  u_ctrl/u_aes/done_reg/QN (SDFFARX1_RVT)                     0.0459     0.0459 r
  u_ctrl/U30/A2 (NOR2X4_RVT)                                  0.4580     0.5039 r
  u_ctrl/U30/Y (NOR2X4_RVT)                                   0.0586     0.5625 f
  u_ctrl/U7/A (NBUFFX8_RVT)                                 882.1128   882.6753 f
  u_ctrl/U7/Y (NBUFFX8_RVT)                                   0.0425   882.7178 f
  u_ctrl/U21/A (INVX1_RVT)                                  8028.2939  8911.0117 f
  u_ctrl/U21/Y (INVX1_RVT)                                    0.0361   8911.0479 r
  u_ctrl/U486/A3 (AO22X1_RVT)                                97.3574   9008.4053 r
  u_ctrl/U486/Y (AO22X1_RVT)                                  0.0283   9008.4336 r
  u_ctrl/ct_hold_fast_reg_117_/D (SDFFARX1_RVT)               0.0850   9008.5186 r
  data arrival time                                                    9008.5186

  clock clk_fast (rise edge)                                  1.8250     1.8250
  clock network delay (ideal)                                 0.0000     1.8250
  u_ctrl/ct_hold_fast_reg_117_/CLK (SDFFARX1_RVT)                        1.8250 r
  clock reconvergence pessimism                               0.0000     1.8250
  clock uncertainty                                          -0.2000     1.6250
  library setup time                                         -0.0519     1.5731
  data required time                                                     1.5731
  ------------------------------------------------------------------------------------
  data required time                                                     1.5731
  data arrival time                                                    -9008.5186
  ------------------------------------------------------------------------------------
  slack (VIOLATED)                                                     -9006.9453


  Startpoint: u_ctrl/u_aes/done_reg (rising edge-triggered flip-flop clocked by clk_fast_aes)
  Endpoint: u_ctrl/ct_hold_fast_reg_118_ (rising edge-triggered flip-flop clocked by clk_fast)
  Path Group: clk_fast
  Path Type: max

  Point                                                         Incr       Path
  ------------------------------------------------------------------------------------
  clock clk_fast_aes (rise edge)                              0.0000     0.0000
  clock network delay (ideal)                                 0.0000     0.0000
  u_ctrl/u_aes/done_reg/CLK (SDFFARX1_RVT)                    0.0000     0.0000 r
  u_ctrl/u_aes/done_reg/QN (SDFFARX1_RVT)                     0.0459     0.0459 r
  u_ctrl/U30/A2 (NOR2X4_RVT)                                  0.4580     0.5039 r
  u_ctrl/U30/Y (NOR2X4_RVT)                                   0.0586     0.5625 f
  u_ctrl/U7/A (NBUFFX8_RVT)                                 882.1128   882.6753 f
  u_ctrl/U7/Y (NBUFFX8_RVT)                                   0.0425   882.7178 f
  u_ctrl/U21/A (INVX1_RVT)                                  8028.2939  8911.0117 f
  u_ctrl/U21/Y (INVX1_RVT)                                    0.0361   8911.0479 r
  u_ctrl/U485/A3 (AO22X1_RVT)                                97.3574   9008.4053 r
  u_ctrl/U485/Y (AO22X1_RVT)                                  0.0283   9008.4336 r
  u_ctrl/ct_hold_fast_reg_118_/D (SDFFARX1_RVT)               0.0850   9008.5186 r
  data arrival time                                                    9008.5186

  clock clk_fast (rise edge)                                  1.8250     1.8250
  clock network delay (ideal)                                 0.0000     1.8250
  u_ctrl/ct_hold_fast_reg_118_/CLK (SDFFARX1_RVT)                        1.8250 r
  clock reconvergence pessimism                               0.0000     1.8250
  clock uncertainty                                          -0.2000     1.6250
  library setup time                                         -0.0519     1.5731
  data required time                                                     1.5731
  ------------------------------------------------------------------------------------
  data required time                                                     1.5731
  data arrival time                                                    -9008.5186
  ------------------------------------------------------------------------------------
  slack (VIOLATED)                                                     -9006.9453


  Startpoint: u_ctrl/u_aes/done_reg (rising edge-triggered flip-flop clocked by clk_fast_aes)
  Endpoint: u_ctrl/ct_hold_fast_reg_70_ (rising edge-triggered flip-flop clocked by clk_fast)
  Path Group: clk_fast
  Path Type: max

  Point                                                        Incr       Path
  -----------------------------------------------------------------------------------
  clock clk_fast_aes (rise edge)                             0.0000     0.0000
  clock network delay (ideal)                                0.0000     0.0000
  u_ctrl/u_aes/done_reg/CLK (SDFFARX1_RVT)                   0.0000     0.0000 r
  u_ctrl/u_aes/done_reg/QN (SDFFARX1_RVT)                    0.0459     0.0459 r
  u_ctrl/U30/A2 (NOR2X4_RVT)                                 0.4580     0.5039 r
  u_ctrl/U30/Y (NOR2X4_RVT)                                  0.0586     0.5625 f
  u_ctrl/U7/A (NBUFFX8_RVT)                                882.1128   882.6753 f
  u_ctrl/U7/Y (NBUFFX8_RVT)                                  0.0425   882.7178 f
  u_ctrl/U21/A (INVX1_RVT)                                 8028.2939  8911.0117 f
  u_ctrl/U21/Y (INVX1_RVT)                                   0.0361   8911.0479 r
  u_ctrl/U533/A3 (AO22X1_RVT)                               97.3574   9008.4053 r
  u_ctrl/U533/Y (AO22X1_RVT)                                 0.0283   9008.4336 r
  u_ctrl/ct_hold_fast_reg_70_/D (SDFFARX1_RVT)               0.0850   9008.5186 r
  data arrival time                                                   9008.5186

  clock clk_fast (rise edge)                                 1.8250     1.8250
  clock network delay (ideal)                                0.0000     1.8250
  u_ctrl/ct_hold_fast_reg_70_/CLK (SDFFARX1_RVT)                        1.8250 r
  clock reconvergence pessimism                              0.0000     1.8250
  clock uncertainty                                         -0.2000     1.6250
  library setup time                                        -0.0519     1.5731
  data required time                                                    1.5731
  -----------------------------------------------------------------------------------
  data required time                                                    1.5731
  data arrival time                                                   -9008.5186
  -----------------------------------------------------------------------------------
  slack (VIOLATED)                                                    -9006.9453


  Startpoint: u_ctrl/u_aes/done_reg (rising edge-triggered flip-flop clocked by clk_fast_aes)
  Endpoint: u_ctrl/ct_hold_fast_reg_32_ (rising edge-triggered flip-flop clocked by clk_fast)
  Path Group: clk_fast
  Path Type: max

  Point                                                        Incr       Path
  -----------------------------------------------------------------------------------
  clock clk_fast_aes (rise edge)                             0.0000     0.0000
  clock network delay (ideal)                                0.0000     0.0000
  u_ctrl/u_aes/done_reg/CLK (SDFFARX1_RVT)                   0.0000     0.0000 r
  u_ctrl/u_aes/done_reg/QN (SDFFARX1_RVT)                    0.0459     0.0459 r
  u_ctrl/U30/A2 (NOR2X4_RVT)                                 0.4580     0.5039 r
  u_ctrl/U30/Y (NOR2X4_RVT)                                  0.0586     0.5625 f
  u_ctrl/U7/A (NBUFFX8_RVT)                                882.1128   882.6753 f
  u_ctrl/U7/Y (NBUFFX8_RVT)                                  0.0425   882.7178 f
  u_ctrl/U21/A (INVX1_RVT)                                 8028.2939  8911.0117 f
  u_ctrl/U21/Y (INVX1_RVT)                                   0.0361   8911.0479 r
  u_ctrl/U571/A3 (AO22X1_RVT)                               97.3574   9008.4053 r
  u_ctrl/U571/Y (AO22X1_RVT)                                 0.0283   9008.4336 r
  u_ctrl/ct_hold_fast_reg_32_/D (SDFFARX1_RVT)               0.0850   9008.5186 r
  data arrival time                                                   9008.5186

  clock clk_fast (rise edge)                                 1.8250     1.8250
  clock network delay (ideal)                                0.0000     1.8250
  u_ctrl/ct_hold_fast_reg_32_/CLK (SDFFARX1_RVT)                        1.8250 r
  clock reconvergence pessimism                              0.0000     1.8250
  clock uncertainty                                         -0.2000     1.6250
  library setup time                                        -0.0519     1.5731
  data required time                                                    1.5731
  -----------------------------------------------------------------------------------
  data required time                                                    1.5731
  data arrival time                                                   -9008.5186
  -----------------------------------------------------------------------------------
  slack (VIOLATED)                                                    -9006.9453

Warning: report_timing has satisfied the max_paths criteria. There are 1468 further endpoints which have paths of interest with slack less than   0.0000 that were not considered when generating this report. (UITE-502)

1
