****************************************
Report : analysis_coverage
Design : top_mcu_pll_sram_multiclk_soc
Version: W-2024.09-SP5-3
Date   : Wed Apr 15 11:12:52 2026
****************************************

Type of Check         Total              Met         Violated         Untested
--------------------------------------------------------------------------------
setup                  3309      1123 ( 34%)         0 (  0%)      2186 ( 66%)
hold                   3307      1121 ( 34%)         0 (  0%)      2186 ( 66%)
recovery               1108         0 (  0%)         0 (  0%)      1108 (100%)
removal                1108         0 (  0%)         0 (  0%)      1108 (100%)
min_pulse_width        3325      2217 ( 67%)         0 (  0%)      1108 ( 33%)
clock_gating_setup        1         1 (100%)         0 (  0%)         0 (  0%)
clock_gating_hold         1         1 (100%)         0 (  0%)         0 (  0%)
out_setup                 3         3 (100%)         0 (  0%)         0 (  0%)
out_hold                  3         3 (100%)         0 (  0%)         0 (  0%)
--------------------------------------------------------------------------------
All Checks            12165      4469 ( 37%)         0 (  0%)      7696 ( 63%)

1
